Transpiled PHP files: 189, skipped unchanged: 0
Generated Ninja file: .prism/build/build.ninja
Using compiler: clang++-18 -fuse-ld=mold (gnu_like)
Using build mode: debug
Using build grouping policy: incremental (report_only)
Object cache: disabled (default disabled)
Using repo root: /tmp/scpp-json-240-probe
Resolved project dependency graph: 1 project(s)
Runtime compilation: enabled
Dependency compilation: reuse existing artifacts only
ninja: Entering directory `.prism/build'
[1/191] PCH app_pch.hpp.gch
[2/191] CXX scpp_framework/json_document.o
[3/191] CXX src/01_prepare_inputs/load_runtime/data/runtime.o
[4/191] CXX scpp_framework/exceptions.o
[5/191] CXX scpp_framework/filesystem.o
[6/191] CXX src/01_prepare_inputs/load_runtime/data/project.o
[7/191] CXX main.o
[8/191] CXX src/01_prepare_inputs/load_runtime/data/package_bindings.o
[9/191] CXX src/01_prepare_inputs/load_runtime/data/family_results.o
[10/191] CXX src/01_prepare_inputs/load_runtime/data/package_context.o
[11/191] CXX src/01_prepare_inputs/load_runtime/data/package.o
[12/191] CXX scpp_framework/collections.o
[13/191] CXX src/01_prepare_inputs/load_runtime/data/family_preparation.o
[14/191] CXX scpp_framework/strings.o
[15/191] CXX src/01_prepare_inputs/load_runtime/handlers/lifecycle.o
[16/191] CXX probe.o
[17/191] CXX fixture.o
[18/191] CXX src/01_prepare_inputs/load_runtime/handlers/native_import.o
[19/191] CXX src/01_prepare_inputs/load_runtime/handlers/package_types.o
[20/191] CXX src/01_prepare_inputs/load_runtime/handlers/package_syntax.o
[21/191] CXX src/01_prepare_inputs/load_runtime/main_load_runtime.o
[22/191] CXX src/01_prepare_inputs/read_sources/data/buffer.o
[23/191] CXX src/01_prepare_inputs/load_runtime/handlers/type_exposure.o
[24/191] CXX src/01_prepare_inputs/load_runtime/project_import.o
[25/191] CXX src/02_tokenize/store.o
[26/191] CXX src/02_tokenize/structures.o
[27/191] CXX src/01_prepare_inputs/load_runtime/handlers/resources.o
[28/191] CXX src/03_parse/data/nodes.o
[29/191] CXX src/01_prepare_inputs/load_runtime/utilities/catalog_syntax.o
[30/191] CXX src/03_parse/data/expression_state.o
[31/191] CXX src/02_tokenize/tokenize.o
[32/191] CXX src/01_prepare_inputs/load_runtime/handlers/package_type_map.o
[33/191] CXX src/03_parse/data/result.o
[34/191] CXX src/03_parse/data/role_views.o
[35/191] CXX src/03_parse/handlers/control_statements.o
[36/191] CXX src/03_parse/data/store.o
[37/191] CXX src/03_parse/handlers/metaprogramming.o
[38/191] CXX src/03_parse/data/tree.o
[39/191] CXX src/03_parse/handlers/expressions.o
[40/191] CXX src/03_parse/handlers/declarations.o
[41/191] CXX src/03_parse/handlers/statements.o
[42/191] CXX src/03_parse/utilities/metaprogramming_syntax.o
[43/191] CXX src/03_parse/main_parse.o
[44/191] CXX src/03_parse/join.o
[45/191] CXX src/03_parse/utilities/binary_syntax.o
[46/191] CXX src/03_parse/utilities/syntax_access.o
[47/191] CXX src/03_parse/parse_file.o
[48/191] CXX src/03_parse/utilities/struct_member_cursor.o
[49/191] CXX src/03_parse/utilities/syntax_comparer.o
[50/191] CXX src/03_parse/select_tasks.o
[51/191] CXX src/04_analyze/analyze_lifetimes/data/resource_locations.o
[52/191] CXX src/04_analyze/analyze_lifetimes/data/resource_flow.o
[53/191] CXX src/04_analyze/analyze_lifetimes/resource_bindings.o
[54/191] CXX src/04_analyze/check_bodies/context.o
[55/191] CXX src/04_analyze/analyze_lifetimes/resource_states.o
[56/191] CXX src/04_analyze/analyze_lifetimes/resource_locations.o
[57/191] CXX src/04_analyze/analyze_lifetimes/data/ownership_contracts.o
[58/191] CXX src/04_analyze/check_bodies/data/conversions.o
[59/191] CXX src/04_analyze/check_bodies/data/flow.o
[60/191] CXX src/04_analyze/check_bodies/data/statements.o
[61/191] CXX src/04_analyze/check_bodies/data/dependencies.o
[62/191] CXX src/04_analyze/check_bodies/data/places.o
[63/191] CXX src/04_analyze/analyze_lifetimes/resource_calls.o
[64/191] CXX src/04_analyze/check_bodies/data/values.o
[65/191] CXX src/04_analyze/check_bodies/data/output.o
[66/191] CXX src/04_analyze/check_bodies/handlers/expressions.o
[67/191] CXX src/04_analyze/check_bodies/handlers/control_statements.o
[68/191] CXX src/04_analyze/check_bodies/flow.o
[69/191] CXX src/04_analyze/check_bodies/body.o
[70/191] CXX src/04_analyze/check_bodies/data/result.o
[71/191] CXX src/04_analyze/check_bodies/data/traversal.o
[72/191] CXX src/04_analyze/check_bodies/handlers/places.o
[73/191] CXX src/04_analyze/check_bodies/handlers/writes.o
[74/191] CXX src/04_analyze/check_bodies/utilities/conversions.o
[75/191] CXX src/04_analyze/check_bodies/handlers/statements.o
[76/191] CXX src/04_analyze/check_bodies/utilities/byte_literals.o
[77/191] CXX src/04_analyze/check_bodies/utilities/decimal_range.o
[78/191] CXX src/04_analyze/check_bodies/utilities/evaluation.o
[79/191] CXX src/04_analyze/check_bodies/utilities/flow_graph.o
[80/191] CXX src/04_analyze/check_bodies/utilities/literals.o
[81/191] CXX src/04_analyze/check_bodies/utilities/operations.o
[82/191] CXX src/04_analyze/check_templates/data/interpretation.o
[83/191] CXX src/04_analyze/check_templates/data/terms.o
[84/191] CXX src/04_analyze/check_templates/data/structures.o
[85/191] CXX src/04_analyze/check_templates/data/result.o
[86/191] CXX src/04_analyze/check_templates/body.o
[87/191] CXX src/04_analyze/check_templates/main_check_templates.o
[88/191] CXX src/04_analyze/check_templates/join.o
[89/191] CXX src/04_analyze/collect_symbols/collect.o
[90/191] CXX src/04_analyze/collect_symbols/data/result.o
[91/191] CXX src/04_analyze/collect_symbols/data/provider_declaration.o
[92/191] CXX src/04_analyze/check_templates/select_tasks.o
[93/191] CXX src/04_analyze/check_templates/terms.o
[94/191] CXX src/04_analyze/collect_symbols/data/structures.o
[95/191] CXX src/04_analyze/instantiate/applications.o
[96/191] CXX src/04_analyze/collect_symbols/main_collect_symbols.o
[97/191] CXX src/04_analyze/instantiate/bindings.o
[98/191] CXX src/04_analyze/collect_symbols/data/store.o
[99/191] CXX src/04_analyze/instantiate/data/members.o
[100/191] CXX src/04_analyze/instantiate/data/applications.o
[101/191] CXX src/04_analyze/instantiate/constants.o
[102/191] CXX src/04_analyze/instantiate/data/context.o
[103/191] CXX src/04_analyze/instantiate/data/state.o
[104/191] CXX src/04_analyze/instantiate/data/store.o
[105/191] CXX src/04_analyze/instantiate/data/result.o
[106/191] CXX src/04_analyze/instantiate/identities.o
[107/191] CXX src/04_analyze/instantiate/member_join.o
[108/191] CXX src/04_analyze/instantiate/members.o
[109/191] CXX src/04_analyze/resolve_symbols/data/declarations.o
[110/191] CXX src/04_analyze/resolve_symbols/data/structures.o
[111/191] CXX src/04_analyze/resolve_symbols/handlers/expressions.o
[112/191] CXX src/04_analyze/resolve_symbols/handlers/declarations.o
[113/191] CXX src/04_analyze/instantiate/join.o
[114/191] CXX src/04_analyze/resolve_symbols/data/store.o
[115/191] CXX src/04_analyze/resolve_symbols/handlers/names.o
[116/191] CXX src/04_analyze/instantiate/data/view.o
[117/191] CXX src/04_analyze/resolve_symbols/data/traversal.o
[118/191] CXX src/04_analyze/resolve_symbols/body.o
[119/191] CXX src/04_analyze/resolve_symbols/handlers/statements.o
[120/191] CXX src/04_analyze/resolve_symbols/data/result.o
[121/191] CXX src/04_analyze/resolve_symbols/main_resolve_symbols.o
[122/191] CXX src/04_analyze/resolve_symbols/utilities/declaration_lookup.o
[123/191] CXX src/04_analyze/resolve_symbols/utilities/binding_coverage.o
[124/191] CXX src/04_analyze/resolve_symbols/join.o
[125/191] CXX src/04_analyze/resolve_types/construction_types.o
[126/191] CXX src/04_analyze/resolve_symbols/utilities/resolution_validity.o
[127/191] CXX src/04_analyze/resolve_types/data/entry_contract.o
[128/191] CXX src/04_analyze/resolve_symbols/select_tasks.o
[129/191] CXX src/04_analyze/resolve_symbols/utilities/function_lookup.o
[130/191] CXX src/04_analyze/resolve_types/data/entry_selection.o
[131/191] CXX src/04_analyze/resolve_types/data/export_identity.o
[132/191] CXX src/04_analyze/resolve_types/data/locals.o
[133/191] CXX src/04_analyze/resolve_types/data/lifecycle_bodies.o
[134/191] CXX src/04_analyze/resolve_types/data/records.o
[135/191] CXX src/04_analyze/resolve_types/data/result.o
[136/191] CXX src/04_analyze/resolve_types/data/signature_set.o
[137/191] CXX src/04_analyze/resolve_types/locals.o
[138/191] CXX src/04_analyze/resolve_types/main_prepare_entry.o
[139/191] CXX src/04_analyze/resolve_types/data/signatures.o
[140/191] CXX src/04_analyze/resolve_types/definition_view.o
[141/191] CXX src/04_analyze/resolve_types/lifecycle_composition.o
[142/191] CXX src/04_analyze/resolve_types/select_signatures.o
[143/191] CXX src/04_analyze/resolve_types/record_definitions.o
[144/191] CXX src/04_analyze/resolve_types/local_join.o
[145/191] CXX src/04_analyze/resolve_types/data/type_resolution.o
[146/191] CXX src/04_analyze/resolve_types/signatures.o
[147/191] CXX src/04_analyze/resolve_types/records.o
[148/191] CXX src/04_analyze/resolve_types/source_lifecycle.o
[149/191] CXX src/04_analyze/resolve_types/record_join.o
[150/191] CXX src/04_analyze/resolve_types/source_lifecycle_bodies.o
[151/191] CXX src/04_analyze/resolve_types/signature_join.o
[152/191] CXX src/04_analyze/resolve_types/storage.o
[153/191] CXX src/04_analyze/resolve_types/storage_signatures.o
[154/191] CXX src/04_analyze/resolve_types/source_lifecycle_signature.o
[155/191] CXX src/04_analyze/resolve_types/utilities/callable_inputs.o
[156/191] CXX src/04_analyze/resolve_types/utilities/annotation_types.o
[157/191] CXX src/04_analyze/resolve_types/utilities/parameter_contracts.o
[158/191] CXX src/04_analyze/resolve_types/utilities/local_type_validity.o
[159/191] CXX src/04_analyze/resolve_types/utilities/signature_validity.o
[160/191] CXX src/04_analyze/type_model/callable_contracts.o
[161/191] CXX src/04_analyze/type_model/data/callables.o
[162/191] CXX src/04_analyze/type_model/data/context.o
[163/191] CXX src/04_analyze/type_model/data/definitions.o
[164/191] CXX src/04_analyze/type_model/data/callable_modes.o
[165/191] CXX src/04_analyze/resolve_types/utilities/type_cache.o
[166/191] CXX src/04_analyze/type_model/data/generic.o
[167/191] CXX src/04_analyze/type_model/data/catalog.o
[168/191] CXX src/04_analyze/type_model/data/lifecycle_roles.o
[169/191] CXX src/04_analyze/type_model/data/native_record_layout.o
[170/191] CXX src/04_analyze/type_model/data/families.o
[171/191] CXX src/04_analyze/type_model/data/representations.o
[172/191] CXX src/04_analyze/type_model/data/lifetime_policy_codec.o
[173/191] CXX src/04_analyze/type_model/data/lifecycle.o
[174/191] CXX src/04_analyze/type_model/data/lifetime_contract.o
[175/191] CXX src/04_analyze/type_model/data/operations.o
[176/191] CXX src/04_analyze/type_model/data/records.o
[177/191] CXX src/04_analyze/type_model/data/semantic_modes.o
[178/191] CXX src/04_analyze/type_model/data/semantic_calls.o
[179/191] CXX src/04_analyze/type_model/data/resources.o
[180/191] CXX src/04_analyze/type_model/data/source_families.o
[181/191] CXX src/04_analyze/type_model/data/type_record.o
[182/191] CXX src/04_analyze/type_model/data/type_references.o
[183/191] CXX src/04_analyze/type_model/data/storage.o
[184/191] CXX src/04_analyze/type_model/result_contracts.o
[185/191] CXX src/05_generate_code/prepare_backend/data/abi.o
[186/191] CXX src/05_generate_code/prepare_backend/data/configuration.o
[187/191] CXX src/compile/data/native_project.o
[188/191] CXX src/05_generate_code/prepare_backend/data/layout.o
[189/191] CXX src/04_analyze/type_model/data/store.o
[190/191] CXX src/05_generate_code/prepare_backend/data/source_exports.o
[191/191] LINK main
Rebuilt outputs: .prism/build/app_pch.hpp.gch, .prism/build/fixture.o, .prism/build/main, .prism/build/main.o, .prism/build/probe.o, .prism/build/scpp_framework/collections.o, .prism/build/scpp_framework/exceptions.o, .prism/build/scpp_framework/filesystem.o, .prism/build/scpp_framework/json_document.o, .prism/build/scpp_framework/strings.o, .prism/build/src/01_prepare_inputs/load_runtime/data/family_preparation.o, .prism/build/src/01_prepare_inputs/load_runtime/data/family_results.o, .prism/build/src/01_prepare_inputs/load_runtime/data/package.o, .prism/build/src/01_prepare_inputs/load_runtime/data/package_bindings.o, .prism/build/src/01_prepare_inputs/load_runtime/data/package_context.o, .prism/build/src/01_prepare_inputs/load_runtime/data/project.o, .prism/build/src/01_prepare_inputs/load_runtime/data/runtime.o, .prism/build/src/01_prepare_inputs/load_runtime/handlers/lifecycle.o, .prism/build/src/01_prepare_inputs/load_runtime/handlers/native_import.o, .prism/build/src/01_prepare_inputs/load_runtime/handlers/package_syntax.o, .prism/build/src/01_prepare_inputs/load_runtime/handlers/package_type_map.o, .prism/build/src/01_prepare_inputs/load_runtime/handlers/package_types.o, .prism/build/src/01_prepare_inputs/load_runtime/handlers/resources.o, .prism/build/src/01_prepare_inputs/load_runtime/handlers/type_exposure.o, .prism/build/src/01_prepare_inputs/load_runtime/main_load_runtime.o, .prism/build/src/01_prepare_inputs/load_runtime/project_import.o, .prism/build/src/01_prepare_inputs/load_runtime/utilities/catalog_syntax.o, .prism/build/src/01_prepare_inputs/read_sources/data/buffer.o, .prism/build/src/02_tokenize/store.o, .prism/build/src/02_tokenize/structures.o, .prism/build/src/02_tokenize/tokenize.o, .prism/build/src/03_parse/data/expression_state.o, .prism/build/src/03_parse/data/nodes.o, .prism/build/src/03_parse/data/result.o, .prism/build/src/03_parse/data/role_views.o, .prism/build/src/03_parse/data/store.o, .prism/build/src/03_parse/data/tree.o, .prism/build/src/03_parse/handlers/control_statements.o, .prism/build/src/03_parse/handlers/declarations.o, .prism/build/src/03_parse/handlers/expressions.o, .prism/build/src/03_parse/handlers/metaprogramming.o, .prism/build/src/03_parse/handlers/statements.o, .prism/build/src/03_parse/join.o, .prism/build/src/03_parse/main_parse.o, .prism/build/src/03_parse/parse_file.o, .prism/build/src/03_parse/select_tasks.o, .prism/build/src/03_parse/utilities/binary_syntax.o, .prism/build/src/03_parse/utilities/metaprogramming_syntax.o, .prism/build/src/03_parse/utilities/struct_member_cursor.o, .prism/build/src/03_parse/utilities/syntax_access.o, .prism/build/src/03_parse/utilities/syntax_comparer.o, .prism/build/src/04_analyze/analyze_lifetimes/data/ownership_contracts.o, .prism/build/src/04_analyze/analyze_lifetimes/data/resource_flow.o, .prism/build/src/04_analyze/analyze_lifetimes/data/resource_locations.o, .prism/build/src/04_analyze/analyze_lifetimes/resource_bindings.o, .prism/build/src/04_analyze/analyze_lifetimes/resource_calls.o, .prism/build/src/04_analyze/analyze_lifetimes/resource_locations.o, .prism/build/src/04_analyze/analyze_lifetimes/resource_states.o, .prism/build/src/04_analyze/check_bodies/body.o, .prism/build/src/04_analyze/check_bodies/context.o, .prism/build/src/04_analyze/check_bodies/data/conversions.o, .prism/build/src/04_analyze/check_bodies/data/dependencies.o, .prism/build/src/04_analyze/check_bodies/data/flow.o, .prism/build/src/04_analyze/check_bodies/data/output.o, .prism/build/src/04_analyze/check_bodies/data/places.o, .prism/build/src/04_analyze/check_bodies/data/result.o, .prism/build/src/04_analyze/check_bodies/data/statements.o, .prism/build/src/04_analyze/check_bodies/data/traversal.o, .prism/build/src/04_analyze/check_bodies/data/values.o, .prism/build/src/04_analyze/check_bodies/flow.o, .prism/build/src/04_analyze/check_bodies/handlers/control_statements.o, .prism/build/src/04_analyze/check_bodies/handlers/expressions.o, .prism/build/src/04_analyze/check_bodies/handlers/places.o, .prism/build/src/04_analyze/check_bodies/handlers/statements.o, .prism/build/src/04_analyze/check_bodies/handlers/writes.o, .prism/build/src/04_analyze/check_bodies/utilities/byte_literals.o, .prism/build/src/04_analyze/check_bodies/utilities/conversions.o, .prism/build/src/04_analyze/check_bodies/utilities/decimal_range.o, .prism/build/src/04_analyze/check_bodies/utilities/evaluation.o, .prism/build/src/04_analyze/check_bodies/utilities/flow_graph.o, .prism/build/src/04_analyze/check_bodies/utilities/literals.o, .prism/build/src/04_analyze/check_bodies/utilities/operations.o, .prism/build/src/04_analyze/check_templates/body.o, .prism/build/src/04_analyze/check_templates/data/interpretation.o, .prism/build/src/04_analyze/check_templates/data/result.o, .prism/build/src/04_analyze/check_templates/data/structures.o, .prism/build/src/04_analyze/check_templates/data/terms.o, .prism/build/src/04_analyze/check_templates/join.o, .prism/build/src/04_analyze/check_templates/main_check_templates.o, .prism/build/src/04_analyze/check_templates/select_tasks.o, .prism/build/src/04_analyze/check_templates/terms.o, .prism/build/src/04_analyze/collect_symbols/collect.o, .prism/build/src/04_analyze/collect_symbols/data/provider_declaration.o, .prism/build/src/04_analyze/collect_symbols/data/result.o, .prism/build/src/04_analyze/collect_symbols/data/store.o, .prism/build/src/04_analyze/collect_symbols/data/structures.o, .prism/build/src/04_analyze/collect_symbols/main_collect_symbols.o, .prism/build/src/04_analyze/instantiate/applications.o, .prism/build/src/04_analyze/instantiate/bindings.o, .prism/build/src/04_analyze/instantiate/constants.o, .prism/build/src/04_analyze/instantiate/data/applications.o, .prism/build/src/04_analyze/instantiate/data/context.o, .prism/build/src/04_analyze/instantiate/data/members.o, .prism/build/src/04_analyze/instantiate/data/result.o, .prism/build/src/04_analyze/instantiate/data/state.o, .prism/build/src/04_analyze/instantiate/data/store.o, .prism/build/src/04_analyze/instantiate/data/view.o, .prism/build/src/04_analyze/instantiate/identities.o, .prism/build/src/04_analyze/instantiate/join.o, .prism/build/src/04_analyze/instantiate/member_join.o, .prism/build/src/04_analyze/instantiate/members.o, .prism/build/src/04_analyze/resolve_symbols/body.o, .prism/build/src/04_analyze/resolve_symbols/data/declarations.o, .prism/build/src/04_analyze/resolve_symbols/data/result.o, .prism/build/src/04_analyze/resolve_symbols/data/store.o, .prism/build/src/04_analyze/resolve_symbols/data/structures.o, .prism/build/src/04_analyze/resolve_symbols/data/traversal.o, .prism/build/src/04_analyze/resolve_symbols/handlers/declarations.o, .prism/build/src/04_analyze/resolve_symbols/handlers/expressions.o, .prism/build/src/04_analyze/resolve_symbols/handlers/names.o, .prism/build/src/04_analyze/resolve_symbols/handlers/statements.o, .prism/build/src/04_analyze/resolve_symbols/join.o, .prism/build/src/04_analyze/resolve_symbols/main_resolve_symbols.o, .prism/build/src/04_analyze/resolve_symbols/select_tasks.o, .prism/build/src/04_analyze/resolve_symbols/utilities/binding_coverage.o, .prism/build/src/04_analyze/resolve_symbols/utilities/declaration_lookup.o, .prism/build/src/04_analyze/resolve_symbols/utilities/function_lookup.o, .prism/build/src/04_analyze/resolve_symbols/utilities/resolution_validity.o, .prism/build/src/04_analyze/resolve_types/construction_types.o, .prism/build/src/04_analyze/resolve_types/data/entry_contract.o, .prism/build/src/04_analyze/resolve_types/data/entry_selection.o, .prism/build/src/04_analyze/resolve_types/data/export_identity.o, .prism/build/src/04_analyze/resolve_types/data/lifecycle_bodies.o, .prism/build/src/04_analyze/resolve_types/data/locals.o, .prism/build/src/04_analyze/resolve_types/data/records.o, .prism/build/src/04_analyze/resolve_types/data/result.o, .prism/build/src/04_analyze/resolve_types/data/signature_set.o, .prism/build/src/04_analyze/resolve_types/data/signatures.o, .prism/build/src/04_analyze/resolve_types/data/type_resolution.o, .prism/build/src/04_analyze/resolve_types/definition_view.o, .prism/build/src/04_analyze/resolve_types/lifecycle_composition.o, .prism/build/src/04_analyze/resolve_types/local_join.o, .prism/build/src/04_analyze/resolve_types/locals.o, .prism/build/src/04_analyze/resolve_types/main_prepare_entry.o, .prism/build/src/04_analyze/resolve_types/record_definitions.o, .prism/build/src/04_analyze/resolve_types/record_join.o, .prism/build/src/04_analyze/resolve_types/records.o, .prism/build/src/04_analyze/resolve_types/select_signatures.o, .prism/build/src/04_analyze/resolve_types/signature_join.o, .prism/build/src/04_analyze/resolve_types/signatures.o, .prism/build/src/04_analyze/resolve_types/source_lifecycle.o, .prism/build/src/04_analyze/resolve_types/source_lifecycle_bodies.o, .prism/build/src/04_analyze/resolve_types/source_lifecycle_signature.o, .prism/build/src/04_analyze/resolve_types/storage.o, .prism/build/src/04_analyze/resolve_types/storage_signatures.o, .prism/build/src/04_analyze/resolve_types/utilities/annotation_types.o, .prism/build/src/04_analyze/resolve_types/utilities/callable_inputs.o, .prism/build/src/04_analyze/resolve_types/utilities/local_type_validity.o, .prism/build/src/04_analyze/resolve_types/utilities/parameter_contracts.o, .prism/build/src/04_analyze/resolve_types/utilities/signature_validity.o, .prism/build/src/04_analyze/resolve_types/utilities/type_cache.o, .prism/build/src/04_analyze/type_model/callable_contracts.o, .prism/build/src/04_analyze/type_model/data/callable_modes.o, .prism/build/src/04_analyze/type_model/data/callables.o, .prism/build/src/04_analyze/type_model/data/catalog.o, .prism/build/src/04_analyze/type_model/data/context.o, .prism/build/src/04_analyze/type_model/data/definitions.o, .prism/build/src/04_analyze/type_model/data/families.o, .prism/build/src/04_analyze/type_model/data/generic.o, .prism/build/src/04_analyze/type_model/data/lifecycle.o, .prism/build/src/04_analyze/type_model/data/lifecycle_roles.o, .prism/build/src/04_analyze/type_model/data/lifetime_contract.o, .prism/build/src/04_analyze/type_model/data/lifetime_policy_codec.o, .prism/build/src/04_analyze/type_model/data/native_record_layout.o, .prism/build/src/04_analyze/type_model/data/operations.o, .prism/build/src/04_analyze/type_model/data/records.o, .prism/build/src/04_analyze/type_model/data/representations.o, .prism/build/src/04_analyze/type_model/data/resources.o, .prism/build/src/04_analyze/type_model/data/semantic_calls.o, .prism/build/src/04_analyze/type_model/data/semantic_modes.o, .prism/build/src/04_analyze/type_model/data/source_families.o, .prism/build/src/04_analyze/type_model/data/storage.o, .prism/build/src/04_analyze/type_model/data/store.o, .prism/build/src/04_analyze/type_model/data/type_record.o, .prism/build/src/04_analyze/type_model/data/type_references.o, .prism/build/src/04_analyze/type_model/result_contracts.o, .prism/build/src/05_generate_code/prepare_backend/data/abi.o, .prism/build/src/05_generate_code/prepare_backend/data/configuration.o, .prism/build/src/05_generate_code/prepare_backend/data/layout.o, .prism/build/src/05_generate_code/prepare_backend/data/source_exports.o, .prism/build/src/compile/data/native_project.o
Tip: set SCPP_NINJA_VERBOSE=1 to show full Ninja command lines.
Build completed: .prism/build/main
