Static Analysis: 3 errors, 0 warnings, 0 notices. Run `scpp stan` for more details.
Transpiled PHP files: 1, skipped unchanged: 0
Generated Ninja file: .prism/build/build.ninja
Using compiler: clang++-18 -fuse-ld=mold (gnu_like)
Using build mode: debug
Using build grouping policy: incremental (report_only)
Object cache: disabled (default disabled)
Using repo root: /tmp/scpp-native-244
Resolved project dependency graph: 1 project(s)
Runtime compilation: reuse existing artifact only
Dependency compilation: reuse existing artifacts only
ninja: Entering directory `.prism/build'
[1/2] CXX main.o
../generated/main.cpp:57:2: warning: ignoring return value of function declared with 'nodiscard' attribute [-Wunused-result]
   57 |         index->rows.remove(second);
      |         ^~~~~~~~~~~~~~~~~~ ~~~~~~
1 warning generated.
[2/2] LINK main
Rebuilt outputs: .prism/build/main, .prism/build/main.o
Tip: set SCPP_NINJA_VERBOSE=1 to show full Ninja command lines.
Build completed: .prism/build/main
7:9
7:11:removed
