Transpiled PHP files: 73, skipped unchanged: 0
Generated Ninja file: .prism/build/build.ninja
Using compiler: clang++-18 -fuse-ld=mold (gnu_like)
Using build mode: debug
Using build grouping policy: incremental (report_only)
Object cache: disabled (default disabled)
Using repo root: /tmp/scpp-json-240-probe
Resolved project dependency graph: 1 project(s)
Runtime compilation: enabled
Dependency compilation: reuse existing artifacts only
ninja: Entering directory `.prism/build'
[1/75] PCH app_pch.hpp.gch
[2/75] CXX src/02_tokenize/store.o
[3/75] CXX src/03_parse/data/nodes.o
[4/75] CXX scpp_framework/exceptions.o
[5/75] CXX src/01_prepare_inputs/read_sources/data/buffer.o
[6/75] CXX src/01_prepare_inputs/load_runtime/main_load_runtime.o
[7/75] CXX scpp_framework/filesystem.o
[8/75] CXX src/02_tokenize/structures.o
[9/75] CXX scpp_framework/collections.o
[10/75] CXX src/03_parse/data/result.o
[11/75] CXX scpp_framework/json_document.o
[12/75] CXX src/03_parse/data/expression_state.o
[13/75] CXX scpp_framework/strings.o
[14/75] CXX src/02_tokenize/tokenize.o
[15/75] CXX probe.o
[16/75] CXX src/01_prepare_inputs/load_runtime/utilities/catalog_syntax.o
[17/75] CXX main.o
[18/75] CXX src/03_parse/data/role_views.o
[19/75] CXX src/03_parse/handlers/control_statements.o
[20/75] CXX src/03_parse/handlers/declarations.o
[21/75] CXX src/03_parse/handlers/statements.o
[22/75] CXX src/03_parse/data/tree.o
[23/75] CXX src/03_parse/handlers/metaprogramming.o
[24/75] CXX src/03_parse/handlers/expressions.o
[25/75] CXX src/03_parse/data/store.o
[26/75] CXX src/03_parse/utilities/metaprogramming_syntax.o
[27/75] CXX src/03_parse/utilities/struct_member_cursor.o
[28/75] CXX src/03_parse/main_parse.o
[29/75] CXX src/03_parse/utilities/binary_syntax.o
[30/75] CXX src/03_parse/parse_file.o
[31/75] CXX src/03_parse/utilities/syntax_access.o
[32/75] CXX src/03_parse/join.o
[33/75] CXX src/03_parse/select_tasks.o
[34/75] CXX src/03_parse/utilities/syntax_comparer.o
[35/75] CXX src/04_analyze/collect_symbols/data/result.o
[36/75] CXX src/04_analyze/collect_symbols/collect.o
[37/75] CXX src/04_analyze/collect_symbols/data/provider_declaration.o
[38/75] CXX src/04_analyze/resolve_symbols/data/declarations.o
[39/75] CXX src/04_analyze/collect_symbols/data/structures.o
[40/75] CXX src/04_analyze/resolve_symbols/data/structures.o
[41/75] CXX src/04_analyze/resolve_symbols/handlers/declarations.o
[42/75] CXX src/04_analyze/resolve_symbols/handlers/expressions.o
[43/75] CXX src/04_analyze/collect_symbols/main_collect_symbols.o
[44/75] CXX src/04_analyze/collect_symbols/data/store.o
[45/75] CXX src/04_analyze/resolve_symbols/handlers/names.o
[46/75] CXX src/04_analyze/resolve_symbols/handlers/statements.o
[47/75] CXX src/04_analyze/resolve_symbols/utilities/declaration_lookup.o
[48/75] CXX src/04_analyze/resolve_symbols/data/traversal.o
[49/75] CXX src/04_analyze/resolve_symbols/utilities/function_lookup.o
[50/75] CXX src/04_analyze/resolve_symbols/body.o
[51/75] CXX src/04_analyze/resolve_symbols/data/result.o
[52/75] CXX src/04_analyze/resolve_types/data/entry_selection.o
[53/75] CXX src/04_analyze/resolve_types/data/entry_contract.o
[54/75] CXX src/04_analyze/resolve_types/main_prepare_entry.o
[55/75] CXX src/04_analyze/type_model/data/callable_modes.o
[56/75] CXX src/04_analyze/type_model/data/generic.o
[57/75] CXX src/04_analyze/type_model/data/context.o
[58/75] CXX src/04_analyze/type_model/data/callables.o
[59/75] CXX src/04_analyze/type_model/data/definitions.o
[60/75] CXX src/04_analyze/type_model/data/lifecycle.o
[61/75] CXX src/04_analyze/type_model/data/lifetime_policy_codec.o
[62/75] CXX src/04_analyze/type_model/data/catalog.o
[63/75] CXX src/04_analyze/type_model/data/lifecycle_roles.o
[64/75] CXX src/04_analyze/type_model/data/native_record_layout.o
[65/75] CXX src/04_analyze/type_model/data/semantic_calls.o
[66/75] CXX src/04_analyze/type_model/data/lifetime_contract.o
[67/75] CXX src/04_analyze/type_model/data/representations.o
[68/75] CXX src/04_analyze/type_model/data/records.o
[69/75] CXX src/04_analyze/type_model/data/families.o
[70/75] CXX src/04_analyze/type_model/data/semantic_modes.o
[71/75] CXX src/04_analyze/type_model/data/resources.o
[72/75] CXX src/04_analyze/type_model/data/source_families.o
[73/75] CXX src/04_analyze/type_model/data/type_references.o
[74/75] CXX src/04_analyze/type_model/data/storage.o
[75/75] LINK main
Rebuilt outputs: .prism/build/app_pch.hpp.gch, .prism/build/main, .prism/build/main.o, .prism/build/probe.o, .prism/build/scpp_framework/collections.o, .prism/build/scpp_framework/exceptions.o, .prism/build/scpp_framework/filesystem.o, .prism/build/scpp_framework/json_document.o, .prism/build/scpp_framework/strings.o, .prism/build/src/01_prepare_inputs/load_runtime/main_load_runtime.o, .prism/build/src/01_prepare_inputs/load_runtime/utilities/catalog_syntax.o, .prism/build/src/01_prepare_inputs/read_sources/data/buffer.o, .prism/build/src/02_tokenize/store.o, .prism/build/src/02_tokenize/structures.o, .prism/build/src/02_tokenize/tokenize.o, .prism/build/src/03_parse/data/expression_state.o, .prism/build/src/03_parse/data/nodes.o, .prism/build/src/03_parse/data/result.o, .prism/build/src/03_parse/data/role_views.o, .prism/build/src/03_parse/data/store.o, .prism/build/src/03_parse/data/tree.o, .prism/build/src/03_parse/handlers/control_statements.o, .prism/build/src/03_parse/handlers/declarations.o, .prism/build/src/03_parse/handlers/expressions.o, .prism/build/src/03_parse/handlers/metaprogramming.o, .prism/build/src/03_parse/handlers/statements.o, .prism/build/src/03_parse/join.o, .prism/build/src/03_parse/main_parse.o, .prism/build/src/03_parse/parse_file.o, .prism/build/src/03_parse/select_tasks.o, .prism/build/src/03_parse/utilities/binary_syntax.o, .prism/build/src/03_parse/utilities/metaprogramming_syntax.o, .prism/build/src/03_parse/utilities/struct_member_cursor.o, .prism/build/src/03_parse/utilities/syntax_access.o, .prism/build/src/03_parse/utilities/syntax_comparer.o, .prism/build/src/04_analyze/collect_symbols/collect.o, .prism/build/src/04_analyze/collect_symbols/data/provider_declaration.o, .prism/build/src/04_analyze/collect_symbols/data/result.o, .prism/build/src/04_analyze/collect_symbols/data/store.o, .prism/build/src/04_analyze/collect_symbols/data/structures.o, .prism/build/src/04_analyze/collect_symbols/main_collect_symbols.o, .prism/build/src/04_analyze/resolve_symbols/body.o, .prism/build/src/04_analyze/resolve_symbols/data/declarations.o, .prism/build/src/04_analyze/resolve_symbols/data/result.o, .prism/build/src/04_analyze/resolve_symbols/data/structures.o, .prism/build/src/04_analyze/resolve_symbols/data/traversal.o, .prism/build/src/04_analyze/resolve_symbols/handlers/declarations.o, .prism/build/src/04_analyze/resolve_symbols/handlers/expressions.o, .prism/build/src/04_analyze/resolve_symbols/handlers/names.o, .prism/build/src/04_analyze/resolve_symbols/handlers/statements.o, .prism/build/src/04_analyze/resolve_symbols/utilities/declaration_lookup.o, .prism/build/src/04_analyze/resolve_symbols/utilities/function_lookup.o, .prism/build/src/04_analyze/resolve_types/data/entry_contract.o, .prism/build/src/04_analyze/resolve_types/data/entry_selection.o, .prism/build/src/04_analyze/resolve_types/main_prepare_entry.o, .prism/build/src/04_analyze/type_model/data/callable_modes.o, .prism/build/src/04_analyze/type_model/data/callables.o, .prism/build/src/04_analyze/type_model/data/catalog.o, .prism/build/src/04_analyze/type_model/data/context.o, .prism/build/src/04_analyze/type_model/data/definitions.o, .prism/build/src/04_analyze/type_model/data/families.o, .prism/build/src/04_analyze/type_model/data/generic.o, .prism/build/src/04_analyze/type_model/data/lifecycle.o, .prism/build/src/04_analyze/type_model/data/lifecycle_roles.o, .prism/build/src/04_analyze/type_model/data/lifetime_contract.o, .prism/build/src/04_analyze/type_model/data/lifetime_policy_codec.o, .prism/build/src/04_analyze/type_model/data/native_record_layout.o, .prism/build/src/04_analyze/type_model/data/records.o, .prism/build/src/04_analyze/type_model/data/representations.o, .prism/build/src/04_analyze/type_model/data/resources.o, .prism/build/src/04_analyze/type_model/data/semantic_calls.o, .prism/build/src/04_analyze/type_model/data/semantic_modes.o, .prism/build/src/04_analyze/type_model/data/source_families.o, .prism/build/src/04_analyze/type_model/data/storage.o, .prism/build/src/04_analyze/type_model/data/type_references.o
Tip: set SCPP_NINJA_VERBOSE=1 to show full Ninja command lines.
Build completed: .prism/build/main
