Transpiled PHP files: 107, skipped unchanged: 0
Generated Ninja file: .prism/build/build.ninja
Using compiler: clang++-18 -fuse-ld=mold (gnu_like)
Using build mode: debug
Using build grouping policy: incremental (report_only)
Object cache: disabled (default disabled)
Using repo root: /tmp/scpp-json-240-probe
Resolved project dependency graph: 1 project(s)
Runtime compilation: enabled
Dependency compilation: reuse existing artifacts only
ninja: Entering directory `.prism/build'
[1/109] PCH app_pch.hpp.gch
[2/109] CXX src/03_parse/data/nodes.o
[3/109] CXX scpp_framework/exceptions.o
[4/109] CXX src/02_tokenize/structures.o
[5/109] CXX src/02_tokenize/store.o
[6/109] CXX src/03_parse/data/expression_state.o
[7/109] CXX scpp_framework/collections.o
[8/109] CXX src/02_tokenize/tokenize.o
[9/109] CXX scpp_framework/filesystem.o
[10/109] CXX src/01_prepare_inputs/read_sources/data/buffer.o
[11/109] CXX main.o
[12/109] CXX src/01_prepare_inputs/load_runtime/main_load_runtime.o
[13/109] CXX src/03_parse/data/result.o
[14/109] CXX scpp_framework/json_document.o
[15/109] CXX scpp_framework/strings.o
[16/109] CXX src/01_prepare_inputs/load_runtime/utilities/catalog_syntax.o
[17/109] CXX probe.o
[18/109] CXX src/03_parse/data/role_views.o
[19/109] CXX src/03_parse/handlers/metaprogramming.o
[20/109] CXX src/03_parse/handlers/control_statements.o
[21/109] CXX src/03_parse/handlers/expressions.o
[22/109] CXX src/03_parse/handlers/declarations.o
[23/109] CXX src/03_parse/data/tree.o
[24/109] CXX src/03_parse/handlers/statements.o
[25/109] CXX src/03_parse/main_parse.o
[26/109] CXX src/03_parse/data/store.o
[27/109] CXX src/03_parse/utilities/binary_syntax.o
[28/109] CXX src/03_parse/utilities/metaprogramming_syntax.o
[29/109] CXX src/03_parse/select_tasks.o
[30/109] CXX src/03_parse/utilities/struct_member_cursor.o
[31/109] CXX src/03_parse/parse_file.o
[32/109] CXX src/03_parse/join.o
[33/109] CXX src/04_analyze/check_bodies/utilities/decimal_range.o
[34/109] CXX src/03_parse/utilities/syntax_comparer.o
[35/109] CXX src/04_analyze/check_bodies/utilities/literals.o
[36/109] CXX src/04_analyze/check_templates/data/interpretation.o
[37/109] CXX src/04_analyze/check_templates/data/structures.o
[38/109] CXX src/04_analyze/check_templates/data/terms.o
[39/109] CXX src/03_parse/utilities/syntax_access.o
[40/109] CXX src/04_analyze/check_templates/main_check_templates.o
[41/109] CXX src/04_analyze/check_templates/select_tasks.o
[42/109] CXX src/04_analyze/check_templates/data/result.o
[43/109] CXX src/04_analyze/collect_symbols/data/result.o
[44/109] CXX src/04_analyze/check_templates/join.o
[45/109] CXX src/04_analyze/collect_symbols/collect.o
[46/109] CXX src/04_analyze/collect_symbols/data/provider_declaration.o
[47/109] CXX src/04_analyze/check_templates/body.o
[48/109] CXX src/04_analyze/collect_symbols/data/structures.o
[49/109] CXX src/04_analyze/instantiate/data/context.o
[50/109] CXX src/04_analyze/collect_symbols/data/store.o
[51/109] CXX src/04_analyze/instantiate/bindings.o
[52/109] CXX src/04_analyze/check_templates/terms.o
[53/109] CXX src/04_analyze/collect_symbols/main_collect_symbols.o
[54/109] CXX src/04_analyze/instantiate/data/state.o
[55/109] CXX src/04_analyze/instantiate/identities.o
[56/109] CXX src/04_analyze/resolve_symbols/data/declarations.o
[57/109] CXX src/04_analyze/resolve_symbols/data/structures.o
[58/109] CXX src/04_analyze/resolve_symbols/data/store.o
[59/109] CXX src/04_analyze/instantiate/data/result.o
[60/109] CXX src/04_analyze/resolve_symbols/handlers/names.o
[61/109] CXX src/04_analyze/resolve_symbols/data/result.o
[62/109] CXX src/04_analyze/instantiate/data/store.o
[63/109] CXX src/04_analyze/resolve_symbols/handlers/declarations.o
[64/109] CXX src/04_analyze/resolve_symbols/handlers/expressions.o
[65/109] CXX src/04_analyze/instantiate/data/view.o
[66/109] CXX src/04_analyze/resolve_symbols/data/traversal.o
[67/109] CXX src/04_analyze/resolve_symbols/handlers/statements.o
[68/109] CXX src/04_analyze/resolve_symbols/body.o
[69/109] CXX src/04_analyze/resolve_symbols/main_resolve_symbols.o
[70/109] CXX src/04_analyze/resolve_symbols/utilities/declaration_lookup.o
[71/109] CXX src/04_analyze/resolve_symbols/utilities/function_lookup.o
[72/109] CXX src/04_analyze/resolve_symbols/join.o
[73/109] CXX src/04_analyze/resolve_types/data/entry_contract.o
[74/109] CXX src/04_analyze/resolve_types/definition_view.o
[75/109] CXX src/04_analyze/resolve_types/data/entry_selection.o
[76/109] CXX src/04_analyze/resolve_symbols/select_tasks.o
[77/109] CXX src/04_analyze/resolve_symbols/utilities/binding_coverage.o
[78/109] CXX src/04_analyze/resolve_types/main_prepare_entry.o
[79/109] CXX src/04_analyze/resolve_types/data/lifecycle_bodies.o
[80/109] CXX src/04_analyze/resolve_symbols/utilities/resolution_validity.o
[81/109] CXX src/04_analyze/resolve_types/source_lifecycle.o
[82/109] CXX src/04_analyze/resolve_types/lifecycle_composition.o
[83/109] CXX src/04_analyze/resolve_types/record_definitions.o
[84/109] CXX src/04_analyze/resolve_types/utilities/annotation_types.o
[85/109] CXX src/04_analyze/resolve_types/utilities/type_cache.o
[86/109] CXX src/04_analyze/type_model/data/callables.o
[87/109] CXX src/04_analyze/type_model/data/callable_modes.o
[88/109] CXX src/04_analyze/type_model/data/lifecycle_roles.o
[89/109] CXX src/04_analyze/type_model/data/definitions.o
[90/109] CXX src/04_analyze/type_model/data/context.o
[91/109] CXX src/04_analyze/type_model/data/lifecycle.o
[92/109] CXX src/04_analyze/type_model/data/lifetime_policy_codec.o
[93/109] CXX src/04_analyze/type_model/data/catalog.o
[94/109] CXX src/04_analyze/type_model/data/generic.o
[95/109] CXX src/04_analyze/type_model/data/native_record_layout.o
[96/109] CXX src/04_analyze/type_model/data/lifetime_contract.o
[97/109] CXX src/04_analyze/type_model/data/families.o
[98/109] CXX src/04_analyze/type_model/data/records.o
[99/109] CXX src/04_analyze/type_model/data/semantic_calls.o
[100/109] CXX src/04_analyze/type_model/data/representations.o
[101/109] CXX src/04_analyze/type_model/data/resources.o
[102/109] CXX src/04_analyze/type_model/data/type_record.o
[103/109] CXX src/04_analyze/type_model/data/semantic_modes.o
[104/109] CXX src/04_analyze/type_model/result_contracts.o
[105/109] CXX src/04_analyze/type_model/data/source_families.o
[106/109] CXX src/04_analyze/type_model/data/type_references.o
[107/109] CXX src/04_analyze/type_model/data/storage.o
[108/109] CXX src/04_analyze/type_model/data/store.o
[109/109] LINK main
Rebuilt outputs: .prism/build/app_pch.hpp.gch, .prism/build/main, .prism/build/main.o, .prism/build/probe.o, .prism/build/scpp_framework/collections.o, .prism/build/scpp_framework/exceptions.o, .prism/build/scpp_framework/filesystem.o, .prism/build/scpp_framework/json_document.o, .prism/build/scpp_framework/strings.o, .prism/build/src/01_prepare_inputs/load_runtime/main_load_runtime.o, .prism/build/src/01_prepare_inputs/load_runtime/utilities/catalog_syntax.o, .prism/build/src/01_prepare_inputs/read_sources/data/buffer.o, .prism/build/src/02_tokenize/store.o, .prism/build/src/02_tokenize/structures.o, .prism/build/src/02_tokenize/tokenize.o, .prism/build/src/03_parse/data/expression_state.o, .prism/build/src/03_parse/data/nodes.o, .prism/build/src/03_parse/data/result.o, .prism/build/src/03_parse/data/role_views.o, .prism/build/src/03_parse/data/store.o, .prism/build/src/03_parse/data/tree.o, .prism/build/src/03_parse/handlers/control_statements.o, .prism/build/src/03_parse/handlers/declarations.o, .prism/build/src/03_parse/handlers/expressions.o, .prism/build/src/03_parse/handlers/metaprogramming.o, .prism/build/src/03_parse/handlers/statements.o, .prism/build/src/03_parse/join.o, .prism/build/src/03_parse/main_parse.o, .prism/build/src/03_parse/parse_file.o, .prism/build/src/03_parse/select_tasks.o, .prism/build/src/03_parse/utilities/binary_syntax.o, .prism/build/src/03_parse/utilities/metaprogramming_syntax.o, .prism/build/src/03_parse/utilities/struct_member_cursor.o, .prism/build/src/03_parse/utilities/syntax_access.o, .prism/build/src/03_parse/utilities/syntax_comparer.o, .prism/build/src/04_analyze/check_bodies/utilities/decimal_range.o, .prism/build/src/04_analyze/check_bodies/utilities/literals.o, .prism/build/src/04_analyze/check_templates/body.o, .prism/build/src/04_analyze/check_templates/data/interpretation.o, .prism/build/src/04_analyze/check_templates/data/result.o, .prism/build/src/04_analyze/check_templates/data/structures.o, .prism/build/src/04_analyze/check_templates/data/terms.o, .prism/build/src/04_analyze/check_templates/join.o, .prism/build/src/04_analyze/check_templates/main_check_templates.o, .prism/build/src/04_analyze/check_templates/select_tasks.o, .prism/build/src/04_analyze/check_templates/terms.o, .prism/build/src/04_analyze/collect_symbols/collect.o, .prism/build/src/04_analyze/collect_symbols/data/provider_declaration.o, .prism/build/src/04_analyze/collect_symbols/data/result.o, .prism/build/src/04_analyze/collect_symbols/data/store.o, .prism/build/src/04_analyze/collect_symbols/data/structures.o, .prism/build/src/04_analyze/collect_symbols/main_collect_symbols.o, .prism/build/src/04_analyze/instantiate/bindings.o, .prism/build/src/04_analyze/instantiate/data/context.o, .prism/build/src/04_analyze/instantiate/data/result.o, .prism/build/src/04_analyze/instantiate/data/state.o, .prism/build/src/04_analyze/instantiate/data/store.o, .prism/build/src/04_analyze/instantiate/data/view.o, .prism/build/src/04_analyze/instantiate/identities.o, .prism/build/src/04_analyze/resolve_symbols/body.o, .prism/build/src/04_analyze/resolve_symbols/data/declarations.o, .prism/build/src/04_analyze/resolve_symbols/data/result.o, .prism/build/src/04_analyze/resolve_symbols/data/store.o, .prism/build/src/04_analyze/resolve_symbols/data/structures.o, .prism/build/src/04_analyze/resolve_symbols/data/traversal.o, .prism/build/src/04_analyze/resolve_symbols/handlers/declarations.o, .prism/build/src/04_analyze/resolve_symbols/handlers/expressions.o, .prism/build/src/04_analyze/resolve_symbols/handlers/names.o, .prism/build/src/04_analyze/resolve_symbols/handlers/statements.o, .prism/build/src/04_analyze/resolve_symbols/join.o, .prism/build/src/04_analyze/resolve_symbols/main_resolve_symbols.o, .prism/build/src/04_analyze/resolve_symbols/select_tasks.o, .prism/build/src/04_analyze/resolve_symbols/utilities/binding_coverage.o, .prism/build/src/04_analyze/resolve_symbols/utilities/declaration_lookup.o, .prism/build/src/04_analyze/resolve_symbols/utilities/function_lookup.o, .prism/build/src/04_analyze/resolve_symbols/utilities/resolution_validity.o, .prism/build/src/04_analyze/resolve_types/data/entry_contract.o, .prism/build/src/04_analyze/resolve_types/data/entry_selection.o, .prism/build/src/04_analyze/resolve_types/data/lifecycle_bodies.o, .prism/build/src/04_analyze/resolve_types/definition_view.o, .prism/build/src/04_analyze/resolve_types/lifecycle_composition.o, .prism/build/src/04_analyze/resolve_types/main_prepare_entry.o, .prism/build/src/04_analyze/resolve_types/record_definitions.o, .prism/build/src/04_analyze/resolve_types/source_lifecycle.o, .prism/build/src/04_analyze/resolve_types/utilities/annotation_types.o, .prism/build/src/04_analyze/resolve_types/utilities/type_cache.o, .prism/build/src/04_analyze/type_model/data/callable_modes.o, .prism/build/src/04_analyze/type_model/data/callables.o, .prism/build/src/04_analyze/type_model/data/catalog.o, .prism/build/src/04_analyze/type_model/data/context.o, .prism/build/src/04_analyze/type_model/data/definitions.o, .prism/build/src/04_analyze/type_model/data/families.o, .prism/build/src/04_analyze/type_model/data/generic.o, .prism/build/src/04_analyze/type_model/data/lifecycle.o, .prism/build/src/04_analyze/type_model/data/lifecycle_roles.o, .prism/build/src/04_analyze/type_model/data/lifetime_contract.o, .prism/build/src/04_analyze/type_model/data/lifetime_policy_codec.o, .prism/build/src/04_analyze/type_model/data/native_record_layout.o, .prism/build/src/04_analyze/type_model/data/records.o, .prism/build/src/04_analyze/type_model/data/representations.o, .prism/build/src/04_analyze/type_model/data/resources.o, .prism/build/src/04_analyze/type_model/data/semantic_calls.o, .prism/build/src/04_analyze/type_model/data/semantic_modes.o, .prism/build/src/04_analyze/type_model/data/source_families.o, .prism/build/src/04_analyze/type_model/data/storage.o, .prism/build/src/04_analyze/type_model/data/store.o, .prism/build/src/04_analyze/type_model/data/type_record.o, .prism/build/src/04_analyze/type_model/data/type_references.o, .prism/build/src/04_analyze/type_model/result_contracts.o
Tip: set SCPP_NINJA_VERBOSE=1 to show full Ninja command lines.
Build completed: .prism/build/main
