[1/422] CXX expanded_parts/compile/backend/llvm_text_from_plan/locations.o
[2/422] CXX expanded/compile/backend/backend_loop_text_emission.o
[3/422] CXX expanded/compile/support/artifact_writes.o
[4/422] CXX expanded/compile/backend/backend_module_composition.o
[5/422] CXX expanded/compile/pipeline/compiler_project_runner.o
[6/422] CXX expanded/compile/backend/abi_bridge/runtime_abi_bridge.o
[7/422] CXX expanded/compile/capabilities/runtime_helper_contract_readiness.o
[8/422] CXX expanded/compile/incremental/resident_daemon_file_ipc.o
[9/422] clang++ -std=c++23 -fPIC -O0 -g1 -pipe -I../../../vendor/runtime/include -I../expanded/generated -DSCPP_LANGUAGE_TARGET_PHP=1 -DSCPP_HAS_MYSQLI=0 -DSCPP_HAS_REGEX=0 -DSCPP_HAS_CURL=0 -DSCPP_HAS_TASKS=1 -DSCPP_TASKS_DEFAULT_WORKER_POOL_SIZE=0 -DSCPP_HAS_UI=0 -DSCPP_HAS_WEBVIEW=0 -DSCPP_ENABLE_CALL_DEPTH_GUARD=1 -DSCPP_MAX_CALL_DEPTH=4096 -x c++-header -MD -MF expanded-project.pch.d ../expanded/generated/__project_units.hpp -o expanded-project.pch
[10/422] CALLABLE_PART expanded_parts/__callable/compiler_profile_events_stage_backend_direct_call_setup_id.o
[11/422] CALLABLE_PART expanded_parts/__callable/compiler_profile_events___scpp_static_accepts.o
[12/422] CALLABLE_PART expanded_parts/__callable/compiler_profile_events_stage_analysis_capability_id.o
[13/422] CALLABLE_PART expanded_parts/__callable/compiler_profile_events_stage_capability_load_probe_id.o
[14/422] CALLABLE_PART expanded_parts/__callable/compiler_profile_events_stage_compiler_project_run_total_id.o
[15/422] CALLABLE_PART expanded_parts/__callable/compiler_profile_events_stage_references_contracts_id.o
[16/422] CALLABLE_PART expanded_parts/__callable/compiler_profile_events_stage_source_units_id.o
[17/422] CALLABLE_PART expanded_parts/__callable/compiler_profile_events_stage_output_setup_id.o
[18/422] CALLABLE_PART expanded_parts/__callable/compiler_profile_events_stage_backend_lowering_writes_id.o
[19/422] CALLABLE_PART expanded_parts/__callable/compiler_profile_events_stage_manifest_id.o
[20/422] CALLABLE_PART expanded_parts/__callable/compiler_profile_events_stage_frontend_symbols_id.o
[21/422] CALLABLE_PART expanded_parts/main.o
[22/422] CALLABLE_PART expanded_parts/__callable/compiler_profile_events_stage_backend_target_local_match_id.o
[23/422] CALLABLE_PART expanded_parts/__callable/compiler_profile_events_stage_backend_entry_call_emission_id.o
[24/422] CALLABLE_PART expanded_parts/__callable/compiler_profile_events_stage_frontend_source_units_id.o
[25/422] CALLABLE_PART expanded_parts/__callable/compiler_profile_events_stage_artifact_write_id.o
[26/422] CALLABLE_PART expanded_parts/__callable/compiler_profile_events_stage_llvm_text_materialization_id.o
[27/422] CALLABLE_PART expanded_parts/__callable/compiler_profile_events_stage_backend_target_local_emission_id.o
[28/422] CALLABLE_PART expanded_parts/__callable/compiler_profile_events_stage_tokenizer_id.o
[29/422] CALLABLE_PART expanded_parts/__callable/compiler_profile_events_stage_project_symbol_index_id.o
[30/422] CALLABLE_PART expanded_parts/__callable/compiler_profile_events_stage_resident_token_snapshots_id.o
[31/422] CALLABLE_PART expanded_parts/__callable/compiler_profile_events_stage_resident_frontend_node_snapshots_id.o
[32/422] CALLABLE_PART expanded_parts/__callable/compiler_profile_events_stage_parser_frontend_model_id.o
[33/422] CALLABLE_PART expanded_parts/__callable/compiler_profile_events_stage_symbol_definition_snapshots_id.o
[34/422] CALLABLE_PART expanded_parts/__callable/compiler_profile_events_stage_symbol_name_lookups_id.o
[35/422] CALLABLE_PART expanded_parts/__callable/compiler_profile_events_stage_function_body_ownership_snapshots_id.o
[36/422] CALLABLE_PART expanded_parts/__callable/compiler_profile_events_stage_symbol_state_publication_id.o
[37/422] CALLABLE_PART expanded_parts/__callable/compiler_profile_events_stage_frontend_payload_publication_metrics_id.o
[38/422] CALLABLE_PART expanded_parts/__callable/compiler_profile_events_status_completed_id.o
[39/422] CALLABLE_PART expanded_parts/__callable/compiler_profile_events_stage_symbol_fact_publication_metrics_id.o
[40/422] CALLABLE_PART expanded_parts/__callable/compiler_profile_events_status_blocked_id.o
[41/422] CALLABLE_PART expanded_parts/__callable/compiler_profile_events_now_us.o
[42/422] CALLABLE_PART expanded_parts/__callable/compiler_profile_events_elapsed_us_since.o
[43/422] CALLABLE_PART expanded_parts/__callable/compiler_profile_events_append_elapsed.o
[44/422] CALLABLE_PART expanded_parts/__callable/compiler_profile_events_append_event.o
[45/422] CALLABLE_PART expanded_parts/__callable/compiler_profile_events_stage_name.o
[46/422] CALLABLE_PART expanded_parts/__callable/token_kinds___scpp_static_accepts.o
[47/422] CALLABLE_PART expanded_parts/__callable/compiler_profile_events_debug_string.o
[48/422] CALLABLE_PART expanded_parts/__callable/compiler_profile_events_status_name.o
[49/422] CALLABLE_PART expanded_parts/__callable/token_kinds_unknown.o
[50/422] CALLABLE_PART expanded_parts/__callable/token_kinds_identifier.o
[51/422] CALLABLE_PART expanded_parts/__callable/token_kinds_eof.o
[52/422] CALLABLE_PART expanded_parts/__callable/token_kinds_keyword.o
[53/422] CALLABLE_PART expanded_parts/__callable/token_kinds_string_literal.o
[54/422] CALLABLE_PART expanded_parts/__callable/token_kinds_number.o
[55/422] CALLABLE_PART expanded_parts/__callable/token_kinds_comment.o
[56/422] CALLABLE_PART expanded_parts/__callable/token_kinds_symbol.o
[57/422] CALLABLE_PART expanded_parts/__callable/token_kinds_error.o
[58/422] CALLABLE_PART expanded_parts/__callable/token_kinds_name.o
[59/422] CALLABLE_PART expanded_parts/__callable/frontend_model_builder___scpp_static_accepts.o
[60/422] CALLABLE_PART expanded_parts/__callable/frontend_model_builder_declaration_kind_function_id.o
[61/422] CALLABLE_PART expanded_parts/__callable/frontend_model_builder_declaration_kind_namespace_id.o
[62/422] CALLABLE_PART expanded_parts/__callable/frontend_model_builder_synthetic_script_entry_name.o
[63/422] CALLABLE_PART expanded_parts/__callable/frontend_model_builder_declaration_kind_use_function_id.o
[64/422] CALLABLE_PART expanded_parts/__callable/frontend_model_builder_declaration_flag_synthetic_script_entry_id.o
[65/422] CALLABLE_PART expanded_parts/__callable/frontend_model_builder_declaration_is_synthetic_script_entry.o
[66/422] CALLABLE_PART expanded_parts/__callable/frontend_model_builder_name_role_declaration_id.o
[67/422] CALLABLE_PART expanded_parts/__callable/frontend_model_builder_name_role_callee_id.o
[68/422] CALLABLE_PART expanded_parts/__callable/frontend_model_builder_name_role_type_id.o
[69/422] CALLABLE_PART expanded_parts/__callable/frontend_model_builder_name_role_variable_id.o
[70/422] CALLABLE_PART expanded_parts/__callable/frontend_model_builder_name_role_constant_id.o
[71/422] CALLABLE_PART expanded_parts/__callable/frontend_model_builder_name_role_namespace_id.o
[72/422] CALLABLE_PART expanded_parts/__callable/frontend_model_builder_expression_flag_by_reference_parameter_id.o
[73/422] CALLABLE_PART expanded_parts/__callable/frontend_model_builder_literal_kind_integer_id.o
[74/422] CALLABLE_PART expanded_parts/__callable/frontend_model_builder_statement_flag_append_target_id.o
[75/422] CALLABLE_PART expanded_parts/__callable/frontend_model_builder_statement_flag_const_binding_id.o
[76/422] CALLABLE_PART expanded_parts/__callable/frontend_model_builder_literal_kind_bool_id.o
[77/422] CALLABLE_PART expanded_parts/__callable/frontend_model_builder_literal_kind_string_id.o
[78/422] CALLABLE_PART expanded_parts/__callable/frontend_model_builder_literal_kind_floating_id.o
[79/422] CALLABLE_PART expanded_parts/__callable/frontend_model_builder_literal_kind_null_id.o
[80/422] CALLABLE_PART expanded_parts/__callable/frontend_model_builder_literal_status_ready_id.o
[81/422] CALLABLE_PART expanded_parts/__callable/frontend_model_builder_operator_plus_id.o
[82/422] CALLABLE_PART expanded_parts/__callable/frontend_model_builder_operator_minus_id.o
[83/422] CALLABLE_PART expanded_parts/__callable/frontend_model_builder_operator_multiply_id.o
[84/422] CALLABLE_PART expanded_parts/__callable/frontend_model_builder_operator_divide_id.o
[85/422] CALLABLE_PART expanded_parts/__callable/frontend_model_builder_operator_modulo_id.o
[86/422] CALLABLE_PART expanded_parts/__callable/frontend_model_builder_operator_unary_minus_id.o
[87/422] CALLABLE_PART expanded_parts/__callable/frontend_model_builder_primitive_int_type_ref_id.o
[88/422] CALLABLE_PART expanded_parts/__callable/frontend_model_builder_runtime_string_type_ref_id.o
[89/422] CALLABLE_PART expanded_parts/__callable/frontend_model_builder_primitive_bool_type_ref_id.o
[90/422] CALLABLE_PART expanded_parts/__callable/frontend_model_builder_numeric_type_ref_accepts_decimal_literal.o
[91/422] CALLABLE_PART expanded_parts/__callable/frontend_model_builder_numeric_type_ref_is_integer_literal_target.o
[92/422] CALLABLE_PART expanded_parts/__callable/frontend_model_builder_integer_literal_fits_type_ref.o
[93/422] CALLABLE_PART expanded_parts/__callable/frontend_model_builder_integer_positive_limit_for_width.o
[94/422] CALLABLE_PART expanded_parts/__callable/frontend_model_builder_token_end_offset.o
[95/422] CALLABLE_PART expanded_parts/__callable/frontend_model_builder_source_range_from_token.o
[96/422] CALLABLE_PART expanded_parts/__callable/frontend_model_builder_source_range_from_offsets.o
[97/422] CALLABLE_PART expanded_parts/__callable/frontend_model_builder_primitive_type_ref_id_for_name.o
[98/422] CALLABLE_PART expanded_parts/__callable/frontend_model_builder_expect_type_name_token.o
[99/422] CALLABLE_PART expanded_parts/__callable/frontend_model_builder_source_type_ref_id_for_name.o
[100/422] CALLABLE_PART expanded_parts/__callable/frontend_model_builder_append_declaration_name.o
[101/422] CALLABLE_PART expanded_parts/__callable/frontend_model_builder_parse_type_ref_id.o
[102/422] CALLABLE_PART expanded_parts/__callable/frontend_model_builder_append_name.o
[103/422] CALLABLE_PART expanded_parts/__callable/frontend_model_builder_append_callee_name.o
[104/422] CALLABLE_PART expanded_parts/__callable/frontend_model_builder_append_type_name.o
[105/422] CALLABLE_PART expanded_parts/__callable/frontend_model_builder_append_constant_name.o
[106/422] CALLABLE_PART expanded_parts/__callable/frontend_model_builder_append_variable_name.o
[107/422] CALLABLE_PART expanded_parts/__callable/frontend_model_builder_append_namespace_name.o
[108/422] CALLABLE_PART expanded_parts/__callable/frontend_model_builder_expression_type_ref_or_unknown.o
[109/422] CALLABLE_PART expanded_parts/__callable/frontend_model_builder_append_identifier_expression_with_type.o
[110/422] CALLABLE_PART expanded_parts/__callable/frontend_model_builder_append_variable_expression.o
[111/422] CALLABLE_PART expanded_parts/__callable/frontend_model_builder_append_identifier_expression_from_token_with_type.o
[112/422] CALLABLE_PART expanded_parts/__callable/frontend_model_builder_append_variable_expression_with_type.o
[113/422] CALLABLE_PART expanded_parts/__callable/frontend_model_builder_append_literal_expression_with_numeric_type.o
[114/422] CALLABLE_PART expanded_parts/__callable/frontend_model_builder_append_string_literal_expression.o
[115/422] CALLABLE_PART expanded_parts/__callable/frontend_model_builder_append_variable_expression_from_existing_node_with_type.o
[116/422] CALLABLE_PART expanded_parts/__callable/frontend_model_builder_append_null_literal_expression.o
[117/422] CALLABLE_PART expanded_parts/__callable/frontend_model_builder_append_unary_minus_local_expression_with_type.o
[118/422] CALLABLE_PART expanded_parts/__callable/frontend_model_builder_append_unary_minus_integer_literal_expression_with_type.o
[119/422] CALLABLE_PART expanded_parts/__callable/frontend_model_builder_consume_blocked_unary_logical_not_operand.o
[120/422] CALLABLE_PART expanded_parts/__callable/frontend_model_builder_consume_blocked_unary_logical_not_expression.o
[121/422] CALLABLE_PART expanded_parts/__callable/frontend_model_builder_append_call_expression.o
[122/422] CALLABLE_PART expanded_parts/__callable/frontend_model_builder_at_qualified_call_expression.o
[123/422] CALLABLE_PART expanded_parts/__callable/frontend_model_builder_at_call_argument_list_after_open_offset.o
[124/422] CALLABLE_PART expanded_parts/__callable/frontend_model_builder_at_scalar_expression_start_at_offset.o
[125/422] CALLABLE_PART expanded_parts/__callable/frontend_model_builder_at_function_parameter.o
[126/422] CALLABLE_PART expanded_parts/__callable/frontend_model_builder_at_call_expression_with_argument_list.o
[127/422] CALLABLE_PART expanded_parts/__callable/frontend_model_builder_mark_expression_node_flag.o
[128/422] CALLABLE_PART expanded_parts/__callable/frontend_model_builder_append_function_parameter_expression.o
[129/422] CALLABLE_PART expanded_parts/__callable/frontend_model_builder_append_binary_plus_expression_from_left_with_type.o
[130/422] CALLABLE_PART expanded_parts/__callable/frontend_model_builder_append_binary_minus_expression_from_left_with_type.o
[131/422] CALLABLE_PART expanded_parts/__callable/frontend_model_builder_append_parameter_default_literal_if_present.o
[132/422] CALLABLE_PART expanded_parts/__callable/frontend_model_builder_append_generated_binary_expression_from_left_with_type.o
[133/422] CALLABLE_PART expanded_parts/__callable/frontend_model_builder_append_binary_expression_from_left_with_type.o
[134/422] CALLABLE_PART expanded_parts/__callable/frontend_model_builder_append_binary_expression_from_nodes_with_type.o
[135/422] CALLABLE_PART expanded_parts/__callable/frontend_model_builder_append_index_access_expression_from_nodes_with_type.o
[136/422] CALLABLE_PART expanded_parts/__callable/frontend_model_builder_append_empty_initializer_expression_with_type.o
[137/422] CALLABLE_PART expanded_parts/__callable/frontend_model_builder_append_ternary_expression_from_nodes_with_type.o
[138/422] CALLABLE_PART expanded_parts/__callable/frontend_model_builder_expression_type_ref_from_node.o
[139/422] CALLABLE_PART expanded_parts/__callable/frontend_model_builder_binary_operator_row_for_current.o
[140/422] CALLABLE_PART expanded_parts/__callable/frontend_model_builder_operator_result_type_ref_for_left.o
[141/422] CALLABLE_PART expanded_parts/__callable/frontend_model_builder_operator_rhs_type_ref_for_left.o
[142/422] CALLABLE_PART expanded_parts/__callable/frontend_model_builder_at_local_declaration.o
[143/422] CALLABLE_PART expanded_parts/__callable/frontend_model_builder_at_const_keyword.o
[144/422] CALLABLE_PART expanded_parts/__callable/frontend_model_builder_expect_const_keyword.o
[145/422] CALLABLE_PART expanded_parts/__callable/frontend_model_builder_at_const_declaration_statement.o
[146/422] CALLABLE_PART expanded_parts/__callable/frontend_model_builder_node_is_synthetic_script_entry.o
[147/422] CALLABLE_PART expanded_parts/__callable/frontend_model_builder_at_compound_assignment_operator_after_target.o
[148/422] CALLABLE_PART expanded_parts/__callable/frontend_model_builder_at_assignment_statement.o
[149/422] CALLABLE_PART expanded_parts/__callable/frontend_model_builder_at_bound_identifier_expression.o
[150/422] CALLABLE_PART expanded_parts/__callable/frontend_model_builder_at_double_symbol.o
[151/422] CALLABLE_PART expanded_parts/__callable/frontend_model_builder_compound_assignment_base_operator_at_offset.o
[152/422] CALLABLE_PART expanded_parts/__callable/frontend_model_builder_prefix_update_variable_offset.o
[153/422] CALLABLE_PART expanded_parts/__callable/frontend_model_builder_at_echo_prefix_update_statement.o
[154/422] CALLABLE_PART expanded_parts/__callable/frontend_model_builder_retag_expression_node_type.o
[155/422] CALLABLE_PART expanded_parts/__callable/frontend_model_builder_at_echo_postfix_update_statement.o
[156/422] CALLABLE_PART expanded_parts/__callable/frontend_model_builder_parse_scalar_expression.o
[157/422] CALLABLE_PART expanded_parts/__callable/frontend_model_builder_consume_compound_assignment_operator.o
[158/422] CALLABLE_PART expanded_parts/__callable/frontend_model_builder_consume_prefix_update_operator.o
[159/422] CALLABLE_PART expanded_parts/__callable/frontend_model_builder_ternary_result_type_ref.o
[160/422] CALLABLE_PART expanded_parts/__callable/frontend_model_builder_parse_scalar_primary_expression.o
[161/422] CALLABLE_PART expanded_parts/__callable/frontend_model_builder_parse_scalar_expression_with_min_precedence.o
[162/422] CALLABLE_PART expanded_parts/__callable/frontend_model_builder_parse_local_declaration_statement.o
[163/422] CALLABLE_PART expanded_parts/__callable/frontend_model_builder_parse_const_declaration_statement.o
[164/422] CALLABLE_PART expanded_parts/__callable/frontend_model_builder_parse_assignment_statement_with_terminator.o
[165/422] CALLABLE_PART expanded_parts/__callable/frontend_model_builder_parse_assignment_statement.o
[166/422] CALLABLE_PART expanded_parts/__callable/frontend_model_builder_append_assignment_statement_from_nodes.o
[167/422] CALLABLE_PART expanded_parts/__callable/frontend_model_builder_consume_optional_echo_trailing_string_argument.o
[168/422] CALLABLE_PART expanded_parts/__callable/frontend_model_builder_append_echo_statement_from_value.o
[169/422] CALLABLE_PART expanded_parts/__callable/frontend_model_builder_parse_echo_argument_expression.o
[170/422] CALLABLE_PART expanded_parts/__callable/frontend_model_builder_parse_echo_argument_list.o
[171/422] CALLABLE_PART expanded_parts/__callable/frontend_model_builder_patch_echo_argument_parent_links.o
[172/422] CALLABLE_PART expanded_parts/__callable/frontend_model_builder_parse_echo_prefix_update_statement_sequence.o
[173/422] CALLABLE_PART expanded_parts/__callable/frontend_model_builder_parse_echo_postfix_update_statement_sequence.o
[174/422] CALLABLE_PART expanded_parts/__callable/frontend_model_builder_parse_echo_statement.o
[175/422] CALLABLE_PART expanded_parts/__callable/frontend_model_builder_statement_list_last_node_id.o
[176/422] CALLABLE_PART expanded_parts/__callable/frontend_model_builder_parse_if_statement.o
[177/422] CALLABLE_PART expanded_parts/__callable/frontend_model_builder_parse_while_statement.o
[178/422] CALLABLE_PART expanded_parts/__callable/frontend_model_builder_parse_for_statement.o
[179/422] CALLABLE_PART expanded_parts/__callable/frontend_model_builder_parse_return_expression.o
[180/422] CALLABLE_PART expanded_parts/__callable/frontend_model_builder_parse_return_statement.o
[181/422] CALLABLE_PART expanded_parts/__callable/frontend_model_builder_at_call_expression_statement.o
[182/422] CALLABLE_PART expanded_parts/__callable/frontend_model_builder_parse_expression_statement.o
[183/422] CALLABLE_PART expanded_parts/__callable/frontend_model_builder_parse_body_statement.o
[184/422] CALLABLE_PART expanded_parts/__callable/frontend_model_builder_parse_control_transfer_statement.o
[185/422] CALLABLE_PART expanded_parts/__callable/frontend_model_builder_parse_statement_list_until_close.o
[186/422] CALLABLE_PART expanded_parts/__callable/frontend_model_builder_append_implicit_return_after_statement_list.o
[187/422] CALLABLE_PART expanded_parts/__callable/frontend_model_builder_parse_statement_list_until_close_with_implicit_return.o
[188/422] CALLABLE_PART expanded_parts/__callable/frontend_model_builder_append_synthetic_literal_expression.o
[189/422] CALLABLE_PART expanded_parts/__callable/frontend_model_builder_append_synthetic_bool_literal_expression.o
[190/422] CALLABLE_PART expanded_parts/__callable/frontend_model_builder_statement_node_is_return.o
[191/422] CALLABLE_PART expanded_parts/__callable/frontend_model_builder_append_synthetic_return_literal_statement.o
[192/422] CALLABLE_PART expanded_parts/__callable/frontend_model_builder_parse_statement_list_until_eof_with_implicit_return.o
[193/422] CALLABLE_PART expanded_parts/__callable/frontend_model_builder_parse_function_body.o
[194/422] CALLABLE_PART expanded_parts/__callable/frontend_model_builder_body_shape_digest_from_body_node.o
[195/422] CALLABLE_PART expanded_parts/__callable/frontend_model_builder_record_function_parameter_local_types.o
[196/422] CALLABLE_PART expanded_parts/__callable/frontend_model_builder_parse_namespace_name_range.o
[197/422] CALLABLE_PART expanded_parts/__callable/frontend_model_builder_at_namespace_declaration.o
[198/422] CALLABLE_PART expanded_parts/__callable/frontend_model_builder_expect_namespace_keyword.o
[199/422] CALLABLE_PART expanded_parts/__callable/frontend_model_builder_at_use_keyword.o
[200/422] CALLABLE_PART expanded_parts/__callable/frontend_model_builder_expect_function_import_keyword.o
[201/422] CALLABLE_PART expanded_parts/__callable/frontend_model_builder_at_use_function_declaration.o
[202/422] CALLABLE_PART expanded_parts/__callable/frontend_model_builder_expect_use_keyword.o
[203/422] CALLABLE_PART expanded_parts/__callable/frontend_model_builder_append_use_function_declaration_node.o
[204/422] CALLABLE_PART expanded_parts/__callable/frontend_model_builder_parse_use_function_declaration.o
[205/422] CALLABLE_PART expanded_parts/__callable/frontend_model_builder_append_namespace_declaration_node.o
[206/422] CALLABLE_PART expanded_parts/__callable/frontend_model_builder_parse_namespace_declaration.o
[207/422] CALLABLE_PART expanded_parts/__callable/frontend_model_builder_parse_function_declaration.o
[208/422] CALLABLE_PART expanded_parts/__callable/frontend_model_builder_parse_synthetic_script_entry_declaration.o
[209/422] CALLABLE_PART expanded_parts/__callable/frontend_model_builder_append_synthetic_script_entry_declaration_shell.o
[210/422] CALLABLE_PART expanded_parts/__callable/frontend_model_builder_attach_synthetic_script_entry_body.o
[211/422] CALLABLE_PART expanded_parts/__callable/frontend_model_builder_parse_synthetic_script_entry_declaration_until_close.o
[212/422] CALLABLE_PART expanded_parts/__callable/frontend_model_builder_capacity_at_least.o
[213/422] CALLABLE_PART expanded_parts/__callable/frontend_model_builder_reserve_model_for_tokens.o
[214/422] CALLABLE_PART expanded_parts/__callable/frontend_model_builder_parse_source_unit.o
[215/422] CALLABLE_PART expanded_parts/__callable/frontend_model_tables___scpp_static_accepts.o
[216/422] CALLABLE_PART expanded_parts/__callable/frontend_model_builder_apply_node_segment_policy.o
[217/422] CALLABLE_PART expanded_parts/__callable/frontend_model_tables_uint16_from_int.o
[218/422] CALLABLE_PART expanded_parts/__callable/frontend_model_tables_uint32_from_int.o
[219/422] CALLABLE_PART expanded_parts/__callable/frontend_model_builder_parse_source_unit_with_node_segment_policy.o
[220/422] CALLABLE_PART expanded_parts/__callable/frontend_model_tables_none_id.o
[221/422] CALLABLE_PART expanded_parts/__callable/frontend_model_tables_none_kind_id.o
[222/422] CALLABLE_PART expanded_parts/__callable/frontend_model_tables_row_family_declaration_id.o
[223/422] CALLABLE_PART expanded_parts/__callable/frontend_model_tables_row_family_statement_id.o
[224/422] CALLABLE_PART expanded_parts/__callable/frontend_model_tables_row_family_expression_id.o
[225/422] CALLABLE_PART expanded_parts/__callable/frontend_model_tables_row_family_type_syntax_id.o
[226/422] CALLABLE_PART expanded_parts/__callable/frontend_model_tables_row_kind_statement_return_id.o
[227/422] CALLABLE_PART expanded_parts/__callable/frontend_model_tables_row_kind_declaration_namespace_id.o
[228/422] CALLABLE_PART expanded_parts/__callable/frontend_model_tables_row_kind_declaration_function_id.o
[229/422] CALLABLE_PART expanded_parts/__callable/frontend_model_tables_row_kind_statement_local_declaration_id.o
[230/422] CALLABLE_PART expanded_parts/__callable/frontend_model_tables_row_kind_declaration_use_function_id.o
[231/422] CALLABLE_PART expanded_parts/__callable/frontend_model_tables_row_kind_statement_assignment_id.o
[232/422] CALLABLE_PART expanded_parts/__callable/frontend_model_tables_row_kind_statement_echo_id.o
[233/422] CALLABLE_PART expanded_parts/__callable/frontend_model_tables_row_kind_statement_if_id.o
[234/422] CALLABLE_PART expanded_parts/__callable/frontend_model_tables_row_kind_statement_expression_id.o
[235/422] CALLABLE_PART expanded_parts/__callable/frontend_model_tables_row_kind_statement_for_id.o
[236/422] CALLABLE_PART expanded_parts/__callable/frontend_model_tables_row_kind_statement_while_id.o
[237/422] CALLABLE_PART expanded_parts/__callable/frontend_model_tables_row_kind_statement_break_id.o
[238/422] CALLABLE_PART expanded_parts/__callable/frontend_model_tables_row_kind_statement_continue_id.o
[239/422] CALLABLE_PART expanded_parts/__callable/frontend_model_tables_row_kind_expression_binary_id.o
[240/422] CALLABLE_PART expanded_parts/__callable/frontend_model_tables_row_kind_expression_literal_id.o
[241/422] CALLABLE_PART expanded_parts/__callable/frontend_model_tables_row_kind_expression_variable_id.o
[242/422] CALLABLE_PART expanded_parts/__callable/frontend_model_tables_row_kind_expression_call_id.o
[243/422] CALLABLE_PART expanded_parts/__callable/frontend_model_tables_row_kind_expression_ternary_id.o
[244/422] CALLABLE_PART expanded_parts/__callable/frontend_model_tables_row_kind_expression_index_access_id.o
[245/422] CALLABLE_PART expanded_parts/__callable/frontend_model_tables_payload_kind_declaration_id.o
[246/422] CALLABLE_PART expanded_parts/__callable/frontend_model_tables_row_kind_expression_empty_initializer_id.o
[247/422] CALLABLE_PART expanded_parts/__callable/frontend_model_tables_row_kind_type_syntax_named_id.o
[248/422] CALLABLE_PART expanded_parts/__callable/frontend_model_tables_payload_kind_statement_id.o
[249/422] CALLABLE_PART expanded_parts/__callable/frontend_model_tables_payload_kind_expression_id.o
[250/422] CALLABLE_PART expanded_parts/__callable/frontend_model_tables_payload_kind_type_syntax_id.o
[251/422] CALLABLE_PART expanded_parts/__callable/frontend_model_tables_payload_kind_literal_id.o
[252/422] CALLABLE_PART expanded_parts/__callable/frontend_model_tables_payload_kind_name_id.o
[253/422] CALLABLE_PART expanded_parts/__callable/frontend_model_tables_append_source_range.o
[254/422] CALLABLE_PART expanded_parts/__callable/frontend_model_tables_append_source_buffer.o
[255/422] CALLABLE_PART expanded_parts/__callable/frontend_model_tables_reserve_model.o
[256/422] CALLABLE_PART expanded_parts/__callable/frontend_model_tables_append_source_range_ext.o
[257/422] CALLABLE_PART expanded_parts/__callable/frontend_model_tables_append_node.o
[258/422] CALLABLE_PART expanded_parts/__callable/frontend_model_tables_ensure_declaration_node_id_slot.o
[259/422] CALLABLE_PART expanded_parts/__callable/frontend_model_tables_append_line_start.o
[260/422] CALLABLE_PART expanded_parts/__callable/frontend_model_tables_append_declaration_payload.o
[261/422] CALLABLE_PART expanded_parts/__callable/frontend_model_tables_record_declaration_node_id.o
[262/422] CALLABLE_PART expanded_parts/__callable/frontend_model_tables_clear_declaration_node_id.o
[263/422] CALLABLE_PART expanded_parts/__callable/frontend_model_tables_declaration_node_id_by_payload_id.o
[264/422] CALLABLE_PART expanded_parts/__callable/frontend_model_tables_append_expression_payload.o
[265/422] CALLABLE_PART expanded_parts/__callable/frontend_model_tables_append_statement_payload.o
[266/422] CALLABLE_PART expanded_parts/__callable/frontend_model_tables_append_type_syntax_payload.o
[267/422] CALLABLE_PART expanded_parts/__callable/frontend_model_tables_append_literal_payload.o
[268/422] CALLABLE_PART expanded_parts/__callable/frontend_model_tables_append_name_payload.o
[269/422] CALLABLE_PART expanded_parts/__callable/frontend_model_tables_has_node_id.o
[270/422] CALLABLE_PART expanded_parts/__callable/frontend_model_tables_node_storage_kind_id.o
[271/422] CALLABLE_PART expanded_parts/__callable/frontend_model_tables_nodes_use_segmented.o
[272/422] CALLABLE_PART expanded_parts/__callable/frontend_model_tables_node_segment_count.o
[273/422] CALLABLE_PART expanded_parts/__callable/frontend_model_tables_node_count.o
[274/422] CALLABLE_PART expanded_parts/__callable/frontend_model_tables_node_segment_reserved_bytes.o
[275/422] CALLABLE_PART expanded_parts/__callable/frontend_model_tables_node_segment_slack_bytes.o
[276/422] CALLABLE_PART expanded_parts/__callable/frontend_model_tables_node_list_ref.o
[277/422] CALLABLE_PART expanded_parts/__callable/frontend_model_tables_node_retained_old_generation_bytes.o
[278/422] CALLABLE_PART expanded_parts/__callable/frontend_model_tables_node_span_is_empty.o
[279/422] CALLABLE_PART expanded_parts/__callable/frontend_model_tables_first_node_span.o
[280/422] CALLABLE_PART expanded_parts/__callable/frontend_model_tables_next_node_span.o
[281/422] CALLABLE_PART expanded_parts/__callable/frontend_model_tables_span_node_at.o
[282/422] CALLABLE_PART expanded_parts/__callable/frontend_model_tables_source_buffer_by_id.o
[283/422] CALLABLE_PART expanded_parts/__callable/frontend_model_tables_node_by_id.o
[284/422] CALLABLE_PART expanded_parts/__callable/frontend_model_tables_statement_by_id.o
[285/422] CALLABLE_PART expanded_parts/__callable/frontend_model_tables_declaration_by_id.o
[286/422] CALLABLE_PART expanded_parts/__callable/frontend_model_tables_expression_by_id.o
[287/422] CALLABLE_PART expanded_parts/__callable/frontend_model_tables_literal_by_id.o
[288/422] CALLABLE_PART expanded_parts/__callable/frontend_model_tables_source_range_by_id.o
[289/422] CALLABLE_PART expanded_parts/__callable/frontend_model_tables_type_syntax_by_id.o
[290/422] CALLABLE_PART expanded_parts/__callable/frontend_model_tables_line_start_by_index.o
[291/422] CALLABLE_PART expanded_parts/__callable/frontend_model_tables_source_range_ext_by_id.o
[292/422] CALLABLE_PART expanded_parts/__callable/frontend_model_tables_name_by_id.o
[293/422] CALLABLE_PART expanded_parts/__callable/frontend_model_tables_update_declaration_payload.o
[294/422] CALLABLE_PART expanded_parts/__callable/frontend_model_tables_update_node.o
[295/422] CALLABLE_PART expanded_parts/__callable/frontend_model_tables_update_statement_payload.o
[296/422] CALLABLE_PART expanded_parts/__callable/frontend_model_tables_patch_node_links.o
[297/422] CALLABLE_PART expanded_parts/__callable/frontend_model_tables_update_expression_payload.o
[298/422] CALLABLE_PART expanded_parts/__callable/frontend_model_tables_node_equals.o
[299/422] CALLABLE_PART expanded_parts/__callable/frontend_model_tables_declaration_equals.o
[300/422] CALLABLE_PART expanded_parts/__callable/frontend_model_tables_source_buffer_equals.o
[301/422] CALLABLE_PART expanded_parts/__callable/frontend_model_tables_type_syntax_equals.o
[302/422] CALLABLE_PART expanded_parts/__callable/frontend_model_tables_statement_equals.o
[303/422] CALLABLE_PART expanded_parts/__callable/frontend_model_tables_expression_equals.o
[304/422] CALLABLE_PART expanded_parts/__callable/frontend_model_tables_source_range_ext_equals.o
[305/422] CALLABLE_PART expanded_parts/__callable/frontend_model_tables_source_range_equals.o
[306/422] CALLABLE_PART expanded_parts/__callable/frontend_model_tables_literal_equals.o
[307/422] CALLABLE_PART expanded_parts/__callable/frontend_model_tables_name_equals.o
[308/422] CALLABLE_PART expanded_parts/__callable/frontend_model_tables_node_debug_string.o
[309/422] CALLABLE_PART expanded_parts/__callable/frontend_model_tables_line_start_equals.o
[310/422] CALLABLE_PART expanded_parts/__callable/frontend_model_tables_declaration_debug_string.o
[311/422] CALLABLE_PART expanded_parts/__callable/frontend_model_tables_source_buffer_debug_string.o
[312/422] CALLABLE_PART expanded_parts/__callable/frontend_model_tables_source_range_debug_string.o
[313/422] CALLABLE_PART expanded_parts/__callable/frontend_model_tables_source_range_ext_debug_string.o
[314/422] CALLABLE_PART expanded_parts/__callable/frontend_model_tables_line_start_debug_string.o
[315/422] CALLABLE_PART expanded_parts/__callable/frontend_model_tables_expression_debug_string.o
[316/422] CALLABLE_PART expanded_parts/__callable/frontend_model_tables_type_syntax_debug_string.o
[317/422] CALLABLE_PART expanded_parts/__callable/frontend_model_tables_statement_debug_string.o
[318/422] CALLABLE_PART expanded_parts/__callable/frontend_model_tables_node_stable_hash.o
[319/422] CALLABLE_PART expanded_parts/__callable/frontend_model_tables_statement_stable_hash.o
[320/422] CALLABLE_PART expanded_parts/__callable/frontend_model_tables_literal_debug_string.o
[321/422] CALLABLE_PART expanded_parts/__callable/frontend_model_tables_name_debug_string.o
[322/422] CALLABLE_PART expanded_parts/__callable/frontend_model_tables_source_buffer_stable_hash.o
[323/422] CALLABLE_PART expanded_parts/__callable/frontend_model_tables_source_range_stable_hash.o
[324/422] CALLABLE_PART expanded_parts/__callable/frontend_model_tables_source_range_ext_stable_hash.o
[325/422] CALLABLE_PART expanded_parts/__callable/frontend_model_tables_line_start_stable_hash.o
[326/422] CALLABLE_PART expanded_parts/__callable/frontend_model_tables_expression_stable_hash.o
[327/422] CALLABLE_PART expanded_parts/__callable/frontend_model_tables_type_syntax_stable_hash.o
[328/422] CALLABLE_PART expanded_parts/__callable/frontend_model_tables_literal_stable_hash.o
[329/422] CALLABLE_PART expanded_parts/__callable/frontend_model_tables_declaration_stable_hash.o
[330/422] CALLABLE_PART expanded_parts/__callable/frontend_model_tables_counters_debug_string.o
[331/422] CALLABLE_PART expanded_parts/__callable/frontend_model_tables_increment_node_family_count.o
[332/422] CALLABLE_PART expanded_parts/__callable/frontend_model_tables_name_stable_hash.o
[333/422] CALLABLE_PART expanded_parts/__callable/frontend_model_tables_decrement_node_family_count.o
[334/422] CALLABLE_PART expanded_parts/__callable/frontend_model_tables_refresh_node_family_counts.o
[335/422] CALLABLE_PART expanded_parts/__callable/frontend_model_tables_replace_node_family_count.o
[336/422] CALLABLE_PART expanded_parts/compile/model/source_units/part_0.o
[337/422] CALLABLE_PART expanded_parts/compile/model/source_units/part_1.o
[338/422] CALLABLE_PART expanded_parts/compile/model/source_units/part_4.o
[339/422] CALLABLE_PART expanded_parts/compile/model/source_units/part_2.o
[340/422] CALLABLE_PART expanded_parts/compile/model/project_symbol_index/part_2.o
[341/422] CALLABLE_PART expanded_parts/compile/model/project_symbol_index/part_1.o
[342/422] CALLABLE_PART expanded_parts/compile/model/source_units/part_3.o
[343/422] CALLABLE_PART expanded_parts/compile/model/project_symbol_index/part_3.o
[344/422] CALLABLE_PART expanded_parts/compile/model/project_symbol_index/part_0.o
[345/422] CALLABLE_PART expanded_parts/compile/model/project_symbol_index/part_4.o
[346/422] CALLABLE_PART expanded_parts/compile/incremental/resident_source_unit_frontend_payload_tables/part_0.o
[347/422] CALLABLE_PART expanded_parts/compile/incremental/resident_source_unit_frontend_payload_tables/part_1.o
[348/422] CALLABLE_PART expanded_parts/compile/incremental/resident_source_unit_frontend_payload_tables/part_2.o
[349/422] CALLABLE_PART expanded_parts/compile/incremental/resident_source_unit_frontend_payload_tables/part_3.o
[350/422] CALLABLE_PART expanded_parts/compile/incremental/resident_source_unit_frontend_payload_tables/part_8.o
[351/422] CALLABLE_PART expanded_parts/compile/incremental/resident_source_unit_frontend_payload_tables/part_5.o
[352/422] CALLABLE_PART expanded_parts/compile/incremental/resident_source_unit_frontend_payload_tables/part_7.o
[353/422] CALLABLE_PART expanded_parts/compile/incremental/resident_source_unit_frontend_payload_tables/part_6.o
[354/422] CALLABLE_PART expanded_parts/compile/incremental/resident_source_unit_frontend_payload_tables/part_4.o
[355/422] CALLABLE_PART expanded_parts/compile/incremental/resident_source_unit_frontend_payload_tables/part_9.o
[356/422] CALLABLE_PART expanded_parts/compile/incremental/resident_source_unit_frontend_payload_tables/part_10.o
[357/422] CALLABLE_PART expanded_parts/compile/incremental/resident_source_unit_frontend_payload_tables/part_11.o
[358/422] CALLABLE_PART expanded_parts/compile/incremental/resident_source_unit_frontend_payload_tables/part_12.o
[359/422] CALLABLE_PART expanded_parts/compile/incremental/resident_source_unit_frontend_payload_tables/part_14.o
[360/422] CALLABLE_PART expanded_parts/compile/incremental/resident_source_unit_frontend_payload_tables/part_13.o
[361/422] CALLABLE_PART expanded_parts/compile/incremental/resident_source_unit_frontend_payload_tables/part_15.o
[362/422] CALLABLE_PART expanded_parts/compile/incremental/resident_source_unit_frontend_payload_tables/part_20.o
[363/422] CALLABLE_PART expanded_parts/compile/incremental/resident_source_unit_frontend_payload_tables/part_18.o
[364/422] CALLABLE_PART expanded_parts/compile/incremental/resident_source_unit_frontend_payload_tables/part_16.o
[365/422] CALLABLE_PART expanded_parts/compile/incremental/resident_source_unit_frontend_payload_tables/part_17.o
[366/422] CALLABLE_PART expanded_parts/profile/gate_profile_helpers/part_0.o
[367/422] CALLABLE_PART expanded_parts/compile/support/production_mt_heartbeat/part_0.o
[368/422] CALLABLE_PART expanded_parts/compile/backend/llvm_text_from_plan/part_0.o
[369/422] CALLABLE_PART expanded_parts/compile/incremental/resident_source_unit_frontend_payload_tables/part_19.o
[370/422] CALLABLE_PART expanded_parts/compile/backend/llvm_text_from_plan/part_1.o
[371/422] CALLABLE_PART expanded_parts/compile/backend/llvm_text_from_plan/part_2.o
[372/422] CALLABLE_PART expanded_parts/compile/backend/llvm_text_from_plan/part_4.o
[373/422] CALLABLE_PART expanded_parts/compile/backend/llvm_text_from_plan/part_3.o
[374/422] CALLABLE_PART expanded_parts/compile/backend/llvm_text_from_plan/part_5.o
[375/422] CALLABLE_PART expanded_parts/compile/backend/llvm_text_from_plan/part_6.o
[376/422] CALLABLE_PART expanded_parts/compile/backend/llvm_text_from_plan/part_7.o
[377/422] CALLABLE_PART expanded_parts/compile/backend/llvm_text_from_plan/part_8.o
[378/422] CALLABLE_PART expanded_parts/compile/backend/llvm_text_from_plan/part_10.o
[379/422] CALLABLE_PART expanded_parts/compile/backend/llvm_text_from_plan/part_11.o
[380/422] CALLABLE_PART expanded_parts/compile/backend/llvm_text_from_plan/part_9.o
[381/422] CALLABLE_PART expanded_parts/compile/backend/llvm_text_from_plan/part_12.o
[382/422] CALLABLE_PART expanded_parts/compile/backend/llvm_text_from_plan/part_13.o
[383/422] CALLABLE_PART expanded_parts/compile/backend/llvm_text_from_plan/part_15.o
[384/422] CALLABLE_PART expanded_parts/compile/backend/llvm_text_from_plan/part_14.o
[385/422] CALLABLE_PART expanded_parts/compile/backend/backend_object_link_cache/part_0.o
[386/422] CALLABLE_PART expanded_parts/compile/backend/backend_object_link_cache/part_3.o
[387/422] CALLABLE_PART expanded_parts/compile/backend/backend_object_link_cache/part_1.o
[388/422] CALLABLE_PART expanded_parts/compile/backend/llvm_text_from_plan/part_16.o
[389/422] CALLABLE_PART expanded_parts/compile/backend/backend_object_link_cache/part_2.o
[390/422] CALLABLE_PART expanded_parts/compile/backend/lowering_plan/part_0.o
[391/422] CALLABLE_PART expanded_parts/compile/backend/lowering_plan/part_1.o
[392/422] CALLABLE_PART expanded_parts/compile/backend/lowering_plan/part_2.o
[393/422] CALLABLE_PART expanded_parts/compile/backend/lowering_plan/part_3.o
[394/422] CALLABLE_PART expanded_parts/compile/capabilities/storage_lifetime_readiness/part_1.o
[395/422] CALLABLE_PART expanded_parts/compile/capabilities/storage_lifetime_readiness/part_0.o
[396/422] CALLABLE_PART expanded_parts/compile/backend/lowering_plan/part_4.o
[397/422] CALLABLE_PART expanded_parts/compile/capabilities/type_capability_readiness/part_0.o
[398/422] CALLABLE_PART expanded_parts/compile/capabilities/storage_lifetime_readiness/part_2.o
[399/422] CALLABLE_PART expanded_parts/compile/capabilities/type_capability_readiness/part_1.o
[400/422] CALLABLE_PART expanded_parts/compile/capabilities/storage_lifetime_readiness/part_3.o
[401/422] CALLABLE_PART expanded_parts/compile/capabilities/type_capability_readiness/part_4.o
[402/422] CALLABLE_PART expanded_parts/compile/capabilities/type_capability_readiness/part_3.o
[403/422] CALLABLE_PART expanded_parts/compile/capabilities/type_capability_readiness/part_2.o
[404/422] CALLABLE_PART expanded_parts/compile/capabilities/type_capability_readiness/part_5.o
[405/422] CALLABLE_PART expanded_parts/compile/capabilities/type_capability_readiness/part_6.o
[406/422] CALLABLE_PART expanded_parts/compile/capabilities/type_capability_readiness/part_7.o
[407/422] CALLABLE_PART expanded_parts/compile/capabilities/type_capability_readiness/part_8.o
[408/422] CALLABLE_PART expanded_parts/compile/capabilities/type_capability_readiness/part_9.o
[409/422] CALLABLE_PART expanded_parts/compile/capabilities/type_capability_readiness/part_10.o
[410/422] CALLABLE_PART expanded_parts/compile/capabilities/type_capability_readiness/part_12.o
[411/422] CALLABLE_PART expanded_parts/compile/capabilities/type_capability_readiness/part_13.o
[412/422] CALLABLE_PART expanded_parts/compile/capabilities/type_capability_readiness/part_11.o
[413/422] CALLABLE_PART expanded_parts/compile/incremental/resident_source_unit_symbol_states/part_0.o
[414/422] CALLABLE_PART expanded_parts/compile/incremental/resident_source_unit_symbol_states/part_2.o
[415/422] CALLABLE_PART expanded_parts/compile/model/project_reference_resolution/part_1.o
[416/422] CALLABLE_PART expanded_parts/compile/model/project_reference_resolution/part_0.o
[417/422] CALLABLE_PART expanded_parts/compile/incremental/resident_source_unit_symbol_states/part_1.o
[418/422] CALLABLE_PART expanded_parts/compile/model/project_reference_resolution/part_2.o
[419/422] CALLABLE_PART expanded_parts/compile/model/project_reference_resolution/part_3.o
[420/422] CALLABLE_PART expanded_parts/compile/model/project_reference_resolution/part_4.o
[421/422] CALLABLE_PART expanded_parts/compile/model/project_reference_resolution/part_5.o
[422/422] LINK main
