Transpiled PHP files: 30, skipped unchanged: 0
Generated Ninja file: .prism/build/build.ninja
Using compiler: clang++-18 -fuse-ld=mold (gnu_like)
Using build mode: debug
Using build grouping policy: incremental (report_only)
Object cache: disabled (default disabled)
Using repo root: /tmp/scpp-json-240-probe
Resolved project dependency graph: 1 project(s)
Runtime compilation: enabled
Dependency compilation: reuse existing artifacts only
ninja: Entering directory `.prism/build'
[1/32] PCH app_pch.hpp.gch
[2/32] CXX scpp_framework/exceptions.o
[3/32] CXX src/04_analyze/type_model/data/context.o
[4/32] CXX src/01_prepare_inputs/load_runtime/data/runtime.o
[5/32] CXX scpp_framework/filesystem.o
[6/32] CXX scpp_framework/collections.o
[7/32] CXX src/04_analyze/type_model/data/lifecycle_roles.o
[8/32] CXX src/04_analyze/type_model/data/callable_modes.o
[9/32] CXX scpp_framework/json_document.o
[10/32] CXX src/04_analyze/type_model/data/lifecycle.o
[11/32] CXX src/04_analyze/type_model/data/callables.o
[12/32] CXX src/04_analyze/type_model/data/definitions.o
[13/32] CXX main.o
[14/32] CXX src/01_prepare_inputs/load_runtime/handlers/package_syntax.o
[15/32] CXX src/04_analyze/resolve_types/data/export_identity.o
[16/32] CXX scpp_framework/strings.o
[17/32] CXX src/04_analyze/type_model/data/native_record_layout.o
[18/32] CXX src/04_analyze/type_model/data/semantic_calls.o
[19/32] CXX src/04_analyze/type_model/data/representations.o
[20/32] CXX src/05_generate_code/prepare_backend/data/configuration.o
[21/32] CXX src/04_analyze/type_model/data/records.o
[22/32] CXX src/05_generate_code/prepare_backend/data/abi.o
[23/32] CXX src/04_analyze/type_model/data/semantic_modes.o
[24/32] CXX src/compile/data/native_project.o
[25/32] CXX probe.o
[26/32] CXX src/04_analyze/type_model/data/lifetime_contract.o
[27/32] CXX src/04_analyze/type_model/data/type_references.o
[28/32] CXX src/04_analyze/type_model/data/resources.o
[29/32] CXX src/04_analyze/type_model/data/storage.o
[30/32] CXX src/05_generate_code/prepare_backend/data/layout.o
[31/32] CXX src/05_generate_code/prepare_backend/data/source_exports.o
[32/32] LINK main
Rebuilt outputs: .prism/build/app_pch.hpp.gch, .prism/build/main, .prism/build/main.o, .prism/build/probe.o, .prism/build/scpp_framework/collections.o, .prism/build/scpp_framework/exceptions.o, .prism/build/scpp_framework/filesystem.o, .prism/build/scpp_framework/json_document.o, .prism/build/scpp_framework/strings.o, .prism/build/src/01_prepare_inputs/load_runtime/data/runtime.o, .prism/build/src/01_prepare_inputs/load_runtime/handlers/package_syntax.o, .prism/build/src/04_analyze/resolve_types/data/export_identity.o, .prism/build/src/04_analyze/type_model/data/callable_modes.o, .prism/build/src/04_analyze/type_model/data/callables.o, .prism/build/src/04_analyze/type_model/data/context.o, .prism/build/src/04_analyze/type_model/data/definitions.o, .prism/build/src/04_analyze/type_model/data/lifecycle.o, .prism/build/src/04_analyze/type_model/data/lifecycle_roles.o, .prism/build/src/04_analyze/type_model/data/lifetime_contract.o, .prism/build/src/04_analyze/type_model/data/native_record_layout.o, .prism/build/src/04_analyze/type_model/data/records.o, .prism/build/src/04_analyze/type_model/data/representations.o, .prism/build/src/04_analyze/type_model/data/resources.o, .prism/build/src/04_analyze/type_model/data/semantic_calls.o, .prism/build/src/04_analyze/type_model/data/semantic_modes.o, .prism/build/src/04_analyze/type_model/data/storage.o, .prism/build/src/04_analyze/type_model/data/type_references.o, .prism/build/src/05_generate_code/prepare_backend/data/abi.o, .prism/build/src/05_generate_code/prepare_backend/data/configuration.o, .prism/build/src/05_generate_code/prepare_backend/data/layout.o, .prism/build/src/05_generate_code/prepare_backend/data/source_exports.o, .prism/build/src/compile/data/native_project.o
Tip: set SCPP_NINJA_VERBOSE=1 to show full Ninja command lines.
Build completed: .prism/build/main
