[1/164] CXX callables/compile/backend/backend_loop_text_emission.o
[2/164] CXX callables/compile/capabilities/capability_consumer_plans.o
[3/164] CXX callables/compile/backend/local_body_lowering.o
[4/164] CXX callables/compile/backend/primitive_abi_adapter_matrix.o
[5/164] CXX callables/compile/backend/scalar_body_statement_collection.o
[6/164] CXX callables/compile/backend/backend_module_composition.o
[7/164] CXX callables/compile/backend/backend_object_link_cache.o
[8/164] CXX callables/compile/backend/backend_emission_decisions.o
[9/164] CXX callables/compile/capabilities/storage_lifetime_readiness.o
[10/164] CXX callables/compile/backend/compiler_entry_backend.o
[11/164] CXX callables/compile/backend/lowering_plan.o
[12/164] CXX callables/compile/capabilities/runtime_helper_contract_readiness.o
[13/164] CXX callables/compile/backend/backend_preflight_requests.o
[14/164] CXX callables/compile/backend/abi_bridge/runtime_abi_bridge.o
[15/164] CXX callables/compile/frontend_adapter/phs/phs_tokenizer.o
[16/164] CXX callables/compile/control_flow/control_flow_graphs.o
[17/164] CXX callables/compile/incremental/partition_merge_reductions.o
[18/164] CXX callables/compile/control_flow/control_flow_transfers.o
[19/164] CXX callables/compile/incremental/partition_readiness.o
[20/164] CXX callables/compile/incremental/resident_body_dependencies.o
[21/164] CXX callables/compile/incremental/resident_change_events.o
[22/164] CXX callables/compile/control_flow/control_flow_dataflows.o
[23/164] CXX callables/compile/incremental/resident_daemon_incremental_proof.o
[24/164] CXX callables/compile/incremental/resident_definition_granularity.o
[25/164] CXX callables/compile/incremental/resident_dependency_edges.o
[26/164] CXX callables/compile/backend/llvm_text_from_plan.o
[27/164] CXX callables/compile/incremental/resident_dirty_propagation.o
[28/164] clang++ -std=c++23 -fPIC -O0 -g1 -pipe -I../../../vendor/runtime/include -I../callables/generated -DSCPP_LANGUAGE_TARGET_PHP=1 -DSCPP_HAS_MYSQLI=0 -DSCPP_HAS_REGEX=0 -DSCPP_HAS_CURL=0 -DSCPP_HAS_TASKS=1 -DSCPP_TASKS_DEFAULT_WORKER_POOL_SIZE=0 -DSCPP_HAS_UI=0 -DSCPP_HAS_WEBVIEW=0 -DSCPP_ENABLE_CALL_DEPTH_GUARD=1 -DSCPP_MAX_CALL_DEPTH=4096 -x c++-header -MD -MF callable-project.pch.d ../callables/generated/__project_units.hpp -o callable-project.pch
[29/164] CXX callables/compile/capabilities/type_capability_readiness.o
[30/164] CXX callables/compile/incremental/resident_frontend_node_lists.o
[31/164] CXX callables/compile/incremental/resident_function_body_local_parse_proofs.o
[32/164] CXX callables/compile/incremental/resident_function_body_incremental_acceptance.o
[33/164] CXX callables/compile/incremental/resident_function_body_logical_frontend_views.o
[34/164] CXX callables/compile/incremental/resident_function_body_ownership.o
[35/164] CXX callables/compile/incremental/resident_function_body_logical_frontend_consumer_descriptors.o
[36/164] CXX callables/compile/incremental/resident_function_body_logical_frontend_reference_candidates.o
[37/164] CXX callables/compile/incremental/resident_function_body_mixed_frontend_assembly_proofs.o
[38/164] CXX callables/compile/incremental/resident_function_body_publish_repoint_preflights.o
[39/164] CXX callables/compile/incremental/resident_function_body_parse_slices.o
[40/164] CXX callables/compile/incremental/resident_function_body_row_list_publish_plans.o
[41/164] CXX callables/compile/incremental/resident_daemon_file_ipc.o
[42/164] CXX callables/compile/incremental/resident_function_body_row_list_publish_results.o
[43/164] CXX callables/compile/incremental/resident_function_body_source_unit_repoint_proofs.o
[44/164] CXX callables/compile/incremental/resident_function_body_summary_project_references.o
[45/164] CXX callables/compile/incremental/resident_function_body_stable_node_remap_proofs.o
[46/164] CXX callables/compile/incremental/resident_project_symbol_name_lookups.o
[47/164] CXX callables/compile/incremental/resident_public_surface_incremental_acceptance.o
[48/164] CXX callables/compile/incremental/resident_reverse_dependencies.o
[49/164] CXX callables/compile/incremental/resident_function_body_work_decisions.o
[50/164] CXX callables/compile/incremental/resident_recompute_targets.o
[51/164] CXX callables/compile/incremental/resident_reverse_dependency_indexes.o
[52/164] CXX callables/compile/incremental/resident_token_lists.o
[53/164] CXX callables/compile/incremental/resident_source_unit_frontend_states.o
[54/164] CXX callables/compile/incremental/resident_source_unit_symbol_states.o
[55/164] CXX callables/compile/incremental/resident_transactions.o
[56/164] CXX callables/compile/incremental/source_unit_frontend_scheduler.o
[57/164] CXX callables/compile/incremental/source_unit_frontend_work_decisions.o
[58/164] CXX callables/compile/incremental/source_unit_early_skip.o
[59/164] CXX callables/compile/model/project_callable_contracts.o
[60/164] CXX callables/compile/model/frontend_body_summaries.o
[61/164] CXX callables/compile/model/project_symbol_identity.o
[62/164] CXX callables/compile/model/project_dependency_graph.o
[63/164] CXX callables/compile/pipeline/compiler_pipeline_runner.o
[64/164] CXX callables/compile/model/reference_identity.o
[65/164] CXX callables/compile/semantic/semantic_body_capability_consumers.o
[66/164] CXX callables/compile/operations/operation_readiness.o
[67/164] CXX callables/compile/support/artifact_writes.o
[68/164] CXX callables/compile/model/project_reference_resolution.o
[69/164] CXX callables/compile/support/compiler_project_env_or_smoke_echo.o
[70/164] CXX callables/compile/pipeline/compiler_project_runner.o
[71/164] CXX callables/compile/support/compiler_project_run_row_artifacts.o
[72/164] CXX callables/structures/artifacts/compiler_profile_event_row.o
[73/164] CXX callables/compile/support/compiler_execution_artifacts.o
[74/164] CXX callables/compile/support/mt_publication_metrics.o
[75/164] CALLABLE_PART callable_parts/main.o
[76/164] CXX callables/compile/support/resident_snapshots.o
[77/164] CXX callables/compile/support/performance_memory_estimates.o
[78/164] CXX callables/compile/support/compiler_export_artifacts.o
[79/164] CXX callables/compile/support/structure_kernel_smoke_runner.o
[80/164] CALLABLE_PART callable_parts/__callable/compiler_profile_events___scpp_static_accepts.o
[81/164] CALLABLE_PART callable_parts/__callable/compiler_profile_events_stage_compiler_project_run_total_id.o
[82/164] CXX callables/structures/pipeline/compiler_project_run_report.o
[83/164] CALLABLE_PART callable_parts/__callable/compiler_profile_events_stage_output_setup_id.o
[84/164] CALLABLE_PART callable_parts/__callable/compiler_profile_events_stage_source_units_id.o
[85/164] CALLABLE_PART callable_parts/__callable/compiler_profile_events_stage_manifest_id.o
[86/164] CALLABLE_PART callable_parts/__callable/compiler_profile_events_stage_analysis_capability_id.o
[87/164] CALLABLE_PART callable_parts/__callable/compiler_profile_events_stage_frontend_symbols_id.o
[88/164] CXX callables/generated/semantic_operator_lookup.o
[89/164] CALLABLE_PART callable_parts/__callable/compiler_profile_events_stage_references_contracts_id.o
[90/164] CXX callables/compile/support/proof_metrics.o
[91/164] CALLABLE_PART callable_parts/__callable/compiler_profile_events_stage_capability_load_probe_id.o
[92/164] CALLABLE_PART callable_parts/__callable/compiler_profile_events_stage_backend_lowering_writes_id.o
[93/164] CALLABLE_PART callable_parts/__callable/compiler_profile_events_stage_backend_target_local_match_id.o
[94/164] CALLABLE_PART callable_parts/__callable/compiler_profile_events_stage_backend_direct_call_setup_id.o
[95/164] CALLABLE_PART callable_parts/__callable/compiler_profile_events_stage_backend_target_local_emission_id.o
[96/164] CALLABLE_PART callable_parts/__callable/compiler_profile_events_stage_backend_entry_call_emission_id.o
[97/164] CALLABLE_PART callable_parts/__callable/compiler_profile_events_stage_artifact_write_id.o
[98/164] CALLABLE_PART callable_parts/__callable/compiler_profile_events_stage_llvm_text_materialization_id.o
[99/164] CALLABLE_PART callable_parts/__callable/compiler_profile_events_stage_frontend_source_units_id.o
[100/164] CALLABLE_PART callable_parts/__callable/compiler_profile_events_stage_tokenizer_id.o
[101/164] CALLABLE_PART callable_parts/__callable/compiler_profile_events_stage_project_symbol_index_id.o
[102/164] CALLABLE_PART callable_parts/__callable/compiler_profile_events_stage_resident_token_snapshots_id.o
[103/164] CALLABLE_PART callable_parts/__callable/compiler_profile_events_stage_resident_frontend_node_snapshots_id.o
[104/164] CALLABLE_PART callable_parts/__callable/compiler_profile_events_stage_parser_frontend_model_id.o
[105/164] CALLABLE_PART callable_parts/__callable/compiler_profile_events_stage_symbol_definition_snapshots_id.o
[106/164] CALLABLE_PART callable_parts/__callable/compiler_profile_events_stage_function_body_ownership_snapshots_id.o
[107/164] CALLABLE_PART callable_parts/__callable/compiler_profile_events_stage_symbol_name_lookups_id.o
[108/164] CALLABLE_PART callable_parts/__callable/compiler_profile_events_stage_frontend_payload_publication_metrics_id.o
[109/164] CALLABLE_PART callable_parts/__callable/compiler_profile_events_status_completed_id.o
[110/164] CALLABLE_PART callable_parts/__callable/compiler_profile_events_stage_symbol_fact_publication_metrics_id.o
[111/164] CALLABLE_PART callable_parts/__callable/compiler_profile_events_stage_symbol_state_publication_id.o
[112/164] CALLABLE_PART callable_parts/__callable/compiler_profile_events_now_us.o
[113/164] CALLABLE_PART callable_parts/__callable/compiler_profile_events_elapsed_us_since.o
[114/164] CALLABLE_PART callable_parts/__callable/compiler_profile_events_append_event.o
[115/164] CALLABLE_PART callable_parts/__callable/compiler_profile_events_append_elapsed.o
[116/164] CALLABLE_PART callable_parts/__callable/compiler_profile_events_status_blocked_id.o
[117/164] CALLABLE_PART callable_parts/__callable/compiler_profile_events_status_name.o
[118/164] CALLABLE_PART callable_parts/__callable/compiler_profile_events_stage_name.o
[119/164] CALLABLE_PART callable_parts/__callable/token_kinds___scpp_static_accepts.o
[120/164] CALLABLE_PART callable_parts/__callable/compiler_profile_events_debug_string.o
[121/164] CALLABLE_PART callable_parts/__callable/token_kinds_unknown.o
[122/164] CALLABLE_PART callable_parts/__callable/token_kinds_identifier.o
[123/164] CALLABLE_PART callable_parts/__callable/token_kinds_eof.o
[124/164] CALLABLE_PART callable_parts/__callable/token_kinds_keyword.o
[125/164] CALLABLE_PART callable_parts/__callable/token_kinds_string_literal.o
[126/164] CALLABLE_PART callable_parts/__callable/token_kinds_comment.o
[127/164] CALLABLE_PART callable_parts/__callable/token_kinds_symbol.o
[128/164] CALLABLE_PART callable_parts/__callable/token_kinds_number.o
[129/164] CALLABLE_PART callable_parts/__callable/token_kinds_name.o
[130/164] CALLABLE_PART callable_parts/__callable/token_kinds_error.o
[131/164] CALLABLE_PART callable_parts/compile/model/source_units/part_1.o
[132/164] CALLABLE_PART callable_parts/compile/model/source_units/part_0.o
[133/164] CALLABLE_PART callable_parts/compile/model/source_units/part_4.o
[134/164] CALLABLE_PART callable_parts/compile/model/project_symbol_index/part_2.o
[135/164] CALLABLE_PART callable_parts/compile/model/source_units/part_2.o
[136/164] CALLABLE_PART callable_parts/compile/model/project_symbol_index/part_3.o
[137/164] CALLABLE_PART callable_parts/compile/model/source_units/part_3.o
[138/164] CALLABLE_PART callable_parts/compile/model/project_symbol_index/part_1.o
[139/164] CALLABLE_PART callable_parts/compile/model/project_symbol_index/part_0.o
[140/164] CALLABLE_PART callable_parts/compile/incremental/resident_source_unit_frontend_payload_tables/part_2.o
[141/164] CALLABLE_PART callable_parts/compile/incremental/resident_source_unit_frontend_payload_tables/part_0.o
[142/164] CALLABLE_PART callable_parts/compile/model/project_symbol_index/part_4.o
[143/164] CALLABLE_PART callable_parts/compile/incremental/resident_source_unit_frontend_payload_tables/part_1.o
[144/164] CALLABLE_PART callable_parts/compile/incremental/resident_source_unit_frontend_payload_tables/part_3.o
[145/164] CALLABLE_PART callable_parts/compile/incremental/resident_source_unit_frontend_payload_tables/part_5.o
[146/164] CALLABLE_PART callable_parts/compile/incremental/resident_source_unit_frontend_payload_tables/part_7.o
[147/164] CALLABLE_PART callable_parts/compile/incremental/resident_source_unit_frontend_payload_tables/part_4.o
[148/164] CALLABLE_PART callable_parts/compile/incremental/resident_source_unit_frontend_payload_tables/part_6.o
[149/164] CALLABLE_PART callable_parts/compile/incremental/resident_source_unit_frontend_payload_tables/part_8.o
[150/164] CALLABLE_PART callable_parts/compile/incremental/resident_source_unit_frontend_payload_tables/part_9.o
[151/164] CALLABLE_PART callable_parts/compile/incremental/resident_source_unit_frontend_payload_tables/part_10.o
[152/164] CALLABLE_PART callable_parts/compile/incremental/resident_source_unit_frontend_payload_tables/part_13.o
[153/164] CALLABLE_PART callable_parts/compile/incremental/resident_source_unit_frontend_payload_tables/part_14.o
[154/164] CALLABLE_PART callable_parts/compile/incremental/resident_source_unit_frontend_payload_tables/part_12.o
[155/164] CALLABLE_PART callable_parts/compile/incremental/resident_source_unit_frontend_payload_tables/part_16.o
[156/164] CALLABLE_PART callable_parts/compile/incremental/resident_source_unit_frontend_payload_tables/part_11.o
[157/164] CALLABLE_PART callable_parts/compile/incremental/resident_source_unit_frontend_payload_tables/part_18.o
[158/164] CALLABLE_PART callable_parts/compile/incremental/resident_source_unit_frontend_payload_tables/part_20.o
[159/164] CALLABLE_PART callable_parts/compile/incremental/resident_source_unit_frontend_payload_tables/part_15.o
[160/164] CALLABLE_PART callable_parts/profile/gate_profile_helpers/part_0.o
[161/164] CALLABLE_PART callable_parts/compile/incremental/resident_source_unit_frontend_payload_tables/part_17.o
[162/164] CALLABLE_PART callable_parts/compile/support/production_mt_heartbeat/part_0.o
[163/164] CALLABLE_PART callable_parts/compile/incremental/resident_source_unit_frontend_payload_tables/part_19.o
[164/164] LINK main
