[1/584] CXX expanded/__callable/llvm_text_from_plan_locations.o
[2/584] CXX expanded/compile/backend/backend_loop_text_emission.o
[3/584] clang++ -std=c++23 -fPIC -O0 -g1 -pipe -I../../../vendor/runtime/include -I../expanded/generated -DSCPP_LANGUAGE_TARGET_PHP=1 -DSCPP_HAS_MYSQLI=0 -DSCPP_HAS_REGEX=0 -DSCPP_HAS_CURL=0 -DSCPP_HAS_TASKS=1 -DSCPP_TASKS_DEFAULT_WORKER_POOL_SIZE=0 -DSCPP_HAS_UI=0 -DSCPP_HAS_WEBVIEW=0 -DSCPP_ENABLE_CALL_DEPTH_GUARD=1 -DSCPP_MAX_CALL_DEPTH=4096 -x c++-header -MD -MF expanded-project.pch.d ../expanded/generated/__project_units.hpp -o expanded-project.pch
[4/584] CALLABLE_PART expanded_parts/__callable/prepare_outputs_group_0.o
[5/584] CALLABLE_PART expanded_parts/__callable/llvm_abi_call_lowering_group_0.o
[6/584] CALLABLE_PART expanded_parts/__callable/analysis_context_identity_group_0.o
[7/584] CALLABLE_PART expanded_parts/__callable/runtime_helper_effects_group_0.o
[8/584] CALLABLE_PART expanded_parts/__callable/runtime_abi_bridge_group_0.o
[9/584] CALLABLE_PART expanded_parts/__callable/runtime_abi_bridge_group_1.o
[10/584] CALLABLE_PART expanded_parts/__callable/analysis_context_group_1.o
[11/584] CALLABLE_PART expanded_parts/main.o
[12/584] CALLABLE_PART expanded_parts/__callable/runtime_abi_bridge_group_2.o
[13/584] CALLABLE_PART expanded_parts/__callable/string_runtime_abi_group_0.o
[14/584] CALLABLE_PART expanded_parts/__callable/analysis_context_group_0.o
[15/584] CALLABLE_PART expanded_parts/__callable/llvm_abi_declarations_group_0.o
[16/584] CALLABLE_PART expanded_parts/__callable/backend_emission_adapter_routes_group_0.o
[17/584] CALLABLE_PART expanded_parts/__callable/string_runtime_abi_group_1.o
[18/584] CALLABLE_PART expanded_parts/__callable/backend_emission_adapter_routes_group_1.o
[19/584] CALLABLE_PART expanded_parts/__callable/backend_emission_decisions_group_1.o
[20/584] CALLABLE_PART expanded_parts/__callable/backend_emission_adapter_routes_group_2.o
[21/584] CALLABLE_PART expanded_parts/__callable/backend_emission_decisions_group_0.o
[22/584] CALLABLE_PART expanded_parts/__callable/backend_emission_decisions_group_2.o
[23/584] CALLABLE_PART expanded_parts/__callable/backend_emission_decisions_group_5.o
[24/584] CALLABLE_PART expanded_parts/__callable/backend_emission_decisions_group_6.o
[25/584] CALLABLE_PART expanded_parts/__callable/backend_loop_text_emission_group_0.o
[26/584] CALLABLE_PART expanded_parts/__callable/backend_emission_decisions_group_3.o
[27/584] CALLABLE_PART expanded_parts/__callable/backend_object_link_cache_group_0.o
[28/584] CALLABLE_PART expanded_parts/__callable/backend_native_execution_adapter_group_1.o
[29/584] CALLABLE_PART expanded_parts/__callable/backend_native_execution_adapter_group_0.o
[30/584] CALLABLE_PART expanded_parts/__callable/backend_emission_decisions_group_4.o
[31/584] CALLABLE_PART expanded_parts/__callable/backend_object_link_cache_group_1.o
[32/584] CALLABLE_PART expanded_parts/__callable/backend_object_link_cache_group_3.o
[33/584] CALLABLE_PART expanded_parts/__callable/backend_object_link_cache_group_6.o
[34/584] CALLABLE_PART expanded_parts/__callable/backend_module_composition_group_0.o
[35/584] CALLABLE_PART expanded_parts/__callable/backend_object_link_cache_group_5.o
[36/584] CALLABLE_PART expanded_parts/__callable/backend_object_link_cache_group_4.o
[37/584] CALLABLE_PART expanded_parts/__callable/backend_object_link_cache_group_2.o
[38/584] CALLABLE_PART expanded_parts/__callable/backend_preflight_requests_group_0.o
[39/584] CALLABLE_PART expanded_parts/__callable/backend_partition_readiness_group_2.o
[40/584] CALLABLE_PART expanded_parts/__callable/backend_partition_readiness_group_1.o
[41/584] CALLABLE_PART expanded_parts/__callable/backend_preflight_requests_group_2.o
[42/584] CALLABLE_PART expanded_parts/__callable/backend_partition_readiness_group_0.o
[43/584] CALLABLE_PART expanded_parts/__callable/backend_preflight_requests_group_3.o
[44/584] CALLABLE_PART expanded_parts/__callable/backend_preflight_requests_group_1.o
[45/584] CALLABLE_PART expanded_parts/__callable/backend_preflight_requests_group_4.o
[46/584] CALLABLE_PART expanded_parts/__callable/backend_preflight_requests_group_6.o
[47/584] CALLABLE_PART expanded_parts/__callable/backend_preflight_requests_group_7.o
[48/584] CALLABLE_PART expanded_parts/__callable/backend_preflight_requests_group_9.o
[49/584] CALLABLE_PART expanded_parts/__callable/backend_preflight_requests_group_10.o
[50/584] CALLABLE_PART expanded_parts/__callable/backend_preflight_requests_group_11.o
[51/584] CALLABLE_PART expanded_parts/__callable/backend_preflight_requests_group_13.o
[52/584] CALLABLE_PART expanded_parts/__callable/backend_preflight_requests_group_5.o
[53/584] CALLABLE_PART expanded_parts/__callable/backend_preflight_requests_group_12.o
[54/584] CALLABLE_PART expanded_parts/__callable/backend_preflight_requests_group_14.o
[55/584] CALLABLE_PART expanded_parts/__callable/backend_preflight_requests_group_8.o
[56/584] CALLABLE_PART expanded_parts/__callable/backend_preflight_requests_group_16.o
[57/584] CALLABLE_PART expanded_parts/__callable/backend_preflight_requests_group_17.o
[58/584] CALLABLE_PART expanded_parts/__callable/backend_preflight_requests_group_15.o
[59/584] CALLABLE_PART expanded_parts/__callable/llvm_api_sink_preflight_group_0.o
[60/584] CALLABLE_PART expanded_parts/__callable/llvm_api_sink_preflight_group_3.o
[61/584] CALLABLE_PART expanded_parts/__callable/compiler_entry_backend_group_2.o
[62/584] CALLABLE_PART expanded_parts/__callable/compiler_entry_backend_group_0.o
[63/584] CALLABLE_PART expanded_parts/__callable/llvm_api_sink_preflight_group_1.o
[64/584] CALLABLE_PART expanded_parts/__callable/compiler_entry_backend_group_1.o
[65/584] CALLABLE_PART expanded_parts/__callable/llvm_api_toolchain_probe_group_0.o
[66/584] CALLABLE_PART expanded_parts/__callable/llvm_api_toolchain_probe_group_1.o
[67/584] CALLABLE_PART expanded_parts/__callable/llvm_api_toolchain_probe_group_2.o
[68/584] CALLABLE_PART expanded_parts/__callable/llvm_api_sink_preflight_group_2.o
[69/584] CALLABLE_PART expanded_parts/__callable/llvm_text_from_plan_group_0.o
[70/584] CALLABLE_PART expanded_parts/__callable/llvm_text_from_plan_group_2.o
[71/584] CALLABLE_PART expanded_parts/__callable/llvm_text_from_plan_group_1.o
[72/584] CALLABLE_PART expanded_parts/__callable/llvm_text_from_plan_group_3.o
[73/584] CALLABLE_PART expanded_parts/__callable/llvm_text_from_plan_group_4.o
[74/584] CALLABLE_PART expanded_parts/__callable/llvm_text_from_plan_group_7.o
[75/584] CALLABLE_PART expanded_parts/__callable/llvm_text_from_plan_group_8.o
[76/584] CALLABLE_PART expanded_parts/__callable/llvm_text_from_plan_group_10.o
[77/584] CALLABLE_PART expanded_parts/__callable/llvm_text_from_plan_group_5.o
[78/584] CALLABLE_PART expanded_parts/__callable/llvm_text_from_plan_group_6.o
[79/584] CALLABLE_PART expanded_parts/__callable/llvm_text_from_plan_group_9.o
[80/584] CALLABLE_PART expanded_parts/__callable/llvm_text_from_plan_group_11.o
[81/584] CALLABLE_PART expanded_parts/__callable/llvm_text_from_plan_group_12.o
[82/584] CALLABLE_PART expanded_parts/__callable/llvm_text_from_plan_group_15.o
[83/584] CALLABLE_PART expanded_parts/__callable/llvm_text_from_plan_group_13.o
[84/584] CALLABLE_PART expanded_parts/__callable/llvm_text_from_plan_group_16.o
[85/584] CALLABLE_PART expanded_parts/__callable/llvm_text_from_plan_group_17.o
[86/584] CALLABLE_PART expanded_parts/__callable/llvm_text_from_plan_group_18.o
[87/584] CALLABLE_PART expanded_parts/__callable/llvm_text_from_plan_group_14.o
[88/584] CALLABLE_PART expanded_parts/__callable/llvm_text_from_plan_group_19.o
[89/584] CALLABLE_PART expanded_parts/__callable/llvm_text_from_plan_group_21.o
[90/584] CALLABLE_PART expanded_parts/__callable/llvm_text_from_plan_group_20.o
[91/584] CALLABLE_PART expanded_parts/__callable/llvm_text_from_plan_group_23.o
[92/584] CALLABLE_PART expanded_parts/__callable/llvm_text_from_plan_group_22.o
[93/584] CALLABLE_PART expanded_parts/__callable/llvm_text_from_plan_group_24.o
[94/584] CALLABLE_PART expanded_parts/__callable/local_body_lowering_group_2.o
[95/584] CALLABLE_PART expanded_parts/__callable/local_body_lowering_group_0.o
[96/584] CALLABLE_PART expanded_parts/__callable/local_body_lowering_routes_group_0.o
[97/584] CALLABLE_PART expanded_parts/__callable/local_body_lowering_group_1.o
[98/584] CALLABLE_PART expanded_parts/__callable/local_body_lowering_routes_group_1.o
[99/584] CALLABLE_PART expanded_parts/__callable/lowering_plan_group_1.o
[100/584] CALLABLE_PART expanded_parts/__callable/lowering_plan_group_0.o
[101/584] CALLABLE_PART expanded_parts/__callable/lowering_plan_group_2.o
[102/584] CALLABLE_PART expanded_parts/__callable/lowering_plan_group_3.o
[103/584] CALLABLE_PART expanded_parts/__callable/lowering_plan_group_4.o
[104/584] CALLABLE_PART expanded_parts/__callable/lowering_plan_group_5.o
[105/584] CALLABLE_PART expanded_parts/__callable/lowering_plan_group_6.o
[106/584] CALLABLE_PART expanded_parts/__callable/primitive_abi_adapter_matrix_group_1.o
[107/584] CALLABLE_PART expanded_parts/__callable/primitive_abi_adapter_matrix_group_0.o
[108/584] CALLABLE_PART expanded_parts/__callable/primitive_abi_adapter_matrix_group_2.o
[109/584] CALLABLE_PART expanded_parts/__callable/lowering_plan_group_7.o
[110/584] CALLABLE_PART expanded_parts/__callable/scalar_body_statement_collection_group_0.o
[111/584] CALLABLE_PART expanded_parts/__callable/primitive_abi_adapter_matrix_group_3.o
[112/584] CALLABLE_PART expanded_parts/__callable/primitive_abi_adapter_matrix_group_4.o
[113/584] CALLABLE_PART expanded_parts/__callable/scalar_body_statement_collection_group_1.o
[114/584] CALLABLE_PART expanded_parts/__callable/scalar_loop_backend_requests_group_0.o
[115/584] CALLABLE_PART expanded_parts/__callable/scalar_body_backend_collection_group_0.o
[116/584] CALLABLE_PART expanded_parts/__callable/capability_consumer_plans_group_0.o
[117/584] CALLABLE_PART expanded_parts/__callable/runtime_helper_contract_readiness_group_0.o
[118/584] CALLABLE_PART expanded_parts/__callable/runtime_helper_contract_readiness_group_2.o
[119/584] CALLABLE_PART expanded_parts/__callable/storage_lifetime_readiness_group_0.o
[120/584] CALLABLE_PART expanded_parts/__callable/runtime_helper_contract_readiness_group_1.o
[121/584] CALLABLE_PART expanded_parts/__callable/storage_lifetime_readiness_group_1.o
[122/584] CALLABLE_PART expanded_parts/__callable/storage_lifetime_readiness_group_2.o
[123/584] CALLABLE_PART expanded_parts/__callable/storage_lifetime_readiness_group_4.o
[124/584] CALLABLE_PART expanded_parts/__callable/storage_lifetime_readiness_group_5.o
[125/584] CALLABLE_PART expanded_parts/__callable/storage_lifetime_readiness_group_3.o
[126/584] CALLABLE_PART expanded_parts/__callable/storage_lifetime_readiness_group_6.o
[127/584] CALLABLE_PART expanded_parts/__callable/storage_lifetime_readiness_group_7.o
[128/584] CALLABLE_PART expanded_parts/__callable/type_capability_readiness_group_0.o
[129/584] CALLABLE_PART expanded_parts/__callable/type_capability_readiness_group_2.o
[130/584] CALLABLE_PART expanded_parts/__callable/type_capability_readiness_group_1.o
[131/584] CALLABLE_PART expanded_parts/__callable/type_capability_readiness_group_3.o
[132/584] CALLABLE_PART expanded_parts/__callable/type_capability_readiness_group_4.o
[133/584] CALLABLE_PART expanded_parts/__callable/type_capability_readiness_group_6.o
[134/584] CALLABLE_PART expanded_parts/__callable/type_capability_readiness_group_8.o
[135/584] CALLABLE_PART expanded_parts/__callable/type_capability_readiness_group_5.o
[136/584] CALLABLE_PART expanded_parts/__callable/type_capability_readiness_group_9.o
[137/584] CALLABLE_PART expanded_parts/__callable/type_capability_readiness_group_10.o
[138/584] CALLABLE_PART expanded_parts/__callable/type_capability_readiness_group_7.o
[139/584] CALLABLE_PART expanded_parts/__callable/type_capability_readiness_group_11.o
[140/584] CALLABLE_PART expanded_parts/__callable/type_capability_readiness_group_12.o
[141/584] CALLABLE_PART expanded_parts/__callable/type_capability_readiness_group_14.o
[142/584] CALLABLE_PART expanded_parts/__callable/type_capability_readiness_group_13.o
[143/584] CALLABLE_PART expanded_parts/__callable/type_capability_readiness_group_15.o
[144/584] CALLABLE_PART expanded_parts/__callable/type_capability_readiness_group_16.o
[145/584] CALLABLE_PART expanded_parts/__callable/type_capability_readiness_group_17.o
[146/584] CALLABLE_PART expanded_parts/__callable/type_capability_readiness_group_18.o
[147/584] CALLABLE_PART expanded_parts/__callable/type_capability_readiness_group_22.o
[148/584] CALLABLE_PART expanded_parts/__callable/type_capability_readiness_group_21.o
[149/584] CALLABLE_PART expanded_parts/__callable/type_traits_group_0.o
[150/584] CALLABLE_PART expanded_parts/__callable/type_capability_readiness_group_20.o
[151/584] CALLABLE_PART expanded_parts/__callable/type_traits_group_1.o
[152/584] CALLABLE_PART expanded_parts/__callable/type_capability_readiness_group_19.o
[153/584] CALLABLE_PART expanded_parts/__callable/type_capability_readiness_group_23.o
[154/584] CALLABLE_PART expanded_parts/__callable/type_traits_group_2.o
[155/584] CALLABLE_PART expanded_parts/__callable/type_traits_group_3.o
[156/584] CALLABLE_PART expanded_parts/__callable/type_traits_group_6.o
[157/584] CALLABLE_PART expanded_parts/__callable/type_traits_group_4.o
[158/584] CALLABLE_PART expanded_parts/__callable/type_traits_group_5.o
[159/584] CALLABLE_PART expanded_parts/__callable/control_flow_dataflows_group_0.o
[160/584] CALLABLE_PART expanded_parts/__callable/control_flow_graphs_group_0.o
[161/584] CALLABLE_PART expanded_parts/__callable/control_flow_dataflows_group_4.o
[162/584] CALLABLE_PART expanded_parts/__callable/control_flow_dataflows_group_2.o
[163/584] CALLABLE_PART expanded_parts/__callable/control_flow_graphs_group_2.o
[164/584] CALLABLE_PART expanded_parts/__callable/control_flow_dataflows_group_1.o
[165/584] CALLABLE_PART expanded_parts/__callable/control_flow_dataflows_group_3.o
[166/584] CALLABLE_PART expanded_parts/__callable/control_flow_graphs_group_1.o
[167/584] CALLABLE_PART expanded_parts/__callable/control_flow_graphs_group_3.o
[168/584] CALLABLE_PART expanded_parts/__callable/control_flow_transfers_group_1.o
[169/584] CALLABLE_PART expanded_parts/__callable/control_flow_transfers_group_0.o
[170/584] CALLABLE_PART expanded_parts/__callable/frontend_model_builder_group_0.o
[171/584] CALLABLE_PART expanded_parts/__callable/frontend_model_builder_group_1.o
[172/584] CALLABLE_PART expanded_parts/__callable/frontend_model_builder_group_2.o
[173/584] CALLABLE_PART expanded_parts/__callable/frontend_model_builder_group_4.o
[174/584] CALLABLE_PART expanded_parts/__callable/frontend_model_builder_group_3.o
[175/584] CALLABLE_PART expanded_parts/__callable/frontend_model_builder_group_6.o
[176/584] CALLABLE_PART expanded_parts/__callable/frontend_model_builder_group_5.o
[177/584] CALLABLE_PART expanded_parts/__callable/frontend_model_builder_group_7.o
[178/584] CALLABLE_PART expanded_parts/__callable/frontend_model_builder_group_8.o
[179/584] CALLABLE_PART expanded_parts/__callable/frontend_model_builder_group_9.o
[180/584] CALLABLE_PART expanded_parts/__callable/frontend_model_builder_group_11.o
[181/584] CALLABLE_PART expanded_parts/__callable/frontend_model_builder_group_13.o
[182/584] CALLABLE_PART expanded_parts/__callable/frontend_model_builder_group_10.o
[183/584] CALLABLE_PART expanded_parts/__callable/frontend_model_builder_group_12.o
[184/584] CALLABLE_PART expanded_parts/__callable/frontend_model_builder_group_15.o
[185/584] CALLABLE_PART expanded_parts/__callable/frontend_model_builder_group_16.o
[186/584] CALLABLE_PART expanded_parts/__callable/frontend_model_builder_group_14.o
[187/584] CALLABLE_PART expanded_parts/__callable/frontend_model_builder_group_18.o
[188/584] CALLABLE_PART expanded_parts/__callable/frontend_model_builder_group_19.o
[189/584] CALLABLE_PART expanded_parts/__callable/frontend_model_builder_group_17.o
[190/584] CALLABLE_PART expanded_parts/__callable/parser_cursor_group_0.o
[191/584] CALLABLE_PART expanded_parts/__callable/parser_state_group_1.o
[192/584] CALLABLE_PART expanded_parts/__callable/parser_diagnostics_group_0.o
[193/584] CALLABLE_PART expanded_parts/__callable/parser_diagnostics_group_1.o
[194/584] CALLABLE_PART expanded_parts/__callable/phs_tokenizer_group_0.o
[195/584] CALLABLE_PART expanded_parts/__callable/token_kinds_group_0.o
[196/584] CALLABLE_PART expanded_parts/__callable/phs_tokenizer_group_1.o
[197/584] CALLABLE_PART expanded_parts/__callable/phs_tokenizer_group_2.o
[198/584] CALLABLE_PART expanded_parts/__callable/parser_state_group_0.o
[199/584] CALLABLE_PART expanded_parts/__callable/deterministic_work_ordering_group_0.o
[200/584] CALLABLE_PART expanded_parts/__callable/deterministic_work_ordering_group_1.o
[201/584] CALLABLE_PART expanded_parts/__callable/mt_stage_evaluation_group_0.o
[202/584] CALLABLE_PART expanded_parts/__callable/mt_stage_evaluation_group_1.o
[203/584] CALLABLE_PART expanded_parts/__callable/mt_stage_evaluation_group_2.o
[204/584] CALLABLE_PART expanded_parts/__callable/partition_merge_reductions_group_0.o
[205/584] CALLABLE_PART expanded_parts/__callable/mt_stage_evaluation_group_3.o
[206/584] CALLABLE_PART expanded_parts/__callable/partition_merge_reductions_group_1.o
[207/584] CALLABLE_PART expanded_parts/__callable/mt_stage_evaluation_group_4.o
[208/584] CALLABLE_PART expanded_parts/__callable/partition_merge_reductions_group_3.o
[209/584] CALLABLE_PART expanded_parts/__callable/partition_readiness_group_1.o
[210/584] CALLABLE_PART expanded_parts/__callable/partition_readiness_group_0.o
[211/584] CALLABLE_PART expanded_parts/__callable/partition_merge_reductions_group_2.o
[212/584] CALLABLE_PART expanded_parts/__callable/partition_readiness_group_2.o
[213/584] CALLABLE_PART expanded_parts/__callable/partition_readiness_group_3.o
[214/584] CALLABLE_PART expanded_parts/__callable/resident_change_events_group_0.o
[215/584] CALLABLE_PART expanded_parts/__callable/partition_readiness_group_4.o
[216/584] CALLABLE_PART expanded_parts/__callable/partition_readiness_group_5.o
[217/584] CALLABLE_PART expanded_parts/__callable/resident_change_events_group_1.o
[218/584] CALLABLE_PART expanded_parts/__callable/resident_daemon_file_ipc_group_1.o
[219/584] CALLABLE_PART expanded_parts/__callable/resident_body_dependencies_group_0.o
[220/584] CALLABLE_PART expanded_parts/__callable/resident_daemon_file_ipc_group_0.o
[221/584] CALLABLE_PART expanded_parts/__callable/resident_daemon_file_ipc_group_2.o
[222/584] CALLABLE_PART expanded_parts/__callable/resident_change_events_group_2.o
[223/584] CALLABLE_PART expanded_parts/__callable/resident_daemon_file_ipc_group_4.o
[224/584] CALLABLE_PART expanded_parts/__callable/resident_daemon_file_ipc_group_3.o
[225/584] CALLABLE_PART expanded_parts/__callable/resident_daemon_file_ipc_group_5.o
[226/584] CALLABLE_PART expanded_parts/__callable/resident_daemon_file_ipc_group_8.o
[227/584] CALLABLE_PART expanded_parts/__callable/resident_daemon_file_ipc_group_6.o
[228/584] CALLABLE_PART expanded_parts/__callable/resident_daemon_file_ipc_group_9.o
[229/584] CALLABLE_PART expanded_parts/__callable/resident_daemon_file_ipc_group_11.o
[230/584] CALLABLE_PART expanded_parts/__callable/resident_daemon_file_ipc_group_10.o
[231/584] CALLABLE_PART expanded_parts/__callable/resident_daemon_file_ipc_group_7.o
[232/584] CALLABLE_PART expanded_parts/__callable/resident_daemon_incremental_proof_group_0.o
[233/584] CALLABLE_PART expanded_parts/__callable/resident_definition_granularity_group_1.o
[234/584] CALLABLE_PART expanded_parts/__callable/resident_definition_granularity_group_0.o
[235/584] CALLABLE_PART expanded_parts/__callable/resident_definition_granularity_group_2.o
[236/584] CALLABLE_PART expanded_parts/__callable/resident_definition_granularity_group_3.o
[237/584] CALLABLE_PART expanded_parts/__callable/resident_definition_granularity_group_4.o
[238/584] CALLABLE_PART expanded_parts/__callable/resident_definition_granularity_group_6.o
[239/584] CALLABLE_PART expanded_parts/__callable/resident_dirty_propagation_group_2.o
[240/584] CALLABLE_PART expanded_parts/__callable/resident_definition_granularity_group_5.o
[241/584] CALLABLE_PART expanded_parts/__callable/resident_dependency_edges_group_0.o
[242/584] CALLABLE_PART expanded_parts/__callable/resident_dirty_propagation_group_0.o
[243/584] CALLABLE_PART expanded_parts/__callable/resident_dirty_propagation_group_1.o
[244/584] CALLABLE_PART expanded_parts/__callable/resident_dirty_propagation_group_4.o
[245/584] CALLABLE_PART expanded_parts/__callable/resident_dirty_propagation_group_3.o
[246/584] CALLABLE_PART expanded_parts/__callable/resident_dirty_propagation_group_5.o
[247/584] CALLABLE_PART expanded_parts/__callable/resident_frontend_node_lists_group_0.o
[248/584] CALLABLE_PART expanded_parts/__callable/resident_dirty_propagation_group_6.o
[249/584] CALLABLE_PART expanded_parts/__callable/resident_frontend_node_lists_group_1.o
[250/584] CALLABLE_PART expanded_parts/__callable/resident_function_body_incremental_acceptance_group_0.o
[251/584] CALLABLE_PART expanded_parts/__callable/resident_function_body_incremental_acceptance_group_3.o
[252/584] CALLABLE_PART expanded_parts/__callable/resident_function_body_incremental_acceptance_group_1.o
[253/584] CALLABLE_PART expanded_parts/__callable/resident_function_body_incremental_acceptance_group_2.o
[254/584] CALLABLE_PART expanded_parts/__callable/resident_function_body_local_parse_proofs_group_0.o
[255/584] CALLABLE_PART expanded_parts/__callable/resident_function_body_local_parse_proofs_group_1.o
[256/584] CALLABLE_PART expanded_parts/__callable/resident_function_body_logical_frontend_consumer_descriptors_group_0.o
[257/584] CALLABLE_PART expanded_parts/__callable/resident_function_body_logical_frontend_consumer_descriptors_group_1.o
[258/584] CALLABLE_PART expanded_parts/__callable/resident_function_body_logical_frontend_consumer_descriptors_group_2.o
[259/584] CALLABLE_PART expanded_parts/__callable/resident_function_body_logical_frontend_reference_candidates_group_0.o
[260/584] CALLABLE_PART expanded_parts/__callable/resident_function_body_logical_frontend_consumer_descriptors_group_3.o
[261/584] CALLABLE_PART expanded_parts/__callable/resident_function_body_logical_frontend_reference_candidates_group_1.o
[262/584] CALLABLE_PART expanded_parts/__callable/resident_function_body_logical_frontend_views_group_0.o
[263/584] CALLABLE_PART expanded_parts/__callable/resident_function_body_mixed_frontend_assembly_proofs_group_2.o
[264/584] CALLABLE_PART expanded_parts/__callable/resident_function_body_mixed_frontend_assembly_proofs_group_0.o
[265/584] CALLABLE_PART expanded_parts/__callable/resident_function_body_logical_frontend_views_group_1.o
[266/584] CALLABLE_PART expanded_parts/__callable/resident_function_body_mixed_frontend_assembly_proofs_group_1.o
[267/584] CALLABLE_PART expanded_parts/__callable/resident_function_body_ownership_group_1.o
[268/584] CALLABLE_PART expanded_parts/__callable/resident_function_body_ownership_group_0.o
[269/584] CALLABLE_PART expanded_parts/__callable/resident_function_body_ownership_group_2.o
[270/584] CALLABLE_PART expanded_parts/__callable/resident_function_body_ownership_group_4.o
[271/584] CALLABLE_PART expanded_parts/__callable/resident_function_body_publish_repoint_preflights_group_0.o
[272/584] CALLABLE_PART expanded_parts/__callable/resident_function_body_ownership_group_3.o
[273/584] CALLABLE_PART expanded_parts/__callable/resident_function_body_parse_slices_group_1.o
[274/584] CALLABLE_PART expanded_parts/__callable/resident_function_body_parse_slices_group_0.o
[275/584] CALLABLE_PART expanded_parts/__callable/resident_function_body_row_list_publish_plans_group_0.o
[276/584] CALLABLE_PART expanded_parts/__callable/resident_function_body_publish_repoint_preflights_group_1.o
[277/584] CALLABLE_PART expanded_parts/__callable/resident_function_body_row_list_publish_plans_group_1.o
[278/584] CALLABLE_PART expanded_parts/__callable/resident_function_body_row_list_publish_plans_group_2.o
[279/584] CALLABLE_PART expanded_parts/__callable/resident_function_body_row_list_publish_results_group_0.o
[280/584] CALLABLE_PART expanded_parts/__callable/resident_function_body_source_unit_repoint_proofs_group_0.o
[281/584] CALLABLE_PART expanded_parts/__callable/resident_function_body_row_list_publish_results_group_2.o
[282/584] CALLABLE_PART expanded_parts/__callable/resident_function_body_row_list_publish_results_group_1.o
[283/584] CALLABLE_PART expanded_parts/__callable/resident_function_body_summary_project_references_group_0.o
[284/584] CALLABLE_PART expanded_parts/__callable/resident_function_body_source_unit_repoint_proofs_group_1.o
[285/584] CALLABLE_PART expanded_parts/__callable/resident_function_body_stable_node_remap_proofs_group_0.o
[286/584] CALLABLE_PART expanded_parts/__callable/resident_function_body_stable_node_remap_proofs_group_1.o
[287/584] CALLABLE_PART expanded_parts/__callable/resident_function_body_work_decisions_group_0.o
[288/584] CALLABLE_PART expanded_parts/__callable/resident_function_body_work_decisions_group_2.o
[289/584] CALLABLE_PART expanded_parts/__callable/resident_function_body_summary_project_references_group_1.o
[290/584] CALLABLE_PART expanded_parts/__callable/resident_function_body_work_decisions_group_1.o
[291/584] CALLABLE_PART expanded_parts/__callable/resident_function_body_work_decisions_group_3.o
[292/584] CALLABLE_PART expanded_parts/__callable/resident_public_surface_incremental_acceptance_group_0.o
[293/584] CALLABLE_PART expanded_parts/__callable/resident_project_symbol_name_lookups_group_0.o
[294/584] CALLABLE_PART expanded_parts/__callable/resident_project_symbol_name_lookups_group_1.o
[295/584] CALLABLE_PART expanded_parts/__callable/resident_public_surface_incremental_acceptance_group_3.o
[296/584] CALLABLE_PART expanded_parts/__callable/resident_recompute_targets_group_0.o
[297/584] CALLABLE_PART expanded_parts/__callable/resident_public_surface_incremental_acceptance_group_1.o
[298/584] CALLABLE_PART expanded_parts/__callable/resident_public_surface_incremental_acceptance_group_2.o
[299/584] CALLABLE_PART expanded_parts/__callable/resident_reverse_dependencies_group_0.o
[300/584] CALLABLE_PART expanded_parts/__callable/resident_recompute_targets_group_2.o
[301/584] CALLABLE_PART expanded_parts/__callable/resident_reverse_dependencies_group_1.o
[302/584] CALLABLE_PART expanded_parts/__callable/resident_recompute_targets_group_1.o
[303/584] CALLABLE_PART expanded_parts/__callable/resident_source_unit_frontend_payload_tables_group_0.o
[304/584] CALLABLE_PART expanded_parts/__callable/resident_source_unit_frontend_payload_tables_group_2.o
[305/584] CALLABLE_PART expanded_parts/__callable/resident_reverse_dependency_indexes_group_0.o
[306/584] CALLABLE_PART expanded_parts/__callable/resident_source_unit_frontend_payload_tables_group_1.o
[307/584] CALLABLE_PART expanded_parts/__callable/resident_reverse_dependency_indexes_group_1.o
[308/584] CALLABLE_PART expanded_parts/__callable/resident_source_unit_frontend_payload_tables_group_3.o
[309/584] CALLABLE_PART expanded_parts/__callable/resident_source_unit_frontend_payload_tables_group_5.o
[310/584] CALLABLE_PART expanded_parts/__callable/resident_source_unit_frontend_payload_tables_group_4.o
[311/584] CALLABLE_PART expanded_parts/__callable/resident_source_unit_frontend_payload_tables_group_7.o
[312/584] CALLABLE_PART expanded_parts/__callable/resident_source_unit_frontend_payload_tables_group_6.o
[313/584] CALLABLE_PART expanded_parts/__callable/resident_source_unit_frontend_payload_tables_group_8.o
[314/584] CALLABLE_PART expanded_parts/__callable/resident_source_unit_frontend_payload_tables_group_9.o
[315/584] CALLABLE_PART expanded_parts/__callable/resident_source_unit_frontend_payload_tables_group_12.o
[316/584] CALLABLE_PART expanded_parts/__callable/resident_source_unit_frontend_payload_tables_group_10.o
[317/584] CALLABLE_PART expanded_parts/__callable/resident_source_unit_frontend_payload_tables_group_11.o
[318/584] CALLABLE_PART expanded_parts/__callable/resident_source_unit_frontend_payload_tables_group_13.o
[319/584] CALLABLE_PART expanded_parts/__callable/resident_source_unit_frontend_payload_tables_group_14.o
[320/584] CALLABLE_PART expanded_parts/__callable/resident_source_unit_frontend_payload_tables_group_15.o
[321/584] CALLABLE_PART expanded_parts/__callable/resident_source_unit_frontend_payload_tables_group_17.o
[322/584] CALLABLE_PART expanded_parts/__callable/resident_source_unit_frontend_payload_tables_group_16.o
[323/584] CALLABLE_PART expanded_parts/__callable/resident_source_unit_frontend_payload_tables_group_18.o
[324/584] CALLABLE_PART expanded_parts/__callable/resident_source_unit_frontend_payload_tables_group_20.o
[325/584] CALLABLE_PART expanded_parts/__callable/resident_source_unit_frontend_payload_tables_group_21.o
[326/584] CALLABLE_PART expanded_parts/__callable/resident_source_unit_frontend_payload_tables_group_19.o
[327/584] CALLABLE_PART expanded_parts/__callable/resident_source_unit_frontend_payload_tables_group_22.o
[328/584] CALLABLE_PART expanded_parts/__callable/resident_source_unit_frontend_payload_tables_group_23.o
[329/584] CALLABLE_PART expanded_parts/__callable/resident_source_unit_frontend_payload_tables_group_24.o
[330/584] CALLABLE_PART expanded_parts/__callable/resident_source_unit_frontend_payload_tables_group_25.o
[331/584] CALLABLE_PART expanded_parts/__callable/resident_source_unit_frontend_payload_tables_group_26.o
[332/584] CALLABLE_PART expanded_parts/__callable/resident_source_unit_frontend_payload_tables_group_27.o
[333/584] CALLABLE_PART expanded_parts/__callable/resident_source_unit_frontend_payload_tables_group_29.o
[334/584] CALLABLE_PART expanded_parts/__callable/resident_source_unit_frontend_payload_tables_group_28.o
[335/584] CALLABLE_PART expanded_parts/__callable/resident_source_unit_frontend_payload_tables_group_31.o
[336/584] CALLABLE_PART expanded_parts/__callable/resident_source_unit_frontend_states_group_1.o
[337/584] CALLABLE_PART expanded_parts/__callable/resident_source_unit_frontend_states_group_2.o
[338/584] CALLABLE_PART expanded_parts/__callable/resident_source_unit_frontend_payload_tables_group_30.o
[339/584] CALLABLE_PART expanded_parts/__callable/resident_source_unit_frontend_states_group_0.o
[340/584] CALLABLE_PART expanded_parts/__callable/resident_source_unit_frontend_states_group_3.o
[341/584] CALLABLE_PART expanded_parts/__callable/resident_source_unit_symbol_states_group_1.o
[342/584] CALLABLE_PART expanded_parts/__callable/resident_source_unit_symbol_states_group_2.o
[343/584] CALLABLE_PART expanded_parts/__callable/resident_source_unit_symbol_states_group_0.o
[344/584] CALLABLE_PART expanded_parts/__callable/resident_source_unit_symbol_states_group_3.o
[345/584] CALLABLE_PART expanded_parts/__callable/resident_token_lists_group_1.o
[346/584] CALLABLE_PART expanded_parts/__callable/resident_source_unit_symbol_states_group_4.o
[347/584] CALLABLE_PART expanded_parts/__callable/resident_token_lists_group_0.o
[348/584] CALLABLE_PART expanded_parts/__callable/resident_transactions_group_0.o
[349/584] CALLABLE_PART expanded_parts/__callable/scheduler_api_group_0.o
[350/584] CALLABLE_PART expanded_parts/__callable/resident_transactions_group_2.o
[351/584] CALLABLE_PART expanded_parts/__callable/resident_transactions_group_1.o
[352/584] CALLABLE_PART expanded_parts/__callable/scheduler_api_group_1.o
[353/584] CALLABLE_PART expanded_parts/__callable/scheduler_api_group_3.o
[354/584] CALLABLE_PART expanded_parts/__callable/scheduler_api_group_4.o
[355/584] CALLABLE_PART expanded_parts/__callable/scheduler_api_group_2.o
[356/584] CALLABLE_PART expanded_parts/__callable/source_unit_early_skip_group_0.o
[357/584] CALLABLE_PART expanded_parts/__callable/source_unit_early_skip_group_1.o
[358/584] CALLABLE_PART expanded_parts/__callable/source_unit_frontend_scheduler_group_0.o
[359/584] CALLABLE_PART expanded_parts/__callable/source_unit_early_skip_group_3.o
[360/584] CALLABLE_PART expanded_parts/__callable/source_unit_early_skip_group_2.o
[361/584] CALLABLE_PART expanded_parts/__callable/source_unit_frontend_scheduler_group_2.o
[362/584] CALLABLE_PART expanded_parts/__callable/source_unit_frontend_scheduler_group_1.o
[363/584] CALLABLE_PART expanded_parts/__callable/source_unit_frontend_scheduler_group_3.o
[364/584] CALLABLE_PART expanded_parts/__callable/source_unit_frontend_work_decisions_group_0.o
[365/584] CALLABLE_PART expanded_parts/__callable/callable_contract_identity_group_0.o
[366/584] CALLABLE_PART expanded_parts/__callable/dependency_graph_identity_group_0.o
[367/584] CALLABLE_PART expanded_parts/__callable/source_unit_frontend_work_decisions_group_1.o
[368/584] CALLABLE_PART expanded_parts/__callable/source_unit_frontend_work_decisions_group_2.o
[369/584] CALLABLE_PART expanded_parts/__callable/frontend_body_summaries_group_0.o
[370/584] CALLABLE_PART expanded_parts/__callable/frontend_body_summaries_group_2.o
[371/584] CALLABLE_PART expanded_parts/__callable/frontend_body_summaries_group_1.o
[372/584] CALLABLE_PART expanded_parts/__callable/frontend_body_summaries_group_3.o
[373/584] CALLABLE_PART expanded_parts/__callable/project_callable_contracts_group_0.o
[374/584] CALLABLE_PART expanded_parts/__callable/frontend_body_summaries_group_4.o
[375/584] CALLABLE_PART expanded_parts/__callable/project_dependency_graph_group_0.o
[376/584] CALLABLE_PART expanded_parts/__callable/project_callable_contracts_group_1.o
[377/584] CALLABLE_PART expanded_parts/__callable/project_callable_contracts_group_3.o
[378/584] CALLABLE_PART expanded_parts/__callable/project_dependency_graph_group_1.o
[379/584] CALLABLE_PART expanded_parts/__callable/project_callable_contracts_group_2.o
[380/584] CALLABLE_PART expanded_parts/__callable/project_dependency_graph_group_2.o
[381/584] CALLABLE_PART expanded_parts/__callable/project_dependency_graph_group_5.o
[382/584] CALLABLE_PART expanded_parts/__callable/project_reference_resolution_group_0.o
[383/584] CALLABLE_PART expanded_parts/__callable/project_dependency_graph_group_3.o
[384/584] CALLABLE_PART expanded_parts/__callable/project_dependency_graph_group_4.o
[385/584] CALLABLE_PART expanded_parts/__callable/project_reference_resolution_group_2.o
[386/584] CALLABLE_PART expanded_parts/__callable/project_reference_resolution_group_5.o
[387/584] CALLABLE_PART expanded_parts/__callable/project_reference_resolution_group_1.o
[388/584] CALLABLE_PART expanded_parts/__callable/project_reference_resolution_group_6.o
[389/584] CALLABLE_PART expanded_parts/__callable/project_reference_resolution_group_3.o
[390/584] CALLABLE_PART expanded_parts/__callable/project_reference_resolution_group_9.o
[391/584] CALLABLE_PART expanded_parts/__callable/project_reference_resolution_group_4.o
[392/584] CALLABLE_PART expanded_parts/__callable/project_reference_resolution_group_7.o
[393/584] CALLABLE_PART expanded_parts/__callable/project_symbol_identity_group_0.o
[394/584] CALLABLE_PART expanded_parts/__callable/project_reference_resolution_group_8.o
[395/584] CALLABLE_PART expanded_parts/__callable/project_symbol_index_group_0.o
[396/584] CALLABLE_PART expanded_parts/__callable/project_symbol_index_group_1.o
[397/584] CALLABLE_PART expanded_parts/__callable/project_symbol_index_group_4.o
[398/584] CALLABLE_PART expanded_parts/__callable/project_symbol_index_group_2.o
[399/584] CALLABLE_PART expanded_parts/__callable/project_symbol_index_group_5.o
[400/584] CALLABLE_PART expanded_parts/__callable/project_symbol_index_group_6.o
[401/584] CALLABLE_PART expanded_parts/__callable/project_symbol_index_group_7.o
[402/584] CALLABLE_PART expanded_parts/__callable/project_symbol_index_group_8.o
[403/584] CALLABLE_PART expanded_parts/__callable/project_symbol_index_group_3.o
[404/584] CALLABLE_PART expanded_parts/__callable/reference_identity_group_0.o
[405/584] CALLABLE_PART expanded_parts/__callable/source_buffers_group_0.o
[406/584] CALLABLE_PART expanded_parts/__callable/source_identity_group_0.o
[407/584] CALLABLE_PART expanded_parts/__callable/source_identity_group_1.o
[408/584] CALLABLE_PART expanded_parts/__callable/source_units_group_0.o
[409/584] CALLABLE_PART expanded_parts/__callable/source_units_group_1.o
[410/584] CALLABLE_PART expanded_parts/__callable/source_units_group_3.o
[411/584] CALLABLE_PART expanded_parts/__callable/source_units_group_2.o
[412/584] CALLABLE_PART expanded_parts/__callable/source_units_group_7.o
[413/584] CALLABLE_PART expanded_parts/__callable/type_ref_identity_group_0.o
[414/584] CALLABLE_PART expanded_parts/__callable/type_refs_group_0.o
[415/584] CALLABLE_PART expanded_parts/__callable/source_units_group_5.o
[416/584] CALLABLE_PART expanded_parts/__callable/source_units_group_8.o
[417/584] CALLABLE_PART expanded_parts/__callable/type_refs_group_1.o
[418/584] CALLABLE_PART expanded_parts/__callable/source_units_group_6.o
[419/584] CALLABLE_PART expanded_parts/__callable/source_units_group_4.o
[420/584] CALLABLE_PART expanded_parts/__callable/type_refs_group_2.o
[421/584] CALLABLE_PART expanded_parts/__callable/type_refs_group_3.o
[422/584] CALLABLE_PART expanded_parts/__callable/type_refs_group_4.o
[423/584] CALLABLE_PART expanded_parts/__callable/type_refs_group_5.o
[424/584] CALLABLE_PART expanded_parts/__callable/operation_readiness_group_0.o
[425/584] CALLABLE_PART expanded_parts/__callable/type_refs_group_8.o
[426/584] CALLABLE_PART expanded_parts/__callable/operation_readiness_group_1.o
[427/584] CALLABLE_PART expanded_parts/__callable/type_refs_group_6.o
[428/584] CALLABLE_PART expanded_parts/__callable/type_refs_group_7.o
[429/584] CALLABLE_PART expanded_parts/__callable/operation_readiness_group_4.o
[430/584] CALLABLE_PART expanded_parts/__callable/operation_readiness_group_3.o
[431/584] CALLABLE_PART expanded_parts/__callable/operation_readiness_group_2.o
[432/584] CALLABLE_PART expanded_parts/__callable/operation_readiness_group_5.o
[433/584] CALLABLE_PART expanded_parts/__callable/operation_readiness_group_6.o
[434/584] CALLABLE_PART expanded_parts/__callable/operation_readiness_group_7.o
[435/584] CALLABLE_PART expanded_parts/__callable/compiler_pipeline_runner_group_0.o
[436/584] CALLABLE_PART expanded_parts/__callable/compiler_project_runner_group_0.o
[437/584] CALLABLE_PART expanded_parts/__callable/operation_readiness_group_8.o
[438/584] CALLABLE_PART expanded_parts/__callable/operation_readiness_group_9.o
[439/584] CALLABLE_PART expanded_parts/__callable/compiler_project_runner_group_2.o
[440/584] CALLABLE_PART expanded_parts/__callable/pipeline_config_helpers_group_1.o
[441/584] CALLABLE_PART expanded_parts/__callable/pipeline_config_helpers_group_0.o
[442/584] CALLABLE_PART expanded_parts/__callable/project_manifest_group_1.o
[443/584] CALLABLE_PART expanded_parts/__callable/project_manifest_group_0.o
[444/584] CALLABLE_PART expanded_parts/__callable/compiler_project_runner_group_1.o
[445/584] CALLABLE_PART expanded_parts/__callable/semantic_body_capability_consumers_group_0.o
[446/584] CALLABLE_PART expanded_parts/__callable/artifact_writes_group_0.o
[447/584] CALLABLE_PART expanded_parts/__callable/artifact_writes_group_2.o
[448/584] CALLABLE_PART expanded_parts/__callable/artifact_writes_group_1.o
[449/584] CALLABLE_PART expanded_parts/__callable/compiler_profile_events_group_0.o
[450/584] CALLABLE_PART expanded_parts/__callable/compiler_execution_artifacts_group_0.o
[451/584] CALLABLE_PART expanded_parts/__callable/compiler_profile_events_group_1.o
[452/584] CALLABLE_PART expanded_parts/__callable/compiler_profile_events_group_2.o
[453/584] CALLABLE_PART expanded_parts/__callable/compiler_export_artifacts_group_0.o
[454/584] CALLABLE_PART expanded_parts/__callable/debug_profile_gate_results_group_0.o
[455/584] CALLABLE_PART expanded_parts/__callable/compiler_project_run_row_artifacts_group_0.o
[456/584] CALLABLE_PART expanded_parts/__callable/debug_profile_gate_results_group_1.o
[457/584] CALLABLE_PART expanded_parts/__callable/mt_publication_metrics_group_0.o
[458/584] CALLABLE_PART expanded_parts/__callable/output_paths_group_0.o
[459/584] CALLABLE_PART expanded_parts/__callable/performance_memory_estimates_group_0.o
[460/584] CALLABLE_PART expanded_parts/__callable/performance_memory_estimates_group_1.o
[461/584] CALLABLE_PART expanded_parts/__callable/performance_memory_estimates_group_2.o
[462/584] CALLABLE_PART expanded_parts/__callable/production_mt_heartbeat_group_0.o
[463/584] CALLABLE_PART expanded_parts/__callable/performance_memory_estimates_group_3.o
[464/584] CALLABLE_PART expanded_parts/__callable/proof_metrics_group_0.o
[465/584] CALLABLE_PART expanded_parts/__callable/production_mt_heartbeat_group_1.o
[466/584] CALLABLE_PART expanded_parts/__callable/proof_metrics_group_1.o
[467/584] CALLABLE_PART expanded_parts/__callable/proof_metrics_group_2.o
[468/584] CALLABLE_PART expanded_parts/__callable/proof_metrics_group_3.o
[469/584] CALLABLE_PART expanded_parts/__callable/proof_metrics_group_4.o
[470/584] CALLABLE_PART expanded_parts/__callable/proof_metrics_group_5.o
[471/584] CALLABLE_PART expanded_parts/__callable/proof_metrics_group_6.o
[472/584] CALLABLE_PART expanded_parts/__callable/proof_metrics_group_7.o
[473/584] CALLABLE_PART expanded_parts/__callable/proof_metrics_group_8.o
[474/584] CALLABLE_PART expanded_parts/__callable/proof_metrics_group_9.o
[475/584] CALLABLE_PART expanded_parts/__callable/proof_metrics_group_10.o
[476/584] CALLABLE_PART expanded_parts/__callable/proof_metrics_group_12.o
[477/584] CALLABLE_PART expanded_parts/__callable/proof_metrics_group_11.o
[478/584] CALLABLE_PART expanded_parts/__callable/proof_metrics_group_13.o
[479/584] CALLABLE_PART expanded_parts/__callable/proof_metrics_group_14.o
[480/584] CALLABLE_PART expanded_parts/__callable/proof_metrics_group_15.o
[481/584] CALLABLE_PART expanded_parts/__callable/proof_metrics_group_16.o
[482/584] CALLABLE_PART expanded_parts/__callable/proof_metrics_group_17.o
[483/584] CALLABLE_PART expanded_parts/__callable/proof_metrics_group_18.o
[484/584] CALLABLE_PART expanded_parts/__callable/proof_metrics_group_19.o
[485/584] CALLABLE_PART expanded_parts/__callable/proof_metrics_group_20.o
[486/584] CALLABLE_PART expanded_parts/__callable/proof_metrics_group_22.o
[487/584] CALLABLE_PART expanded_parts/__callable/proof_metrics_group_21.o
[488/584] CALLABLE_PART expanded_parts/__callable/proof_metrics_group_23.o
[489/584] CALLABLE_PART expanded_parts/__callable/proof_metrics_group_24.o
[490/584] CALLABLE_PART expanded_parts/__callable/proof_metrics_group_25.o
[491/584] CALLABLE_PART expanded_parts/__callable/proof_metrics_group_27.o
[492/584] CALLABLE_PART expanded_parts/__callable/proof_metrics_group_26.o
[493/584] CALLABLE_PART expanded_parts/__callable/proof_metrics_group_28.o
[494/584] CALLABLE_PART expanded_parts/__callable/proof_metrics_group_29.o
[495/584] CALLABLE_PART expanded_parts/__callable/proof_metrics_group_30.o
[496/584] CALLABLE_PART expanded_parts/__callable/proof_metrics_group_31.o
[497/584] CALLABLE_PART expanded_parts/__callable/proof_metrics_group_32.o
[498/584] CALLABLE_PART expanded_parts/__callable/proof_metrics_group_33.o
[499/584] CALLABLE_PART expanded_parts/__callable/proof_metrics_group_34.o
[500/584] CALLABLE_PART expanded_parts/__callable/proof_metrics_group_36.o
[501/584] CALLABLE_PART expanded_parts/__callable/proof_metrics_group_35.o
[502/584] CALLABLE_PART expanded_parts/__callable/proof_metrics_group_37.o
[503/584] CALLABLE_PART expanded_parts/__callable/proof_metrics_group_38.o
[504/584] CALLABLE_PART expanded_parts/__callable/proof_metrics_group_39.o
[505/584] CALLABLE_PART expanded_parts/__callable/proof_metrics_group_40.o
[506/584] CALLABLE_PART expanded_parts/__callable/proof_metrics_group_41.o
[507/584] CALLABLE_PART expanded_parts/__callable/proof_metrics_group_42.o
[508/584] CALLABLE_PART expanded_parts/__callable/proof_metrics_group_43.o
[509/584] CALLABLE_PART expanded_parts/__callable/proof_metrics_group_44.o
[510/584] CALLABLE_PART expanded_parts/__callable/proof_metrics_group_46.o
[511/584] CALLABLE_PART expanded_parts/__callable/proof_metrics_group_45.o
[512/584] CALLABLE_PART expanded_parts/__callable/pure_tdd_stage_artifacts_group_1.o
[513/584] CALLABLE_PART expanded_parts/__callable/resident_snapshots_group_0.o
[514/584] CALLABLE_PART expanded_parts/__callable/source_files_group_0.o
[515/584] CALLABLE_PART expanded_parts/__callable/resident_snapshots_group_1.o
[516/584] CALLABLE_PART expanded_parts/__callable/pure_tdd_stage_artifacts_group_0.o
[517/584] CALLABLE_PART expanded_parts/__callable/gate_result_debug_helpers_group_0.o
[518/584] CALLABLE_PART expanded_parts/__callable/semantic_callable_candidates_group_0.o
[519/584] CALLABLE_PART expanded_parts/__callable/semantic_conversion_lookup_group_0.o
[520/584] CALLABLE_PART expanded_parts/__callable/semantic_callable_candidates_group_1.o
[521/584] CALLABLE_PART expanded_parts/__callable/semantic_conversion_lookup_group_1.o
[522/584] CALLABLE_PART expanded_parts/__callable/semantic_lookup_manifest_generated_group_0.o
[523/584] CALLABLE_PART expanded_parts/__callable/semantic_lookup_manifest_generated_group_1.o
[524/584] CALLABLE_PART expanded_parts/__callable/semantic_conversion_lookup_group_2.o
[525/584] CALLABLE_PART expanded_parts/__callable/semantic_module_api_lookup_group_0.o
[526/584] CALLABLE_PART expanded_parts/__callable/semantic_module_api_lookup_group_1.o
[527/584] CALLABLE_PART expanded_parts/__callable/semantic_module_api_lookup_group_3.o
[528/584] CALLABLE_PART expanded_parts/__callable/semantic_operator_lookup_group_0.o
[529/584] CALLABLE_PART expanded_parts/__callable/semantic_operator_lookup_group_1.o
[530/584] CALLABLE_PART expanded_parts/__callable/semantic_operator_lookup_group_2.o
[531/584] CALLABLE_PART expanded_parts/__callable/semantic_operator_lookup_group_3.o
[532/584] CALLABLE_PART expanded_parts/__callable/semantic_module_api_lookup_group_2.o
[533/584] CALLABLE_PART expanded_parts/__callable/semantic_operator_lookup_group_5.o
[534/584] CALLABLE_PART expanded_parts/__callable/semantic_operator_lookup_group_4.o
[535/584] CALLABLE_PART expanded_parts/__callable/semantic_runtime_abi_bridge_group_0.o
[536/584] CALLABLE_PART expanded_parts/__callable/semantic_runtime_abi_bridge_group_1.o
[537/584] CALLABLE_PART expanded_parts/__callable/semantic_runtime_abi_bridge_group_2.o
[538/584] CALLABLE_PART expanded_parts/__callable/semantic_runtime_abi_bridge_group_3.o
[539/584] CALLABLE_PART expanded_parts/__callable/semantic_runtime_abi_bridge_group_4.o
[540/584] CALLABLE_PART expanded_parts/__callable/semantic_runtime_abi_bridge_group_5.o
[541/584] CALLABLE_PART expanded_parts/__callable/semantic_runtime_abi_declarations_group_0.o
[542/584] CALLABLE_PART expanded_parts/__callable/semantic_type_ref_providers_group_0.o
[543/584] CALLABLE_PART expanded_parts/__callable/semantic_type_ref_providers_group_1.o
[544/584] CALLABLE_PART expanded_parts/__callable/semantic_runtime_abi_declarations_group_1.o
[545/584] CALLABLE_PART expanded_parts/__callable/semantic_runtime_abi_declarations_group_2.o
[546/584] CALLABLE_PART expanded_parts/__callable/gate_result_inspection_helpers_group_0.o
[547/584] CALLABLE_PART expanded_parts/__callable/semantic_type_ref_providers_group_2.o
[548/584] CALLABLE_PART expanded_parts/__callable/semantic_type_ref_providers_group_3.o
[549/584] CALLABLE_PART expanded_parts/__callable/gate_profile_helpers_group_0.o
[550/584] CALLABLE_PART expanded_parts/__callable/backend_request_row_lists_group_0.o
[551/584] CALLABLE_PART expanded_parts/__callable/backend_request_row_lists_group_1.o
[552/584] CALLABLE_PART expanded_parts/__callable/frontend_model_tables_group_0.o
[553/584] CALLABLE_PART expanded_parts/__callable/frontend_model_tables_group_1.o
[554/584] CALLABLE_PART expanded_parts/__callable/frontend_model_tables_group_3.o
[555/584] CALLABLE_PART expanded_parts/__callable/frontend_model_tables_group_4.o
[556/584] CALLABLE_PART expanded_parts/__callable/frontend_model_tables_group_6.o
[557/584] CALLABLE_PART expanded_parts/__callable/frontend_model_tables_group_2.o
[558/584] CALLABLE_PART expanded_parts/__callable/frontend_model_tables_group_5.o
[559/584] CALLABLE_PART expanded_parts/__callable/frontend_model_tables_group_7.o
[560/584] CALLABLE_PART expanded_parts/__callable/frontend_node_lists_group_0.o
[561/584] CALLABLE_PART expanded_parts/__callable/frontend_model_tables_group_8.o
[562/584] CALLABLE_PART expanded_parts/__callable/frontend_node_lists_group_1.o
[563/584] CALLABLE_PART expanded_parts/__callable/frontend_node_lists_group_2.o
[564/584] CALLABLE_PART expanded_parts/__callable/structure_row_ids_group_0.o
[565/584] CALLABLE_PART expanded_parts/__callable/frontend_node_lists_group_3.o
[566/584] CALLABLE_PART expanded_parts/__callable/structure_row_ids_group_1.o
[567/584] CALLABLE_PART expanded_parts/__callable/row_segment_policy_group_0.o
[568/584] CALLABLE_PART expanded_parts/__callable/row_segment_policy_group_1.o
[569/584] CALLABLE_PART expanded_parts/__callable/token_row_lists_group_0.o
[570/584] CALLABLE_PART expanded_parts/__callable/token_row_lists_group_2.o
[571/584] CALLABLE_PART expanded_parts/__callable/token_row_lists_group_1.o
[572/584] CALLABLE_PART expanded_parts/__callable/token_tables_group_0.o
[573/584] CALLABLE_PART expanded_parts/__callable/token_tables_group_1.o
[574/584] CALLABLE_PART expanded_parts/__callable/token_tables_group_3.o
[575/584] CALLABLE_PART expanded_parts/__callable/token_tables_group_2.o
[576/584] CALLABLE_PART expanded_parts/compile/model/source_units/part_0.o
[577/584] CALLABLE_PART expanded_parts/compile/backend/llvm_text_from_plan/part_0.o
[578/584] CALLABLE_PART expanded_parts/compile/incremental/resident_source_unit_frontend_payload_tables/part_0.o
[579/584] CALLABLE_PART expanded_parts/compile/backend/backend_object_link_cache/part_0.o
[580/584] CALLABLE_PART expanded_parts/compile/backend/lowering_plan/part_0.o
[581/584] CALLABLE_PART expanded_parts/compile/capabilities/storage_lifetime_readiness/part_0.o
[582/584] CALLABLE_PART expanded_parts/compile/model/project_reference_resolution/part_0.o
[583/584] CALLABLE_PART expanded_parts/compile/capabilities/type_capability_readiness/part_0.o
[584/584] LINK main
