[1/494] CXX expanded/compile/backend/scalar_loop_backend_requests.o
[2/494] CXX expanded/compile/capabilities/capability_consumer_plans.o
[3/494] CXX expanded/compile/backend/local_body_lowering.o
[4/494] CXX expanded/compile/backend/primitive_abi_adapter_matrix.o
[5/494] CXX expanded/compile/backend/backend_loop_text_emission.o
[6/494] CXX expanded/compile/backend/backend_emission_decisions.o
[7/494] CXX expanded/compile/backend/scalar_body_statement_collection.o
[8/494] CXX expanded/compile/backend/backend_module_composition.o
[9/494] CXX expanded/compile/backend/compiler_entry_backend.o
[10/494] CXX expanded/compile/backend/backend_preflight_requests.o
[11/494] CXX expanded/compile/backend/abi_bridge/runtime_abi_bridge.o
[12/494] CXX expanded/compile/control_flow/control_flow_graphs.o
[13/494] CXX expanded/compile/control_flow/control_flow_transfers.o
[14/494] CXX expanded/compile/control_flow/control_flow_dataflows.o
[15/494] CXX expanded/compile/capabilities/runtime_helper_contract_readiness.o
[16/494] CXX expanded/compile/incremental/partition_merge_reductions.o
[17/494] CXX expanded/compile/frontend_adapter/phs/phs_tokenizer.o
[18/494] CXX expanded/compile/incremental/partition_readiness.o
[19/494] CXX expanded/compile/incremental/resident_body_dependencies.o
[20/494] CXX expanded/compile/incremental/resident_change_events.o
[21/494] CXX expanded/compile/incremental/resident_daemon_incremental_proof.o
[22/494] clang++ -std=c++23 -fPIC -O0 -g1 -pipe -I../../../vendor/runtime/include -I../expanded/generated -DSCPP_LANGUAGE_TARGET_PHP=1 -DSCPP_HAS_MYSQLI=0 -DSCPP_HAS_REGEX=0 -DSCPP_HAS_CURL=0 -DSCPP_HAS_TASKS=1 -DSCPP_TASKS_DEFAULT_WORKER_POOL_SIZE=0 -DSCPP_HAS_UI=0 -DSCPP_HAS_WEBVIEW=0 -DSCPP_ENABLE_CALL_DEPTH_GUARD=1 -DSCPP_MAX_CALL_DEPTH=4096 -x c++-header -MD -MF expanded-project.pch.d ../expanded/generated/__project_units.hpp -o expanded-project.pch
[23/494] CXX expanded/compile/incremental/resident_dependency_edges.o
[24/494] CXX expanded/compile/incremental/resident_definition_granularity.o
[25/494] CXX expanded/compile/incremental/resident_frontend_node_lists.o
[26/494] CXX expanded/compile/incremental/resident_dirty_propagation.o
[27/494] CXX expanded/compile/incremental/resident_function_body_incremental_acceptance.o
[28/494] CXX expanded/compile/incremental/resident_function_body_logical_frontend_views.o
[29/494] CXX expanded/compile/incremental/resident_function_body_local_parse_proofs.o
[30/494] CXX expanded/compile/incremental/resident_function_body_logical_frontend_consumer_descriptors.o
[31/494] CXX expanded/compile/incremental/resident_function_body_logical_frontend_reference_candidates.o
[32/494] CXX expanded/compile/incremental/resident_daemon_file_ipc.o
[33/494] CXX expanded/compile/incremental/resident_function_body_mixed_frontend_assembly_proofs.o
[34/494] CXX expanded/compile/incremental/resident_function_body_parse_slices.o
[35/494] CXX expanded/compile/incremental/resident_function_body_publish_repoint_preflights.o
[36/494] CXX expanded/compile/incremental/resident_function_body_row_list_publish_plans.o
[37/494] CXX expanded/compile/incremental/resident_function_body_row_list_publish_results.o
[38/494] CXX expanded/compile/incremental/resident_function_body_stable_node_remap_proofs.o
[39/494] CXX expanded/compile/incremental/resident_function_body_ownership.o
[40/494] CXX expanded/compile/incremental/resident_function_body_source_unit_repoint_proofs.o
[41/494] CXX expanded/compile/incremental/resident_function_body_summary_project_references.o
[42/494] CXX expanded/compile/incremental/resident_project_symbol_name_lookups.o
[43/494] CXX expanded/compile/incremental/resident_function_body_work_decisions.o
[44/494] CXX expanded/compile/incremental/resident_public_surface_incremental_acceptance.o
[45/494] CXX expanded/compile/incremental/resident_recompute_targets.o
[46/494] CXX expanded/compile/incremental/resident_reverse_dependencies.o
[47/494] CXX expanded/compile/incremental/resident_reverse_dependency_indexes.o
[48/494] CXX expanded/compile/incremental/resident_transactions.o
[49/494] CXX expanded/compile/incremental/resident_token_lists.o
[50/494] CXX expanded/compile/incremental/resident_source_unit_frontend_states.o
[51/494] CXX expanded/compile/incremental/source_unit_frontend_scheduler.o
[52/494] CXX expanded/compile/incremental/source_unit_early_skip.o
[53/494] CXX expanded/compile/incremental/source_unit_frontend_work_decisions.o
[54/494] CXX expanded/compile/model/project_symbol_identity.o
[55/494] CXX expanded/compile/model/source_buffers.o
[56/494] CXX expanded/compile/model/project_callable_contracts.o
[57/494] CXX expanded/compile/model/project_dependency_graph.o
[58/494] CXX expanded/compile/model/frontend_body_summaries.o
[59/494] CXX expanded/compile/model/reference_identity.o
[60/494] CXX expanded/compile/pipeline/compiler_pipeline_runner.o
[61/494] CXX expanded/compile/operations/operation_readiness.o
[62/494] CXX expanded/compile/support/compiler_execution_artifacts.o
[63/494] CXX expanded/compile/semantic/semantic_body_capability_consumers.o
[64/494] CXX expanded/compile/pipeline/compiler_project_runner.o
[65/494] CXX expanded/compile/support/artifact_writes.o
[66/494] CXX expanded/compile/support/compiler_project_run_row_artifacts.o
[67/494] CXX expanded/compile/support/compiler_project_env_or_smoke_echo.o
[68/494] CXX expanded/compile/support/compiler_export_artifacts.o
[69/494] CXX expanded/compile/support/mt_publication_metrics.o
[70/494] CXX expanded/structure_kernel/frontend_model_kernel_counters.o
[71/494] CXX expanded/compile/support/performance_memory_estimates.o
[72/494] CXX expanded/compile/support/pure_tdd_stage_artifacts.o
[73/494] CALLABLE_PART expanded_parts/main.o
[74/494] CXX expanded/structures/frontend/frontend_model.o
[75/494] CXX expanded/compile/support/proof_metrics.o
[76/494] CALLABLE_PART expanded_parts/__callable/compiler_profile_events___scpp_static_accepts.o
[77/494] CXX expanded/compile/support/structure_kernel_smoke_runner.o
[78/494] CXX expanded/structures/project/project_frontend_model.o
[79/494] CXX expanded/compile/support/resident_snapshots.o
[80/494] CALLABLE_PART expanded_parts/__callable/compiler_profile_events_stage_compiler_project_run_total_id.o
[81/494] CXX expanded/generated/semantic_operator_lookup.o
[82/494] CALLABLE_PART expanded_parts/__callable/compiler_profile_events_stage_output_setup_id.o
[83/494] CALLABLE_PART expanded_parts/__callable/compiler_profile_events_stage_manifest_id.o
[84/494] CALLABLE_PART expanded_parts/__callable/compiler_profile_events_stage_frontend_symbols_id.o
[85/494] CALLABLE_PART expanded_parts/__callable/compiler_profile_events_stage_source_units_id.o
[86/494] CALLABLE_PART expanded_parts/__callable/compiler_profile_events_stage_references_contracts_id.o
[87/494] CALLABLE_PART expanded_parts/__callable/compiler_profile_events_stage_backend_lowering_writes_id.o
[88/494] CALLABLE_PART expanded_parts/__callable/compiler_profile_events_stage_capability_load_probe_id.o
[89/494] CALLABLE_PART expanded_parts/__callable/compiler_profile_events_stage_analysis_capability_id.o
[90/494] CALLABLE_PART expanded_parts/__callable/compiler_profile_events_stage_backend_direct_call_setup_id.o
[91/494] CALLABLE_PART expanded_parts/__callable/compiler_profile_events_stage_backend_target_local_emission_id.o
[92/494] CALLABLE_PART expanded_parts/__callable/compiler_profile_events_stage_backend_target_local_match_id.o
[93/494] CALLABLE_PART expanded_parts/__callable/compiler_profile_events_stage_backend_entry_call_emission_id.o
[94/494] CALLABLE_PART expanded_parts/__callable/compiler_profile_events_stage_llvm_text_materialization_id.o
[95/494] CALLABLE_PART expanded_parts/__callable/compiler_profile_events_stage_artifact_write_id.o
[96/494] CALLABLE_PART expanded_parts/__callable/compiler_profile_events_stage_frontend_source_units_id.o
[97/494] CALLABLE_PART expanded_parts/__callable/compiler_profile_events_stage_project_symbol_index_id.o
[98/494] CALLABLE_PART expanded_parts/__callable/compiler_profile_events_stage_tokenizer_id.o
[99/494] CALLABLE_PART expanded_parts/__callable/compiler_profile_events_stage_resident_token_snapshots_id.o
[100/494] CALLABLE_PART expanded_parts/__callable/compiler_profile_events_stage_parser_frontend_model_id.o
[101/494] CALLABLE_PART expanded_parts/__callable/compiler_profile_events_stage_symbol_definition_snapshots_id.o
[102/494] CALLABLE_PART expanded_parts/__callable/compiler_profile_events_stage_resident_frontend_node_snapshots_id.o
[103/494] CALLABLE_PART expanded_parts/__callable/compiler_profile_events_stage_symbol_name_lookups_id.o
[104/494] CALLABLE_PART expanded_parts/__callable/compiler_profile_events_stage_frontend_payload_publication_metrics_id.o
[105/494] CALLABLE_PART expanded_parts/__callable/compiler_profile_events_stage_function_body_ownership_snapshots_id.o
[106/494] CXX expanded/structures/pipeline/compiler_project_run_report.o
[107/494] CALLABLE_PART expanded_parts/__callable/compiler_profile_events_stage_symbol_fact_publication_metrics_id.o
[108/494] CALLABLE_PART expanded_parts/__callable/compiler_profile_events_stage_symbol_state_publication_id.o
[109/494] CALLABLE_PART expanded_parts/__callable/compiler_profile_events_status_blocked_id.o
[110/494] CALLABLE_PART expanded_parts/__callable/compiler_profile_events_status_completed_id.o
[111/494] CALLABLE_PART expanded_parts/__callable/compiler_profile_events_now_us.o
[112/494] CALLABLE_PART expanded_parts/__callable/compiler_profile_events_elapsed_us_since.o
[113/494] CALLABLE_PART expanded_parts/__callable/compiler_profile_events_append_event.o
[114/494] CALLABLE_PART expanded_parts/__callable/compiler_profile_events_append_elapsed.o
[115/494] CALLABLE_PART expanded_parts/__callable/compiler_profile_events_status_name.o
[116/494] CALLABLE_PART expanded_parts/__callable/compiler_profile_events_stage_name.o
[117/494] CALLABLE_PART expanded_parts/__callable/compiler_profile_events_debug_string.o
[118/494] CALLABLE_PART expanded_parts/__callable/token_kinds___scpp_static_accepts.o
[119/494] CALLABLE_PART expanded_parts/__callable/token_kinds_unknown.o
[120/494] CALLABLE_PART expanded_parts/__callable/token_kinds_eof.o
[121/494] CALLABLE_PART expanded_parts/__callable/token_kinds_keyword.o
[122/494] CALLABLE_PART expanded_parts/__callable/token_kinds_identifier.o
[123/494] CALLABLE_PART expanded_parts/__callable/token_kinds_number.o
[124/494] CALLABLE_PART expanded_parts/__callable/token_kinds_string_literal.o
[125/494] CALLABLE_PART expanded_parts/__callable/token_kinds_comment.o
[126/494] CALLABLE_PART expanded_parts/__callable/token_kinds_error.o
[127/494] CALLABLE_PART expanded_parts/__callable/token_kinds_symbol.o
[128/494] CALLABLE_PART expanded_parts/__callable/frontend_model_builder___scpp_static_accepts.o
[129/494] CALLABLE_PART expanded_parts/__callable/frontend_model_builder_declaration_kind_function_id.o
[130/494] CALLABLE_PART expanded_parts/__callable/frontend_model_builder_declaration_kind_namespace_id.o
[131/494] CALLABLE_PART expanded_parts/__callable/frontend_model_builder_declaration_kind_use_function_id.o
[132/494] CALLABLE_PART expanded_parts/__callable/token_kinds_name.o
[133/494] CALLABLE_PART expanded_parts/__callable/frontend_model_builder_declaration_flag_synthetic_script_entry_id.o
[134/494] CALLABLE_PART expanded_parts/__callable/frontend_model_builder_synthetic_script_entry_name.o
[135/494] CALLABLE_PART expanded_parts/__callable/frontend_model_builder_name_role_declaration_id.o
[136/494] CALLABLE_PART expanded_parts/__callable/frontend_model_builder_name_role_type_id.o
[137/494] CALLABLE_PART expanded_parts/__callable/frontend_model_builder_name_role_callee_id.o
[138/494] CALLABLE_PART expanded_parts/__callable/frontend_model_builder_declaration_is_synthetic_script_entry.o
[139/494] CALLABLE_PART expanded_parts/__callable/frontend_model_builder_name_role_namespace_id.o
[140/494] CALLABLE_PART expanded_parts/__callable/frontend_model_builder_name_role_constant_id.o
[141/494] CALLABLE_PART expanded_parts/__callable/frontend_model_builder_name_role_variable_id.o
[142/494] CALLABLE_PART expanded_parts/__callable/frontend_model_builder_statement_flag_append_target_id.o
[143/494] CALLABLE_PART expanded_parts/__callable/frontend_model_builder_statement_flag_const_binding_id.o
[144/494] CALLABLE_PART expanded_parts/__callable/frontend_model_builder_expression_flag_by_reference_parameter_id.o
[145/494] CALLABLE_PART expanded_parts/__callable/frontend_model_builder_literal_kind_integer_id.o
[146/494] CALLABLE_PART expanded_parts/__callable/frontend_model_builder_literal_kind_bool_id.o
[147/494] CALLABLE_PART expanded_parts/__callable/frontend_model_builder_literal_kind_string_id.o
[148/494] CALLABLE_PART expanded_parts/__callable/frontend_model_builder_literal_kind_floating_id.o
[149/494] CALLABLE_PART expanded_parts/__callable/frontend_model_builder_literal_kind_null_id.o
[150/494] CALLABLE_PART expanded_parts/__callable/frontend_model_builder_literal_status_ready_id.o
[151/494] CALLABLE_PART expanded_parts/__callable/frontend_model_builder_operator_minus_id.o
[152/494] CALLABLE_PART expanded_parts/__callable/frontend_model_builder_operator_plus_id.o
[153/494] CALLABLE_PART expanded_parts/__callable/frontend_model_builder_operator_modulo_id.o
[154/494] CALLABLE_PART expanded_parts/__callable/frontend_model_builder_operator_divide_id.o
[155/494] CALLABLE_PART expanded_parts/__callable/frontend_model_builder_operator_multiply_id.o
[156/494] CALLABLE_PART expanded_parts/__callable/frontend_model_builder_operator_unary_minus_id.o
[157/494] CALLABLE_PART expanded_parts/__callable/frontend_model_builder_primitive_int_type_ref_id.o
[158/494] CALLABLE_PART expanded_parts/__callable/frontend_model_builder_primitive_bool_type_ref_id.o
[159/494] CALLABLE_PART expanded_parts/__callable/frontend_model_builder_runtime_string_type_ref_id.o
[160/494] CALLABLE_PART expanded_parts/__callable/frontend_model_builder_numeric_type_ref_accepts_decimal_literal.o
[161/494] CALLABLE_PART expanded_parts/__callable/frontend_model_builder_numeric_type_ref_is_integer_literal_target.o
[162/494] CALLABLE_PART expanded_parts/__callable/frontend_model_builder_integer_positive_limit_for_width.o
[163/494] CALLABLE_PART expanded_parts/__callable/frontend_model_builder_token_end_offset.o
[164/494] CALLABLE_PART expanded_parts/__callable/frontend_model_builder_primitive_type_ref_id_for_name.o
[165/494] CALLABLE_PART expanded_parts/__callable/frontend_model_builder_source_range_from_token.o
[166/494] CALLABLE_PART expanded_parts/__callable/frontend_model_builder_source_type_ref_id_for_name.o
[167/494] CALLABLE_PART expanded_parts/__callable/frontend_model_builder_integer_literal_fits_type_ref.o
[168/494] CALLABLE_PART expanded_parts/__callable/frontend_model_builder_source_range_from_offsets.o
[169/494] CALLABLE_PART expanded_parts/__callable/frontend_model_builder_expect_type_name_token.o
[170/494] CALLABLE_PART expanded_parts/__callable/frontend_model_builder_parse_type_ref_id.o
[171/494] CALLABLE_PART expanded_parts/__callable/frontend_model_builder_append_declaration_name.o
[172/494] CALLABLE_PART expanded_parts/__callable/frontend_model_builder_append_type_name.o
[173/494] CALLABLE_PART expanded_parts/__callable/frontend_model_builder_append_name.o
[174/494] CALLABLE_PART expanded_parts/__callable/frontend_model_builder_append_callee_name.o
[175/494] CALLABLE_PART expanded_parts/__callable/frontend_model_builder_append_variable_name.o
[176/494] CALLABLE_PART expanded_parts/__callable/frontend_model_builder_append_namespace_name.o
[177/494] CALLABLE_PART expanded_parts/__callable/frontend_model_builder_append_constant_name.o
[178/494] CALLABLE_PART expanded_parts/__callable/frontend_model_builder_expression_type_ref_or_unknown.o
[179/494] CALLABLE_PART expanded_parts/__callable/frontend_model_builder_append_variable_expression.o
[180/494] CALLABLE_PART expanded_parts/__callable/frontend_model_builder_append_variable_expression_with_type.o
[181/494] CALLABLE_PART expanded_parts/__callable/frontend_model_builder_append_identifier_expression_with_type.o
[182/494] CALLABLE_PART expanded_parts/__callable/frontend_model_builder_append_identifier_expression_from_token_with_type.o
[183/494] CALLABLE_PART expanded_parts/__callable/frontend_model_builder_append_variable_expression_from_existing_node_with_type.o
[184/494] CALLABLE_PART expanded_parts/__callable/frontend_model_builder_append_null_literal_expression.o
[185/494] CALLABLE_PART expanded_parts/__callable/frontend_model_builder_append_string_literal_expression.o
[186/494] CALLABLE_PART expanded_parts/__callable/frontend_model_builder_append_literal_expression_with_numeric_type.o
[187/494] CALLABLE_PART expanded_parts/__callable/frontend_model_builder_append_unary_minus_local_expression_with_type.o
[188/494] CALLABLE_PART expanded_parts/__callable/frontend_model_builder_consume_blocked_unary_logical_not_expression.o
[189/494] CALLABLE_PART expanded_parts/__callable/frontend_model_builder_append_unary_minus_integer_literal_expression_with_type.o
[190/494] CALLABLE_PART expanded_parts/__callable/frontend_model_builder_consume_blocked_unary_logical_not_operand.o
[191/494] CALLABLE_PART expanded_parts/__callable/frontend_model_builder_at_call_argument_list_after_open_offset.o
[192/494] CALLABLE_PART expanded_parts/__callable/frontend_model_builder_append_call_expression.o
[193/494] CALLABLE_PART expanded_parts/__callable/frontend_model_builder_at_qualified_call_expression.o
[194/494] CALLABLE_PART expanded_parts/__callable/frontend_model_builder_at_call_expression_with_argument_list.o
[195/494] CALLABLE_PART expanded_parts/__callable/frontend_model_builder_at_scalar_expression_start_at_offset.o
[196/494] CALLABLE_PART expanded_parts/__callable/frontend_model_builder_at_function_parameter.o
[197/494] CALLABLE_PART expanded_parts/__callable/frontend_model_builder_mark_expression_node_flag.o
[198/494] CALLABLE_PART expanded_parts/__callable/frontend_model_builder_append_function_parameter_expression.o
[199/494] CALLABLE_PART expanded_parts/__callable/frontend_model_builder_append_generated_binary_expression_from_left_with_type.o
[200/494] CALLABLE_PART expanded_parts/__callable/frontend_model_builder_append_parameter_default_literal_if_present.o
[201/494] CALLABLE_PART expanded_parts/__callable/frontend_model_builder_append_binary_plus_expression_from_left_with_type.o
[202/494] CALLABLE_PART expanded_parts/__callable/frontend_model_builder_append_binary_expression_from_left_with_type.o
[203/494] CALLABLE_PART expanded_parts/__callable/frontend_model_builder_append_binary_minus_expression_from_left_with_type.o
[204/494] CALLABLE_PART expanded_parts/__callable/frontend_model_builder_append_binary_expression_from_nodes_with_type.o
[205/494] CALLABLE_PART expanded_parts/__callable/frontend_model_builder_append_empty_initializer_expression_with_type.o
[206/494] CALLABLE_PART expanded_parts/__callable/frontend_model_builder_binary_operator_row_for_current.o
[207/494] CALLABLE_PART expanded_parts/__callable/frontend_model_builder_append_ternary_expression_from_nodes_with_type.o
[208/494] CALLABLE_PART expanded_parts/__callable/frontend_model_builder_append_index_access_expression_from_nodes_with_type.o
[209/494] CALLABLE_PART expanded_parts/__callable/frontend_model_builder_expression_type_ref_from_node.o
[210/494] CALLABLE_PART expanded_parts/__callable/frontend_model_builder_operator_result_type_ref_for_left.o
[211/494] CALLABLE_PART expanded_parts/__callable/frontend_model_builder_operator_rhs_type_ref_for_left.o
[212/494] CALLABLE_PART expanded_parts/__callable/frontend_model_builder_expect_const_keyword.o
[213/494] CALLABLE_PART expanded_parts/__callable/frontend_model_builder_at_const_keyword.o
[214/494] CALLABLE_PART expanded_parts/__callable/frontend_model_builder_at_local_declaration.o
[215/494] CALLABLE_PART expanded_parts/__callable/frontend_model_builder_node_is_synthetic_script_entry.o
[216/494] CALLABLE_PART expanded_parts/__callable/frontend_model_builder_at_const_declaration_statement.o
[217/494] CALLABLE_PART expanded_parts/__callable/frontend_model_builder_at_bound_identifier_expression.o
[218/494] CALLABLE_PART expanded_parts/__callable/frontend_model_builder_compound_assignment_base_operator_at_offset.o
[219/494] CALLABLE_PART expanded_parts/__callable/frontend_model_builder_at_assignment_statement.o
[220/494] CALLABLE_PART expanded_parts/__callable/frontend_model_builder_at_compound_assignment_operator_after_target.o
[221/494] CALLABLE_PART expanded_parts/__callable/frontend_model_builder_at_double_symbol.o
[222/494] CALLABLE_PART expanded_parts/__callable/frontend_model_builder_prefix_update_variable_offset.o
[223/494] CALLABLE_PART expanded_parts/__callable/frontend_model_builder_at_echo_prefix_update_statement.o
[224/494] CALLABLE_PART expanded_parts/__callable/frontend_model_builder_at_echo_postfix_update_statement.o
[225/494] CALLABLE_PART expanded_parts/__callable/frontend_model_builder_consume_compound_assignment_operator.o
[226/494] CALLABLE_PART expanded_parts/__callable/frontend_model_builder_consume_prefix_update_operator.o
[227/494] CALLABLE_PART expanded_parts/__callable/frontend_model_builder_retag_expression_node_type.o
[228/494] CALLABLE_PART expanded_parts/__callable/frontend_model_builder_parse_scalar_expression.o
[229/494] CALLABLE_PART expanded_parts/__callable/frontend_model_builder_ternary_result_type_ref.o
[230/494] CALLABLE_PART expanded_parts/__callable/frontend_model_builder_parse_scalar_primary_expression.o
[231/494] CALLABLE_PART expanded_parts/__callable/frontend_model_builder_parse_const_declaration_statement.o
[232/494] CALLABLE_PART expanded_parts/__callable/frontend_model_builder_parse_scalar_expression_with_min_precedence.o
[233/494] CALLABLE_PART expanded_parts/__callable/frontend_model_builder_parse_local_declaration_statement.o
[234/494] CALLABLE_PART expanded_parts/__callable/frontend_model_builder_parse_assignment_statement.o
[235/494] CALLABLE_PART expanded_parts/__callable/frontend_model_builder_append_assignment_statement_from_nodes.o
[236/494] CALLABLE_PART expanded_parts/__callable/frontend_model_builder_parse_assignment_statement_with_terminator.o
[237/494] CALLABLE_PART expanded_parts/__callable/frontend_model_builder_consume_optional_echo_trailing_string_argument.o
[238/494] CALLABLE_PART expanded_parts/__callable/frontend_model_builder_parse_echo_argument_expression.o
[239/494] CALLABLE_PART expanded_parts/__callable/frontend_model_builder_parse_echo_argument_list.o
[240/494] CALLABLE_PART expanded_parts/__callable/frontend_model_builder_append_echo_statement_from_value.o
[241/494] CALLABLE_PART expanded_parts/__callable/frontend_model_builder_patch_echo_argument_parent_links.o
[242/494] CALLABLE_PART expanded_parts/__callable/frontend_model_builder_parse_echo_prefix_update_statement_sequence.o
[243/494] CALLABLE_PART expanded_parts/__callable/frontend_model_builder_parse_echo_statement.o
[244/494] CALLABLE_PART expanded_parts/__callable/frontend_model_builder_parse_if_statement.o
[245/494] CALLABLE_PART expanded_parts/__callable/frontend_model_builder_parse_echo_postfix_update_statement_sequence.o
[246/494] CALLABLE_PART expanded_parts/__callable/frontend_model_builder_statement_list_last_node_id.o
[247/494] CALLABLE_PART expanded_parts/__callable/frontend_model_builder_parse_for_statement.o
[248/494] CALLABLE_PART expanded_parts/__callable/frontend_model_builder_parse_return_expression.o
[249/494] CALLABLE_PART expanded_parts/__callable/frontend_model_builder_parse_while_statement.o
[250/494] CALLABLE_PART expanded_parts/__callable/frontend_model_builder_at_call_expression_statement.o
[251/494] CALLABLE_PART expanded_parts/__callable/frontend_model_builder_parse_return_statement.o
[252/494] CALLABLE_PART expanded_parts/__callable/frontend_model_builder_parse_expression_statement.o
[253/494] CALLABLE_PART expanded_parts/__callable/frontend_model_builder_parse_body_statement.o
[254/494] CALLABLE_PART expanded_parts/__callable/frontend_model_builder_parse_control_transfer_statement.o
[255/494] CALLABLE_PART expanded_parts/__callable/frontend_model_builder_parse_statement_list_until_close.o
[256/494] CALLABLE_PART expanded_parts/__callable/frontend_model_builder_append_implicit_return_after_statement_list.o
[257/494] CALLABLE_PART expanded_parts/__callable/frontend_model_builder_append_synthetic_literal_expression.o
[258/494] CALLABLE_PART expanded_parts/__callable/frontend_model_builder_parse_statement_list_until_close_with_implicit_return.o
[259/494] CALLABLE_PART expanded_parts/__callable/frontend_model_builder_append_synthetic_bool_literal_expression.o
[260/494] CALLABLE_PART expanded_parts/__callable/frontend_model_builder_append_synthetic_return_literal_statement.o
[261/494] CALLABLE_PART expanded_parts/__callable/frontend_model_builder_statement_node_is_return.o
[262/494] CALLABLE_PART expanded_parts/__callable/frontend_model_builder_parse_function_body.o
[263/494] CALLABLE_PART expanded_parts/__callable/frontend_model_builder_parse_statement_list_until_eof_with_implicit_return.o
[264/494] CALLABLE_PART expanded_parts/__callable/frontend_model_builder_body_shape_digest_from_body_node.o
[265/494] CALLABLE_PART expanded_parts/__callable/frontend_model_builder_record_function_parameter_local_types.o
[266/494] CALLABLE_PART expanded_parts/__callable/frontend_model_builder_at_namespace_declaration.o
[267/494] CALLABLE_PART expanded_parts/__callable/frontend_model_builder_expect_namespace_keyword.o
[268/494] CALLABLE_PART expanded_parts/__callable/frontend_model_builder_parse_namespace_name_range.o
[269/494] CALLABLE_PART expanded_parts/__callable/frontend_model_builder_at_use_keyword.o
[270/494] CALLABLE_PART expanded_parts/__callable/frontend_model_builder_expect_use_keyword.o
[271/494] CALLABLE_PART expanded_parts/__callable/frontend_model_builder_at_use_function_declaration.o
[272/494] CALLABLE_PART expanded_parts/__callable/frontend_model_builder_expect_function_import_keyword.o
[273/494] CALLABLE_PART expanded_parts/__callable/frontend_model_builder_append_use_function_declaration_node.o
[274/494] CALLABLE_PART expanded_parts/__callable/frontend_model_builder_parse_namespace_declaration.o
[275/494] CALLABLE_PART expanded_parts/__callable/frontend_model_builder_append_namespace_declaration_node.o
[276/494] CALLABLE_PART expanded_parts/__callable/frontend_model_builder_parse_use_function_declaration.o
[277/494] CALLABLE_PART expanded_parts/__callable/frontend_model_builder_parse_function_declaration.o
[278/494] CALLABLE_PART expanded_parts/__callable/frontend_model_builder_append_synthetic_script_entry_declaration_shell.o
[279/494] CALLABLE_PART expanded_parts/__callable/frontend_model_builder_attach_synthetic_script_entry_body.o
[280/494] CALLABLE_PART expanded_parts/__callable/frontend_model_builder_parse_synthetic_script_entry_declaration.o
[281/494] CALLABLE_PART expanded_parts/__callable/frontend_model_builder_parse_synthetic_script_entry_declaration_until_close.o
[282/494] CALLABLE_PART expanded_parts/__callable/frontend_model_builder_capacity_at_least.o
[283/494] CALLABLE_PART expanded_parts/__callable/frontend_model_builder_reserve_model_for_tokens.o
[284/494] CALLABLE_PART expanded_parts/__callable/frontend_model_builder_apply_node_segment_policy.o
[285/494] CALLABLE_PART expanded_parts/__callable/frontend_model_tables___scpp_static_accepts.o
[286/494] CALLABLE_PART expanded_parts/__callable/frontend_model_builder_parse_source_unit.o
[287/494] CALLABLE_PART expanded_parts/__callable/frontend_model_tables_uint16_from_int.o
[288/494] CALLABLE_PART expanded_parts/__callable/frontend_model_builder_parse_source_unit_with_node_segment_policy.o
[289/494] CALLABLE_PART expanded_parts/__callable/frontend_model_tables_none_id.o
[290/494] CALLABLE_PART expanded_parts/__callable/frontend_model_tables_none_kind_id.o
[291/494] CALLABLE_PART expanded_parts/__callable/frontend_model_tables_uint32_from_int.o
[292/494] CALLABLE_PART expanded_parts/__callable/frontend_model_tables_row_family_statement_id.o
[293/494] CALLABLE_PART expanded_parts/__callable/frontend_model_tables_row_family_declaration_id.o
[294/494] CALLABLE_PART expanded_parts/__callable/frontend_model_tables_row_family_expression_id.o
[295/494] CALLABLE_PART expanded_parts/__callable/frontend_model_tables_row_family_type_syntax_id.o
[296/494] CALLABLE_PART expanded_parts/__callable/frontend_model_tables_row_kind_declaration_use_function_id.o
[297/494] CALLABLE_PART expanded_parts/__callable/frontend_model_tables_row_kind_declaration_function_id.o
[298/494] CALLABLE_PART expanded_parts/__callable/frontend_model_tables_row_kind_declaration_namespace_id.o
[299/494] CALLABLE_PART expanded_parts/__callable/frontend_model_tables_row_kind_statement_assignment_id.o
[300/494] CALLABLE_PART expanded_parts/__callable/frontend_model_tables_row_kind_statement_return_id.o
[301/494] CALLABLE_PART expanded_parts/__callable/frontend_model_tables_row_kind_statement_echo_id.o
[302/494] CALLABLE_PART expanded_parts/__callable/frontend_model_tables_row_kind_statement_local_declaration_id.o
[303/494] CALLABLE_PART expanded_parts/__callable/frontend_model_tables_row_kind_statement_expression_id.o
[304/494] CALLABLE_PART expanded_parts/__callable/frontend_model_tables_row_kind_statement_if_id.o
[305/494] CALLABLE_PART expanded_parts/__callable/frontend_model_tables_row_kind_statement_while_id.o
[306/494] CALLABLE_PART expanded_parts/__callable/frontend_model_tables_row_kind_statement_for_id.o
[307/494] CALLABLE_PART expanded_parts/__callable/frontend_model_tables_row_kind_statement_continue_id.o
[308/494] CALLABLE_PART expanded_parts/__callable/frontend_model_tables_row_kind_statement_break_id.o
[309/494] CALLABLE_PART expanded_parts/__callable/frontend_model_tables_row_kind_expression_literal_id.o
[310/494] CALLABLE_PART expanded_parts/__callable/frontend_model_tables_row_kind_expression_call_id.o
[311/494] CALLABLE_PART expanded_parts/__callable/frontend_model_tables_row_kind_expression_ternary_id.o
[312/494] CALLABLE_PART expanded_parts/__callable/frontend_model_tables_row_kind_expression_variable_id.o
[313/494] CALLABLE_PART expanded_parts/__callable/frontend_model_tables_row_kind_expression_binary_id.o
[314/494] CALLABLE_PART expanded_parts/__callable/frontend_model_tables_row_kind_expression_empty_initializer_id.o
[315/494] CALLABLE_PART expanded_parts/__callable/frontend_model_tables_row_kind_expression_index_access_id.o
[316/494] CALLABLE_PART expanded_parts/__callable/frontend_model_tables_row_kind_type_syntax_named_id.o
[317/494] CALLABLE_PART expanded_parts/__callable/frontend_model_tables_payload_kind_statement_id.o
[318/494] CALLABLE_PART expanded_parts/__callable/frontend_model_tables_payload_kind_expression_id.o
[319/494] CALLABLE_PART expanded_parts/__callable/frontend_model_tables_payload_kind_declaration_id.o
[320/494] CALLABLE_PART expanded_parts/__callable/frontend_model_tables_payload_kind_type_syntax_id.o
[321/494] CALLABLE_PART expanded_parts/__callable/frontend_model_tables_payload_kind_literal_id.o
[322/494] CALLABLE_PART expanded_parts/__callable/frontend_model_tables_payload_kind_name_id.o
[323/494] CALLABLE_PART expanded_parts/__callable/frontend_model_tables_append_source_buffer.o
[324/494] CALLABLE_PART expanded_parts/__callable/frontend_model_tables_reserve_model.o
[325/494] CALLABLE_PART expanded_parts/__callable/frontend_model_tables_append_source_range_ext.o
[326/494] CALLABLE_PART expanded_parts/__callable/frontend_model_tables_append_source_range.o
[327/494] CALLABLE_PART expanded_parts/__callable/frontend_model_tables_append_line_start.o
[328/494] CALLABLE_PART expanded_parts/__callable/frontend_model_tables_append_node.o
[329/494] CALLABLE_PART expanded_parts/__callable/frontend_model_tables_ensure_declaration_node_id_slot.o
[330/494] CALLABLE_PART expanded_parts/__callable/frontend_model_tables_append_declaration_payload.o
[331/494] CALLABLE_PART expanded_parts/__callable/frontend_model_tables_clear_declaration_node_id.o
[332/494] CALLABLE_PART expanded_parts/__callable/frontend_model_tables_record_declaration_node_id.o
[333/494] CALLABLE_PART expanded_parts/__callable/frontend_model_tables_declaration_node_id_by_payload_id.o
[334/494] CALLABLE_PART expanded_parts/__callable/frontend_model_tables_append_statement_payload.o
[335/494] CALLABLE_PART expanded_parts/__callable/frontend_model_tables_append_expression_payload.o
[336/494] CALLABLE_PART expanded_parts/__callable/frontend_model_tables_append_literal_payload.o
[337/494] CALLABLE_PART expanded_parts/__callable/frontend_model_tables_append_type_syntax_payload.o
[338/494] CALLABLE_PART expanded_parts/__callable/frontend_model_tables_append_name_payload.o
[339/494] CALLABLE_PART expanded_parts/__callable/frontend_model_tables_has_node_id.o
[340/494] CALLABLE_PART expanded_parts/__callable/frontend_model_tables_node_storage_kind_id.o
[341/494] CALLABLE_PART expanded_parts/__callable/frontend_model_tables_nodes_use_segmented.o
[342/494] CALLABLE_PART expanded_parts/__callable/frontend_model_tables_node_count.o
[343/494] CALLABLE_PART expanded_parts/__callable/frontend_model_tables_node_segment_count.o
[344/494] CALLABLE_PART expanded_parts/__callable/frontend_model_tables_node_segment_slack_bytes.o
[345/494] CALLABLE_PART expanded_parts/__callable/frontend_model_tables_node_retained_old_generation_bytes.o
[346/494] CALLABLE_PART expanded_parts/__callable/frontend_model_tables_node_segment_reserved_bytes.o
[347/494] CALLABLE_PART expanded_parts/__callable/frontend_model_tables_node_list_ref.o
[348/494] CALLABLE_PART expanded_parts/__callable/frontend_model_tables_first_node_span.o
[349/494] CALLABLE_PART expanded_parts/__callable/frontend_model_tables_next_node_span.o
[350/494] CALLABLE_PART expanded_parts/__callable/frontend_model_tables_node_span_is_empty.o
[351/494] CALLABLE_PART expanded_parts/__callable/frontend_model_tables_span_node_at.o
[352/494] CALLABLE_PART expanded_parts/__callable/frontend_model_tables_source_buffer_by_id.o
[353/494] CALLABLE_PART expanded_parts/__callable/frontend_model_tables_node_by_id.o
[354/494] CALLABLE_PART expanded_parts/__callable/frontend_model_tables_declaration_by_id.o
[355/494] CALLABLE_PART expanded_parts/__callable/frontend_model_tables_statement_by_id.o
[356/494] CALLABLE_PART expanded_parts/__callable/frontend_model_tables_expression_by_id.o
[357/494] CALLABLE_PART expanded_parts/__callable/frontend_model_tables_literal_by_id.o
[358/494] CALLABLE_PART expanded_parts/__callable/frontend_model_tables_type_syntax_by_id.o
[359/494] CALLABLE_PART expanded_parts/__callable/frontend_model_tables_name_by_id.o
[360/494] CALLABLE_PART expanded_parts/__callable/frontend_model_tables_source_range_by_id.o
[361/494] CALLABLE_PART expanded_parts/__callable/frontend_model_tables_line_start_by_index.o
[362/494] CALLABLE_PART expanded_parts/__callable/frontend_model_tables_source_range_ext_by_id.o
[363/494] CALLABLE_PART expanded_parts/__callable/frontend_model_tables_update_declaration_payload.o
[364/494] CALLABLE_PART expanded_parts/__callable/frontend_model_tables_update_node.o
[365/494] CALLABLE_PART expanded_parts/__callable/frontend_model_tables_update_statement_payload.o
[366/494] CALLABLE_PART expanded_parts/__callable/frontend_model_tables_patch_node_links.o
[367/494] CALLABLE_PART expanded_parts/__callable/frontend_model_tables_update_expression_payload.o
[368/494] CALLABLE_PART expanded_parts/__callable/frontend_model_tables_source_buffer_equals.o
[369/494] CALLABLE_PART expanded_parts/__callable/frontend_model_tables_node_equals.o
[370/494] CALLABLE_PART expanded_parts/__callable/frontend_model_tables_declaration_equals.o
[371/494] CALLABLE_PART expanded_parts/__callable/frontend_model_tables_statement_equals.o
[372/494] CALLABLE_PART expanded_parts/__callable/frontend_model_tables_type_syntax_equals.o
[373/494] CALLABLE_PART expanded_parts/__callable/frontend_model_tables_expression_equals.o
[374/494] CALLABLE_PART expanded_parts/__callable/frontend_model_tables_literal_equals.o
[375/494] CALLABLE_PART expanded_parts/__callable/frontend_model_tables_name_equals.o
[376/494] CALLABLE_PART expanded_parts/__callable/frontend_model_tables_source_range_ext_equals.o
[377/494] CALLABLE_PART expanded_parts/__callable/frontend_model_tables_source_range_equals.o
[378/494] CALLABLE_PART expanded_parts/__callable/frontend_model_tables_line_start_equals.o
[379/494] CALLABLE_PART expanded_parts/__callable/frontend_model_tables_declaration_debug_string.o
[380/494] CALLABLE_PART expanded_parts/__callable/frontend_model_tables_source_buffer_debug_string.o
[381/494] CALLABLE_PART expanded_parts/__callable/frontend_model_tables_node_debug_string.o
[382/494] CALLABLE_PART expanded_parts/__callable/frontend_model_tables_source_range_ext_debug_string.o
[383/494] CALLABLE_PART expanded_parts/__callable/frontend_model_tables_source_range_debug_string.o
[384/494] CALLABLE_PART expanded_parts/__callable/frontend_model_tables_line_start_debug_string.o
[385/494] CALLABLE_PART expanded_parts/__callable/frontend_model_tables_type_syntax_debug_string.o
[386/494] CALLABLE_PART expanded_parts/__callable/frontend_model_tables_literal_debug_string.o
[387/494] CALLABLE_PART expanded_parts/__callable/frontend_model_tables_statement_debug_string.o
[388/494] CALLABLE_PART expanded_parts/__callable/frontend_model_tables_expression_debug_string.o
[389/494] CALLABLE_PART expanded_parts/__callable/frontend_model_tables_statement_stable_hash.o
[390/494] CALLABLE_PART expanded_parts/__callable/frontend_model_tables_name_debug_string.o
[391/494] CALLABLE_PART expanded_parts/__callable/frontend_model_tables_source_range_ext_stable_hash.o
[392/494] CALLABLE_PART expanded_parts/__callable/frontend_model_tables_source_range_stable_hash.o
[393/494] CALLABLE_PART expanded_parts/__callable/frontend_model_tables_node_stable_hash.o
[394/494] CALLABLE_PART expanded_parts/__callable/frontend_model_tables_line_start_stable_hash.o
[395/494] CALLABLE_PART expanded_parts/__callable/frontend_model_tables_source_buffer_stable_hash.o
[396/494] CALLABLE_PART expanded_parts/__callable/frontend_model_tables_expression_stable_hash.o
[397/494] CALLABLE_PART expanded_parts/__callable/frontend_model_tables_type_syntax_stable_hash.o
[398/494] CALLABLE_PART expanded_parts/__callable/frontend_model_tables_literal_stable_hash.o
[399/494] CXX expanded/__callable/frontend_model_tables_locations.o
[400/494] CALLABLE_PART expanded_parts/__callable/frontend_model_tables_name_stable_hash.o
[401/494] CALLABLE_PART expanded_parts/__callable/frontend_model_tables_declaration_stable_hash.o
[402/494] CALLABLE_PART expanded_parts/__callable/frontend_model_tables_counters_debug_string.o
[403/494] CALLABLE_PART expanded_parts/__callable/frontend_model_tables_decrement_node_family_count.o
[404/494] CALLABLE_PART expanded_parts/__callable/frontend_model_tables_replace_node_family_count.o
[405/494] CALLABLE_PART expanded_parts/__callable/frontend_model_tables_increment_node_family_count.o
[406/494] CALLABLE_PART expanded_parts/compile/model/source_units/part_0.o
[407/494] CALLABLE_PART expanded_parts/__callable/frontend_model_tables_refresh_node_family_counts.o
[408/494] CALLABLE_PART expanded_parts/compile/model/source_units/part_1.o
[409/494] CALLABLE_PART expanded_parts/compile/model/source_units/part_4.o
[410/494] CALLABLE_PART expanded_parts/compile/model/project_symbol_index/part_3.o
[411/494] CALLABLE_PART expanded_parts/compile/model/source_units/part_2.o
[412/494] CALLABLE_PART expanded_parts/compile/model/project_symbol_index/part_2.o
[413/494] CALLABLE_PART expanded_parts/compile/model/project_symbol_index/part_1.o
[414/494] CALLABLE_PART expanded_parts/compile/model/source_units/part_3.o
[415/494] CALLABLE_PART expanded_parts/compile/incremental/resident_source_unit_frontend_payload_tables/part_0.o
[416/494] CALLABLE_PART expanded_parts/compile/model/project_symbol_index/part_4.o
[417/494] CALLABLE_PART expanded_parts/compile/model/project_symbol_index/part_0.o
[418/494] CALLABLE_PART expanded_parts/compile/incremental/resident_source_unit_frontend_payload_tables/part_1.o
[419/494] CALLABLE_PART expanded_parts/compile/incremental/resident_source_unit_frontend_payload_tables/part_2.o
[420/494] CALLABLE_PART expanded_parts/compile/incremental/resident_source_unit_frontend_payload_tables/part_3.o
[421/494] CALLABLE_PART expanded_parts/compile/incremental/resident_source_unit_frontend_payload_tables/part_6.o
[422/494] CALLABLE_PART expanded_parts/compile/incremental/resident_source_unit_frontend_payload_tables/part_8.o
[423/494] CALLABLE_PART expanded_parts/compile/incremental/resident_source_unit_frontend_payload_tables/part_9.o
[424/494] CALLABLE_PART expanded_parts/compile/incremental/resident_source_unit_frontend_payload_tables/part_5.o
[425/494] CALLABLE_PART expanded_parts/compile/incremental/resident_source_unit_frontend_payload_tables/part_10.o
[426/494] CALLABLE_PART expanded_parts/compile/incremental/resident_source_unit_frontend_payload_tables/part_4.o
[427/494] CALLABLE_PART expanded_parts/compile/incremental/resident_source_unit_frontend_payload_tables/part_7.o
[428/494] CALLABLE_PART expanded_parts/compile/incremental/resident_source_unit_frontend_payload_tables/part_13.o
[429/494] CALLABLE_PART expanded_parts/compile/incremental/resident_source_unit_frontend_payload_tables/part_11.o
[430/494] CALLABLE_PART expanded_parts/compile/incremental/resident_source_unit_frontend_payload_tables/part_12.o
[431/494] CALLABLE_PART expanded_parts/compile/incremental/resident_source_unit_frontend_payload_tables/part_14.o
[432/494] CALLABLE_PART expanded_parts/compile/incremental/resident_source_unit_frontend_payload_tables/part_15.o
[433/494] CALLABLE_PART expanded_parts/compile/incremental/resident_source_unit_frontend_payload_tables/part_20.o
[434/494] CALLABLE_PART expanded_parts/compile/support/production_mt_heartbeat/part_0.o
[435/494] CALLABLE_PART expanded_parts/compile/incremental/resident_source_unit_frontend_payload_tables/part_18.o
[436/494] CALLABLE_PART expanded_parts/compile/incremental/resident_source_unit_frontend_payload_tables/part_17.o
[437/494] CALLABLE_PART expanded_parts/compile/incremental/resident_source_unit_frontend_payload_tables/part_16.o
[438/494] CALLABLE_PART expanded_parts/profile/gate_profile_helpers/part_0.o
[439/494] CALLABLE_PART expanded_parts/compile/backend/llvm_text_from_plan/part_0.o
[440/494] CALLABLE_PART expanded_parts/compile/incremental/resident_source_unit_frontend_payload_tables/part_19.o
[441/494] CALLABLE_PART expanded_parts/compile/backend/llvm_text_from_plan/part_1.o
[442/494] CALLABLE_PART expanded_parts/compile/backend/llvm_text_from_plan/part_2.o
[443/494] CALLABLE_PART expanded_parts/compile/backend/llvm_text_from_plan/part_3.o
[444/494] CALLABLE_PART expanded_parts/compile/backend/llvm_text_from_plan/part_4.o
[445/494] CALLABLE_PART expanded_parts/compile/backend/llvm_text_from_plan/part_5.o
[446/494] CALLABLE_PART expanded_parts/compile/backend/llvm_text_from_plan/part_6.o
[447/494] CALLABLE_PART expanded_parts/compile/backend/llvm_text_from_plan/part_7.o
[448/494] CALLABLE_PART expanded_parts/compile/backend/llvm_text_from_plan/part_8.o
[449/494] CALLABLE_PART expanded_parts/compile/backend/llvm_text_from_plan/part_10.o
[450/494] CALLABLE_PART expanded_parts/compile/backend/llvm_text_from_plan/part_9.o
[451/494] CALLABLE_PART expanded_parts/compile/backend/llvm_text_from_plan/part_11.o
[452/494] CALLABLE_PART expanded_parts/compile/backend/llvm_text_from_plan/part_12.o
[453/494] CALLABLE_PART expanded_parts/compile/backend/llvm_text_from_plan/part_13.o
[454/494] CALLABLE_PART expanded_parts/compile/backend/llvm_text_from_plan/part_15.o
[455/494] CALLABLE_PART expanded_parts/compile/backend/llvm_text_from_plan/part_14.o
[456/494] CALLABLE_PART expanded_parts/compile/backend/backend_object_link_cache/part_0.o
[457/494] CALLABLE_PART expanded_parts/compile/backend/backend_object_link_cache/part_3.o
[458/494] CALLABLE_PART expanded_parts/compile/backend/backend_object_link_cache/part_1.o
[459/494] CALLABLE_PART expanded_parts/compile/backend/llvm_text_from_plan/part_16.o
[460/494] CALLABLE_PART expanded_parts/compile/backend/lowering_plan/part_0.o
[461/494] CALLABLE_PART expanded_parts/compile/backend/lowering_plan/part_1.o
[462/494] CALLABLE_PART expanded_parts/compile/backend/backend_object_link_cache/part_2.o
[463/494] CALLABLE_PART expanded_parts/compile/backend/lowering_plan/part_2.o
[464/494] CALLABLE_PART expanded_parts/compile/backend/lowering_plan/part_3.o
[465/494] CALLABLE_PART expanded_parts/compile/capabilities/storage_lifetime_readiness/part_0.o
[466/494] CALLABLE_PART expanded_parts/compile/capabilities/storage_lifetime_readiness/part_1.o
[467/494] CALLABLE_PART expanded_parts/compile/capabilities/type_capability_readiness/part_0.o
[468/494] CALLABLE_PART expanded_parts/compile/capabilities/storage_lifetime_readiness/part_2.o
[469/494] CALLABLE_PART expanded_parts/compile/capabilities/type_capability_readiness/part_1.o
[470/494] CALLABLE_PART expanded_parts/compile/backend/lowering_plan/part_4.o
[471/494] CALLABLE_PART expanded_parts/compile/capabilities/storage_lifetime_readiness/part_3.o
[472/494] CALLABLE_PART expanded_parts/compile/capabilities/type_capability_readiness/part_3.o
[473/494] CALLABLE_PART expanded_parts/compile/capabilities/type_capability_readiness/part_4.o
[474/494] CALLABLE_PART expanded_parts/compile/capabilities/type_capability_readiness/part_2.o
[475/494] CALLABLE_PART expanded_parts/compile/capabilities/type_capability_readiness/part_5.o
[476/494] CALLABLE_PART expanded_parts/compile/capabilities/type_capability_readiness/part_6.o
[477/494] CALLABLE_PART expanded_parts/compile/capabilities/type_capability_readiness/part_7.o
[478/494] CALLABLE_PART expanded_parts/compile/capabilities/type_capability_readiness/part_10.o
[479/494] CALLABLE_PART expanded_parts/compile/capabilities/type_capability_readiness/part_8.o
[480/494] CALLABLE_PART expanded_parts/compile/capabilities/type_capability_readiness/part_13.o
[481/494] CALLABLE_PART expanded_parts/compile/capabilities/type_capability_readiness/part_9.o
[482/494] CALLABLE_PART expanded_parts/compile/capabilities/type_capability_readiness/part_12.o
[483/494] CALLABLE_PART expanded_parts/compile/capabilities/type_capability_readiness/part_11.o
[484/494] CALLABLE_PART expanded_parts/compile/incremental/resident_source_unit_symbol_states/part_0.o
[485/494] CALLABLE_PART expanded_parts/compile/incremental/resident_source_unit_symbol_states/part_2.o
[486/494] CALLABLE_PART expanded_parts/compile/model/project_reference_resolution/part_0.o
[487/494] CALLABLE_PART expanded_parts/compile/incremental/resident_source_unit_symbol_states/part_1.o
[488/494] CXX expanded/__counter/boundary.o
[489/494] CALLABLE_PART expanded_parts/compile/model/project_reference_resolution/part_1.o
[490/494] CALLABLE_PART expanded_parts/compile/model/project_reference_resolution/part_2.o
[491/494] CALLABLE_PART expanded_parts/compile/model/project_reference_resolution/part_3.o
[492/494] CALLABLE_PART expanded_parts/compile/model/project_reference_resolution/part_4.o
[493/494] CALLABLE_PART expanded_parts/compile/model/project_reference_resolution/part_5.o
[494/494] LINK main
