Transpiled PHP files: 82, skipped unchanged: 0
Generated Ninja file: .prism/build/build.ninja
Using compiler: clang++-18 -fuse-ld=mold (gnu_like)
Using build mode: debug
Using build grouping policy: incremental (report_only)
Object cache: disabled (default disabled)
Using repo root: /tmp/scpp-json-240-probe
Resolved project dependency graph: 1 project(s)
Runtime compilation: enabled
Dependency compilation: reuse existing artifacts only
ninja: Entering directory `.prism/build'
[1/84] PCH app_pch.hpp.gch
[2/84] CXX src/01_prepare_inputs/read_sources/data/buffer.o
[3/84] CXX src/03_parse/data/result.o
[4/84] CXX scpp_framework/collections.o
[5/84] CXX scpp_framework/exceptions.o
[6/84] CXX src/01_prepare_inputs/load_runtime/main_load_runtime.o
[7/84] CXX src/02_tokenize/structures.o
[8/84] CXX scpp_framework/filesystem.o
[9/84] CXX src/02_tokenize/store.o
[10/84] CXX src/03_parse/data/expression_state.o
[11/84] CXX src/03_parse/data/nodes.o
[12/84] CXX scpp_framework/strings.o
[13/84] CXX main.o
[14/84] CXX src/02_tokenize/tokenize.o
[15/84] CXX scpp_framework/json_document.o
[16/84] CXX src/03_parse/data/role_views.o
[17/84] CXX probe.o
[18/84] CXX src/01_prepare_inputs/load_runtime/utilities/catalog_syntax.o
[19/84] CXX src/03_parse/handlers/metaprogramming.o
[20/84] CXX src/03_parse/handlers/control_statements.o
[21/84] CXX src/03_parse/handlers/expressions.o
[22/84] CXX src/03_parse/handlers/declarations.o
[23/84] CXX src/03_parse/handlers/statements.o
[24/84] CXX src/03_parse/data/tree.o
[25/84] CXX src/03_parse/utilities/metaprogramming_syntax.o
[26/84] CXX src/03_parse/data/store.o
[27/84] CXX src/03_parse/utilities/binary_syntax.o
[28/84] CXX src/03_parse/utilities/syntax_comparer.o
[29/84] CXX src/03_parse/main_parse.o
[30/84] CXX src/03_parse/select_tasks.o
[31/84] CXX src/03_parse/utilities/struct_member_cursor.o
[32/84] CXX src/04_analyze/check_templates/data/structures.o
[33/84] CXX src/03_parse/utilities/syntax_access.o
[34/84] CXX src/03_parse/join.o
[35/84] CXX src/03_parse/parse_file.o
[36/84] CXX src/04_analyze/collect_symbols/collect.o
[37/84] CXX src/04_analyze/check_templates/data/terms.o
[38/84] CXX src/04_analyze/collect_symbols/data/provider_declaration.o
[39/84] CXX src/04_analyze/collect_symbols/data/result.o
[40/84] CXX src/04_analyze/check_templates/data/result.o
[41/84] CXX src/04_analyze/collect_symbols/data/structures.o
[42/84] CXX src/04_analyze/resolve_symbols/data/declarations.o
[43/84] CXX src/04_analyze/resolve_symbols/handlers/declarations.o
[44/84] CXX src/04_analyze/collect_symbols/data/store.o
[45/84] CXX src/04_analyze/collect_symbols/main_collect_symbols.o
[46/84] CXX src/04_analyze/resolve_symbols/data/structures.o
[47/84] CXX src/04_analyze/resolve_symbols/handlers/names.o
[48/84] CXX src/04_analyze/resolve_symbols/handlers/expressions.o
[49/84] CXX src/04_analyze/resolve_symbols/data/traversal.o
[50/84] CXX src/04_analyze/resolve_symbols/data/store.o
[51/84] CXX src/04_analyze/resolve_symbols/data/result.o
[52/84] CXX src/04_analyze/resolve_symbols/handlers/statements.o
[53/84] CXX src/04_analyze/resolve_symbols/main_resolve_symbols.o
[54/84] CXX src/04_analyze/resolve_symbols/join.o
[55/84] CXX src/04_analyze/resolve_symbols/body.o
[56/84] CXX src/04_analyze/resolve_symbols/utilities/function_lookup.o
[57/84] CXX src/04_analyze/resolve_symbols/utilities/resolution_validity.o
[58/84] CXX src/04_analyze/resolve_symbols/select_tasks.o
[59/84] CXX src/04_analyze/resolve_types/data/entry_contract.o
[60/84] CXX src/04_analyze/resolve_symbols/utilities/declaration_lookup.o
[61/84] CXX src/04_analyze/resolve_types/data/entry_selection.o
[62/84] CXX src/04_analyze/type_model/data/callable_modes.o
[63/84] CXX src/04_analyze/resolve_types/main_prepare_entry.o
[64/84] CXX src/04_analyze/type_model/data/context.o
[65/84] CXX src/04_analyze/resolve_symbols/utilities/binding_coverage.o
[66/84] CXX src/04_analyze/type_model/data/definitions.o
[67/84] CXX src/04_analyze/type_model/data/callables.o
[68/84] CXX src/04_analyze/type_model/data/families.o
[69/84] CXX src/04_analyze/type_model/data/generic.o
[70/84] CXX src/04_analyze/type_model/data/catalog.o
[71/84] CXX src/04_analyze/type_model/data/lifecycle_roles.o
[72/84] CXX src/04_analyze/type_model/data/semantic_modes.o
[73/84] CXX src/04_analyze/type_model/data/lifetime_contract.o
[74/84] CXX src/04_analyze/type_model/data/lifetime_policy_codec.o
[75/84] CXX src/04_analyze/type_model/data/lifecycle.o
[76/84] CXX src/04_analyze/type_model/data/records.o
[77/84] CXX src/04_analyze/type_model/data/semantic_calls.o
[78/84] CXX src/04_analyze/type_model/data/native_record_layout.o
[79/84] CXX src/04_analyze/type_model/data/representations.o
[80/84] CXX src/04_analyze/type_model/data/resources.o
[81/84] CXX src/04_analyze/type_model/data/type_references.o
[82/84] CXX src/04_analyze/type_model/data/source_families.o
[83/84] CXX src/04_analyze/type_model/data/storage.o
[84/84] LINK main
Rebuilt outputs: .prism/build/app_pch.hpp.gch, .prism/build/main, .prism/build/main.o, .prism/build/probe.o, .prism/build/scpp_framework/collections.o, .prism/build/scpp_framework/exceptions.o, .prism/build/scpp_framework/filesystem.o, .prism/build/scpp_framework/json_document.o, .prism/build/scpp_framework/strings.o, .prism/build/src/01_prepare_inputs/load_runtime/main_load_runtime.o, .prism/build/src/01_prepare_inputs/load_runtime/utilities/catalog_syntax.o, .prism/build/src/01_prepare_inputs/read_sources/data/buffer.o, .prism/build/src/02_tokenize/store.o, .prism/build/src/02_tokenize/structures.o, .prism/build/src/02_tokenize/tokenize.o, .prism/build/src/03_parse/data/expression_state.o, .prism/build/src/03_parse/data/nodes.o, .prism/build/src/03_parse/data/result.o, .prism/build/src/03_parse/data/role_views.o, .prism/build/src/03_parse/data/store.o, .prism/build/src/03_parse/data/tree.o, .prism/build/src/03_parse/handlers/control_statements.o, .prism/build/src/03_parse/handlers/declarations.o, .prism/build/src/03_parse/handlers/expressions.o, .prism/build/src/03_parse/handlers/metaprogramming.o, .prism/build/src/03_parse/handlers/statements.o, .prism/build/src/03_parse/join.o, .prism/build/src/03_parse/main_parse.o, .prism/build/src/03_parse/parse_file.o, .prism/build/src/03_parse/select_tasks.o, .prism/build/src/03_parse/utilities/binary_syntax.o, .prism/build/src/03_parse/utilities/metaprogramming_syntax.o, .prism/build/src/03_parse/utilities/struct_member_cursor.o, .prism/build/src/03_parse/utilities/syntax_access.o, .prism/build/src/03_parse/utilities/syntax_comparer.o, .prism/build/src/04_analyze/check_templates/data/result.o, .prism/build/src/04_analyze/check_templates/data/structures.o, .prism/build/src/04_analyze/check_templates/data/terms.o, .prism/build/src/04_analyze/collect_symbols/collect.o, .prism/build/src/04_analyze/collect_symbols/data/provider_declaration.o, .prism/build/src/04_analyze/collect_symbols/data/result.o, .prism/build/src/04_analyze/collect_symbols/data/store.o, .prism/build/src/04_analyze/collect_symbols/data/structures.o, .prism/build/src/04_analyze/collect_symbols/main_collect_symbols.o, .prism/build/src/04_analyze/resolve_symbols/body.o, .prism/build/src/04_analyze/resolve_symbols/data/declarations.o, .prism/build/src/04_analyze/resolve_symbols/data/result.o, .prism/build/src/04_analyze/resolve_symbols/data/store.o, .prism/build/src/04_analyze/resolve_symbols/data/structures.o, .prism/build/src/04_analyze/resolve_symbols/data/traversal.o, .prism/build/src/04_analyze/resolve_symbols/handlers/declarations.o, .prism/build/src/04_analyze/resolve_symbols/handlers/expressions.o, .prism/build/src/04_analyze/resolve_symbols/handlers/names.o, .prism/build/src/04_analyze/resolve_symbols/handlers/statements.o, .prism/build/src/04_analyze/resolve_symbols/join.o, .prism/build/src/04_analyze/resolve_symbols/main_resolve_symbols.o, .prism/build/src/04_analyze/resolve_symbols/select_tasks.o, .prism/build/src/04_analyze/resolve_symbols/utilities/binding_coverage.o, .prism/build/src/04_analyze/resolve_symbols/utilities/declaration_lookup.o, .prism/build/src/04_analyze/resolve_symbols/utilities/function_lookup.o, .prism/build/src/04_analyze/resolve_symbols/utilities/resolution_validity.o, .prism/build/src/04_analyze/resolve_types/data/entry_contract.o, .prism/build/src/04_analyze/resolve_types/data/entry_selection.o, .prism/build/src/04_analyze/resolve_types/main_prepare_entry.o, .prism/build/src/04_analyze/type_model/data/callable_modes.o, .prism/build/src/04_analyze/type_model/data/callables.o, .prism/build/src/04_analyze/type_model/data/catalog.o, .prism/build/src/04_analyze/type_model/data/context.o, .prism/build/src/04_analyze/type_model/data/definitions.o, .prism/build/src/04_analyze/type_model/data/families.o, .prism/build/src/04_analyze/type_model/data/generic.o, .prism/build/src/04_analyze/type_model/data/lifecycle.o, .prism/build/src/04_analyze/type_model/data/lifecycle_roles.o, .prism/build/src/04_analyze/type_model/data/lifetime_contract.o, .prism/build/src/04_analyze/type_model/data/lifetime_policy_codec.o, .prism/build/src/04_analyze/type_model/data/native_record_layout.o, .prism/build/src/04_analyze/type_model/data/records.o, .prism/build/src/04_analyze/type_model/data/representations.o, .prism/build/src/04_analyze/type_model/data/resources.o, .prism/build/src/04_analyze/type_model/data/semantic_calls.o, .prism/build/src/04_analyze/type_model/data/semantic_modes.o, .prism/build/src/04_analyze/type_model/data/source_families.o, .prism/build/src/04_analyze/type_model/data/storage.o, .prism/build/src/04_analyze/type_model/data/type_references.o
Tip: set SCPP_NINJA_VERBOSE=1 to show full Ninja command lines.
Build completed: .prism/build/main
