[1/98] CXX layout/compile/frontend_adapter/phs/frontend_model_builder.o
[2/98] CXX layout/compile/incremental/resident_function_body_local_parse_proofs.o
[3/98] CXX layout/compile/backend/scalar_body_statement_collection.o
[4/98] CXX layout/compile/model/frontend_body_summaries.o
[5/98] CXX layout/compile/control_flow/control_flow_dataflows.o
[6/98] CXX layout/compile/incremental/resident_source_unit_symbol_states.o
[7/98] CXX layout/compile/capabilities/storage_lifetime_readiness.o
[8/98] CXX layout/compile/capabilities/runtime_helper_contract_readiness.o
[9/98] CXX layout/compile/backend/abi_bridge/runtime_abi_bridge.o
[10/98] CXX layout/compile/incremental/resident_daemon_file_ipc.o
[11/98] CXX layout/compile/model/project_callable_contracts.o
[12/98] CXX layout/compile/pipeline/compiler_project_runner.o
[13/98] CXX layout/compile/model/project_reference_resolution.o
[14/98] CXX layout/compile/backend/llvm_text_from_plan.o
[15/98] clang++ -std=c++23 -fPIC -O0 -g1 -pipe -I../../../vendor/runtime/include -I../layout/generated -DSCPP_LANGUAGE_TARGET_PHP=1 -DSCPP_HAS_MYSQLI=0 -DSCPP_HAS_REGEX=0 -DSCPP_HAS_CURL=0 -DSCPP_HAS_TASKS=1 -DSCPP_TASKS_DEFAULT_WORKER_POOL_SIZE=0 -DSCPP_HAS_UI=0 -DSCPP_HAS_WEBVIEW=0 -DSCPP_ENABLE_CALL_DEPTH_GUARD=1 -DSCPP_MAX_CALL_DEPTH=4096 -x c++-header -MD -MF layout-project.pch.d ../layout/generated/__project_units.hpp -o layout-project.pch
[16/98] CALLABLE_PART layout_parts/__callable/compiler_profile_events___scpp_static_accepts.o
[17/98] CALLABLE_PART layout_parts/__callable/compiler_profile_events_stage_source_units_id.o
[18/98] CALLABLE_PART layout_parts/__callable/compiler_profile_events_stage_frontend_symbols_id.o
[19/98] CALLABLE_PART layout_parts/__callable/compiler_profile_events_stage_output_setup_id.o
[20/98] CALLABLE_PART layout_parts/__callable/compiler_profile_events_stage_capability_load_probe_id.o
[21/98] CALLABLE_PART layout_parts/__callable/compiler_profile_events_stage_backend_direct_call_setup_id.o
[22/98] CALLABLE_PART layout_parts/__callable/compiler_profile_events_stage_manifest_id.o
[23/98] CALLABLE_PART layout_parts/__callable/compiler_profile_events_stage_compiler_project_run_total_id.o
[24/98] CALLABLE_PART layout_parts/__callable/compiler_profile_events_stage_backend_lowering_writes_id.o
[25/98] CALLABLE_PART layout_parts/__callable/compiler_profile_events_stage_analysis_capability_id.o
[26/98] CALLABLE_PART layout_parts/__callable/compiler_profile_events_stage_references_contracts_id.o
[27/98] CALLABLE_PART layout_parts/main.o
[28/98] CALLABLE_PART layout_parts/__callable/compiler_profile_events_stage_backend_target_local_match_id.o
[29/98] CALLABLE_PART layout_parts/__callable/compiler_profile_events_stage_backend_target_local_emission_id.o
[30/98] CALLABLE_PART layout_parts/__callable/compiler_profile_events_stage_frontend_source_units_id.o
[31/98] CALLABLE_PART layout_parts/__callable/compiler_profile_events_stage_artifact_write_id.o
[32/98] CALLABLE_PART layout_parts/__callable/compiler_profile_events_stage_tokenizer_id.o
[33/98] CALLABLE_PART layout_parts/__callable/compiler_profile_events_stage_llvm_text_materialization_id.o
[34/98] CALLABLE_PART layout_parts/__callable/compiler_profile_events_stage_backend_entry_call_emission_id.o
[35/98] CALLABLE_PART layout_parts/__callable/compiler_profile_events_stage_resident_frontend_node_snapshots_id.o
[36/98] CALLABLE_PART layout_parts/__callable/compiler_profile_events_stage_parser_frontend_model_id.o
[37/98] CALLABLE_PART layout_parts/__callable/compiler_profile_events_stage_resident_token_snapshots_id.o
[38/98] CALLABLE_PART layout_parts/__callable/compiler_profile_events_stage_project_symbol_index_id.o
[39/98] CALLABLE_PART layout_parts/__callable/compiler_profile_events_stage_symbol_definition_snapshots_id.o
[40/98] CALLABLE_PART layout_parts/__callable/compiler_profile_events_stage_function_body_ownership_snapshots_id.o
[41/98] CALLABLE_PART layout_parts/__callable/compiler_profile_events_status_completed_id.o
[42/98] CALLABLE_PART layout_parts/__callable/compiler_profile_events_stage_frontend_payload_publication_metrics_id.o
[43/98] CALLABLE_PART layout_parts/__callable/compiler_profile_events_stage_symbol_name_lookups_id.o
[44/98] CALLABLE_PART layout_parts/__callable/compiler_profile_events_stage_symbol_state_publication_id.o
[45/98] CALLABLE_PART layout_parts/__callable/compiler_profile_events_stage_symbol_fact_publication_metrics_id.o
[46/98] CALLABLE_PART layout_parts/__callable/compiler_profile_events_now_us.o
[47/98] CALLABLE_PART layout_parts/__callable/compiler_profile_events_elapsed_us_since.o
[48/98] CALLABLE_PART layout_parts/__callable/compiler_profile_events_status_blocked_id.o
[49/98] CALLABLE_PART layout_parts/__callable/compiler_profile_events_append_elapsed.o
[50/98] CALLABLE_PART layout_parts/__callable/compiler_profile_events_stage_name.o
[51/98] CALLABLE_PART layout_parts/__callable/compiler_profile_events_append_event.o
[52/98] CALLABLE_PART layout_parts/__callable/compiler_profile_events_debug_string.o
[53/98] CALLABLE_PART layout_parts/__callable/compiler_profile_events_status_name.o
[54/98] CALLABLE_PART layout_parts/__callable/token_kinds___scpp_static_accepts.o
[55/98] CALLABLE_PART layout_parts/__callable/token_kinds_unknown.o
[56/98] CALLABLE_PART layout_parts/__callable/token_kinds_eof.o
[57/98] CALLABLE_PART layout_parts/__callable/token_kinds_identifier.o
[58/98] CALLABLE_PART layout_parts/__callable/token_kinds_number.o
[59/98] CALLABLE_PART layout_parts/__callable/token_kinds_keyword.o
[60/98] CALLABLE_PART layout_parts/__callable/token_kinds_comment.o
[61/98] CALLABLE_PART layout_parts/__callable/token_kinds_string_literal.o
[62/98] CALLABLE_PART layout_parts/__callable/token_kinds_symbol.o
[63/98] CALLABLE_PART layout_parts/__callable/token_kinds_error.o
[64/98] CALLABLE_PART layout_parts/__callable/token_kinds_name.o
[65/98] CALLABLE_PART layout_parts/compile/model/source_units/part_0.o
[66/98] CALLABLE_PART layout_parts/compile/model/source_units/part_1.o
[67/98] CALLABLE_PART layout_parts/compile/model/project_symbol_index/part_1.o
[68/98] CALLABLE_PART layout_parts/compile/model/project_symbol_index/part_2.o
[69/98] CALLABLE_PART layout_parts/compile/model/source_units/part_2.o
[70/98] CALLABLE_PART layout_parts/compile/model/source_units/part_4.o
[71/98] CALLABLE_PART layout_parts/compile/model/project_symbol_index/part_0.o
[72/98] CALLABLE_PART layout_parts/compile/model/source_units/part_3.o
[73/98] CALLABLE_PART layout_parts/compile/incremental/resident_source_unit_frontend_payload_tables/part_0.o
[74/98] CALLABLE_PART layout_parts/compile/model/project_symbol_index/part_3.o
[75/98] CALLABLE_PART layout_parts/compile/model/project_symbol_index/part_4.o
[76/98] CALLABLE_PART layout_parts/compile/incremental/resident_source_unit_frontend_payload_tables/part_1.o
[77/98] CALLABLE_PART layout_parts/compile/incremental/resident_source_unit_frontend_payload_tables/part_2.o
[78/98] CALLABLE_PART layout_parts/compile/incremental/resident_source_unit_frontend_payload_tables/part_9.o
[79/98] CALLABLE_PART layout_parts/compile/incremental/resident_source_unit_frontend_payload_tables/part_6.o
[80/98] CALLABLE_PART layout_parts/compile/incremental/resident_source_unit_frontend_payload_tables/part_8.o
[81/98] CALLABLE_PART layout_parts/compile/incremental/resident_source_unit_frontend_payload_tables/part_3.o
[82/98] CALLABLE_PART layout_parts/compile/incremental/resident_source_unit_frontend_payload_tables/part_10.o
[83/98] CALLABLE_PART layout_parts/compile/incremental/resident_source_unit_frontend_payload_tables/part_11.o
[84/98] CALLABLE_PART layout_parts/compile/incremental/resident_source_unit_frontend_payload_tables/part_5.o
[85/98] CALLABLE_PART layout_parts/compile/incremental/resident_source_unit_frontend_payload_tables/part_4.o
[86/98] CALLABLE_PART layout_parts/compile/incremental/resident_source_unit_frontend_payload_tables/part_7.o
[87/98] CALLABLE_PART layout_parts/compile/incremental/resident_source_unit_frontend_payload_tables/part_12.o
[88/98] CALLABLE_PART layout_parts/compile/incremental/resident_source_unit_frontend_payload_tables/part_13.o
[89/98] CALLABLE_PART layout_parts/compile/incremental/resident_source_unit_frontend_payload_tables/part_14.o
[90/98] CALLABLE_PART layout_parts/compile/incremental/resident_source_unit_frontend_payload_tables/part_20.o
[91/98] CALLABLE_PART layout_parts/compile/incremental/resident_source_unit_frontend_payload_tables/part_15.o
[92/98] CALLABLE_PART layout_parts/compile/incremental/resident_source_unit_frontend_payload_tables/part_18.o
[93/98] CALLABLE_PART layout_parts/profile/gate_profile_helpers/part_0.o
[94/98] CALLABLE_PART layout_parts/compile/incremental/resident_source_unit_frontend_payload_tables/part_16.o
[95/98] CALLABLE_PART layout_parts/compile/support/production_mt_heartbeat/part_0.o
[96/98] CALLABLE_PART layout_parts/compile/incremental/resident_source_unit_frontend_payload_tables/part_17.o
[97/98] CALLABLE_PART layout_parts/compile/incremental/resident_source_unit_frontend_payload_tables/part_19.o
[98/98] LINK main
