[1/26] CALLABLE_PART expanded_parts/__callable/type_capability_readiness_group_4.o
[2/26] CALLABLE_PART expanded_parts/__callable/storage_lifetime_readiness_group_3.o
[3/26] CALLABLE_PART expanded_parts/__callable/backend_emission_decisions_group_2.o
[4/26] CALLABLE_PART expanded_parts/__callable/llvm_text_from_plan_group_4.o
[5/26] CALLABLE_PART expanded_parts/__callable/local_body_lowering_group_0.o
[6/26] CALLABLE_PART expanded_parts/__callable/llvm_text_from_plan_group_2.o
[7/26] CALLABLE_PART expanded_parts/__callable/primitive_abi_adapter_matrix_group_2.o
[8/26] CALLABLE_PART expanded_parts/__callable/llvm_text_from_plan_group_14.o
[9/26] CALLABLE_PART expanded_parts/__callable/storage_lifetime_readiness_group_4.o
[10/26] CALLABLE_PART expanded_parts/__callable/primitive_abi_adapter_matrix_group_1.o
[11/26] CALLABLE_PART expanded_parts/__callable/llvm_text_from_plan_group_13.o
[12/26] CALLABLE_PART expanded_parts/main.o
[13/26] CALLABLE_PART expanded_parts/__callable/type_capability_readiness_group_8.o
[14/26] CALLABLE_PART expanded_parts/__callable/type_capability_readiness_group_9.o
[15/26] CALLABLE_PART expanded_parts/__callable/type_capability_readiness_group_10.o
[16/26] CALLABLE_PART expanded_parts/__callable/type_traits_group_3.o
[17/26] CALLABLE_PART expanded_parts/__callable/type_capability_readiness_group_11.o
[18/26] CALLABLE_PART expanded_parts/__callable/frontend_model_builder_group_1.o
[19/26] CALLABLE_PART expanded_parts/__callable/type_traits_group_5.o
[20/26] CALLABLE_PART expanded_parts/__callable/type_traits_group_6.o
[21/26] CALLABLE_PART expanded_parts/__callable/type_traits_group_4.o
[22/26] CALLABLE_PART expanded_parts/__callable/operation_readiness_group_9.o
[23/26] CALLABLE_PART expanded_parts/__callable/frontend_model_builder_group_2.o
[24/26] CALLABLE_PART expanded_parts/__callable/semantic_type_ref_providers_group_2.o
[25/26] CALLABLE_PART expanded_parts/__callable/semantic_type_ref_providers_group_3.o
[26/26] LINK main
