Transpiled PHP files: 27, skipped unchanged: 0
Generated Ninja file: .prism/build/build.ninja
Using compiler: clang++-18 -fuse-ld=mold (gnu_like)
Using build mode: debug
Using build grouping policy: incremental (report_only)
Object cache: disabled (default disabled)
Using repo root: /tmp/scpp-json-240-probe
Resolved project dependency graph: 1 project(s)
Runtime compilation: enabled
Dependency compilation: reuse existing artifacts only
ninja: Entering directory `.prism/build'
[1/29] PCH app_pch.hpp.gch
[2/29] CXX scpp_framework/exceptions.o
[3/29] CXX src/01_prepare_inputs/load_runtime/data/family_preparation.o
[4/29] CXX scpp_framework/json_document.o
[5/29] CXX src/04_analyze/type_model/data/generic.o
[6/29] CXX scpp_framework/collections.o
[7/29] CXX src/01_prepare_inputs/load_runtime/handlers/package_types.o
[8/29] CXX scpp_framework/strings.o
[9/29] CXX src/04_analyze/type_model/data/callable_modes.o
[10/29] CXX src/01_prepare_inputs/load_runtime/handlers/native_import.o
[11/29] CXX main.o
[12/29] CXX scpp_framework/filesystem.o
[13/29] CXX src/04_analyze/type_model/data/definitions.o
[14/29] CXX src/01_prepare_inputs/load_runtime/data/runtime.o
[15/29] CXX src/01_prepare_inputs/load_runtime/handlers/package_syntax.o
[16/29] CXX probe.o
../generated/probe.cpp:35:3: warning: ignoring return value of function declared with 'nodiscard' attribute [-Wunused-result]
   35 |                 php::take(missing, ::scpp::type_model::Generic_Contracts::missing(language, type_model::GENERIC_COPYABLE_VALUE));
      |                 ^~~~~~~~~ ~~~~~~~~~~~~~~~~~~~~~~~~~~~~~~~~~~~~~~~~~~~~~~~~~~~~~~~~~~~~~~~~~~~~~~~~~~~~~~~~~~~~~~~~~~~~~~~~~~~~~
1 warning generated.
[17/29] CXX src/04_analyze/type_model/data/callables.o
[18/29] CXX src/04_analyze/type_model/data/lifecycle_roles.o
[19/29] CXX src/04_analyze/type_model/data/native_record_layout.o
[20/29] CXX src/04_analyze/type_model/data/lifecycle.o
[21/29] CXX src/04_analyze/type_model/data/records.o
[22/29] CXX src/04_analyze/type_model/data/semantic_calls.o
[23/29] CXX src/04_analyze/type_model/data/representations.o
[24/29] CXX src/04_analyze/type_model/data/semantic_modes.o
[25/29] CXX src/04_analyze/type_model/data/lifetime_contract.o
[26/29] CXX src/04_analyze/type_model/data/type_references.o
[27/29] CXX src/04_analyze/type_model/data/resources.o
[28/29] CXX src/04_analyze/type_model/data/storage.o
[29/29] LINK main
Rebuilt outputs: .prism/build/app_pch.hpp.gch, .prism/build/main, .prism/build/main.o, .prism/build/probe.o, .prism/build/scpp_framework/collections.o, .prism/build/scpp_framework/exceptions.o, .prism/build/scpp_framework/filesystem.o, .prism/build/scpp_framework/json_document.o, .prism/build/scpp_framework/strings.o, .prism/build/src/01_prepare_inputs/load_runtime/data/family_preparation.o, .prism/build/src/01_prepare_inputs/load_runtime/data/runtime.o, .prism/build/src/01_prepare_inputs/load_runtime/handlers/native_import.o, .prism/build/src/01_prepare_inputs/load_runtime/handlers/package_syntax.o, .prism/build/src/01_prepare_inputs/load_runtime/handlers/package_types.o, .prism/build/src/04_analyze/type_model/data/callable_modes.o, .prism/build/src/04_analyze/type_model/data/callables.o, .prism/build/src/04_analyze/type_model/data/definitions.o, .prism/build/src/04_analyze/type_model/data/generic.o, .prism/build/src/04_analyze/type_model/data/lifecycle.o, .prism/build/src/04_analyze/type_model/data/lifecycle_roles.o, .prism/build/src/04_analyze/type_model/data/lifetime_contract.o, .prism/build/src/04_analyze/type_model/data/native_record_layout.o, .prism/build/src/04_analyze/type_model/data/records.o, .prism/build/src/04_analyze/type_model/data/representations.o, .prism/build/src/04_analyze/type_model/data/resources.o, .prism/build/src/04_analyze/type_model/data/semantic_calls.o, .prism/build/src/04_analyze/type_model/data/semantic_modes.o, .prism/build/src/04_analyze/type_model/data/storage.o, .prism/build/src/04_analyze/type_model/data/type_references.o
Tip: set SCPP_NINJA_VERBOSE=1 to show full Ninja command lines.
Build completed: .prism/build/main
