[1/492] CXX expanded_parts/compile/backend/llvm_text_from_plan/locations.o
[2/492] CXX expanded/compile/backend/backend_loop_text_emission.o
[3/492] clang++ -std=c++23 -fPIC -O0 -g1 -pipe -I../../../vendor/runtime/include -I../expanded/generated -DSCPP_LANGUAGE_TARGET_PHP=1 -DSCPP_HAS_MYSQLI=0 -DSCPP_HAS_REGEX=0 -DSCPP_HAS_CURL=0 -DSCPP_HAS_TASKS=1 -DSCPP_TASKS_DEFAULT_WORKER_POOL_SIZE=0 -DSCPP_HAS_UI=0 -DSCPP_HAS_WEBVIEW=0 -DSCPP_ENABLE_CALL_DEPTH_GUARD=1 -DSCPP_MAX_CALL_DEPTH=4096 -x c++-header -MD -MF expanded-project.pch.d ../expanded/generated/__project_units.hpp -o expanded-project.pch
[4/492] CALLABLE_PART expanded_parts/__callable/prepare_outputs_group_0.o
[5/492] CALLABLE_PART expanded_parts/__callable/runtime_abi_bridge_group_2.o
[6/492] CALLABLE_PART expanded_parts/__callable/string_runtime_abi_group_0.o
[7/492] CALLABLE_PART expanded_parts/__callable/llvm_abi_call_lowering_group_0.o
[8/492] CALLABLE_PART expanded_parts/__callable/analysis_context_identity_group_0.o
[9/492] CALLABLE_PART expanded_parts/__callable/runtime_helper_effects_group_0.o
[10/492] CALLABLE_PART expanded_parts/__callable/llvm_abi_declarations_group_0.o
[11/492] CALLABLE_PART expanded_parts/__callable/analysis_context_group_0.o
[12/492] CALLABLE_PART expanded_parts/__callable/runtime_abi_bridge_group_0.o
[13/492] CALLABLE_PART expanded_parts/__callable/runtime_abi_bridge_group_1.o
[14/492] CALLABLE_PART expanded_parts/__callable/analysis_context_group_1.o
[15/492] CALLABLE_PART expanded_parts/main.o
[16/492] CALLABLE_PART expanded_parts/__callable/backend_emission_adapter_routes_group_0.o
[17/492] CALLABLE_PART expanded_parts/__callable/string_runtime_abi_group_1.o
[18/492] CALLABLE_PART expanded_parts/__callable/backend_emission_adapter_routes_group_1.o
[19/492] CALLABLE_PART expanded_parts/__callable/backend_emission_decisions_group_2.o
[20/492] CALLABLE_PART expanded_parts/__callable/backend_emission_decisions_group_1.o
[21/492] CALLABLE_PART expanded_parts/__callable/backend_emission_decisions_group_0.o
[22/492] CALLABLE_PART expanded_parts/__callable/backend_emission_adapter_routes_group_2.o
[23/492] CALLABLE_PART expanded_parts/__callable/backend_emission_decisions_group_6.o
[24/492] CALLABLE_PART expanded_parts/__callable/backend_emission_decisions_group_5.o
[25/492] CALLABLE_PART expanded_parts/__callable/backend_emission_decisions_group_4.o
[26/492] CALLABLE_PART expanded_parts/__callable/backend_emission_decisions_group_3.o
[27/492] CALLABLE_PART expanded_parts/__callable/backend_loop_text_emission_group_0.o
[28/492] CALLABLE_PART expanded_parts/__callable/backend_partition_readiness_group_0.o
[29/492] CALLABLE_PART expanded_parts/__callable/backend_native_execution_adapter_group_1.o
[30/492] CALLABLE_PART expanded_parts/__callable/backend_native_execution_adapter_group_0.o
[31/492] CALLABLE_PART expanded_parts/__callable/backend_module_composition_group_0.o
[32/492] CALLABLE_PART expanded_parts/__callable/backend_preflight_requests_group_0.o
[33/492] CALLABLE_PART expanded_parts/__callable/backend_preflight_requests_group_1.o
[34/492] CALLABLE_PART expanded_parts/__callable/backend_preflight_requests_group_2.o
[35/492] CALLABLE_PART expanded_parts/__callable/backend_partition_readiness_group_1.o
[36/492] CALLABLE_PART expanded_parts/__callable/backend_partition_readiness_group_2.o
[37/492] CALLABLE_PART expanded_parts/__callable/backend_preflight_requests_group_3.o
[38/492] CALLABLE_PART expanded_parts/__callable/backend_preflight_requests_group_5.o
[39/492] CALLABLE_PART expanded_parts/__callable/backend_preflight_requests_group_4.o
[40/492] CALLABLE_PART expanded_parts/__callable/backend_preflight_requests_group_9.o
[41/492] CALLABLE_PART expanded_parts/__callable/backend_preflight_requests_group_7.o
[42/492] CALLABLE_PART expanded_parts/__callable/backend_preflight_requests_group_8.o
[43/492] CALLABLE_PART expanded_parts/__callable/backend_preflight_requests_group_6.o
[44/492] CALLABLE_PART expanded_parts/__callable/backend_preflight_requests_group_10.o
[45/492] CALLABLE_PART expanded_parts/__callable/backend_preflight_requests_group_14.o
[46/492] CALLABLE_PART expanded_parts/__callable/backend_preflight_requests_group_15.o
[47/492] CALLABLE_PART expanded_parts/__callable/backend_preflight_requests_group_11.o
[48/492] CALLABLE_PART expanded_parts/__callable/backend_preflight_requests_group_12.o
[49/492] CALLABLE_PART expanded_parts/__callable/backend_preflight_requests_group_13.o
[50/492] CALLABLE_PART expanded_parts/__callable/backend_preflight_requests_group_16.o
[51/492] CALLABLE_PART expanded_parts/__callable/backend_preflight_requests_group_17.o
[52/492] CALLABLE_PART expanded_parts/__callable/llvm_api_sink_preflight_group_0.o
[53/492] CALLABLE_PART expanded_parts/__callable/llvm_api_sink_preflight_group_3.o
[54/492] CALLABLE_PART expanded_parts/__callable/llvm_api_toolchain_probe_group_0.o
[55/492] CALLABLE_PART expanded_parts/__callable/llvm_api_sink_preflight_group_2.o
[56/492] CALLABLE_PART expanded_parts/__callable/llvm_api_sink_preflight_group_1.o
[57/492] CALLABLE_PART expanded_parts/__callable/llvm_api_toolchain_probe_group_2.o
[58/492] CALLABLE_PART expanded_parts/__callable/llvm_api_toolchain_probe_group_1.o
[59/492] CALLABLE_PART expanded_parts/__callable/local_body_lowering_group_1.o
[60/492] CALLABLE_PART expanded_parts/__callable/local_body_lowering_group_0.o
[61/492] CALLABLE_PART expanded_parts/__callable/local_body_lowering_group_2.o
[62/492] CALLABLE_PART expanded_parts/__callable/local_body_lowering_routes_group_1.o
[63/492] CALLABLE_PART expanded_parts/__callable/local_body_lowering_routes_group_0.o
[64/492] CALLABLE_PART expanded_parts/__callable/primitive_abi_adapter_matrix_group_0.o
[65/492] CALLABLE_PART expanded_parts/__callable/primitive_abi_adapter_matrix_group_2.o
[66/492] CALLABLE_PART expanded_parts/__callable/primitive_abi_adapter_matrix_group_3.o
[67/492] CALLABLE_PART expanded_parts/__callable/primitive_abi_adapter_matrix_group_4.o
[68/492] CALLABLE_PART expanded_parts/__callable/primitive_abi_adapter_matrix_group_1.o
[69/492] CALLABLE_PART expanded_parts/__callable/scalar_body_backend_collection_group_0.o
[70/492] CALLABLE_PART expanded_parts/__callable/scalar_body_statement_collection_group_0.o
[71/492] CALLABLE_PART expanded_parts/__callable/scalar_body_statement_collection_group_1.o
[72/492] CALLABLE_PART expanded_parts/__callable/capability_consumer_plans_group_0.o
[73/492] CALLABLE_PART expanded_parts/__callable/runtime_helper_contract_readiness_group_0.o
[74/492] CALLABLE_PART expanded_parts/__callable/type_traits_group_0.o
[75/492] CALLABLE_PART expanded_parts/__callable/runtime_helper_contract_readiness_group_2.o
[76/492] CALLABLE_PART expanded_parts/__callable/runtime_helper_contract_readiness_group_1.o
[77/492] CALLABLE_PART expanded_parts/__callable/type_traits_group_1.o
[78/492] CALLABLE_PART expanded_parts/__callable/type_traits_group_2.o
[79/492] CALLABLE_PART expanded_parts/__callable/type_traits_group_3.o
[80/492] CALLABLE_PART expanded_parts/__callable/type_traits_group_5.o
[81/492] CALLABLE_PART expanded_parts/__callable/type_traits_group_6.o
[82/492] CALLABLE_PART expanded_parts/__callable/control_flow_graphs_group_0.o
[83/492] CALLABLE_PART expanded_parts/__callable/control_flow_graphs_group_1.o
[84/492] CALLABLE_PART expanded_parts/__callable/type_traits_group_4.o
[85/492] CALLABLE_PART expanded_parts/__callable/control_flow_graphs_group_2.o
[86/492] CALLABLE_PART expanded_parts/__callable/control_flow_graphs_group_3.o
[87/492] CALLABLE_PART expanded_parts/__callable/frontend_model_builder_group_2.o
[88/492] CALLABLE_PART expanded_parts/__callable/frontend_model_builder_group_0.o
[89/492] CALLABLE_PART expanded_parts/__callable/frontend_model_builder_group_1.o
[90/492] CALLABLE_PART expanded_parts/__callable/frontend_model_builder_group_3.o
[91/492] CALLABLE_PART expanded_parts/__callable/frontend_model_builder_group_4.o
[92/492] CALLABLE_PART expanded_parts/__callable/frontend_model_builder_group_5.o
[93/492] CALLABLE_PART expanded_parts/__callable/frontend_model_builder_group_6.o
[94/492] CALLABLE_PART expanded_parts/__callable/frontend_model_builder_group_7.o
[95/492] CALLABLE_PART expanded_parts/__callable/frontend_model_builder_group_8.o
[96/492] CALLABLE_PART expanded_parts/__callable/frontend_model_builder_group_9.o
[97/492] CALLABLE_PART expanded_parts/__callable/frontend_model_builder_group_11.o
[98/492] CALLABLE_PART expanded_parts/__callable/frontend_model_builder_group_12.o
[99/492] CALLABLE_PART expanded_parts/__callable/frontend_model_builder_group_10.o
[100/492] CALLABLE_PART expanded_parts/__callable/frontend_model_builder_group_15.o
[101/492] CALLABLE_PART expanded_parts/__callable/frontend_model_builder_group_14.o
[102/492] CALLABLE_PART expanded_parts/__callable/frontend_model_builder_group_13.o
[103/492] CALLABLE_PART expanded_parts/__callable/frontend_model_builder_group_16.o
[104/492] CALLABLE_PART expanded_parts/__callable/frontend_model_builder_group_18.o
[105/492] CALLABLE_PART expanded_parts/__callable/frontend_model_builder_group_17.o
[106/492] CALLABLE_PART expanded_parts/__callable/frontend_model_builder_group_19.o
[107/492] CALLABLE_PART expanded_parts/__callable/parser_cursor_group_0.o
[108/492] CALLABLE_PART expanded_parts/__callable/parser_diagnostics_group_1.o
[109/492] CALLABLE_PART expanded_parts/__callable/parser_state_group_1.o
[110/492] CALLABLE_PART expanded_parts/__callable/parser_diagnostics_group_0.o
[111/492] CALLABLE_PART expanded_parts/__callable/parser_state_group_0.o
[112/492] CALLABLE_PART expanded_parts/__callable/phs_tokenizer_group_0.o
[113/492] CALLABLE_PART expanded_parts/__callable/phs_tokenizer_group_2.o
[114/492] CALLABLE_PART expanded_parts/__callable/token_kinds_group_0.o
[115/492] CALLABLE_PART expanded_parts/__callable/partition_readiness_group_0.o
[116/492] CALLABLE_PART expanded_parts/__callable/partition_readiness_group_1.o
[117/492] CALLABLE_PART expanded_parts/__callable/phs_tokenizer_group_1.o
[118/492] CALLABLE_PART expanded_parts/__callable/partition_readiness_group_2.o
[119/492] CALLABLE_PART expanded_parts/__callable/partition_readiness_group_3.o
[120/492] CALLABLE_PART expanded_parts/__callable/partition_readiness_group_4.o
[121/492] CALLABLE_PART expanded_parts/__callable/partition_readiness_group_5.o
[122/492] CALLABLE_PART expanded_parts/__callable/resident_body_dependencies_group_0.o
[123/492] CALLABLE_PART expanded_parts/__callable/resident_change_events_group_0.o
[124/492] CALLABLE_PART expanded_parts/__callable/resident_change_events_group_1.o
[125/492] CALLABLE_PART expanded_parts/__callable/resident_daemon_file_ipc_group_0.o
[126/492] CALLABLE_PART expanded_parts/__callable/resident_daemon_file_ipc_group_1.o
[127/492] CALLABLE_PART expanded_parts/__callable/resident_change_events_group_2.o
[128/492] CALLABLE_PART expanded_parts/__callable/resident_daemon_file_ipc_group_2.o
[129/492] CALLABLE_PART expanded_parts/__callable/resident_daemon_file_ipc_group_4.o
[130/492] CALLABLE_PART expanded_parts/__callable/resident_daemon_file_ipc_group_3.o
[131/492] CALLABLE_PART expanded_parts/__callable/resident_daemon_file_ipc_group_5.o
[132/492] CALLABLE_PART expanded_parts/__callable/resident_daemon_file_ipc_group_6.o
[133/492] CALLABLE_PART expanded_parts/__callable/resident_daemon_file_ipc_group_9.o
[134/492] CALLABLE_PART expanded_parts/__callable/resident_daemon_file_ipc_group_7.o
[135/492] CALLABLE_PART expanded_parts/__callable/resident_daemon_file_ipc_group_11.o
[136/492] CALLABLE_PART expanded_parts/__callable/resident_daemon_file_ipc_group_8.o
[137/492] CALLABLE_PART expanded_parts/__callable/resident_daemon_file_ipc_group_10.o
[138/492] CALLABLE_PART expanded_parts/__callable/resident_definition_granularity_group_0.o
[139/492] CALLABLE_PART expanded_parts/__callable/resident_daemon_incremental_proof_group_0.o
[140/492] CALLABLE_PART expanded_parts/__callable/resident_definition_granularity_group_1.o
[141/492] CALLABLE_PART expanded_parts/__callable/resident_definition_granularity_group_2.o
[142/492] CALLABLE_PART expanded_parts/__callable/resident_definition_granularity_group_4.o
[143/492] CALLABLE_PART expanded_parts/__callable/resident_definition_granularity_group_3.o
[144/492] CALLABLE_PART expanded_parts/__callable/resident_definition_granularity_group_6.o
[145/492] CALLABLE_PART expanded_parts/__callable/resident_definition_granularity_group_5.o
[146/492] CALLABLE_PART expanded_parts/__callable/resident_dependency_edges_group_0.o
[147/492] CALLABLE_PART expanded_parts/__callable/resident_dirty_propagation_group_0.o
[148/492] CALLABLE_PART expanded_parts/__callable/resident_dirty_propagation_group_1.o
[149/492] CALLABLE_PART expanded_parts/__callable/resident_dirty_propagation_group_3.o
[150/492] CALLABLE_PART expanded_parts/__callable/resident_dirty_propagation_group_2.o
[151/492] CALLABLE_PART expanded_parts/__callable/resident_dirty_propagation_group_4.o
[152/492] CALLABLE_PART expanded_parts/__callable/resident_dirty_propagation_group_5.o
[153/492] CALLABLE_PART expanded_parts/__callable/resident_dirty_propagation_group_6.o
[154/492] CALLABLE_PART expanded_parts/__callable/resident_function_body_incremental_acceptance_group_0.o
[155/492] CALLABLE_PART expanded_parts/__callable/resident_frontend_node_lists_group_0.o
[156/492] CALLABLE_PART expanded_parts/__callable/resident_function_body_incremental_acceptance_group_2.o
[157/492] CALLABLE_PART expanded_parts/__callable/resident_frontend_node_lists_group_1.o
[158/492] CALLABLE_PART expanded_parts/__callable/resident_function_body_incremental_acceptance_group_1.o
[159/492] CALLABLE_PART expanded_parts/__callable/resident_function_body_local_parse_proofs_group_1.o
[160/492] CALLABLE_PART expanded_parts/__callable/resident_function_body_incremental_acceptance_group_3.o
[161/492] CALLABLE_PART expanded_parts/__callable/resident_function_body_local_parse_proofs_group_0.o
[162/492] CALLABLE_PART expanded_parts/__callable/resident_function_body_logical_frontend_consumer_descriptors_group_0.o
[163/492] CALLABLE_PART expanded_parts/__callable/resident_function_body_logical_frontend_consumer_descriptors_group_1.o
[164/492] CALLABLE_PART expanded_parts/__callable/resident_function_body_logical_frontend_consumer_descriptors_group_2.o
[165/492] CALLABLE_PART expanded_parts/__callable/resident_function_body_logical_frontend_reference_candidates_group_0.o
[166/492] CALLABLE_PART expanded_parts/__callable/resident_function_body_logical_frontend_consumer_descriptors_group_3.o
[167/492] CALLABLE_PART expanded_parts/__callable/resident_function_body_logical_frontend_reference_candidates_group_1.o
[168/492] CALLABLE_PART expanded_parts/__callable/resident_function_body_logical_frontend_views_group_0.o
[169/492] CALLABLE_PART expanded_parts/__callable/resident_function_body_mixed_frontend_assembly_proofs_group_0.o
[170/492] CALLABLE_PART expanded_parts/__callable/resident_function_body_logical_frontend_views_group_1.o
[171/492] CALLABLE_PART expanded_parts/__callable/resident_function_body_mixed_frontend_assembly_proofs_group_1.o
[172/492] CALLABLE_PART expanded_parts/__callable/resident_function_body_mixed_frontend_assembly_proofs_group_2.o
[173/492] CALLABLE_PART expanded_parts/__callable/resident_function_body_ownership_group_2.o
[174/492] CALLABLE_PART expanded_parts/__callable/resident_function_body_ownership_group_1.o
[175/492] CALLABLE_PART expanded_parts/__callable/resident_function_body_ownership_group_0.o
[176/492] CALLABLE_PART expanded_parts/__callable/resident_function_body_ownership_group_4.o
[177/492] CALLABLE_PART expanded_parts/__callable/resident_function_body_ownership_group_3.o
[178/492] CALLABLE_PART expanded_parts/__callable/resident_function_body_parse_slices_group_0.o
[179/492] CALLABLE_PART expanded_parts/__callable/resident_function_body_publish_repoint_preflights_group_0.o
[180/492] CALLABLE_PART expanded_parts/__callable/resident_function_body_parse_slices_group_1.o
[181/492] CALLABLE_PART expanded_parts/__callable/resident_function_body_publish_repoint_preflights_group_1.o
[182/492] CALLABLE_PART expanded_parts/__callable/resident_function_body_row_list_publish_plans_group_0.o
[183/492] CALLABLE_PART expanded_parts/__callable/resident_function_body_row_list_publish_plans_group_1.o
[184/492] CALLABLE_PART expanded_parts/__callable/resident_function_body_row_list_publish_results_group_0.o
[185/492] CALLABLE_PART expanded_parts/__callable/resident_function_body_row_list_publish_plans_group_2.o
[186/492] CALLABLE_PART expanded_parts/__callable/resident_function_body_row_list_publish_results_group_2.o
[187/492] CALLABLE_PART expanded_parts/__callable/resident_function_body_source_unit_repoint_proofs_group_0.o
[188/492] CALLABLE_PART expanded_parts/__callable/resident_function_body_source_unit_repoint_proofs_group_1.o
[189/492] CALLABLE_PART expanded_parts/__callable/resident_function_body_stable_node_remap_proofs_group_0.o
[190/492] CALLABLE_PART expanded_parts/__callable/resident_function_body_row_list_publish_results_group_1.o
[191/492] CALLABLE_PART expanded_parts/__callable/resident_function_body_summary_project_references_group_0.o
[192/492] CALLABLE_PART expanded_parts/__callable/resident_function_body_stable_node_remap_proofs_group_1.o
[193/492] CALLABLE_PART expanded_parts/__callable/resident_function_body_summary_project_references_group_1.o
[194/492] CALLABLE_PART expanded_parts/__callable/resident_function_body_work_decisions_group_0.o
[195/492] CALLABLE_PART expanded_parts/__callable/resident_function_body_work_decisions_group_1.o
[196/492] CALLABLE_PART expanded_parts/__callable/resident_function_body_work_decisions_group_2.o
[197/492] CALLABLE_PART expanded_parts/__callable/resident_public_surface_incremental_acceptance_group_0.o
[198/492] CALLABLE_PART expanded_parts/__callable/resident_project_symbol_name_lookups_group_1.o
[199/492] CALLABLE_PART expanded_parts/__callable/resident_function_body_work_decisions_group_3.o
[200/492] CALLABLE_PART expanded_parts/__callable/resident_project_symbol_name_lookups_group_0.o
[201/492] CALLABLE_PART expanded_parts/__callable/resident_public_surface_incremental_acceptance_group_1.o
[202/492] CALLABLE_PART expanded_parts/__callable/resident_public_surface_incremental_acceptance_group_3.o
[203/492] CALLABLE_PART expanded_parts/__callable/resident_recompute_targets_group_0.o
[204/492] CALLABLE_PART expanded_parts/__callable/resident_public_surface_incremental_acceptance_group_2.o
[205/492] CALLABLE_PART expanded_parts/__callable/resident_recompute_targets_group_1.o
[206/492] CALLABLE_PART expanded_parts/__callable/resident_reverse_dependencies_group_1.o
[207/492] CALLABLE_PART expanded_parts/__callable/resident_recompute_targets_group_2.o
[208/492] CALLABLE_PART expanded_parts/__callable/resident_reverse_dependencies_group_0.o
[209/492] CALLABLE_PART expanded_parts/__callable/resident_reverse_dependency_indexes_group_0.o
[210/492] CALLABLE_PART expanded_parts/__callable/resident_source_unit_frontend_states_group_0.o
[211/492] CALLABLE_PART expanded_parts/__callable/resident_reverse_dependency_indexes_group_1.o
[212/492] CALLABLE_PART expanded_parts/__callable/resident_source_unit_frontend_states_group_1.o
[213/492] CALLABLE_PART expanded_parts/__callable/resident_token_lists_group_0.o
[214/492] CALLABLE_PART expanded_parts/__callable/resident_source_unit_frontend_states_group_2.o
[215/492] CALLABLE_PART expanded_parts/__callable/resident_source_unit_frontend_states_group_3.o
[216/492] CALLABLE_PART expanded_parts/__callable/resident_token_lists_group_1.o
[217/492] CALLABLE_PART expanded_parts/__callable/resident_transactions_group_0.o
[218/492] CALLABLE_PART expanded_parts/__callable/source_unit_early_skip_group_0.o
[219/492] CALLABLE_PART expanded_parts/__callable/source_unit_early_skip_group_1.o
[220/492] CALLABLE_PART expanded_parts/__callable/resident_transactions_group_2.o
[221/492] CALLABLE_PART expanded_parts/__callable/resident_transactions_group_1.o
[222/492] CALLABLE_PART expanded_parts/__callable/source_unit_early_skip_group_3.o
[223/492] CALLABLE_PART expanded_parts/__callable/source_unit_early_skip_group_2.o
[224/492] CALLABLE_PART expanded_parts/__callable/source_unit_frontend_scheduler_group_0.o
[225/492] CALLABLE_PART expanded_parts/__callable/source_unit_frontend_scheduler_group_2.o
[226/492] CALLABLE_PART expanded_parts/__callable/source_unit_frontend_scheduler_group_1.o
[227/492] CALLABLE_PART expanded_parts/__callable/source_unit_frontend_work_decisions_group_0.o
[228/492] CALLABLE_PART expanded_parts/__callable/source_unit_frontend_scheduler_group_3.o
[229/492] CALLABLE_PART expanded_parts/__callable/source_unit_frontend_work_decisions_group_1.o
[230/492] CALLABLE_PART expanded_parts/__callable/callable_contract_identity_group_0.o
[231/492] CALLABLE_PART expanded_parts/__callable/frontend_body_summaries_group_0.o
[232/492] CALLABLE_PART expanded_parts/__callable/source_unit_frontend_work_decisions_group_2.o
[233/492] CALLABLE_PART expanded_parts/__callable/dependency_graph_identity_group_0.o
[234/492] CALLABLE_PART expanded_parts/__callable/project_callable_contracts_group_0.o
[235/492] CALLABLE_PART expanded_parts/__callable/frontend_body_summaries_group_1.o
[236/492] CALLABLE_PART expanded_parts/__callable/frontend_body_summaries_group_2.o
[237/492] CALLABLE_PART expanded_parts/__callable/frontend_body_summaries_group_4.o
[238/492] CALLABLE_PART expanded_parts/__callable/frontend_body_summaries_group_3.o
[239/492] CALLABLE_PART expanded_parts/__callable/project_callable_contracts_group_1.o
[240/492] CALLABLE_PART expanded_parts/__callable/project_callable_contracts_group_3.o
[241/492] CALLABLE_PART expanded_parts/__callable/project_callable_contracts_group_2.o
[242/492] CALLABLE_PART expanded_parts/__callable/project_dependency_graph_group_0.o
[243/492] CALLABLE_PART expanded_parts/__callable/project_dependency_graph_group_1.o
[244/492] CALLABLE_PART expanded_parts/__callable/project_dependency_graph_group_3.o
[245/492] CALLABLE_PART expanded_parts/__callable/project_dependency_graph_group_2.o
[246/492] CALLABLE_PART expanded_parts/__callable/reference_identity_group_0.o
[247/492] CALLABLE_PART expanded_parts/__callable/project_symbol_identity_group_0.o
[248/492] CALLABLE_PART expanded_parts/__callable/project_dependency_graph_group_4.o
[249/492] CALLABLE_PART expanded_parts/__callable/source_buffers_group_0.o
[250/492] CALLABLE_PART expanded_parts/__callable/project_dependency_graph_group_5.o
[251/492] CALLABLE_PART expanded_parts/__callable/type_ref_identity_group_0.o
[252/492] CALLABLE_PART expanded_parts/__callable/source_identity_group_0.o
[253/492] CALLABLE_PART expanded_parts/__callable/source_identity_group_1.o
[254/492] CALLABLE_PART expanded_parts/__callable/type_refs_group_1.o
[255/492] CALLABLE_PART expanded_parts/__callable/type_refs_group_0.o
[256/492] CALLABLE_PART expanded_parts/__callable/type_refs_group_2.o
[257/492] CALLABLE_PART expanded_parts/__callable/type_refs_group_3.o
[258/492] CALLABLE_PART expanded_parts/__callable/type_refs_group_4.o
[259/492] CALLABLE_PART expanded_parts/__callable/operation_readiness_group_0.o
[260/492] CALLABLE_PART expanded_parts/__callable/type_refs_group_5.o
[261/492] CALLABLE_PART expanded_parts/__callable/type_refs_group_7.o
[262/492] CALLABLE_PART expanded_parts/__callable/type_refs_group_8.o
[263/492] CALLABLE_PART expanded_parts/__callable/type_refs_group_6.o
[264/492] CALLABLE_PART expanded_parts/__callable/operation_readiness_group_1.o
[265/492] CALLABLE_PART expanded_parts/__callable/operation_readiness_group_2.o
[266/492] CALLABLE_PART expanded_parts/__callable/operation_readiness_group_4.o
[267/492] CALLABLE_PART expanded_parts/__callable/operation_readiness_group_3.o
[268/492] CALLABLE_PART expanded_parts/__callable/operation_readiness_group_5.o
[269/492] CALLABLE_PART expanded_parts/__callable/operation_readiness_group_7.o
[270/492] CALLABLE_PART expanded_parts/__callable/operation_readiness_group_6.o
[271/492] CALLABLE_PART expanded_parts/__callable/compiler_pipeline_runner_group_0.o
[272/492] CALLABLE_PART expanded_parts/__callable/operation_readiness_group_8.o
[273/492] CALLABLE_PART expanded_parts/__callable/operation_readiness_group_9.o
[274/492] CALLABLE_PART expanded_parts/__callable/compiler_project_runner_group_0.o
[275/492] CALLABLE_PART expanded_parts/__callable/compiler_project_runner_group_2.o
[276/492] CALLABLE_PART expanded_parts/__callable/pipeline_config_helpers_group_1.o
[277/492] CALLABLE_PART expanded_parts/__callable/project_manifest_group_0.o
[278/492] CALLABLE_PART expanded_parts/__callable/pipeline_config_helpers_group_0.o
[279/492] CALLABLE_PART expanded_parts/__callable/project_manifest_group_1.o
[280/492] CALLABLE_PART expanded_parts/__callable/compiler_project_runner_group_1.o
[281/492] CALLABLE_PART expanded_parts/__callable/artifact_writes_group_0.o
[282/492] CALLABLE_PART expanded_parts/__callable/artifact_writes_group_2.o
[283/492] CALLABLE_PART expanded_parts/__callable/artifact_writes_group_1.o
[284/492] CALLABLE_PART expanded_parts/__callable/semantic_body_capability_consumers_group_0.o
[285/492] CALLABLE_PART expanded_parts/__callable/compiler_profile_events_group_1.o
[286/492] CALLABLE_PART expanded_parts/__callable/compiler_execution_artifacts_group_0.o
[287/492] CALLABLE_PART expanded_parts/__callable/compiler_profile_events_group_0.o
[288/492] CALLABLE_PART expanded_parts/__callable/compiler_profile_events_group_2.o
[289/492] CALLABLE_PART expanded_parts/__callable/debug_profile_gate_results_group_0.o
[290/492] CALLABLE_PART expanded_parts/__callable/compiler_project_run_row_artifacts_group_0.o
[291/492] CALLABLE_PART expanded_parts/__callable/debug_profile_gate_results_group_1.o
[292/492] CALLABLE_PART expanded_parts/__callable/mt_publication_metrics_group_0.o
[293/492] CALLABLE_PART expanded_parts/__callable/output_paths_group_0.o
[294/492] CALLABLE_PART expanded_parts/__callable/performance_memory_estimates_group_0.o
[295/492] CALLABLE_PART expanded_parts/__callable/performance_memory_estimates_group_1.o
[296/492] CALLABLE_PART expanded_parts/__callable/production_mt_heartbeat_group_0.o
[297/492] CALLABLE_PART expanded_parts/__callable/performance_memory_estimates_group_2.o
[298/492] CALLABLE_PART expanded_parts/__callable/performance_memory_estimates_group_3.o
[299/492] CALLABLE_PART expanded_parts/__callable/proof_metrics_group_1.o
[300/492] CALLABLE_PART expanded_parts/__callable/proof_metrics_group_0.o
[301/492] CALLABLE_PART expanded_parts/__callable/production_mt_heartbeat_group_1.o
[302/492] CALLABLE_PART expanded_parts/__callable/proof_metrics_group_2.o
[303/492] CALLABLE_PART expanded_parts/__callable/proof_metrics_group_5.o
[304/492] CALLABLE_PART expanded_parts/__callable/proof_metrics_group_3.o
[305/492] CALLABLE_PART expanded_parts/__callable/proof_metrics_group_7.o
[306/492] CALLABLE_PART expanded_parts/__callable/proof_metrics_group_4.o
[307/492] CALLABLE_PART expanded_parts/__callable/proof_metrics_group_6.o
[308/492] CALLABLE_PART expanded_parts/__callable/proof_metrics_group_8.o
[309/492] CALLABLE_PART expanded_parts/__callable/proof_metrics_group_10.o
[310/492] CALLABLE_PART expanded_parts/__callable/proof_metrics_group_12.o
[311/492] CALLABLE_PART expanded_parts/__callable/proof_metrics_group_9.o
[312/492] CALLABLE_PART expanded_parts/__callable/proof_metrics_group_11.o
[313/492] CALLABLE_PART expanded_parts/__callable/proof_metrics_group_13.o
[314/492] CALLABLE_PART expanded_parts/__callable/proof_metrics_group_14.o
[315/492] CALLABLE_PART expanded_parts/__callable/proof_metrics_group_15.o
[316/492] CALLABLE_PART expanded_parts/__callable/proof_metrics_group_16.o
[317/492] CALLABLE_PART expanded_parts/__callable/proof_metrics_group_17.o
[318/492] CALLABLE_PART expanded_parts/__callable/proof_metrics_group_18.o
[319/492] CALLABLE_PART expanded_parts/__callable/proof_metrics_group_21.o
[320/492] CALLABLE_PART expanded_parts/__callable/proof_metrics_group_19.o
[321/492] CALLABLE_PART expanded_parts/__callable/proof_metrics_group_20.o
[322/492] CALLABLE_PART expanded_parts/__callable/proof_metrics_group_23.o
[323/492] CALLABLE_PART expanded_parts/__callable/proof_metrics_group_22.o
[324/492] CALLABLE_PART expanded_parts/__callable/proof_metrics_group_24.o
[325/492] CALLABLE_PART expanded_parts/__callable/proof_metrics_group_25.o
[326/492] CALLABLE_PART expanded_parts/__callable/proof_metrics_group_27.o
[327/492] CALLABLE_PART expanded_parts/__callable/proof_metrics_group_26.o
[328/492] CALLABLE_PART expanded_parts/__callable/proof_metrics_group_28.o
[329/492] CALLABLE_PART expanded_parts/__callable/proof_metrics_group_29.o
[330/492] CALLABLE_PART expanded_parts/__callable/proof_metrics_group_30.o
[331/492] CALLABLE_PART expanded_parts/__callable/proof_metrics_group_31.o
[332/492] CALLABLE_PART expanded_parts/__callable/proof_metrics_group_33.o
[333/492] CALLABLE_PART expanded_parts/__callable/proof_metrics_group_32.o
[334/492] CALLABLE_PART expanded_parts/__callable/proof_metrics_group_35.o
[335/492] CALLABLE_PART expanded_parts/__callable/proof_metrics_group_34.o
[336/492] CALLABLE_PART expanded_parts/__callable/proof_metrics_group_36.o
[337/492] CALLABLE_PART expanded_parts/__callable/proof_metrics_group_37.o
[338/492] CALLABLE_PART expanded_parts/__callable/proof_metrics_group_38.o
[339/492] CALLABLE_PART expanded_parts/__callable/proof_metrics_group_39.o
[340/492] CALLABLE_PART expanded_parts/__callable/proof_metrics_group_40.o
[341/492] CALLABLE_PART expanded_parts/__callable/proof_metrics_group_42.o
[342/492] CALLABLE_PART expanded_parts/__callable/proof_metrics_group_41.o
[343/492] CALLABLE_PART expanded_parts/__callable/proof_metrics_group_43.o
[344/492] CALLABLE_PART expanded_parts/__callable/proof_metrics_group_44.o
[345/492] CALLABLE_PART expanded_parts/__callable/resident_snapshots_group_0.o
[346/492] CALLABLE_PART expanded_parts/__callable/proof_metrics_group_46.o
[347/492] CALLABLE_PART expanded_parts/__callable/proof_metrics_group_45.o
[348/492] CALLABLE_PART expanded_parts/__callable/gate_result_debug_helpers_group_0.o
[349/492] CALLABLE_PART expanded_parts/__callable/resident_snapshots_group_1.o
[350/492] CALLABLE_PART expanded_parts/__callable/semantic_callable_candidates_group_0.o
[351/492] CALLABLE_PART expanded_parts/__callable/semantic_conversion_lookup_group_0.o
[352/492] CALLABLE_PART expanded_parts/__callable/semantic_conversion_lookup_group_1.o
[353/492] CALLABLE_PART expanded_parts/__callable/semantic_callable_candidates_group_1.o
[354/492] CALLABLE_PART expanded_parts/__callable/semantic_lookup_manifest_generated_group_0.o
[355/492] CALLABLE_PART expanded_parts/__callable/semantic_conversion_lookup_group_2.o
[356/492] CALLABLE_PART expanded_parts/__callable/semantic_lookup_manifest_generated_group_1.o
[357/492] CALLABLE_PART expanded_parts/__callable/semantic_module_api_lookup_group_0.o
[358/492] CALLABLE_PART expanded_parts/__callable/semantic_module_api_lookup_group_1.o
[359/492] CALLABLE_PART expanded_parts/__callable/semantic_module_api_lookup_group_3.o
[360/492] CALLABLE_PART expanded_parts/__callable/semantic_operator_lookup_group_0.o
[361/492] CALLABLE_PART expanded_parts/__callable/semantic_operator_lookup_group_1.o
[362/492] CALLABLE_PART expanded_parts/__callable/semantic_operator_lookup_group_2.o
[363/492] CALLABLE_PART expanded_parts/__callable/semantic_operator_lookup_group_5.o
[364/492] CALLABLE_PART expanded_parts/__callable/semantic_operator_lookup_group_3.o
[365/492] CALLABLE_PART expanded_parts/__callable/semantic_module_api_lookup_group_2.o
[366/492] CALLABLE_PART expanded_parts/__callable/semantic_runtime_abi_bridge_group_1.o
[367/492] CALLABLE_PART expanded_parts/__callable/semantic_operator_lookup_group_4.o
[368/492] CALLABLE_PART expanded_parts/__callable/semantic_runtime_abi_bridge_group_0.o
[369/492] CALLABLE_PART expanded_parts/__callable/semantic_runtime_abi_bridge_group_2.o
[370/492] CALLABLE_PART expanded_parts/__callable/semantic_runtime_abi_bridge_group_3.o
[371/492] CALLABLE_PART expanded_parts/__callable/semantic_runtime_abi_bridge_group_5.o
[372/492] CALLABLE_PART expanded_parts/__callable/semantic_runtime_abi_bridge_group_4.o
[373/492] CALLABLE_PART expanded_parts/__callable/semantic_runtime_abi_declarations_group_0.o
[374/492] CALLABLE_PART expanded_parts/__callable/semantic_runtime_abi_declarations_group_1.o
[375/492] CALLABLE_PART expanded_parts/__callable/semantic_runtime_abi_declarations_group_2.o
[376/492] CALLABLE_PART expanded_parts/__callable/semantic_type_ref_providers_group_0.o
[377/492] CALLABLE_PART expanded_parts/__callable/semantic_type_ref_providers_group_1.o
[378/492] CALLABLE_PART expanded_parts/__callable/gate_result_inspection_helpers_group_0.o
[379/492] CALLABLE_PART expanded_parts/__callable/semantic_type_ref_providers_group_2.o
[380/492] CALLABLE_PART expanded_parts/__callable/semantic_type_ref_providers_group_3.o
[381/492] CALLABLE_PART expanded_parts/__callable/gate_profile_helpers_group_0.o
[382/492] CALLABLE_PART expanded_parts/__callable/frontend_model_tables_group_1.o
[383/492] CALLABLE_PART expanded_parts/__callable/backend_request_row_lists_group_0.o
[384/492] CALLABLE_PART expanded_parts/__callable/frontend_model_tables_group_0.o
[385/492] CALLABLE_PART expanded_parts/__callable/backend_request_row_lists_group_1.o
[386/492] CALLABLE_PART expanded_parts/__callable/frontend_model_tables_group_3.o
[387/492] CALLABLE_PART expanded_parts/__callable/frontend_model_tables_group_2.o
[388/492] CALLABLE_PART expanded_parts/__callable/frontend_model_tables_group_4.o
[389/492] CALLABLE_PART expanded_parts/__callable/frontend_model_tables_group_5.o
[390/492] CALLABLE_PART expanded_parts/__callable/frontend_model_tables_group_8.o
[391/492] CALLABLE_PART expanded_parts/__callable/frontend_model_tables_group_6.o
[392/492] CALLABLE_PART expanded_parts/__callable/frontend_model_tables_group_7.o
[393/492] CALLABLE_PART expanded_parts/__callable/structure_row_ids_group_0.o
[394/492] CALLABLE_PART expanded_parts/__callable/frontend_node_lists_group_1.o
[395/492] CALLABLE_PART expanded_parts/__callable/frontend_node_lists_group_2.o
[396/492] CALLABLE_PART expanded_parts/__callable/frontend_node_lists_group_3.o
[397/492] CALLABLE_PART expanded_parts/__callable/frontend_node_lists_group_0.o
[398/492] CALLABLE_PART expanded_parts/__callable/structure_row_ids_group_1.o
[399/492] CALLABLE_PART expanded_parts/__callable/row_segment_policy_group_0.o
[400/492] CALLABLE_PART expanded_parts/__callable/row_segment_policy_group_1.o
[401/492] CALLABLE_PART expanded_parts/__callable/token_row_lists_group_0.o
[402/492] CALLABLE_PART expanded_parts/__callable/token_row_lists_group_2.o
[403/492] CALLABLE_PART expanded_parts/__callable/token_row_lists_group_1.o
[404/492] CALLABLE_PART expanded_parts/__callable/token_tables_group_1.o
[405/492] CALLABLE_PART expanded_parts/__callable/token_tables_group_0.o
[406/492] CALLABLE_PART expanded_parts/__callable/token_tables_group_3.o
[407/492] CALLABLE_PART expanded_parts/__callable/token_tables_group_2.o
[408/492] CALLABLE_PART expanded_parts/compile/model/source_units/part_0.o
[409/492] CALLABLE_PART expanded_parts/compile/model/source_units/part_1.o
[410/492] CALLABLE_PART expanded_parts/compile/model/source_units/part_2.o
[411/492] CALLABLE_PART expanded_parts/compile/model/source_units/part_4.o
[412/492] CALLABLE_PART expanded_parts/compile/model/source_units/part_3.o
[413/492] CALLABLE_PART expanded_parts/compile/model/project_symbol_index/part_2.o
[414/492] CALLABLE_PART expanded_parts/compile/model/project_symbol_index/part_0.o
[415/492] CALLABLE_PART expanded_parts/compile/model/project_symbol_index/part_3.o
[416/492] CALLABLE_PART expanded_parts/compile/incremental/resident_source_unit_frontend_payload_tables/part_0.o
[417/492] CALLABLE_PART expanded_parts/compile/model/project_symbol_index/part_4.o
[418/492] CALLABLE_PART expanded_parts/compile/incremental/resident_source_unit_frontend_payload_tables/part_1.o
[419/492] CALLABLE_PART expanded_parts/compile/model/project_symbol_index/part_1.o
[420/492] CALLABLE_PART expanded_parts/compile/incremental/resident_source_unit_frontend_payload_tables/part_2.o
[421/492] CALLABLE_PART expanded_parts/compile/incremental/resident_source_unit_frontend_payload_tables/part_3.o
[422/492] CALLABLE_PART expanded_parts/compile/incremental/resident_source_unit_frontend_payload_tables/part_6.o
[423/492] CALLABLE_PART expanded_parts/compile/incremental/resident_source_unit_frontend_payload_tables/part_7.o
[424/492] CALLABLE_PART expanded_parts/compile/incremental/resident_source_unit_frontend_payload_tables/part_5.o
[425/492] CALLABLE_PART expanded_parts/compile/incremental/resident_source_unit_frontend_payload_tables/part_9.o
[426/492] CALLABLE_PART expanded_parts/compile/incremental/resident_source_unit_frontend_payload_tables/part_8.o
[427/492] CALLABLE_PART expanded_parts/compile/incremental/resident_source_unit_frontend_payload_tables/part_4.o
[428/492] CALLABLE_PART expanded_parts/compile/incremental/resident_source_unit_frontend_payload_tables/part_11.o
[429/492] CALLABLE_PART expanded_parts/compile/incremental/resident_source_unit_frontend_payload_tables/part_10.o
[430/492] CALLABLE_PART expanded_parts/compile/incremental/resident_source_unit_frontend_payload_tables/part_14.o
[431/492] CALLABLE_PART expanded_parts/compile/incremental/resident_source_unit_frontend_payload_tables/part_12.o
[432/492] CALLABLE_PART expanded_parts/compile/incremental/resident_source_unit_frontend_payload_tables/part_13.o
[433/492] CALLABLE_PART expanded_parts/compile/incremental/resident_source_unit_frontend_payload_tables/part_15.o
[434/492] CALLABLE_PART expanded_parts/compile/incremental/resident_source_unit_frontend_payload_tables/part_16.o
[435/492] CALLABLE_PART expanded_parts/compile/incremental/resident_source_unit_frontend_payload_tables/part_17.o
[436/492] CALLABLE_PART expanded_parts/compile/incremental/resident_source_unit_frontend_payload_tables/part_20.o
[437/492] CALLABLE_PART expanded_parts/compile/backend/llvm_text_from_plan/part_0.o
[438/492] CALLABLE_PART expanded_parts/compile/backend/llvm_text_from_plan/part_2.o
[439/492] CALLABLE_PART expanded_parts/compile/incremental/resident_source_unit_frontend_payload_tables/part_18.o
[440/492] CALLABLE_PART expanded_parts/compile/backend/llvm_text_from_plan/part_4.o
[441/492] CALLABLE_PART expanded_parts/compile/incremental/resident_source_unit_frontend_payload_tables/part_19.o
[442/492] CALLABLE_PART expanded_parts/compile/backend/llvm_text_from_plan/part_3.o
[443/492] CALLABLE_PART expanded_parts/compile/backend/llvm_text_from_plan/part_1.o
[444/492] CALLABLE_PART expanded_parts/compile/backend/llvm_text_from_plan/part_5.o
[445/492] CALLABLE_PART expanded_parts/compile/backend/llvm_text_from_plan/part_6.o
[446/492] CALLABLE_PART expanded_parts/compile/backend/llvm_text_from_plan/part_7.o
[447/492] CALLABLE_PART expanded_parts/compile/backend/llvm_text_from_plan/part_8.o
[448/492] CALLABLE_PART expanded_parts/compile/backend/llvm_text_from_plan/part_10.o
[449/492] CALLABLE_PART expanded_parts/compile/backend/llvm_text_from_plan/part_11.o
[450/492] CALLABLE_PART expanded_parts/compile/backend/llvm_text_from_plan/part_15.o
[451/492] CALLABLE_PART expanded_parts/compile/backend/llvm_text_from_plan/part_14.o
[452/492] CALLABLE_PART expanded_parts/compile/backend/llvm_text_from_plan/part_12.o
[453/492] CALLABLE_PART expanded_parts/compile/backend/llvm_text_from_plan/part_9.o
[454/492] CALLABLE_PART expanded_parts/compile/backend/backend_object_link_cache/part_0.o
[455/492] CALLABLE_PART expanded_parts/compile/backend/llvm_text_from_plan/part_13.o
[456/492] CALLABLE_PART expanded_parts/compile/backend/llvm_text_from_plan/part_16.o
[457/492] CALLABLE_PART expanded_parts/compile/backend/backend_object_link_cache/part_1.o
[458/492] CALLABLE_PART expanded_parts/compile/backend/backend_object_link_cache/part_3.o
[459/492] CALLABLE_PART expanded_parts/compile/backend/backend_object_link_cache/part_2.o
[460/492] CALLABLE_PART expanded_parts/compile/backend/lowering_plan/part_0.o
[461/492] CALLABLE_PART expanded_parts/compile/backend/lowering_plan/part_1.o
[462/492] CALLABLE_PART expanded_parts/compile/capabilities/storage_lifetime_readiness/part_1.o
[463/492] CALLABLE_PART expanded_parts/compile/capabilities/storage_lifetime_readiness/part_0.o
[464/492] CALLABLE_PART expanded_parts/compile/backend/lowering_plan/part_2.o
[465/492] CALLABLE_PART expanded_parts/compile/backend/lowering_plan/part_3.o
[466/492] CALLABLE_PART expanded_parts/compile/capabilities/storage_lifetime_readiness/part_2.o
[467/492] CALLABLE_PART expanded_parts/compile/backend/lowering_plan/part_4.o
[468/492] CALLABLE_PART expanded_parts/compile/capabilities/type_capability_readiness/part_0.o
[469/492] CALLABLE_PART expanded_parts/compile/capabilities/type_capability_readiness/part_1.o
[470/492] CALLABLE_PART expanded_parts/compile/capabilities/storage_lifetime_readiness/part_3.o
[471/492] CALLABLE_PART expanded_parts/compile/capabilities/type_capability_readiness/part_4.o
[472/492] CALLABLE_PART expanded_parts/compile/capabilities/type_capability_readiness/part_2.o
[473/492] CALLABLE_PART expanded_parts/compile/capabilities/type_capability_readiness/part_3.o
[474/492] CALLABLE_PART expanded_parts/compile/capabilities/type_capability_readiness/part_6.o
[475/492] CALLABLE_PART expanded_parts/compile/capabilities/type_capability_readiness/part_5.o
[476/492] CALLABLE_PART expanded_parts/compile/capabilities/type_capability_readiness/part_7.o
[477/492] CALLABLE_PART expanded_parts/compile/capabilities/type_capability_readiness/part_8.o
[478/492] CALLABLE_PART expanded_parts/compile/capabilities/type_capability_readiness/part_12.o
[479/492] CALLABLE_PART expanded_parts/compile/capabilities/type_capability_readiness/part_9.o
[480/492] CALLABLE_PART expanded_parts/compile/capabilities/type_capability_readiness/part_10.o
[481/492] CALLABLE_PART expanded_parts/compile/capabilities/type_capability_readiness/part_11.o
[482/492] CALLABLE_PART expanded_parts/compile/capabilities/type_capability_readiness/part_13.o
[483/492] CALLABLE_PART expanded_parts/compile/incremental/resident_source_unit_symbol_states/part_0.o
[484/492] CALLABLE_PART expanded_parts/compile/incremental/resident_source_unit_symbol_states/part_2.o
[485/492] CALLABLE_PART expanded_parts/compile/model/project_reference_resolution/part_0.o
[486/492] CALLABLE_PART expanded_parts/compile/model/project_reference_resolution/part_1.o
[487/492] CALLABLE_PART expanded_parts/compile/model/project_reference_resolution/part_3.o
[488/492] CALLABLE_PART expanded_parts/compile/incremental/resident_source_unit_symbol_states/part_1.o
[489/492] CALLABLE_PART expanded_parts/compile/model/project_reference_resolution/part_2.o
[490/492] CALLABLE_PART expanded_parts/compile/model/project_reference_resolution/part_4.o
[491/492] CALLABLE_PART expanded_parts/compile/model/project_reference_resolution/part_5.o
[492/492] LINK main
