["1","1",[],""]
["1","1:0",[0],"0"]
["1","1:1",[1],"1"]
["1","1:1.23",[1,23],"1.23"]
["1","1:12.3",[12,3],"12.3"]
["1","1:0.0",[0,0],"0.0"]
["1","1:3.4.5",[3,4,5],"3.4.5"]
["1","1:9223372036854775807",[9223372036854775807],"9223372036854775807"]
["1:0","1:0",[0],"0"]
["1:0","1:0.0",[0,0],"0.0"]
["1:0","1:0.1",[0,1],"0.1"]
["1:0","1:0.1.23",[0,1,23],"0.1.23"]
["1:0","1:0.12.3",[0,12,3],"0.12.3"]
["1:0","1:0.0.0",[0,0,0],"0.0.0"]
["1:0","1:0.3.4.5",[0,3,4,5],"0.3.4.5"]
["1:0","1:0.9223372036854775807",[0,9223372036854775807],"0.9223372036854775807"]
["1:1","1:1",[1],"1"]
["1:1","1:1.0",[1,0],"1.0"]
["1:1","1:1.1",[1,1],"1.1"]
["1:1","1:1.1.23",[1,1,23],"1.1.23"]
["1:1","1:1.12.3",[1,12,3],"1.12.3"]
["1:1","1:1.0.0",[1,0,0],"1.0.0"]
["1:1","1:1.3.4.5",[1,3,4,5],"1.3.4.5"]
["1:1","1:1.9223372036854775807",[1,9223372036854775807],"1.9223372036854775807"]
["1:1.23","1:1.23",[1,23],"1.23"]
["1:1.23","1:1.23.0",[1,23,0],"1.23.0"]
["1:1.23","1:1.23.1",[1,23,1],"1.23.1"]
["1:1.23","1:1.23.1.23",[1,23,1,23],"1.23.1.23"]
["1:1.23","1:1.23.12.3",[1,23,12,3],"1.23.12.3"]
["1:1.23","1:1.23.0.0",[1,23,0,0],"1.23.0.0"]
["1:1.23","1:1.23.3.4.5",[1,23,3,4,5],"1.23.3.4.5"]
["1:1.23","1:1.23.9223372036854775807",[1,23,9223372036854775807],"1.23.9223372036854775807"]
["1:12.3","1:12.3",[12,3],"12.3"]
["1:12.3","1:12.3.0",[12,3,0],"12.3.0"]
["1:12.3","1:12.3.1",[12,3,1],"12.3.1"]
["1:12.3","1:12.3.1.23",[12,3,1,23],"12.3.1.23"]
["1:12.3","1:12.3.12.3",[12,3,12,3],"12.3.12.3"]
["1:12.3","1:12.3.0.0",[12,3,0,0],"12.3.0.0"]
["1:12.3","1:12.3.3.4.5",[12,3,3,4,5],"12.3.3.4.5"]
["1:12.3","1:12.3.9223372036854775807",[12,3,9223372036854775807],"12.3.9223372036854775807"]
["1:0.0","1:0.0",[0,0],"0.0"]
["1:0.0","1:0.0.0",[0,0,0],"0.0.0"]
["1:0.0","1:0.0.1",[0,0,1],"0.0.1"]
["1:0.0","1:0.0.1.23",[0,0,1,23],"0.0.1.23"]
["1:0.0","1:0.0.12.3",[0,0,12,3],"0.0.12.3"]
["1:0.0","1:0.0.0.0",[0,0,0,0],"0.0.0.0"]
["1:0.0","1:0.0.3.4.5",[0,0,3,4,5],"0.0.3.4.5"]
["1:0.0","1:0.0.9223372036854775807",[0,0,9223372036854775807],"0.0.9223372036854775807"]
["1:3.4.5","1:3.4.5",[3,4,5],"3.4.5"]
["1:3.4.5","1:3.4.5.0",[3,4,5,0],"3.4.5.0"]
["1:3.4.5","1:3.4.5.1",[3,4,5,1],"3.4.5.1"]
["1:3.4.5","1:3.4.5.1.23",[3,4,5,1,23],"3.4.5.1.23"]
["1:3.4.5","1:3.4.5.12.3",[3,4,5,12,3],"3.4.5.12.3"]
["1:3.4.5","1:3.4.5.0.0",[3,4,5,0,0],"3.4.5.0.0"]
["1:3.4.5","1:3.4.5.3.4.5",[3,4,5,3,4,5],"3.4.5.3.4.5"]
["1:3.4.5","1:3.4.5.9223372036854775807",[3,4,5,9223372036854775807],"3.4.5.9223372036854775807"]
["1:9223372036854775807","1:9223372036854775807",[9223372036854775807],"9223372036854775807"]
["1:9223372036854775807","1:9223372036854775807.0",[9223372036854775807,0],"9223372036854775807.0"]
["1:9223372036854775807","1:9223372036854775807.1",[9223372036854775807,1],"9223372036854775807.1"]
["1:9223372036854775807","1:9223372036854775807.1.23",[9223372036854775807,1,23],"9223372036854775807.1.23"]
["1:9223372036854775807","1:9223372036854775807.12.3",[9223372036854775807,12,3],"9223372036854775807.12.3"]
["1:9223372036854775807","1:9223372036854775807.0.0",[9223372036854775807,0,0],"9223372036854775807.0.0"]
["1:9223372036854775807","1:9223372036854775807.3.4.5",[9223372036854775807,3,4,5],"9223372036854775807.3.4.5"]
["1:9223372036854775807","1:9223372036854775807.9223372036854775807",[9223372036854775807,9223372036854775807],"9223372036854775807.9223372036854775807"]
["4","4",[],""]
["4","4:0",[0],"0"]
["4","4:1",[1],"1"]
["4","4:1.23",[1,23],"1.23"]
["4","4:12.3",[12,3],"12.3"]
["4","4:0.0",[0,0],"0.0"]
["4","4:3.4.5",[3,4,5],"3.4.5"]
["4","4:9223372036854775807",[9223372036854775807],"9223372036854775807"]
["4:0","4:0",[0],"0"]
["4:0","4:0.0",[0,0],"0.0"]
["4:0","4:0.1",[0,1],"0.1"]
["4:0","4:0.1.23",[0,1,23],"0.1.23"]
["4:0","4:0.12.3",[0,12,3],"0.12.3"]
["4:0","4:0.0.0",[0,0,0],"0.0.0"]
["4:0","4:0.3.4.5",[0,3,4,5],"0.3.4.5"]
["4:0","4:0.9223372036854775807",[0,9223372036854775807],"0.9223372036854775807"]
["4:1","4:1",[1],"1"]
["4:1","4:1.0",[1,0],"1.0"]
["4:1","4:1.1",[1,1],"1.1"]
["4:1","4:1.1.23",[1,1,23],"1.1.23"]
["4:1","4:1.12.3",[1,12,3],"1.12.3"]
["4:1","4:1.0.0",[1,0,0],"1.0.0"]
["4:1","4:1.3.4.5",[1,3,4,5],"1.3.4.5"]
["4:1","4:1.9223372036854775807",[1,9223372036854775807],"1.9223372036854775807"]
["4:1.23","4:1.23",[1,23],"1.23"]
["4:1.23","4:1.23.0",[1,23,0],"1.23.0"]
["4:1.23","4:1.23.1",[1,23,1],"1.23.1"]
["4:1.23","4:1.23.1.23",[1,23,1,23],"1.23.1.23"]
["4:1.23","4:1.23.12.3",[1,23,12,3],"1.23.12.3"]
["4:1.23","4:1.23.0.0",[1,23,0,0],"1.23.0.0"]
["4:1.23","4:1.23.3.4.5",[1,23,3,4,5],"1.23.3.4.5"]
["4:1.23","4:1.23.9223372036854775807",[1,23,9223372036854775807],"1.23.9223372036854775807"]
["4:12.3","4:12.3",[12,3],"12.3"]
["4:12.3","4:12.3.0",[12,3,0],"12.3.0"]
["4:12.3","4:12.3.1",[12,3,1],"12.3.1"]
["4:12.3","4:12.3.1.23",[12,3,1,23],"12.3.1.23"]
["4:12.3","4:12.3.12.3",[12,3,12,3],"12.3.12.3"]
["4:12.3","4:12.3.0.0",[12,3,0,0],"12.3.0.0"]
["4:12.3","4:12.3.3.4.5",[12,3,3,4,5],"12.3.3.4.5"]
["4:12.3","4:12.3.9223372036854775807",[12,3,9223372036854775807],"12.3.9223372036854775807"]
["4:0.0","4:0.0",[0,0],"0.0"]
["4:0.0","4:0.0.0",[0,0,0],"0.0.0"]
["4:0.0","4:0.0.1",[0,0,1],"0.0.1"]
["4:0.0","4:0.0.1.23",[0,0,1,23],"0.0.1.23"]
["4:0.0","4:0.0.12.3",[0,0,12,3],"0.0.12.3"]
["4:0.0","4:0.0.0.0",[0,0,0,0],"0.0.0.0"]
["4:0.0","4:0.0.3.4.5",[0,0,3,4,5],"0.0.3.4.5"]
["4:0.0","4:0.0.9223372036854775807",[0,0,9223372036854775807],"0.0.9223372036854775807"]
["4:3.4.5","4:3.4.5",[3,4,5],"3.4.5"]
["4:3.4.5","4:3.4.5.0",[3,4,5,0],"3.4.5.0"]
["4:3.4.5","4:3.4.5.1",[3,4,5,1],"3.4.5.1"]
["4:3.4.5","4:3.4.5.1.23",[3,4,5,1,23],"3.4.5.1.23"]
["4:3.4.5","4:3.4.5.12.3",[3,4,5,12,3],"3.4.5.12.3"]
["4:3.4.5","4:3.4.5.0.0",[3,4,5,0,0],"3.4.5.0.0"]
["4:3.4.5","4:3.4.5.3.4.5",[3,4,5,3,4,5],"3.4.5.3.4.5"]
["4:3.4.5","4:3.4.5.9223372036854775807",[3,4,5,9223372036854775807],"3.4.5.9223372036854775807"]
["4:9223372036854775807","4:9223372036854775807",[9223372036854775807],"9223372036854775807"]
["4:9223372036854775807","4:9223372036854775807.0",[9223372036854775807,0],"9223372036854775807.0"]
["4:9223372036854775807","4:9223372036854775807.1",[9223372036854775807,1],"9223372036854775807.1"]
["4:9223372036854775807","4:9223372036854775807.1.23",[9223372036854775807,1,23],"9223372036854775807.1.23"]
["4:9223372036854775807","4:9223372036854775807.12.3",[9223372036854775807,12,3],"9223372036854775807.12.3"]
["4:9223372036854775807","4:9223372036854775807.0.0",[9223372036854775807,0,0],"9223372036854775807.0.0"]
["4:9223372036854775807","4:9223372036854775807.3.4.5",[9223372036854775807,3,4,5],"9223372036854775807.3.4.5"]
["4:9223372036854775807","4:9223372036854775807.9223372036854775807",[9223372036854775807,9223372036854775807],"9223372036854775807.9223372036854775807"]
true
true
true
true
true
true
true
true
true
true
false
false
false
true
false
false
true
false
true
true
false
false
false
false
true
false
true
true
false
false
false
false
true
false
false
false
true
false
false
false
true
true
false
false
false
true
false
false
true
false
false
false
false
false
true
false
true
false
false
false
false
false
false
true
false
false
false
false
false
false
false
false
false
false
false
false
false
false
false
false
false
false
false
false
false
false
false
false
false
false
false
false
false
false
false
false
false
false
false
false
false
false
false
false
false
false
false
false
false
false
false
false
false
false
false
false
false
false
false
false
false
false
false
false
false
false
false
false
false
false
false
false
false
false
false
false
false
false
false
false
false
false
false
false
false
false
false
false
false
false
false
false
false
false
false
false
false
false
false
false
false
false
false
false
false
false
false
false
false
false
false
false
false
false
false
false
false
false
false
false
false
false
false
false
false
false
false
false
false
false
false
false
true
true
true
true
true
true
true
true
true
true
false
false
false
true
false
false
true
false
true
true
false
false
false
false
true
false
true
true
false
false
false
false
true
false
false
false
true
false
false
false
true
true
false
false
false
true
false
false
true
false
false
false
false
false
true
false
true
false
false
false
false
false
false
true
[0,""]
[2,"0"]
[12,"3.4"]
[9223372036854775807,"9223372036854775807"]
[0,"0.0"]
false
false
false
false
false
false
false
false
false
false
false
false
false
false
false
false
false
false
false
false
false
false
false
false
[["0:","0:"],"0:|0:"]
[["0:","1:0"],"0:|1:0"]
[["0:","0:1"],"0:|0:1"]
[["0:","10:2"],"0:|10:2"]
[["0:","2:10"],"0:|2:10"]
[["0:","0:0.1"],"0:|0:0.1"]
[["0:","0:0.10"],"0:|0:0.10"]
[["0:","0:0.2"],"0:|0:0.2"]
[["0:","1:0"],"0:|1:0"]
[["1:0","1:0"],"1:0|1:0"]
[["0:1","1:0"],"0:1|1:0"]
[["10:2","1:0"],"10:2|1:0"]
[["1:0","2:10"],"1:0|2:10"]
[["0:0.1","1:0"],"0:0.1|1:0"]
[["0:0.10","1:0"],"0:0.10|1:0"]
[["0:0.2","1:0"],"0:0.2|1:0"]
[["0:","0:1"],"0:|0:1"]
[["0:1","1:0"],"0:1|1:0"]
[["0:1","0:1"],"0:1|0:1"]
[["0:1","10:2"],"0:1|10:2"]
[["0:1","2:10"],"0:1|2:10"]
[["0:0.1","0:1"],"0:0.1|0:1"]
[["0:0.10","0:1"],"0:0.10|0:1"]
[["0:0.2","0:1"],"0:0.2|0:1"]
[["0:","10:2"],"0:|10:2"]
[["10:2","1:0"],"10:2|1:0"]
[["0:1","10:2"],"0:1|10:2"]
[["10:2","10:2"],"10:2|10:2"]
[["10:2","2:10"],"10:2|2:10"]
[["0:0.1","10:2"],"0:0.1|10:2"]
[["0:0.10","10:2"],"0:0.10|10:2"]
[["0:0.2","10:2"],"0:0.2|10:2"]
[["0:","2:10"],"0:|2:10"]
[["1:0","2:10"],"1:0|2:10"]
[["0:1","2:10"],"0:1|2:10"]
[["10:2","2:10"],"10:2|2:10"]
[["2:10","2:10"],"2:10|2:10"]
[["0:0.1","2:10"],"0:0.1|2:10"]
[["0:0.10","2:10"],"0:0.10|2:10"]
[["0:0.2","2:10"],"0:0.2|2:10"]
[["0:","0:0.1"],"0:|0:0.1"]
[["0:0.1","1:0"],"0:0.1|1:0"]
[["0:0.1","0:1"],"0:0.1|0:1"]
[["0:0.1","10:2"],"0:0.1|10:2"]
[["0:0.1","2:10"],"0:0.1|2:10"]
[["0:0.1","0:0.1"],"0:0.1|0:0.1"]
[["0:0.1","0:0.10"],"0:0.1|0:0.10"]
[["0:0.1","0:0.2"],"0:0.1|0:0.2"]
[["0:","0:0.10"],"0:|0:0.10"]
[["0:0.10","1:0"],"0:0.10|1:0"]
[["0:0.10","0:1"],"0:0.10|0:1"]
[["0:0.10","10:2"],"0:0.10|10:2"]
[["0:0.10","2:10"],"0:0.10|2:10"]
[["0:0.1","0:0.10"],"0:0.1|0:0.10"]
[["0:0.10","0:0.10"],"0:0.10|0:0.10"]
[["0:0.10","0:0.2"],"0:0.10|0:0.2"]
[["0:","0:0.2"],"0:|0:0.2"]
[["0:0.2","1:0"],"0:0.2|1:0"]
[["0:0.2","0:1"],"0:0.2|0:1"]
[["0:0.2","10:2"],"0:0.2|10:2"]
[["0:0.2","2:10"],"0:0.2|2:10"]
[["0:0.1","0:0.2"],"0:0.1|0:0.2"]
[["0:0.10","0:0.2"],"0:0.10|0:0.2"]
[["0:0.2","0:0.2"],"0:0.2|0:0.2"]
"4"
"4:0"
"4:0.1"
"4"
"4:0"
"4:0"
"4:0.1"
[["1"],[]]
[["1"],[[0,[""]]]]
[["2","3"],[[1,[""]]]]
[[],[]]
[["1:0"],[[0,["0"]]]]
[["1:0.0"],[[0,["0.0"]]]]
[["1:0","2:0.0"],[[0,["0"]],[1,["0.0"]]]]
