[1/590] CXX expanded/__callable/llvm_text_from_plan_locations.o
[2/590] CXX expanded/compile/backend/backend_loop_text_emission.o
[3/590] clang++ -std=c++23 -fPIC -O0 -g1 -pipe -I../../../vendor/runtime/include -I../expanded/generated -DSCPP_LANGUAGE_TARGET_PHP=1 -DSCPP_HAS_MYSQLI=0 -DSCPP_HAS_REGEX=0 -DSCPP_HAS_CURL=0 -DSCPP_HAS_TASKS=1 -DSCPP_TASKS_DEFAULT_WORKER_POOL_SIZE=0 -DSCPP_HAS_UI=0 -DSCPP_HAS_WEBVIEW=0 -DSCPP_ENABLE_CALL_DEPTH_GUARD=1 -DSCPP_MAX_CALL_DEPTH=4096 -x c++-header -MD -MF expanded-project.pch.d ../expanded/generated/__project_units.hpp -o expanded-project.pch
[4/590] CALLABLE_PART expanded_parts/__callable/llvm_abi_call_lowering_group_0.o
[5/590] CALLABLE_PART expanded_parts/__callable/prepare_outputs_group_0.o
[6/590] CALLABLE_PART expanded_parts/__callable/runtime_abi_bridge_group_2.o
[7/590] CALLABLE_PART expanded_parts/__callable/runtime_helper_effects_group_0.o
[8/590] CALLABLE_PART expanded_parts/__callable/analysis_context_identity_group_0.o
[9/590] CALLABLE_PART expanded_parts/__callable/llvm_abi_declarations_group_0.o
[10/590] CALLABLE_PART expanded_parts/__callable/string_runtime_abi_group_0.o
[11/590] CALLABLE_PART expanded_parts/__callable/analysis_context_group_0.o
[12/590] CALLABLE_PART expanded_parts/__callable/runtime_abi_bridge_group_1.o
[13/590] CALLABLE_PART expanded_parts/__callable/runtime_abi_bridge_group_0.o
[14/590] CALLABLE_PART expanded_parts/main.o
[15/590] CALLABLE_PART expanded_parts/__callable/analysis_context_group_1.o
[16/590] CALLABLE_PART expanded_parts/__callable/backend_emission_adapter_routes_group_0.o
[17/590] CALLABLE_PART expanded_parts/__callable/backend_emission_decisions_group_1.o
[18/590] CALLABLE_PART expanded_parts/__callable/string_runtime_abi_group_1.o
[19/590] CALLABLE_PART expanded_parts/__callable/backend_emission_adapter_routes_group_1.o
[20/590] CALLABLE_PART expanded_parts/__callable/backend_emission_adapter_routes_group_2.o
[21/590] CALLABLE_PART expanded_parts/__callable/backend_emission_decisions_group_2.o
[22/590] CALLABLE_PART expanded_parts/__callable/backend_emission_decisions_group_0.o
[23/590] CALLABLE_PART expanded_parts/__callable/backend_emission_decisions_group_6.o
[24/590] CALLABLE_PART expanded_parts/__callable/backend_emission_decisions_group_4.o
[25/590] CALLABLE_PART expanded_parts/__callable/backend_emission_decisions_group_5.o
[26/590] CALLABLE_PART expanded_parts/__callable/backend_emission_decisions_group_3.o
[27/590] CALLABLE_PART expanded_parts/__callable/backend_loop_text_emission_group_0.o
[28/590] CALLABLE_PART expanded_parts/__callable/backend_object_link_cache_group_0.o
[29/590] CALLABLE_PART expanded_parts/__callable/backend_native_execution_adapter_group_1.o
[30/590] CALLABLE_PART expanded_parts/__callable/backend_native_execution_adapter_group_0.o
[31/590] CALLABLE_PART expanded_parts/__callable/backend_object_link_cache_group_6.o
[32/590] CALLABLE_PART expanded_parts/__callable/backend_object_link_cache_group_1.o
[33/590] CALLABLE_PART expanded_parts/__callable/backend_partition_readiness_group_0.o
[34/590] CALLABLE_PART expanded_parts/__callable/backend_module_composition_group_0.o
[35/590] CALLABLE_PART expanded_parts/__callable/backend_object_link_cache_group_5.o
[36/590] CALLABLE_PART expanded_parts/__callable/backend_object_link_cache_group_2.o
[37/590] CALLABLE_PART expanded_parts/__callable/backend_object_link_cache_group_3.o
[38/590] CALLABLE_PART expanded_parts/__callable/backend_partition_readiness_group_1.o
[39/590] CALLABLE_PART expanded_parts/__callable/backend_object_link_cache_group_4.o
[40/590] CALLABLE_PART expanded_parts/__callable/backend_preflight_requests_group_0.o
[41/590] CALLABLE_PART expanded_parts/__callable/backend_partition_readiness_group_2.o
[42/590] CALLABLE_PART expanded_parts/__callable/backend_preflight_requests_group_1.o
[43/590] CALLABLE_PART expanded_parts/__callable/backend_preflight_requests_group_2.o
[44/590] CALLABLE_PART expanded_parts/__callable/backend_preflight_requests_group_3.o
[45/590] CALLABLE_PART expanded_parts/__callable/backend_preflight_requests_group_5.o
[46/590] CALLABLE_PART expanded_parts/__callable/backend_preflight_requests_group_4.o
[47/590] CALLABLE_PART expanded_parts/__callable/backend_preflight_requests_group_6.o
[48/590] CALLABLE_PART expanded_parts/__callable/backend_preflight_requests_group_7.o
[49/590] CALLABLE_PART expanded_parts/__callable/backend_preflight_requests_group_9.o
[50/590] CALLABLE_PART expanded_parts/__callable/backend_preflight_requests_group_8.o
[51/590] CALLABLE_PART expanded_parts/__callable/backend_preflight_requests_group_10.o
[52/590] CALLABLE_PART expanded_parts/__callable/backend_preflight_requests_group_14.o
[53/590] CALLABLE_PART expanded_parts/__callable/backend_preflight_requests_group_13.o
[54/590] CALLABLE_PART expanded_parts/__callable/backend_preflight_requests_group_17.o
[55/590] CALLABLE_PART expanded_parts/__callable/backend_preflight_requests_group_11.o
[56/590] CALLABLE_PART expanded_parts/__callable/backend_preflight_requests_group_16.o
[57/590] CALLABLE_PART expanded_parts/__callable/backend_preflight_requests_group_12.o
[58/590] CALLABLE_PART expanded_parts/__callable/backend_preflight_requests_group_15.o
[59/590] CALLABLE_PART expanded_parts/__callable/compiler_entry_backend_group_2.o
[60/590] CALLABLE_PART expanded_parts/__callable/compiler_entry_backend_group_0.o
[61/590] CALLABLE_PART expanded_parts/__callable/llvm_api_sink_preflight_group_0.o
[62/590] CALLABLE_PART expanded_parts/__callable/llvm_api_sink_preflight_group_1.o
[63/590] CALLABLE_PART expanded_parts/__callable/compiler_entry_backend_group_1.o
[64/590] CALLABLE_PART expanded_parts/__callable/llvm_api_toolchain_probe_group_0.o
[65/590] CALLABLE_PART expanded_parts/__callable/llvm_api_sink_preflight_group_3.o
[66/590] CALLABLE_PART expanded_parts/__callable/llvm_text_from_plan_group_0.o
[67/590] CALLABLE_PART expanded_parts/__callable/llvm_api_toolchain_probe_group_2.o
[68/590] CALLABLE_PART expanded_parts/__callable/llvm_api_sink_preflight_group_2.o
[69/590] CALLABLE_PART expanded_parts/__callable/llvm_api_toolchain_probe_group_1.o
[70/590] CALLABLE_PART expanded_parts/__callable/llvm_text_from_plan_group_1.o
[71/590] CALLABLE_PART expanded_parts/__callable/llvm_text_from_plan_group_2.o
[72/590] CALLABLE_PART expanded_parts/__callable/llvm_text_from_plan_group_4.o
[73/590] CALLABLE_PART expanded_parts/__callable/llvm_text_from_plan_group_3.o
[74/590] CALLABLE_PART expanded_parts/__callable/llvm_text_from_plan_group_5.o
[75/590] CALLABLE_PART expanded_parts/__callable/llvm_text_from_plan_group_6.o
[76/590] CALLABLE_PART expanded_parts/__callable/llvm_text_from_plan_group_7.o
[77/590] CALLABLE_PART expanded_parts/__callable/llvm_text_from_plan_group_10.o
[78/590] CALLABLE_PART expanded_parts/__callable/llvm_text_from_plan_group_9.o
[79/590] CALLABLE_PART expanded_parts/__callable/llvm_text_from_plan_group_8.o
[80/590] CALLABLE_PART expanded_parts/__callable/llvm_text_from_plan_group_11.o
[81/590] CALLABLE_PART expanded_parts/__callable/llvm_text_from_plan_group_12.o
[82/590] CALLABLE_PART expanded_parts/__callable/llvm_text_from_plan_group_13.o
[83/590] CALLABLE_PART expanded_parts/__callable/llvm_text_from_plan_group_14.o
[84/590] CALLABLE_PART expanded_parts/__callable/llvm_text_from_plan_group_15.o
[85/590] CALLABLE_PART expanded_parts/__callable/llvm_text_from_plan_group_16.o
[86/590] CALLABLE_PART expanded_parts/__callable/llvm_text_from_plan_group_17.o
[87/590] CALLABLE_PART expanded_parts/__callable/llvm_text_from_plan_group_18.o
[88/590] CALLABLE_PART expanded_parts/__callable/llvm_text_from_plan_group_19.o
[89/590] CALLABLE_PART expanded_parts/__callable/llvm_text_from_plan_group_22.o
[90/590] CALLABLE_PART expanded_parts/__callable/llvm_text_from_plan_group_21.o
[91/590] CALLABLE_PART expanded_parts/__callable/llvm_text_from_plan_group_20.o
[92/590] CALLABLE_PART expanded_parts/__callable/llvm_text_from_plan_group_24.o
[93/590] CALLABLE_PART expanded_parts/__callable/llvm_text_from_plan_group_25.o
[94/590] CALLABLE_PART expanded_parts/__callable/llvm_text_from_plan_group_23.o
[95/590] CALLABLE_PART expanded_parts/__callable/llvm_text_from_plan_group_26.o
[96/590] CALLABLE_PART expanded_parts/__callable/llvm_text_from_plan_group_27.o
[97/590] CALLABLE_PART expanded_parts/__callable/llvm_text_from_plan_group_28.o
[98/590] CALLABLE_PART expanded_parts/__callable/local_body_lowering_group_0.o
[99/590] CALLABLE_PART expanded_parts/__callable/local_body_lowering_group_1.o
[100/590] CALLABLE_PART expanded_parts/__callable/local_body_lowering_group_2.o
[101/590] CALLABLE_PART expanded_parts/__callable/local_body_lowering_routes_group_0.o
[102/590] CALLABLE_PART expanded_parts/__callable/local_body_lowering_routes_group_1.o
[103/590] CALLABLE_PART expanded_parts/__callable/lowering_plan_group_1.o
[104/590] CALLABLE_PART expanded_parts/__callable/lowering_plan_group_0.o
[105/590] CALLABLE_PART expanded_parts/__callable/lowering_plan_group_2.o
[106/590] CALLABLE_PART expanded_parts/__callable/lowering_plan_group_3.o
[107/590] CALLABLE_PART expanded_parts/__callable/lowering_plan_group_4.o
[108/590] CALLABLE_PART expanded_parts/__callable/lowering_plan_group_6.o
[109/590] CALLABLE_PART expanded_parts/__callable/lowering_plan_group_5.o
[110/590] CALLABLE_PART expanded_parts/__callable/primitive_abi_adapter_matrix_group_0.o
[111/590] CALLABLE_PART expanded_parts/__callable/lowering_plan_group_7.o
[112/590] CALLABLE_PART expanded_parts/__callable/primitive_abi_adapter_matrix_group_1.o
[113/590] CALLABLE_PART expanded_parts/__callable/primitive_abi_adapter_matrix_group_2.o
[114/590] CALLABLE_PART expanded_parts/__callable/primitive_abi_adapter_matrix_group_3.o
[115/590] CALLABLE_PART expanded_parts/__callable/scalar_body_backend_collection_group_0.o
[116/590] CALLABLE_PART expanded_parts/__callable/scalar_body_statement_collection_group_0.o
[117/590] CALLABLE_PART expanded_parts/__callable/primitive_abi_adapter_matrix_group_4.o
[118/590] CALLABLE_PART expanded_parts/__callable/scalar_loop_backend_requests_group_0.o
[119/590] CALLABLE_PART expanded_parts/__callable/capability_consumer_plans_group_0.o
[120/590] CALLABLE_PART expanded_parts/__callable/scalar_body_statement_collection_group_1.o
[121/590] CALLABLE_PART expanded_parts/__callable/runtime_helper_contract_readiness_group_0.o
[122/590] CALLABLE_PART expanded_parts/__callable/runtime_helper_contract_readiness_group_1.o
[123/590] CALLABLE_PART expanded_parts/__callable/runtime_helper_contract_readiness_group_2.o
[124/590] CALLABLE_PART expanded_parts/__callable/storage_lifetime_readiness_group_0.o
[125/590] CALLABLE_PART expanded_parts/__callable/storage_lifetime_readiness_group_1.o
[126/590] CALLABLE_PART expanded_parts/__callable/storage_lifetime_readiness_group_2.o
[127/590] CALLABLE_PART expanded_parts/__callable/storage_lifetime_readiness_group_3.o
[128/590] CALLABLE_PART expanded_parts/__callable/storage_lifetime_readiness_group_4.o
[129/590] CALLABLE_PART expanded_parts/__callable/storage_lifetime_readiness_group_5.o
[130/590] CALLABLE_PART expanded_parts/__callable/type_capability_readiness_group_0.o
[131/590] CALLABLE_PART expanded_parts/__callable/storage_lifetime_readiness_group_7.o
[132/590] CALLABLE_PART expanded_parts/__callable/type_capability_readiness_group_1.o
[133/590] CALLABLE_PART expanded_parts/__callable/storage_lifetime_readiness_group_6.o
[134/590] CALLABLE_PART expanded_parts/__callable/type_capability_readiness_group_2.o
[135/590] CALLABLE_PART expanded_parts/__callable/type_capability_readiness_group_3.o
[136/590] CALLABLE_PART expanded_parts/__callable/type_capability_readiness_group_4.o
[137/590] CALLABLE_PART expanded_parts/__callable/type_capability_readiness_group_5.o
[138/590] CALLABLE_PART expanded_parts/__callable/type_capability_readiness_group_8.o
[139/590] CALLABLE_PART expanded_parts/__callable/type_capability_readiness_group_7.o
[140/590] CALLABLE_PART expanded_parts/__callable/type_capability_readiness_group_6.o
[141/590] CALLABLE_PART expanded_parts/__callable/type_capability_readiness_group_9.o
[142/590] CALLABLE_PART expanded_parts/__callable/type_capability_readiness_group_10.o
[143/590] CALLABLE_PART expanded_parts/__callable/type_capability_readiness_group_11.o
[144/590] CALLABLE_PART expanded_parts/__callable/type_capability_readiness_group_12.o
[145/590] CALLABLE_PART expanded_parts/__callable/type_capability_readiness_group_13.o
[146/590] CALLABLE_PART expanded_parts/__callable/type_capability_readiness_group_14.o
[147/590] CALLABLE_PART expanded_parts/__callable/type_capability_readiness_group_15.o
[148/590] CALLABLE_PART expanded_parts/__callable/type_capability_readiness_group_16.o
[149/590] CALLABLE_PART expanded_parts/__callable/type_capability_readiness_group_17.o
[150/590] CALLABLE_PART expanded_parts/__callable/type_capability_readiness_group_21.o
[151/590] CALLABLE_PART expanded_parts/__callable/type_capability_readiness_group_22.o
[152/590] CALLABLE_PART expanded_parts/__callable/type_capability_readiness_group_20.o
[153/590] CALLABLE_PART expanded_parts/__callable/type_capability_readiness_group_23.o
[154/590] CALLABLE_PART expanded_parts/__callable/type_capability_readiness_group_18.o
[155/590] CALLABLE_PART expanded_parts/__callable/type_traits_group_0.o
[156/590] CALLABLE_PART expanded_parts/__callable/type_traits_group_1.o
[157/590] CALLABLE_PART expanded_parts/__callable/type_traits_group_2.o
[158/590] CALLABLE_PART expanded_parts/__callable/type_capability_readiness_group_19.o
[159/590] CALLABLE_PART expanded_parts/__callable/type_traits_group_3.o
[160/590] CALLABLE_PART expanded_parts/__callable/type_traits_group_4.o
[161/590] CALLABLE_PART expanded_parts/__callable/type_traits_group_5.o
[162/590] CALLABLE_PART expanded_parts/__callable/control_flow_dataflows_group_0.o
[163/590] CALLABLE_PART expanded_parts/__callable/type_traits_group_6.o
[164/590] CALLABLE_PART expanded_parts/__callable/control_flow_dataflows_group_1.o
[165/590] CALLABLE_PART expanded_parts/__callable/control_flow_dataflows_group_2.o
[166/590] CALLABLE_PART expanded_parts/__callable/control_flow_graphs_group_0.o
[167/590] CALLABLE_PART expanded_parts/__callable/control_flow_dataflows_group_3.o
[168/590] CALLABLE_PART expanded_parts/__callable/control_flow_dataflows_group_4.o
[169/590] CALLABLE_PART expanded_parts/__callable/control_flow_graphs_group_1.o
[170/590] CALLABLE_PART expanded_parts/__callable/control_flow_graphs_group_2.o
[171/590] CALLABLE_PART expanded_parts/__callable/control_flow_graphs_group_3.o
[172/590] CALLABLE_PART expanded_parts/__callable/control_flow_transfers_group_0.o
[173/590] CALLABLE_PART expanded_parts/__callable/frontend_model_builder_group_0.o
[174/590] CALLABLE_PART expanded_parts/__callable/control_flow_transfers_group_1.o
[175/590] CALLABLE_PART expanded_parts/__callable/frontend_model_builder_group_1.o
[176/590] CALLABLE_PART expanded_parts/__callable/frontend_model_builder_group_3.o
[177/590] CALLABLE_PART expanded_parts/__callable/frontend_model_builder_group_2.o
[178/590] CALLABLE_PART expanded_parts/__callable/frontend_model_builder_group_4.o
[179/590] CALLABLE_PART expanded_parts/__callable/frontend_model_builder_group_5.o
[180/590] CALLABLE_PART expanded_parts/__callable/frontend_model_builder_group_6.o
[181/590] CALLABLE_PART expanded_parts/__callable/frontend_model_builder_group_7.o
[182/590] CALLABLE_PART expanded_parts/__callable/frontend_model_builder_group_8.o
[183/590] CALLABLE_PART expanded_parts/__callable/frontend_model_builder_group_9.o
[184/590] CALLABLE_PART expanded_parts/__callable/frontend_model_builder_group_10.o
[185/590] CALLABLE_PART expanded_parts/__callable/frontend_model_builder_group_11.o
[186/590] CALLABLE_PART expanded_parts/__callable/frontend_model_builder_group_12.o
[187/590] CALLABLE_PART expanded_parts/__callable/frontend_model_builder_group_13.o
[188/590] CALLABLE_PART expanded_parts/__callable/frontend_model_builder_group_14.o
[189/590] CALLABLE_PART expanded_parts/__callable/frontend_model_builder_group_15.o
[190/590] CALLABLE_PART expanded_parts/__callable/frontend_model_builder_group_16.o
[191/590] CALLABLE_PART expanded_parts/__callable/frontend_model_builder_group_17.o
[192/590] CALLABLE_PART expanded_parts/__callable/frontend_model_builder_group_20.o
[193/590] CALLABLE_PART expanded_parts/__callable/frontend_model_builder_group_18.o
[194/590] CALLABLE_PART expanded_parts/__callable/parser_cursor_group_0.o
[195/590] CALLABLE_PART expanded_parts/__callable/frontend_model_builder_group_19.o
[196/590] CALLABLE_PART expanded_parts/__callable/parser_diagnostics_group_0.o
[197/590] CALLABLE_PART expanded_parts/__callable/parser_state_group_1.o
[198/590] CALLABLE_PART expanded_parts/__callable/parser_diagnostics_group_1.o
[199/590] CALLABLE_PART expanded_parts/__callable/phs_tokenizer_group_0.o
[200/590] CALLABLE_PART expanded_parts/__callable/token_kinds_group_0.o
[201/590] CALLABLE_PART expanded_parts/__callable/parser_state_group_0.o
[202/590] CALLABLE_PART expanded_parts/__callable/phs_tokenizer_group_2.o
[203/590] CALLABLE_PART expanded_parts/__callable/phs_tokenizer_group_1.o
[204/590] CALLABLE_PART expanded_parts/__callable/mt_stage_evaluation_group_0.o
[205/590] CALLABLE_PART expanded_parts/__callable/deterministic_work_ordering_group_1.o
[206/590] CALLABLE_PART expanded_parts/__callable/deterministic_work_ordering_group_0.o
[207/590] CALLABLE_PART expanded_parts/__callable/mt_stage_evaluation_group_1.o
[208/590] CALLABLE_PART expanded_parts/__callable/mt_stage_evaluation_group_2.o
[209/590] CALLABLE_PART expanded_parts/__callable/mt_stage_evaluation_group_4.o
[210/590] CALLABLE_PART expanded_parts/__callable/mt_stage_evaluation_group_3.o
[211/590] CALLABLE_PART expanded_parts/__callable/partition_merge_reductions_group_3.o
[212/590] CALLABLE_PART expanded_parts/__callable/partition_merge_reductions_group_1.o
[213/590] CALLABLE_PART expanded_parts/__callable/partition_readiness_group_0.o
[214/590] CALLABLE_PART expanded_parts/__callable/partition_merge_reductions_group_0.o
[215/590] CALLABLE_PART expanded_parts/__callable/partition_merge_reductions_group_2.o
[216/590] CALLABLE_PART expanded_parts/__callable/partition_readiness_group_1.o
[217/590] CALLABLE_PART expanded_parts/__callable/partition_readiness_group_2.o
[218/590] CALLABLE_PART expanded_parts/__callable/partition_readiness_group_3.o
[219/590] CALLABLE_PART expanded_parts/__callable/partition_readiness_group_4.o
[220/590] CALLABLE_PART expanded_parts/__callable/partition_readiness_group_5.o
[221/590] CALLABLE_PART expanded_parts/__callable/resident_change_events_group_1.o
[222/590] CALLABLE_PART expanded_parts/__callable/resident_body_dependencies_group_0.o
[223/590] CALLABLE_PART expanded_parts/__callable/resident_change_events_group_0.o
[224/590] CALLABLE_PART expanded_parts/__callable/resident_daemon_file_ipc_group_1.o
[225/590] CALLABLE_PART expanded_parts/__callable/resident_daemon_file_ipc_group_0.o
[226/590] CALLABLE_PART expanded_parts/__callable/resident_change_events_group_2.o
[227/590] CALLABLE_PART expanded_parts/__callable/resident_daemon_file_ipc_group_2.o
[228/590] CALLABLE_PART expanded_parts/__callable/resident_daemon_file_ipc_group_3.o
[229/590] CALLABLE_PART expanded_parts/__callable/resident_daemon_file_ipc_group_4.o
[230/590] CALLABLE_PART expanded_parts/__callable/resident_daemon_file_ipc_group_5.o
[231/590] CALLABLE_PART expanded_parts/__callable/resident_daemon_file_ipc_group_6.o
[232/590] CALLABLE_PART expanded_parts/__callable/resident_daemon_file_ipc_group_7.o
[233/590] CALLABLE_PART expanded_parts/__callable/resident_daemon_file_ipc_group_11.o
[234/590] CALLABLE_PART expanded_parts/__callable/resident_daemon_file_ipc_group_9.o
[235/590] CALLABLE_PART expanded_parts/__callable/resident_daemon_file_ipc_group_8.o
[236/590] CALLABLE_PART expanded_parts/__callable/resident_daemon_file_ipc_group_10.o
[237/590] CALLABLE_PART expanded_parts/__callable/resident_definition_granularity_group_0.o
[238/590] CALLABLE_PART expanded_parts/__callable/resident_daemon_incremental_proof_group_0.o
[239/590] CALLABLE_PART expanded_parts/__callable/resident_definition_granularity_group_1.o
[240/590] CALLABLE_PART expanded_parts/__callable/resident_definition_granularity_group_2.o
[241/590] CALLABLE_PART expanded_parts/__callable/resident_definition_granularity_group_3.o
[242/590] CALLABLE_PART expanded_parts/__callable/resident_definition_granularity_group_4.o
[243/590] CALLABLE_PART expanded_parts/__callable/resident_definition_granularity_group_5.o
[244/590] CALLABLE_PART expanded_parts/__callable/resident_definition_granularity_group_6.o
[245/590] CALLABLE_PART expanded_parts/__callable/resident_dirty_propagation_group_0.o
[246/590] CALLABLE_PART expanded_parts/__callable/resident_dirty_propagation_group_1.o
[247/590] CALLABLE_PART expanded_parts/__callable/resident_dependency_edges_group_0.o
[248/590] CALLABLE_PART expanded_parts/__callable/resident_dirty_propagation_group_2.o
[249/590] CALLABLE_PART expanded_parts/__callable/resident_dirty_propagation_group_3.o
[250/590] CALLABLE_PART expanded_parts/__callable/resident_dirty_propagation_group_4.o
[251/590] CALLABLE_PART expanded_parts/__callable/resident_dirty_propagation_group_5.o
[252/590] CALLABLE_PART expanded_parts/__callable/resident_function_body_incremental_acceptance_group_0.o
[253/590] CALLABLE_PART expanded_parts/__callable/resident_dirty_propagation_group_6.o
[254/590] CALLABLE_PART expanded_parts/__callable/resident_frontend_node_lists_group_1.o
[255/590] CALLABLE_PART expanded_parts/__callable/resident_frontend_node_lists_group_0.o
[256/590] CALLABLE_PART expanded_parts/__callable/resident_function_body_incremental_acceptance_group_2.o
[257/590] CALLABLE_PART expanded_parts/__callable/resident_function_body_incremental_acceptance_group_3.o
[258/590] CALLABLE_PART expanded_parts/__callable/resident_function_body_local_parse_proofs_group_0.o
[259/590] CALLABLE_PART expanded_parts/__callable/resident_function_body_logical_frontend_consumer_descriptors_group_0.o
[260/590] CALLABLE_PART expanded_parts/__callable/resident_function_body_incremental_acceptance_group_1.o
[261/590] CALLABLE_PART expanded_parts/__callable/resident_function_body_local_parse_proofs_group_1.o
[262/590] CALLABLE_PART expanded_parts/__callable/resident_function_body_logical_frontend_consumer_descriptors_group_1.o
[263/590] CALLABLE_PART expanded_parts/__callable/resident_function_body_logical_frontend_reference_candidates_group_0.o
[264/590] CALLABLE_PART expanded_parts/__callable/resident_function_body_logical_frontend_consumer_descriptors_group_2.o
[265/590] CALLABLE_PART expanded_parts/__callable/resident_function_body_logical_frontend_consumer_descriptors_group_3.o
[266/590] CALLABLE_PART expanded_parts/__callable/resident_function_body_logical_frontend_views_group_0.o
[267/590] CALLABLE_PART expanded_parts/__callable/resident_function_body_logical_frontend_reference_candidates_group_1.o
[268/590] CALLABLE_PART expanded_parts/__callable/resident_function_body_mixed_frontend_assembly_proofs_group_0.o
[269/590] CALLABLE_PART expanded_parts/__callable/resident_function_body_mixed_frontend_assembly_proofs_group_2.o
[270/590] CALLABLE_PART expanded_parts/__callable/resident_function_body_logical_frontend_views_group_1.o
[271/590] CALLABLE_PART expanded_parts/__callable/resident_function_body_mixed_frontend_assembly_proofs_group_1.o
[272/590] CALLABLE_PART expanded_parts/__callable/resident_function_body_ownership_group_0.o
[273/590] CALLABLE_PART expanded_parts/__callable/resident_function_body_ownership_group_1.o
[274/590] CALLABLE_PART expanded_parts/__callable/resident_function_body_ownership_group_2.o
[275/590] CALLABLE_PART expanded_parts/__callable/resident_function_body_ownership_group_4.o
[276/590] CALLABLE_PART expanded_parts/__callable/resident_function_body_publish_repoint_preflights_group_0.o
[277/590] CALLABLE_PART expanded_parts/__callable/resident_function_body_ownership_group_3.o
[278/590] CALLABLE_PART expanded_parts/__callable/resident_function_body_parse_slices_group_0.o
[279/590] CALLABLE_PART expanded_parts/__callable/resident_function_body_parse_slices_group_1.o
[280/590] CALLABLE_PART expanded_parts/__callable/resident_function_body_publish_repoint_preflights_group_1.o
[281/590] CALLABLE_PART expanded_parts/__callable/resident_function_body_row_list_publish_plans_group_0.o
[282/590] CALLABLE_PART expanded_parts/__callable/resident_function_body_row_list_publish_plans_group_1.o
[283/590] CALLABLE_PART expanded_parts/__callable/resident_function_body_row_list_publish_plans_group_2.o
[284/590] CALLABLE_PART expanded_parts/__callable/resident_function_body_row_list_publish_results_group_0.o
[285/590] CALLABLE_PART expanded_parts/__callable/resident_function_body_row_list_publish_results_group_1.o
[286/590] CALLABLE_PART expanded_parts/__callable/resident_function_body_row_list_publish_results_group_2.o
[287/590] CALLABLE_PART expanded_parts/__callable/resident_function_body_stable_node_remap_proofs_group_0.o
[288/590] CALLABLE_PART expanded_parts/__callable/resident_function_body_summary_project_references_group_0.o
[289/590] CALLABLE_PART expanded_parts/__callable/resident_function_body_source_unit_repoint_proofs_group_0.o
[290/590] CALLABLE_PART expanded_parts/__callable/resident_function_body_source_unit_repoint_proofs_group_1.o
[291/590] CALLABLE_PART expanded_parts/__callable/resident_function_body_stable_node_remap_proofs_group_1.o
[292/590] CALLABLE_PART expanded_parts/__callable/resident_function_body_work_decisions_group_0.o
[293/590] CALLABLE_PART expanded_parts/__callable/resident_function_body_summary_project_references_group_1.o
[294/590] CALLABLE_PART expanded_parts/__callable/resident_function_body_work_decisions_group_1.o
[295/590] CALLABLE_PART expanded_parts/__callable/resident_function_body_work_decisions_group_2.o
[296/590] CALLABLE_PART expanded_parts/__callable/resident_function_body_work_decisions_group_3.o
[297/590] CALLABLE_PART expanded_parts/__callable/resident_project_symbol_name_lookups_group_0.o
[298/590] CALLABLE_PART expanded_parts/__callable/resident_project_symbol_name_lookups_group_1.o
[299/590] CALLABLE_PART expanded_parts/__callable/resident_public_surface_incremental_acceptance_group_0.o
[300/590] CALLABLE_PART expanded_parts/__callable/resident_recompute_targets_group_0.o
[301/590] CALLABLE_PART expanded_parts/__callable/resident_public_surface_incremental_acceptance_group_3.o
[302/590] CALLABLE_PART expanded_parts/__callable/resident_public_surface_incremental_acceptance_group_2.o
[303/590] CALLABLE_PART expanded_parts/__callable/resident_public_surface_incremental_acceptance_group_1.o
[304/590] CALLABLE_PART expanded_parts/__callable/resident_recompute_targets_group_1.o
[305/590] CALLABLE_PART expanded_parts/__callable/resident_reverse_dependencies_group_1.o
[306/590] CALLABLE_PART expanded_parts/__callable/resident_reverse_dependencies_group_0.o
[307/590] CALLABLE_PART expanded_parts/__callable/resident_recompute_targets_group_2.o
[308/590] CALLABLE_PART expanded_parts/__callable/resident_reverse_dependency_indexes_group_0.o
[309/590] CALLABLE_PART expanded_parts/__callable/resident_source_unit_frontend_payload_tables_group_0.o
[310/590] CALLABLE_PART expanded_parts/__callable/resident_reverse_dependency_indexes_group_1.o
[311/590] CALLABLE_PART expanded_parts/__callable/resident_source_unit_frontend_payload_tables_group_1.o
[312/590] CALLABLE_PART expanded_parts/__callable/resident_source_unit_frontend_payload_tables_group_2.o
[313/590] CALLABLE_PART expanded_parts/__callable/resident_source_unit_frontend_payload_tables_group_3.o
[314/590] CALLABLE_PART expanded_parts/__callable/resident_source_unit_frontend_payload_tables_group_4.o
[315/590] CALLABLE_PART expanded_parts/__callable/resident_source_unit_frontend_payload_tables_group_5.o
[316/590] CALLABLE_PART expanded_parts/__callable/resident_source_unit_frontend_payload_tables_group_7.o
[317/590] CALLABLE_PART expanded_parts/__callable/resident_source_unit_frontend_payload_tables_group_6.o
[318/590] CALLABLE_PART expanded_parts/__callable/resident_source_unit_frontend_payload_tables_group_9.o
[319/590] CALLABLE_PART expanded_parts/__callable/resident_source_unit_frontend_payload_tables_group_11.o
[320/590] CALLABLE_PART expanded_parts/__callable/resident_source_unit_frontend_payload_tables_group_12.o
[321/590] CALLABLE_PART expanded_parts/__callable/resident_source_unit_frontend_payload_tables_group_10.o
[322/590] CALLABLE_PART expanded_parts/__callable/resident_source_unit_frontend_payload_tables_group_13.o
[323/590] CALLABLE_PART expanded_parts/__callable/resident_source_unit_frontend_payload_tables_group_8.o
[324/590] CALLABLE_PART expanded_parts/__callable/resident_source_unit_frontend_payload_tables_group_14.o
[325/590] CALLABLE_PART expanded_parts/__callable/resident_source_unit_frontend_payload_tables_group_15.o
[326/590] CALLABLE_PART expanded_parts/__callable/resident_source_unit_frontend_payload_tables_group_17.o
[327/590] CALLABLE_PART expanded_parts/__callable/resident_source_unit_frontend_payload_tables_group_16.o
[328/590] CALLABLE_PART expanded_parts/__callable/resident_source_unit_frontend_payload_tables_group_18.o
[329/590] CALLABLE_PART expanded_parts/__callable/resident_source_unit_frontend_payload_tables_group_20.o
[330/590] CALLABLE_PART expanded_parts/__callable/resident_source_unit_frontend_payload_tables_group_19.o
[331/590] CALLABLE_PART expanded_parts/__callable/resident_source_unit_frontend_payload_tables_group_21.o
[332/590] CALLABLE_PART expanded_parts/__callable/resident_source_unit_frontend_payload_tables_group_22.o
[333/590] CALLABLE_PART expanded_parts/__callable/resident_source_unit_frontend_payload_tables_group_24.o
[334/590] CALLABLE_PART expanded_parts/__callable/resident_source_unit_frontend_payload_tables_group_27.o
[335/590] CALLABLE_PART expanded_parts/__callable/resident_source_unit_frontend_payload_tables_group_25.o
[336/590] CALLABLE_PART expanded_parts/__callable/resident_source_unit_frontend_payload_tables_group_23.o
[337/590] CALLABLE_PART expanded_parts/__callable/resident_source_unit_frontend_payload_tables_group_26.o
[338/590] CALLABLE_PART expanded_parts/__callable/resident_source_unit_frontend_payload_tables_group_28.o
[339/590] CALLABLE_PART expanded_parts/__callable/resident_source_unit_frontend_payload_tables_group_29.o
[340/590] CALLABLE_PART expanded_parts/__callable/resident_source_unit_frontend_payload_tables_group_31.o
[341/590] CALLABLE_PART expanded_parts/__callable/resident_source_unit_frontend_states_group_1.o
[342/590] CALLABLE_PART expanded_parts/__callable/resident_source_unit_frontend_payload_tables_group_30.o
[343/590] CALLABLE_PART expanded_parts/__callable/resident_source_unit_frontend_states_group_3.o
[344/590] CALLABLE_PART expanded_parts/__callable/resident_source_unit_frontend_states_group_2.o
[345/590] CALLABLE_PART expanded_parts/__callable/resident_source_unit_frontend_states_group_0.o
[346/590] CALLABLE_PART expanded_parts/__callable/resident_source_unit_symbol_states_group_0.o
[347/590] CALLABLE_PART expanded_parts/__callable/resident_source_unit_symbol_states_group_1.o
[348/590] CALLABLE_PART expanded_parts/__callable/resident_source_unit_symbol_states_group_4.o
[349/590] CALLABLE_PART expanded_parts/__callable/resident_source_unit_symbol_states_group_2.o
[350/590] CALLABLE_PART expanded_parts/__callable/resident_source_unit_symbol_states_group_3.o
[351/590] CALLABLE_PART expanded_parts/__callable/resident_token_lists_group_0.o
[352/590] CALLABLE_PART expanded_parts/__callable/resident_transactions_group_0.o
[353/590] CALLABLE_PART expanded_parts/__callable/resident_token_lists_group_1.o
[354/590] CALLABLE_PART expanded_parts/__callable/scheduler_api_group_0.o
[355/590] CALLABLE_PART expanded_parts/__callable/resident_transactions_group_2.o
[356/590] CALLABLE_PART expanded_parts/__callable/resident_transactions_group_1.o
[357/590] CALLABLE_PART expanded_parts/__callable/scheduler_api_group_1.o
[358/590] CALLABLE_PART expanded_parts/__callable/scheduler_api_group_2.o
[359/590] CALLABLE_PART expanded_parts/__callable/source_unit_early_skip_group_0.o
[360/590] CALLABLE_PART expanded_parts/__callable/source_unit_early_skip_group_1.o
[361/590] CALLABLE_PART expanded_parts/__callable/scheduler_api_group_4.o
[362/590] CALLABLE_PART expanded_parts/__callable/scheduler_api_group_3.o
[363/590] CALLABLE_PART expanded_parts/__callable/source_unit_early_skip_group_2.o
[364/590] CALLABLE_PART expanded_parts/__callable/source_unit_frontend_scheduler_group_0.o
[365/590] CALLABLE_PART expanded_parts/__callable/source_unit_early_skip_group_3.o
[366/590] CALLABLE_PART expanded_parts/__callable/source_unit_frontend_scheduler_group_2.o
[367/590] CALLABLE_PART expanded_parts/__callable/source_unit_frontend_scheduler_group_3.o
[368/590] CALLABLE_PART expanded_parts/__callable/source_unit_frontend_work_decisions_group_0.o
[369/590] CALLABLE_PART expanded_parts/__callable/source_unit_frontend_scheduler_group_1.o
[370/590] CALLABLE_PART expanded_parts/__callable/source_unit_frontend_work_decisions_group_1.o
[371/590] CALLABLE_PART expanded_parts/__callable/dependency_graph_identity_group_0.o
[372/590] CALLABLE_PART expanded_parts/__callable/callable_contract_identity_group_0.o
[373/590] CALLABLE_PART expanded_parts/__callable/source_unit_frontend_work_decisions_group_2.o
[374/590] CALLABLE_PART expanded_parts/__callable/frontend_body_summaries_group_0.o
[375/590] CALLABLE_PART expanded_parts/__callable/frontend_body_summaries_group_1.o
[376/590] CALLABLE_PART expanded_parts/__callable/frontend_body_summaries_group_3.o
[377/590] CALLABLE_PART expanded_parts/__callable/frontend_body_summaries_group_2.o
[378/590] CALLABLE_PART expanded_parts/__callable/project_callable_contracts_group_0.o
[379/590] CALLABLE_PART expanded_parts/__callable/frontend_body_summaries_group_4.o
[380/590] CALLABLE_PART expanded_parts/__callable/project_callable_contracts_group_1.o
[381/590] CALLABLE_PART expanded_parts/__callable/project_callable_contracts_group_2.o
[382/590] CALLABLE_PART expanded_parts/__callable/project_dependency_graph_group_1.o
[383/590] CALLABLE_PART expanded_parts/__callable/project_dependency_graph_group_0.o
[384/590] CALLABLE_PART expanded_parts/__callable/project_callable_contracts_group_3.o
[385/590] CALLABLE_PART expanded_parts/__callable/project_dependency_graph_group_3.o
[386/590] CALLABLE_PART expanded_parts/__callable/project_dependency_graph_group_2.o
[387/590] CALLABLE_PART expanded_parts/__callable/project_reference_resolution_group_0.o
[388/590] CALLABLE_PART expanded_parts/__callable/project_dependency_graph_group_4.o
[389/590] CALLABLE_PART expanded_parts/__callable/project_dependency_graph_group_5.o
[390/590] CALLABLE_PART expanded_parts/__callable/project_reference_resolution_group_1.o
[391/590] CALLABLE_PART expanded_parts/__callable/project_reference_resolution_group_2.o
[392/590] CALLABLE_PART expanded_parts/__callable/project_reference_resolution_group_3.o
[393/590] CALLABLE_PART expanded_parts/__callable/project_reference_resolution_group_4.o
[394/590] CALLABLE_PART expanded_parts/__callable/project_reference_resolution_group_5.o
[395/590] CALLABLE_PART expanded_parts/__callable/project_reference_resolution_group_9.o
[396/590] CALLABLE_PART expanded_parts/__callable/project_reference_resolution_group_6.o
[397/590] CALLABLE_PART expanded_parts/__callable/project_reference_resolution_group_7.o
[398/590] CALLABLE_PART expanded_parts/__callable/project_reference_resolution_group_8.o
[399/590] CALLABLE_PART expanded_parts/__callable/project_symbol_identity_group_0.o
[400/590] CALLABLE_PART expanded_parts/__callable/project_symbol_index_group_0.o
[401/590] CALLABLE_PART expanded_parts/__callable/project_symbol_index_group_1.o
[402/590] CALLABLE_PART expanded_parts/__callable/project_symbol_index_group_4.o
[403/590] CALLABLE_PART expanded_parts/__callable/project_symbol_index_group_5.o
[404/590] CALLABLE_PART expanded_parts/__callable/project_symbol_index_group_2.o
[405/590] CALLABLE_PART expanded_parts/__callable/project_symbol_index_group_3.o
[406/590] CALLABLE_PART expanded_parts/__callable/project_symbol_index_group_6.o
[407/590] CALLABLE_PART expanded_parts/__callable/reference_identity_group_0.o
[408/590] CALLABLE_PART expanded_parts/__callable/project_symbol_index_group_7.o
[409/590] CALLABLE_PART expanded_parts/__callable/project_symbol_index_group_8.o
[410/590] CALLABLE_PART expanded_parts/__callable/source_buffers_group_0.o
[411/590] CALLABLE_PART expanded_parts/__callable/source_identity_group_0.o
[412/590] CALLABLE_PART expanded_parts/__callable/source_identity_group_1.o
[413/590] CALLABLE_PART expanded_parts/__callable/source_units_group_0.o
[414/590] CALLABLE_PART expanded_parts/__callable/source_units_group_1.o
[415/590] CALLABLE_PART expanded_parts/__callable/source_units_group_2.o
[416/590] CALLABLE_PART expanded_parts/__callable/source_units_group_3.o
[417/590] CALLABLE_PART expanded_parts/__callable/source_units_group_8.o
[418/590] CALLABLE_PART expanded_parts/__callable/source_units_group_5.o
[419/590] CALLABLE_PART expanded_parts/__callable/source_units_group_7.o
[420/590] CALLABLE_PART expanded_parts/__callable/source_units_group_4.o
[421/590] CALLABLE_PART expanded_parts/__callable/type_ref_identity_group_0.o
[422/590] CALLABLE_PART expanded_parts/__callable/type_refs_group_0.o
[423/590] CALLABLE_PART expanded_parts/__callable/source_units_group_6.o
[424/590] CALLABLE_PART expanded_parts/__callable/type_refs_group_1.o
[425/590] CALLABLE_PART expanded_parts/__callable/type_refs_group_2.o
[426/590] CALLABLE_PART expanded_parts/__callable/type_refs_group_3.o
[427/590] CALLABLE_PART expanded_parts/__callable/type_refs_group_4.o
[428/590] CALLABLE_PART expanded_parts/__callable/operation_readiness_group_0.o
[429/590] CALLABLE_PART expanded_parts/__callable/operation_readiness_group_1.o
[430/590] CALLABLE_PART expanded_parts/__callable/type_refs_group_8.o
[431/590] CALLABLE_PART expanded_parts/__callable/type_refs_group_5.o
[432/590] CALLABLE_PART expanded_parts/__callable/type_refs_group_6.o
[433/590] CALLABLE_PART expanded_parts/__callable/type_refs_group_7.o
[434/590] CALLABLE_PART expanded_parts/__callable/operation_readiness_group_3.o
[435/590] CALLABLE_PART expanded_parts/__callable/operation_readiness_group_2.o
[436/590] CALLABLE_PART expanded_parts/__callable/operation_readiness_group_4.o
[437/590] CALLABLE_PART expanded_parts/__callable/operation_readiness_group_5.o
[438/590] CALLABLE_PART expanded_parts/__callable/operation_readiness_group_6.o
[439/590] CALLABLE_PART expanded_parts/__callable/operation_readiness_group_7.o
[440/590] CALLABLE_PART expanded_parts/__callable/compiler_pipeline_runner_group_0.o
[441/590] CALLABLE_PART expanded_parts/__callable/compiler_project_runner_group_0.o
[442/590] CALLABLE_PART expanded_parts/__callable/operation_readiness_group_8.o
[443/590] CALLABLE_PART expanded_parts/__callable/operation_readiness_group_9.o
[444/590] CALLABLE_PART expanded_parts/__callable/compiler_project_runner_group_2.o
[445/590] CALLABLE_PART expanded_parts/__callable/pipeline_config_helpers_group_1.o
[446/590] CALLABLE_PART expanded_parts/__callable/pipeline_config_helpers_group_2.o
[447/590] CALLABLE_PART expanded_parts/__callable/pipeline_config_helpers_group_0.o
[448/590] CALLABLE_PART expanded_parts/__callable/project_manifest_group_0.o
[449/590] CALLABLE_PART expanded_parts/__callable/compiler_project_runner_group_1.o
[450/590] CALLABLE_PART expanded_parts/__callable/project_manifest_group_1.o
[451/590] CALLABLE_PART expanded_parts/__callable/artifact_writes_group_0.o
[452/590] CALLABLE_PART expanded_parts/__callable/semantic_body_capability_consumers_group_0.o
[453/590] CALLABLE_PART expanded_parts/__callable/compiler_profile_events_group_0.o
[454/590] CALLABLE_PART expanded_parts/__callable/artifact_writes_group_2.o
[455/590] CALLABLE_PART expanded_parts/__callable/artifact_writes_group_1.o
[456/590] CALLABLE_PART expanded_parts/__callable/compiler_profile_events_group_1.o
[457/590] CALLABLE_PART expanded_parts/__callable/compiler_profile_events_group_2.o
[458/590] CALLABLE_PART expanded_parts/__callable/compiler_execution_artifacts_group_0.o
[459/590] CALLABLE_PART expanded_parts/__callable/compiler_export_artifacts_group_0.o
[460/590] CALLABLE_PART expanded_parts/__callable/debug_profile_gate_results_group_0.o
[461/590] CALLABLE_PART expanded_parts/__callable/compiler_project_run_row_artifacts_group_0.o
[462/590] CALLABLE_PART expanded_parts/__callable/debug_profile_gate_results_group_1.o
[463/590] CALLABLE_PART expanded_parts/__callable/output_paths_group_0.o
[464/590] CALLABLE_PART expanded_parts/__callable/mt_publication_metrics_group_0.o
[465/590] CALLABLE_PART expanded_parts/__callable/performance_memory_estimates_group_0.o
[466/590] CALLABLE_PART expanded_parts/__callable/performance_memory_estimates_group_1.o
[467/590] CALLABLE_PART expanded_parts/__callable/performance_memory_estimates_group_2.o
[468/590] CALLABLE_PART expanded_parts/__callable/production_mt_heartbeat_group_0.o
[469/590] CALLABLE_PART expanded_parts/__callable/proof_metrics_group_0.o
[470/590] CALLABLE_PART expanded_parts/__callable/production_mt_heartbeat_group_1.o
[471/590] CALLABLE_PART expanded_parts/__callable/performance_memory_estimates_group_3.o
[472/590] CALLABLE_PART expanded_parts/__callable/proof_metrics_group_1.o
[473/590] CALLABLE_PART expanded_parts/__callable/proof_metrics_group_2.o
[474/590] CALLABLE_PART expanded_parts/__callable/proof_metrics_group_3.o
[475/590] CALLABLE_PART expanded_parts/__callable/proof_metrics_group_4.o
[476/590] CALLABLE_PART expanded_parts/__callable/proof_metrics_group_5.o
[477/590] CALLABLE_PART expanded_parts/__callable/proof_metrics_group_6.o
[478/590] CALLABLE_PART expanded_parts/__callable/proof_metrics_group_7.o
[479/590] CALLABLE_PART expanded_parts/__callable/proof_metrics_group_8.o
[480/590] CALLABLE_PART expanded_parts/__callable/proof_metrics_group_9.o
[481/590] CALLABLE_PART expanded_parts/__callable/proof_metrics_group_10.o
[482/590] CALLABLE_PART expanded_parts/__callable/proof_metrics_group_11.o
[483/590] CALLABLE_PART expanded_parts/__callable/proof_metrics_group_12.o
[484/590] CALLABLE_PART expanded_parts/__callable/proof_metrics_group_13.o
[485/590] CALLABLE_PART expanded_parts/__callable/proof_metrics_group_15.o
[486/590] CALLABLE_PART expanded_parts/__callable/proof_metrics_group_14.o
[487/590] CALLABLE_PART expanded_parts/__callable/proof_metrics_group_16.o
[488/590] CALLABLE_PART expanded_parts/__callable/proof_metrics_group_17.o
[489/590] CALLABLE_PART expanded_parts/__callable/proof_metrics_group_18.o
[490/590] CALLABLE_PART expanded_parts/__callable/proof_metrics_group_19.o
[491/590] CALLABLE_PART expanded_parts/__callable/proof_metrics_group_21.o
[492/590] CALLABLE_PART expanded_parts/__callable/proof_metrics_group_22.o
[493/590] CALLABLE_PART expanded_parts/__callable/proof_metrics_group_20.o
[494/590] CALLABLE_PART expanded_parts/__callable/proof_metrics_group_23.o
[495/590] CALLABLE_PART expanded_parts/__callable/proof_metrics_group_24.o
[496/590] CALLABLE_PART expanded_parts/__callable/proof_metrics_group_25.o
[497/590] CALLABLE_PART expanded_parts/__callable/proof_metrics_group_26.o
[498/590] CALLABLE_PART expanded_parts/__callable/proof_metrics_group_27.o
[499/590] CALLABLE_PART expanded_parts/__callable/proof_metrics_group_28.o
[500/590] CALLABLE_PART expanded_parts/__callable/proof_metrics_group_29.o
[501/590] CALLABLE_PART expanded_parts/__callable/proof_metrics_group_30.o
[502/590] CALLABLE_PART expanded_parts/__callable/proof_metrics_group_31.o
[503/590] CALLABLE_PART expanded_parts/__callable/proof_metrics_group_33.o
[504/590] CALLABLE_PART expanded_parts/__callable/proof_metrics_group_32.o
[505/590] CALLABLE_PART expanded_parts/__callable/proof_metrics_group_35.o
[506/590] CALLABLE_PART expanded_parts/__callable/proof_metrics_group_34.o
[507/590] CALLABLE_PART expanded_parts/__callable/proof_metrics_group_36.o
[508/590] CALLABLE_PART expanded_parts/__callable/proof_metrics_group_37.o
[509/590] CALLABLE_PART expanded_parts/__callable/proof_metrics_group_38.o
[510/590] CALLABLE_PART expanded_parts/__callable/proof_metrics_group_39.o
[511/590] CALLABLE_PART expanded_parts/__callable/proof_metrics_group_40.o
[512/590] CALLABLE_PART expanded_parts/__callable/proof_metrics_group_41.o
[513/590] CALLABLE_PART expanded_parts/__callable/proof_metrics_group_42.o
[514/590] CALLABLE_PART expanded_parts/__callable/proof_metrics_group_43.o
[515/590] CALLABLE_PART expanded_parts/__callable/proof_metrics_group_44.o
[516/590] CALLABLE_PART expanded_parts/__callable/proof_metrics_group_46.o
[517/590] CALLABLE_PART expanded_parts/__callable/resident_snapshots_group_0.o
[518/590] CALLABLE_PART expanded_parts/__callable/proof_metrics_group_45.o
[519/590] CALLABLE_PART expanded_parts/__callable/pure_tdd_stage_artifacts_group_0.o
[520/590] CALLABLE_PART expanded_parts/__callable/resident_snapshots_group_1.o
[521/590] CALLABLE_PART expanded_parts/__callable/gate_result_debug_helpers_group_0.o
[522/590] CALLABLE_PART expanded_parts/__callable/source_files_group_0.o
[523/590] CALLABLE_PART expanded_parts/__callable/semantic_callable_candidates_group_1.o
[524/590] CALLABLE_PART expanded_parts/__callable/semantic_callable_candidates_group_0.o
[525/590] CALLABLE_PART expanded_parts/__callable/semantic_conversion_lookup_group_0.o
[526/590] CALLABLE_PART expanded_parts/__callable/semantic_conversion_lookup_group_2.o
[527/590] CALLABLE_PART expanded_parts/__callable/semantic_conversion_lookup_group_1.o
[528/590] CALLABLE_PART expanded_parts/__callable/semantic_lookup_manifest_generated_group_1.o
[529/590] CALLABLE_PART expanded_parts/__callable/semantic_lookup_manifest_generated_group_0.o
[530/590] CALLABLE_PART expanded_parts/__callable/semantic_module_api_lookup_group_0.o
[531/590] CALLABLE_PART expanded_parts/__callable/semantic_module_api_lookup_group_1.o
[532/590] CALLABLE_PART expanded_parts/__callable/semantic_operator_lookup_group_0.o
[533/590] CALLABLE_PART expanded_parts/__callable/semantic_module_api_lookup_group_3.o
[534/590] CALLABLE_PART expanded_parts/__callable/semantic_operator_lookup_group_1.o
[535/590] CALLABLE_PART expanded_parts/__callable/semantic_operator_lookup_group_2.o
[536/590] CALLABLE_PART expanded_parts/__callable/semantic_operator_lookup_group_3.o
[537/590] CALLABLE_PART expanded_parts/__callable/semantic_operator_lookup_group_5.o
[538/590] CALLABLE_PART expanded_parts/__callable/semantic_runtime_abi_bridge_group_0.o
[539/590] CALLABLE_PART expanded_parts/__callable/semantic_runtime_abi_bridge_group_1.o
[540/590] CALLABLE_PART expanded_parts/__callable/semantic_module_api_lookup_group_2.o
[541/590] CALLABLE_PART expanded_parts/__callable/semantic_operator_lookup_group_4.o
[542/590] CALLABLE_PART expanded_parts/__callable/semantic_runtime_abi_bridge_group_2.o
[543/590] CALLABLE_PART expanded_parts/__callable/semantic_runtime_abi_bridge_group_3.o
[544/590] CALLABLE_PART expanded_parts/__callable/semantic_runtime_abi_bridge_group_4.o
[545/590] CALLABLE_PART expanded_parts/__callable/semantic_runtime_abi_declarations_group_0.o
[546/590] CALLABLE_PART expanded_parts/__callable/semantic_runtime_abi_bridge_group_5.o
[547/590] CALLABLE_PART expanded_parts/__callable/semantic_runtime_abi_declarations_group_1.o
[548/590] CALLABLE_PART expanded_parts/__callable/semantic_type_ref_providers_group_0.o
[549/590] CALLABLE_PART expanded_parts/__callable/semantic_type_ref_providers_group_1.o
[550/590] CALLABLE_PART expanded_parts/__callable/semantic_runtime_abi_declarations_group_2.o
[551/590] CALLABLE_PART expanded_parts/__callable/gate_result_inspection_helpers_group_0.o
[552/590] CALLABLE_PART expanded_parts/__callable/gate_profile_helpers_group_0.o
[553/590] CALLABLE_PART expanded_parts/__callable/semantic_type_ref_providers_group_2.o
[554/590] CALLABLE_PART expanded_parts/__callable/semantic_type_ref_providers_group_3.o
[555/590] CALLABLE_PART expanded_parts/__callable/frontend_model_tables_group_0.o
[556/590] CALLABLE_PART expanded_parts/__callable/backend_request_row_lists_group_1.o
[557/590] CALLABLE_PART expanded_parts/__callable/frontend_model_tables_group_1.o
[558/590] CALLABLE_PART expanded_parts/__callable/backend_request_row_lists_group_0.o
[559/590] CALLABLE_PART expanded_parts/__callable/frontend_model_tables_group_4.o
[560/590] CALLABLE_PART expanded_parts/__callable/frontend_model_tables_group_3.o
[561/590] CALLABLE_PART expanded_parts/__callable/frontend_model_tables_group_5.o
[562/590] CALLABLE_PART expanded_parts/__callable/frontend_model_tables_group_7.o
[563/590] CALLABLE_PART expanded_parts/__callable/frontend_model_tables_group_8.o
[564/590] CALLABLE_PART expanded_parts/__callable/frontend_model_tables_group_2.o
[565/590] CALLABLE_PART expanded_parts/__callable/frontend_model_tables_group_6.o
[566/590] CALLABLE_PART expanded_parts/__callable/frontend_node_lists_group_0.o
[567/590] CALLABLE_PART expanded_parts/__callable/frontend_node_lists_group_2.o
[568/590] CALLABLE_PART expanded_parts/__callable/frontend_node_lists_group_3.o
[569/590] CALLABLE_PART expanded_parts/__callable/frontend_node_lists_group_1.o
[570/590] CALLABLE_PART expanded_parts/__callable/structure_row_ids_group_0.o
[571/590] CALLABLE_PART expanded_parts/__callable/structure_row_ids_group_1.o
[572/590] CALLABLE_PART expanded_parts/__callable/row_segment_policy_group_0.o
[573/590] CALLABLE_PART expanded_parts/__callable/row_segment_policy_group_1.o
[574/590] CALLABLE_PART expanded_parts/__callable/token_row_lists_group_0.o
[575/590] CALLABLE_PART expanded_parts/__callable/token_row_lists_group_2.o
[576/590] CALLABLE_PART expanded_parts/__callable/token_row_lists_group_1.o
[577/590] CALLABLE_PART expanded_parts/__callable/token_tables_group_1.o
[578/590] CALLABLE_PART expanded_parts/__callable/token_tables_group_0.o
[579/590] CALLABLE_PART expanded_parts/compile/model/source_units/part_0.o
[580/590] CALLABLE_PART expanded_parts/__callable/token_tables_group_3.o
[581/590] CALLABLE_PART expanded_parts/__callable/token_tables_group_2.o
[582/590] CALLABLE_PART expanded_parts/compile/backend/llvm_text_from_plan/part_0.o
[583/590] CALLABLE_PART expanded_parts/compile/incremental/resident_source_unit_frontend_payload_tables/part_0.o
[584/590] CALLABLE_PART expanded_parts/compile/backend/llvm_text_from_plan/part_20.o
[585/590] CALLABLE_PART expanded_parts/compile/backend/backend_object_link_cache/part_0.o
[586/590] CALLABLE_PART expanded_parts/compile/backend/lowering_plan/part_0.o
[587/590] CALLABLE_PART expanded_parts/compile/capabilities/storage_lifetime_readiness/part_0.o
[588/590] CALLABLE_PART expanded_parts/compile/capabilities/type_capability_readiness/part_0.o
[589/590] CALLABLE_PART expanded_parts/compile/model/project_reference_resolution/part_0.o
[590/590] LINK main
