Transpiled PHP files: 28, skipped unchanged: 0
Generated Ninja file: .prism/build/build.ninja
Using compiler: clang++-18 -fuse-ld=mold (gnu_like)
Using build mode: debug
Using build grouping policy: incremental (report_only)
Object cache: disabled (default disabled)
Using repo root: /tmp/scpp-json-240-probe
Resolved project dependency graph: 1 project(s)
Runtime compilation: enabled
Dependency compilation: reuse existing artifacts only
ninja: Entering directory `.prism/build'
[1/30] PCH app_pch.hpp.gch
[2/30] CXX src/04_analyze/resolve_types/definition_view.o
[3/30] CXX scpp_framework/collections.o
[4/30] CXX src/04_analyze/resolve_types/data/lifecycle_bodies.o
[5/30] CXX scpp_framework/exceptions.o
[6/30] CXX scpp_framework/filesystem.o
[7/30] CXX src/04_analyze/resolve_types/utilities/type_cache.o
[8/30] CXX src/04_analyze/type_model/data/context.o
[9/30] CXX src/04_analyze/type_model/data/definitions.o
[10/30] CXX scpp_framework/strings.o
[11/30] CXX scpp_framework/json_document.o
[12/30] CXX main.o
[13/30] CXX probe.o
[14/30] CXX src/04_analyze/resolve_types/record_definitions.o
[15/30] CXX src/04_analyze/resolve_types/lifecycle_composition.o
[16/30] CXX src/04_analyze/type_model/data/catalog.o
[17/30] CXX src/01_prepare_inputs/load_runtime/utilities/catalog_syntax.o
[18/30] CXX src/04_analyze/type_model/data/lifetime_policy_codec.o
[19/30] CXX src/04_analyze/type_model/data/lifecycle_roles.o
[20/30] CXX src/04_analyze/type_model/data/native_record_layout.o
[21/30] CXX src/04_analyze/type_model/data/semantic_modes.o
[22/30] CXX src/04_analyze/type_model/data/representations.o
[23/30] CXX src/04_analyze/type_model/data/lifecycle.o
[24/30] CXX src/04_analyze/type_model/data/records.o
[25/30] CXX src/04_analyze/type_model/result_contracts.o
[26/30] CXX src/04_analyze/type_model/data/type_record.o
[27/30] CXX src/04_analyze/type_model/data/lifetime_contract.o
[28/30] CXX src/04_analyze/type_model/data/resources.o
[29/30] CXX src/04_analyze/type_model/data/store.o
[30/30] LINK main
Rebuilt outputs: .prism/build/app_pch.hpp.gch, .prism/build/main, .prism/build/main.o, .prism/build/probe.o, .prism/build/scpp_framework/collections.o, .prism/build/scpp_framework/exceptions.o, .prism/build/scpp_framework/filesystem.o, .prism/build/scpp_framework/json_document.o, .prism/build/scpp_framework/strings.o, .prism/build/src/01_prepare_inputs/load_runtime/utilities/catalog_syntax.o, .prism/build/src/04_analyze/resolve_types/data/lifecycle_bodies.o, .prism/build/src/04_analyze/resolve_types/definition_view.o, .prism/build/src/04_analyze/resolve_types/lifecycle_composition.o, .prism/build/src/04_analyze/resolve_types/record_definitions.o, .prism/build/src/04_analyze/resolve_types/utilities/type_cache.o, .prism/build/src/04_analyze/type_model/data/catalog.o, .prism/build/src/04_analyze/type_model/data/context.o, .prism/build/src/04_analyze/type_model/data/definitions.o, .prism/build/src/04_analyze/type_model/data/lifecycle.o, .prism/build/src/04_analyze/type_model/data/lifecycle_roles.o, .prism/build/src/04_analyze/type_model/data/lifetime_contract.o, .prism/build/src/04_analyze/type_model/data/lifetime_policy_codec.o, .prism/build/src/04_analyze/type_model/data/native_record_layout.o, .prism/build/src/04_analyze/type_model/data/records.o, .prism/build/src/04_analyze/type_model/data/representations.o, .prism/build/src/04_analyze/type_model/data/resources.o, .prism/build/src/04_analyze/type_model/data/semantic_modes.o, .prism/build/src/04_analyze/type_model/data/store.o, .prism/build/src/04_analyze/type_model/data/type_record.o, .prism/build/src/04_analyze/type_model/result_contracts.o
Tip: set SCPP_NINJA_VERBOSE=1 to show full Ninja command lines.
Build completed: .prism/build/main
