Transpiled PHP files: 10, skipped unchanged: 0
Generated Ninja file: .prism/build/build.ninja
Using compiler: clang++-18 -fuse-ld=mold (gnu_like)
Using build mode: debug
Using build grouping policy: incremental (report_only)
Object cache: disabled (default disabled)
Using repo root: /tmp/scpp-a1a1babd-probe
Resolved project dependency graph: 1 project(s)
Runtime compilation: enabled
Dependency compilation: reuse existing artifacts only
ninja: Entering directory `.prism/build'
[1/12] PCH app_pch.hpp.gch
[2/12] CXX src/03_parse/data/tree.o
[3/12] CXX src/03_parse/utilities/metaprogramming_syntax.o
[4/12] CXX scpp_framework/collections.o
[5/12] CXX src/03_parse/data/nodes.o
[6/12] CXX src/03_parse/data/role_views.o
[7/12] CXX scpp_framework/exceptions.o
[8/12] CXX src/03_parse/utilities/struct_member_cursor.o
[9/12] CXX scpp_framework/strings.o
[10/12] CXX src/03_parse/utilities/syntax_access.o
[11/12] CXX main.o
[12/12] LINK main
Rebuilt outputs: .prism/build/app_pch.hpp.gch, .prism/build/main, .prism/build/main.o, .prism/build/scpp_framework/collections.o, .prism/build/scpp_framework/exceptions.o, .prism/build/scpp_framework/strings.o, .prism/build/src/03_parse/data/nodes.o, .prism/build/src/03_parse/data/role_views.o, .prism/build/src/03_parse/data/tree.o, .prism/build/src/03_parse/utilities/metaprogramming_syntax.o, .prism/build/src/03_parse/utilities/struct_member_cursor.o, .prism/build/src/03_parse/utilities/syntax_access.o
Tip: set SCPP_NINJA_VERBOSE=1 to show full Ninja command lines.
Build completed: .prism/build/main
Struct member cursor is not positioned
member:3:3
member:12:12
method:6
function:8:9:10:11
field:13:14:0
root:14:0
parameter:0
deferred
Expected a parsed struct declaration
Struct member cursor is not positioned
Expected a parsed function declaration
query-tree-retained:18:6
