Transpiled PHP files: 25, skipped unchanged: 0
Generated Ninja file: .prism/build/build.ninja
Using compiler: clang++-18 -fuse-ld=mold (gnu_like)
Using build mode: debug
Using build grouping policy: incremental (report_only)
Object cache: disabled (default disabled)
Using repo root: /tmp/scpp-json-240-probe
Resolved project dependency graph: 1 project(s)
Runtime compilation: enabled
Dependency compilation: reuse existing artifacts only
ninja: Entering directory `.prism/build'
[1/27] PCH app_pch.hpp.gch
[2/27] CXX scpp_framework/exceptions.o
[3/27] CXX src/04_analyze/type_model/data/callable_modes.o
[4/27] CXX src/01_prepare_inputs/load_runtime/handlers/package_syntax.o
[5/27] CXX src/01_prepare_inputs/load_runtime/data/runtime.o
[6/27] CXX scpp_framework/filesystem.o
[7/27] CXX scpp_framework/collections.o
[8/27] CXX src/01_prepare_inputs/load_runtime/handlers/bindings.o
[9/27] CXX src/04_analyze/type_model/data/lifecycle.o
[10/27] CXX src/04_analyze/type_model/data/lifecycle_roles.o
[11/27] CXX src/04_analyze/type_model/data/definitions.o
[12/27] CXX scpp_framework/json_document.o
[13/27] CXX main.o
[14/27] CXX probe.o
[15/27] CXX scpp_framework/strings.o
[16/27] CXX src/04_analyze/type_model/data/catalog.o
[17/27] CXX src/04_analyze/type_model/data/callables.o
[18/27] CXX src/04_analyze/type_model/data/native_record_layout.o
[19/27] CXX src/04_analyze/type_model/data/records.o
[20/27] CXX src/04_analyze/type_model/data/representations.o
[21/27] CXX src/04_analyze/type_model/data/semantic_modes.o
[22/27] CXX src/04_analyze/type_model/data/semantic_calls.o
[23/27] CXX src/04_analyze/type_model/data/lifetime_contract.o
[24/27] CXX src/04_analyze/type_model/data/type_references.o
[25/27] CXX src/04_analyze/type_model/data/resources.o
[26/27] CXX src/04_analyze/type_model/data/storage.o
[27/27] LINK main
Rebuilt outputs: .prism/build/app_pch.hpp.gch, .prism/build/main, .prism/build/main.o, .prism/build/probe.o, .prism/build/scpp_framework/collections.o, .prism/build/scpp_framework/exceptions.o, .prism/build/scpp_framework/filesystem.o, .prism/build/scpp_framework/json_document.o, .prism/build/scpp_framework/strings.o, .prism/build/src/01_prepare_inputs/load_runtime/data/runtime.o, .prism/build/src/01_prepare_inputs/load_runtime/handlers/bindings.o, .prism/build/src/01_prepare_inputs/load_runtime/handlers/package_syntax.o, .prism/build/src/04_analyze/type_model/data/callable_modes.o, .prism/build/src/04_analyze/type_model/data/callables.o, .prism/build/src/04_analyze/type_model/data/catalog.o, .prism/build/src/04_analyze/type_model/data/definitions.o, .prism/build/src/04_analyze/type_model/data/lifecycle.o, .prism/build/src/04_analyze/type_model/data/lifecycle_roles.o, .prism/build/src/04_analyze/type_model/data/lifetime_contract.o, .prism/build/src/04_analyze/type_model/data/native_record_layout.o, .prism/build/src/04_analyze/type_model/data/records.o, .prism/build/src/04_analyze/type_model/data/representations.o, .prism/build/src/04_analyze/type_model/data/resources.o, .prism/build/src/04_analyze/type_model/data/semantic_calls.o, .prism/build/src/04_analyze/type_model/data/semantic_modes.o, .prism/build/src/04_analyze/type_model/data/storage.o, .prism/build/src/04_analyze/type_model/data/type_references.o
Tip: set SCPP_NINJA_VERBOSE=1 to show full Ninja command lines.
Build completed: .prism/build/main
