Transpiled PHP files: 22, skipped unchanged: 0
Generated Ninja file: .prism/build/build.ninja
Using compiler: clang++-18 -fuse-ld=mold (gnu_like)
Using build mode: debug
Using build grouping policy: incremental (report_only)
Object cache: disabled (default disabled)
Using repo root: /tmp/scpp-json-240-probe
Resolved project dependency graph: 1 project(s)
Runtime compilation: enabled
Dependency compilation: reuse existing artifacts only
ninja: Entering directory `.prism/build'
[1/24] PCH app_pch.hpp.gch
[2/24] CXX src/03_parse/data/nodes.o
[3/24] CXX scpp_framework/exceptions.o
[4/24] CXX src/03_parse/handlers/control_statements.o
[5/24] CXX src/03_parse/data/tree.o
[6/24] CXX src/01_prepare_inputs/read_sources/data/buffer.o
[7/24] CXX src/02_tokenize/tokenize.o
[8/24] CXX src/03_parse/data/expression_state.o
[9/24] CXX src/02_tokenize/store.o
[10/24] CXX scpp_framework/collections.o
[11/24] CXX src/03_parse/data/result.o
[12/24] CXX scpp_framework/filesystem.o
[13/24] CXX src/02_tokenize/structures.o
[14/24] CXX main.o
[15/24] CXX scpp_framework/json_document.o
[16/24] CXX scpp_framework/strings.o
[17/24] CXX probe.o
[18/24] CXX src/03_parse/handlers/declarations.o
[19/24] CXX src/03_parse/handlers/expressions.o
[20/24] CXX src/03_parse/handlers/metaprogramming.o
[21/24] CXX src/03_parse/handlers/statements.o
[22/24] CXX src/03_parse/utilities/binary_syntax.o
[23/24] CXX src/03_parse/parse_file.o
[24/24] LINK main
Rebuilt outputs: .prism/build/app_pch.hpp.gch, .prism/build/main, .prism/build/main.o, .prism/build/probe.o, .prism/build/scpp_framework/collections.o, .prism/build/scpp_framework/exceptions.o, .prism/build/scpp_framework/filesystem.o, .prism/build/scpp_framework/json_document.o, .prism/build/scpp_framework/strings.o, .prism/build/src/01_prepare_inputs/read_sources/data/buffer.o, .prism/build/src/02_tokenize/store.o, .prism/build/src/02_tokenize/structures.o, .prism/build/src/02_tokenize/tokenize.o, .prism/build/src/03_parse/data/expression_state.o, .prism/build/src/03_parse/data/nodes.o, .prism/build/src/03_parse/data/result.o, .prism/build/src/03_parse/data/tree.o, .prism/build/src/03_parse/handlers/control_statements.o, .prism/build/src/03_parse/handlers/declarations.o, .prism/build/src/03_parse/handlers/expressions.o, .prism/build/src/03_parse/handlers/metaprogramming.o, .prism/build/src/03_parse/handlers/statements.o, .prism/build/src/03_parse/parse_file.o, .prism/build/src/03_parse/utilities/binary_syntax.o
Tip: set SCPP_NINJA_VERBOSE=1 to show full Ninja command lines.
Build completed: .prism/build/main
