03_parse/frontend_storage.php 0
03_parse/struct_parsing.php 0
03_parse/struct_member_cursor.php 0
03_parse/metaprogramming_parsing.php 0
04_analyze/collect_symbols/semantic_storage.php 0
04_analyze/type_model/type_storage.php 0
04_analyze/type_model/type_reuse.php 0
04_analyze/type_model/type_context.php 0
04_analyze/type_model/semantic_calls.php 0
04_analyze/type_model/type_definitions.php 0
04_analyze/resolve_types/return_types.php 0
04_analyze/resolve_types/parameter_types.php 0
04_analyze/resolve_types/local_types.php 0
04_analyze/check_bodies/body_checking.php 0
04_analyze/check_bodies/body_tasks.php 0
04_analyze/check_bodies/local_bodies.php 0
04_analyze/check_bodies/parameter_bodies.php 0
04_analyze/analyze_lifetimes/lifetime_analysis.php 0
04_analyze/analyze_lifetimes/resource_contracts.php 0
04_analyze/analyze_lifetimes/local_lifetimes.php 0
04_analyze/analyze_lifetimes/parameter_lifetimes.php 0
05_generate_code/prepare_backend/backend_preparation.php 0
05_generate_code/prepare_backend/layout_preparation.php 0
05_generate_code/prepare_backend/source_exports.php 0
04_analyze/collect_symbols/symbol_collection.php 0
04_analyze/resolve_symbols/symbol_resolution.php 0
04_analyze/resolve_symbols/template_bindings.php 0
04_analyze/instantiate/explicit_instances.php 0
04_analyze/check_templates/generic_contracts.php 0
04_analyze/resolve_types/concrete_preparation.php 0
04_analyze/resolve_symbols/local_resolution.php 0
04_analyze/resolve_symbols/parameter_binding.php 0
04_analyze/resolve_symbols/argument_resolution.php 0
04_analyze/collect_symbols/symbol_comparison.php 0
03_parse/parsing.php 0
03_parse/step_lifecycle.php 0
03_parse/variable_parsing.php 0
03_parse/parameter_parsing.php 0
03_parse/parse_updates.php 0
