Transpiled PHP files: 11, skipped unchanged: 0
Generated Ninja file: .prism/build/build.ninja
Using compiler: clang++-18 -fuse-ld=mold (gnu_like)
Using build mode: debug
Using build grouping policy: incremental (report_only)
Object cache: disabled (default disabled)
Using repo root: /tmp/scpp-json-240-probe
Resolved project dependency graph: 1 project(s)
Runtime compilation: enabled
Dependency compilation: reuse existing artifacts only
ninja: Entering directory `.prism/build'
[1/13] PCH app_pch.hpp.gch
[2/13] CXX scpp_framework/exceptions.o
[3/13] CXX src/04_analyze/type_model/data/lifecycle_roles.o
[4/13] CXX scpp_framework/collections.o
[5/13] CXX src/04_analyze/type_model/lifecycle_contracts.o
[6/13] CXX src/04_analyze/type_model/data/lifecycle.o
[7/13] CXX scpp_framework/filesystem.o
[8/13] CXX main.o
[9/13] CXX scpp_framework/json_document.o
[10/13] CXX src/04_analyze/type_model/data/lifetime_contract.o
[11/13] CXX probe.o
[12/13] CXX scpp_framework/strings.o
[13/13] LINK main
Rebuilt outputs: .prism/build/app_pch.hpp.gch, .prism/build/main, .prism/build/main.o, .prism/build/probe.o, .prism/build/scpp_framework/collections.o, .prism/build/scpp_framework/exceptions.o, .prism/build/scpp_framework/filesystem.o, .prism/build/scpp_framework/json_document.o, .prism/build/scpp_framework/strings.o, .prism/build/src/04_analyze/type_model/data/lifecycle.o, .prism/build/src/04_analyze/type_model/data/lifecycle_roles.o, .prism/build/src/04_analyze/type_model/data/lifetime_contract.o, .prism/build/src/04_analyze/type_model/lifecycle_contracts.o
Tip: set SCPP_NINJA_VERBOSE=1 to show full Ninja command lines.
Build completed: .prism/build/main
