[1/493] CXX expanded_parts/compile/backend/llvm_text_from_plan/locations.o
[2/493] CXX expanded/__callable/backend_module_composition_locations.o
[3/493] CXX expanded/compile/backend/backend_loop_text_emission.o
[4/493] clang++ -std=c++23 -fPIC -O0 -g1 -pipe -I../../../vendor/runtime/include -I../expanded/generated -DSCPP_LANGUAGE_TARGET_PHP=1 -DSCPP_HAS_MYSQLI=0 -DSCPP_HAS_REGEX=0 -DSCPP_HAS_CURL=0 -DSCPP_HAS_TASKS=1 -DSCPP_TASKS_DEFAULT_WORKER_POOL_SIZE=0 -DSCPP_HAS_UI=0 -DSCPP_HAS_WEBVIEW=0 -DSCPP_ENABLE_CALL_DEPTH_GUARD=1 -DSCPP_MAX_CALL_DEPTH=4096 -x c++-header -MD -MF expanded-project.pch.d ../expanded/generated/__project_units.hpp -o expanded-project.pch
[5/493] CALLABLE_PART expanded_parts/__callable/llvm_abi_call_lowering_group_0.o
[6/493] CALLABLE_PART expanded_parts/__callable/prepare_outputs_group_0.o
[7/493] CALLABLE_PART expanded_parts/__callable/analysis_context_group_0.o
[8/493] CALLABLE_PART expanded_parts/__callable/string_runtime_abi_group_0.o
[9/493] CALLABLE_PART expanded_parts/__callable/runtime_abi_bridge_group_1.o
[10/493] CALLABLE_PART expanded_parts/__callable/analysis_context_group_1.o
[11/493] CALLABLE_PART expanded_parts/__callable/runtime_helper_effects_group_0.o
[12/493] CALLABLE_PART expanded_parts/__callable/runtime_abi_bridge_group_0.o
[13/493] CALLABLE_PART expanded_parts/__callable/runtime_abi_bridge_group_2.o
[14/493] CALLABLE_PART expanded_parts/__callable/analysis_context_identity_group_0.o
[15/493] CALLABLE_PART expanded_parts/main.o
[16/493] CALLABLE_PART expanded_parts/__callable/llvm_abi_declarations_group_0.o
[17/493] CALLABLE_PART expanded_parts/__callable/string_runtime_abi_group_1.o
[18/493] CALLABLE_PART expanded_parts/__callable/backend_emission_adapter_routes_group_0.o
[19/493] CALLABLE_PART expanded_parts/__callable/backend_emission_adapter_routes_group_1.o
[20/493] CALLABLE_PART expanded_parts/__callable/backend_emission_decisions_group_1.o
[21/493] CALLABLE_PART expanded_parts/__callable/backend_emission_adapter_routes_group_2.o
[22/493] CALLABLE_PART expanded_parts/__callable/backend_emission_decisions_group_0.o
[23/493] CALLABLE_PART expanded_parts/__callable/backend_emission_decisions_group_5.o
[24/493] CALLABLE_PART expanded_parts/__callable/backend_emission_decisions_group_2.o
[25/493] CALLABLE_PART expanded_parts/__callable/backend_loop_text_emission_group_0.o
[26/493] CALLABLE_PART expanded_parts/__callable/backend_emission_decisions_group_6.o
[27/493] CALLABLE_PART expanded_parts/__callable/backend_emission_decisions_group_3.o
[28/493] CALLABLE_PART expanded_parts/__callable/backend_emission_decisions_group_4.o
[29/493] CALLABLE_PART expanded_parts/__callable/backend_native_execution_adapter_group_1.o
[30/493] CALLABLE_PART expanded_parts/__callable/backend_partition_readiness_group_0.o
[31/493] CALLABLE_PART expanded_parts/__callable/backend_partition_readiness_group_2.o
[32/493] CALLABLE_PART expanded_parts/__callable/backend_partition_readiness_group_1.o
[33/493] CALLABLE_PART expanded_parts/__callable/backend_module_composition_group_0.o
[34/493] CALLABLE_PART expanded_parts/__callable/backend_preflight_requests_group_0.o
[35/493] CALLABLE_PART expanded_parts/__callable/backend_native_execution_adapter_group_0.o
[36/493] CALLABLE_PART expanded_parts/__callable/backend_preflight_requests_group_1.o
[37/493] CALLABLE_PART expanded_parts/__callable/backend_preflight_requests_group_4.o
[38/493] CALLABLE_PART expanded_parts/__callable/backend_preflight_requests_group_2.o
[39/493] CALLABLE_PART expanded_parts/__callable/backend_preflight_requests_group_3.o
[40/493] CALLABLE_PART expanded_parts/__callable/backend_preflight_requests_group_5.o
[41/493] CALLABLE_PART expanded_parts/__callable/backend_preflight_requests_group_6.o
[42/493] CALLABLE_PART expanded_parts/__callable/backend_preflight_requests_group_7.o
[43/493] CALLABLE_PART expanded_parts/__callable/backend_preflight_requests_group_9.o
[44/493] CALLABLE_PART expanded_parts/__callable/backend_preflight_requests_group_14.o
[45/493] CALLABLE_PART expanded_parts/__callable/backend_preflight_requests_group_10.o
[46/493] CALLABLE_PART expanded_parts/__callable/backend_preflight_requests_group_8.o
[47/493] CALLABLE_PART expanded_parts/__callable/backend_preflight_requests_group_13.o
[48/493] CALLABLE_PART expanded_parts/__callable/backend_preflight_requests_group_12.o
[49/493] CALLABLE_PART expanded_parts/__callable/backend_preflight_requests_group_11.o
[50/493] CALLABLE_PART expanded_parts/__callable/backend_preflight_requests_group_15.o
[51/493] CALLABLE_PART expanded_parts/__callable/backend_preflight_requests_group_16.o
[52/493] CALLABLE_PART expanded_parts/__callable/backend_preflight_requests_group_17.o
[53/493] CALLABLE_PART expanded_parts/__callable/llvm_api_sink_preflight_group_0.o
[54/493] CALLABLE_PART expanded_parts/__callable/llvm_api_toolchain_probe_group_0.o
[55/493] CALLABLE_PART expanded_parts/__callable/llvm_api_sink_preflight_group_1.o
[56/493] CALLABLE_PART expanded_parts/__callable/llvm_api_sink_preflight_group_3.o
[57/493] CALLABLE_PART expanded_parts/__callable/llvm_api_toolchain_probe_group_1.o
[58/493] CALLABLE_PART expanded_parts/__callable/llvm_api_toolchain_probe_group_2.o
[59/493] CALLABLE_PART expanded_parts/__callable/llvm_api_sink_preflight_group_2.o
[60/493] CALLABLE_PART expanded_parts/__callable/local_body_lowering_group_0.o
[61/493] CALLABLE_PART expanded_parts/__callable/local_body_lowering_group_1.o
[62/493] CALLABLE_PART expanded_parts/__callable/local_body_lowering_group_2.o
[63/493] CALLABLE_PART expanded_parts/__callable/local_body_lowering_routes_group_0.o
[64/493] CALLABLE_PART expanded_parts/__callable/local_body_lowering_routes_group_1.o
[65/493] CALLABLE_PART expanded_parts/__callable/primitive_abi_adapter_matrix_group_0.o
[66/493] CALLABLE_PART expanded_parts/__callable/primitive_abi_adapter_matrix_group_2.o
[67/493] CALLABLE_PART expanded_parts/__callable/primitive_abi_adapter_matrix_group_1.o
[68/493] CALLABLE_PART expanded_parts/__callable/primitive_abi_adapter_matrix_group_4.o
[69/493] CALLABLE_PART expanded_parts/__callable/scalar_body_statement_collection_group_0.o
[70/493] CALLABLE_PART expanded_parts/__callable/primitive_abi_adapter_matrix_group_3.o
[71/493] CALLABLE_PART expanded_parts/__callable/scalar_body_backend_collection_group_0.o
[72/493] CALLABLE_PART expanded_parts/__callable/scalar_body_statement_collection_group_1.o
[73/493] CALLABLE_PART expanded_parts/__callable/capability_consumer_plans_group_0.o
[74/493] CALLABLE_PART expanded_parts/__callable/runtime_helper_contract_readiness_group_0.o
[75/493] CALLABLE_PART expanded_parts/__callable/type_traits_group_0.o
[76/493] CALLABLE_PART expanded_parts/__callable/runtime_helper_contract_readiness_group_1.o
[77/493] CALLABLE_PART expanded_parts/__callable/runtime_helper_contract_readiness_group_2.o
[78/493] CALLABLE_PART expanded_parts/__callable/type_traits_group_1.o
[79/493] CALLABLE_PART expanded_parts/__callable/type_traits_group_2.o
[80/493] CALLABLE_PART expanded_parts/__callable/type_traits_group_3.o
[81/493] CALLABLE_PART expanded_parts/__callable/type_traits_group_5.o
[82/493] CALLABLE_PART expanded_parts/__callable/type_traits_group_4.o
[83/493] CALLABLE_PART expanded_parts/__callable/control_flow_graphs_group_0.o
[84/493] CALLABLE_PART expanded_parts/__callable/type_traits_group_6.o
[85/493] CALLABLE_PART expanded_parts/__callable/control_flow_graphs_group_1.o
[86/493] CALLABLE_PART expanded_parts/__callable/control_flow_graphs_group_2.o
[87/493] CALLABLE_PART expanded_parts/__callable/frontend_model_builder_group_0.o
[88/493] CALLABLE_PART expanded_parts/__callable/control_flow_graphs_group_3.o
[89/493] CALLABLE_PART expanded_parts/__callable/frontend_model_builder_group_1.o
[90/493] CALLABLE_PART expanded_parts/__callable/frontend_model_builder_group_3.o
[91/493] CALLABLE_PART expanded_parts/__callable/frontend_model_builder_group_2.o
[92/493] CALLABLE_PART expanded_parts/__callable/frontend_model_builder_group_4.o
[93/493] CALLABLE_PART expanded_parts/__callable/frontend_model_builder_group_6.o
[94/493] CALLABLE_PART expanded_parts/__callable/frontend_model_builder_group_9.o
[95/493] CALLABLE_PART expanded_parts/__callable/frontend_model_builder_group_5.o
[96/493] CALLABLE_PART expanded_parts/__callable/frontend_model_builder_group_7.o
[97/493] CALLABLE_PART expanded_parts/__callable/frontend_model_builder_group_8.o
[98/493] CALLABLE_PART expanded_parts/__callable/frontend_model_builder_group_12.o
[99/493] CALLABLE_PART expanded_parts/__callable/frontend_model_builder_group_10.o
[100/493] CALLABLE_PART expanded_parts/__callable/frontend_model_builder_group_11.o
[101/493] CALLABLE_PART expanded_parts/__callable/frontend_model_builder_group_13.o
[102/493] CALLABLE_PART expanded_parts/__callable/frontend_model_builder_group_14.o
[103/493] CALLABLE_PART expanded_parts/__callable/frontend_model_builder_group_15.o
[104/493] CALLABLE_PART expanded_parts/__callable/frontend_model_builder_group_16.o
[105/493] CALLABLE_PART expanded_parts/__callable/frontend_model_builder_group_17.o
[106/493] CALLABLE_PART expanded_parts/__callable/frontend_model_builder_group_18.o
[107/493] CALLABLE_PART expanded_parts/__callable/parser_diagnostics_group_1.o
[108/493] CALLABLE_PART expanded_parts/__callable/parser_cursor_group_0.o
[109/493] CALLABLE_PART expanded_parts/__callable/frontend_model_builder_group_19.o
[110/493] CALLABLE_PART expanded_parts/__callable/parser_state_group_1.o
[111/493] CALLABLE_PART expanded_parts/__callable/parser_diagnostics_group_0.o
[112/493] CALLABLE_PART expanded_parts/__callable/parser_state_group_0.o
[113/493] CALLABLE_PART expanded_parts/__callable/phs_tokenizer_group_0.o
[114/493] CALLABLE_PART expanded_parts/__callable/phs_tokenizer_group_1.o
[115/493] CALLABLE_PART expanded_parts/__callable/phs_tokenizer_group_2.o
[116/493] CALLABLE_PART expanded_parts/__callable/token_kinds_group_0.o
[117/493] CALLABLE_PART expanded_parts/__callable/partition_readiness_group_0.o
[118/493] CALLABLE_PART expanded_parts/__callable/partition_readiness_group_1.o
[119/493] CALLABLE_PART expanded_parts/__callable/partition_readiness_group_2.o
[120/493] CALLABLE_PART expanded_parts/__callable/partition_readiness_group_5.o
[121/493] CALLABLE_PART expanded_parts/__callable/resident_body_dependencies_group_0.o
[122/493] CALLABLE_PART expanded_parts/__callable/partition_readiness_group_4.o
[123/493] CALLABLE_PART expanded_parts/__callable/resident_change_events_group_0.o
[124/493] CALLABLE_PART expanded_parts/__callable/partition_readiness_group_3.o
[125/493] CALLABLE_PART expanded_parts/__callable/resident_change_events_group_1.o
[126/493] CALLABLE_PART expanded_parts/__callable/resident_daemon_file_ipc_group_0.o
[127/493] CALLABLE_PART expanded_parts/__callable/resident_change_events_group_2.o
[128/493] CALLABLE_PART expanded_parts/__callable/resident_daemon_file_ipc_group_1.o
[129/493] CALLABLE_PART expanded_parts/__callable/resident_daemon_file_ipc_group_2.o
[130/493] CALLABLE_PART expanded_parts/__callable/resident_daemon_file_ipc_group_3.o
[131/493] CALLABLE_PART expanded_parts/__callable/resident_daemon_file_ipc_group_4.o
[132/493] CALLABLE_PART expanded_parts/__callable/resident_daemon_file_ipc_group_5.o
[133/493] CALLABLE_PART expanded_parts/__callable/resident_daemon_file_ipc_group_6.o
[134/493] CALLABLE_PART expanded_parts/__callable/resident_daemon_file_ipc_group_9.o
[135/493] CALLABLE_PART expanded_parts/__callable/resident_daemon_file_ipc_group_8.o
[136/493] CALLABLE_PART expanded_parts/__callable/resident_daemon_file_ipc_group_10.o
[137/493] CALLABLE_PART expanded_parts/__callable/resident_daemon_file_ipc_group_7.o
[138/493] CALLABLE_PART expanded_parts/__callable/resident_daemon_file_ipc_group_11.o
[139/493] CALLABLE_PART expanded_parts/__callable/resident_daemon_incremental_proof_group_0.o
[140/493] CALLABLE_PART expanded_parts/__callable/resident_definition_granularity_group_1.o
[141/493] CALLABLE_PART expanded_parts/__callable/resident_definition_granularity_group_0.o
[142/493] CALLABLE_PART expanded_parts/__callable/resident_definition_granularity_group_2.o
[143/493] CALLABLE_PART expanded_parts/__callable/resident_definition_granularity_group_6.o
[144/493] CALLABLE_PART expanded_parts/__callable/resident_definition_granularity_group_4.o
[145/493] CALLABLE_PART expanded_parts/__callable/resident_dirty_propagation_group_0.o
[146/493] CALLABLE_PART expanded_parts/__callable/resident_definition_granularity_group_3.o
[147/493] CALLABLE_PART expanded_parts/__callable/resident_definition_granularity_group_5.o
[148/493] CALLABLE_PART expanded_parts/__callable/resident_dependency_edges_group_0.o
[149/493] CALLABLE_PART expanded_parts/__callable/resident_dirty_propagation_group_1.o
[150/493] CALLABLE_PART expanded_parts/__callable/resident_dirty_propagation_group_2.o
[151/493] CALLABLE_PART expanded_parts/__callable/resident_dirty_propagation_group_3.o
[152/493] CALLABLE_PART expanded_parts/__callable/resident_dirty_propagation_group_4.o
[153/493] CALLABLE_PART expanded_parts/__callable/resident_dirty_propagation_group_6.o
[154/493] CALLABLE_PART expanded_parts/__callable/resident_dirty_propagation_group_5.o
[155/493] CALLABLE_PART expanded_parts/__callable/resident_function_body_incremental_acceptance_group_0.o
[156/493] CALLABLE_PART expanded_parts/__callable/resident_frontend_node_lists_group_0.o
[157/493] CALLABLE_PART expanded_parts/__callable/resident_function_body_incremental_acceptance_group_2.o
[158/493] CALLABLE_PART expanded_parts/__callable/resident_function_body_incremental_acceptance_group_3.o
[159/493] CALLABLE_PART expanded_parts/__callable/resident_function_body_incremental_acceptance_group_1.o
[160/493] CALLABLE_PART expanded_parts/__callable/resident_frontend_node_lists_group_1.o
[161/493] CALLABLE_PART expanded_parts/__callable/resident_function_body_local_parse_proofs_group_0.o
[162/493] CALLABLE_PART expanded_parts/__callable/resident_function_body_logical_frontend_consumer_descriptors_group_0.o
[163/493] CALLABLE_PART expanded_parts/__callable/resident_function_body_local_parse_proofs_group_1.o
[164/493] CALLABLE_PART expanded_parts/__callable/resident_function_body_logical_frontend_consumer_descriptors_group_1.o
[165/493] CALLABLE_PART expanded_parts/__callable/resident_function_body_logical_frontend_consumer_descriptors_group_2.o
[166/493] CALLABLE_PART expanded_parts/__callable/resident_function_body_logical_frontend_consumer_descriptors_group_3.o
[167/493] CALLABLE_PART expanded_parts/__callable/resident_function_body_logical_frontend_reference_candidates_group_0.o
[168/493] CALLABLE_PART expanded_parts/__callable/resident_function_body_mixed_frontend_assembly_proofs_group_0.o
[169/493] CALLABLE_PART expanded_parts/__callable/resident_function_body_logical_frontend_views_group_0.o
[170/493] CALLABLE_PART expanded_parts/__callable/resident_function_body_logical_frontend_reference_candidates_group_1.o
[171/493] CALLABLE_PART expanded_parts/__callable/resident_function_body_mixed_frontend_assembly_proofs_group_1.o
[172/493] CALLABLE_PART expanded_parts/__callable/resident_function_body_logical_frontend_views_group_1.o
[173/493] CALLABLE_PART expanded_parts/__callable/resident_function_body_mixed_frontend_assembly_proofs_group_2.o
[174/493] CALLABLE_PART expanded_parts/__callable/resident_function_body_ownership_group_1.o
[175/493] CALLABLE_PART expanded_parts/__callable/resident_function_body_ownership_group_2.o
[176/493] CALLABLE_PART expanded_parts/__callable/resident_function_body_ownership_group_3.o
[177/493] CALLABLE_PART expanded_parts/__callable/resident_function_body_ownership_group_0.o
[178/493] CALLABLE_PART expanded_parts/__callable/resident_function_body_ownership_group_4.o
[179/493] CALLABLE_PART expanded_parts/__callable/resident_function_body_parse_slices_group_0.o
[180/493] CALLABLE_PART expanded_parts/__callable/resident_function_body_publish_repoint_preflights_group_0.o
[181/493] CALLABLE_PART expanded_parts/__callable/resident_function_body_publish_repoint_preflights_group_1.o
[182/493] CALLABLE_PART expanded_parts/__callable/resident_function_body_parse_slices_group_1.o
[183/493] CALLABLE_PART expanded_parts/__callable/resident_function_body_row_list_publish_plans_group_1.o
[184/493] CALLABLE_PART expanded_parts/__callable/resident_function_body_row_list_publish_plans_group_0.o
[185/493] CALLABLE_PART expanded_parts/__callable/resident_function_body_row_list_publish_plans_group_2.o
[186/493] CALLABLE_PART expanded_parts/__callable/resident_function_body_row_list_publish_results_group_0.o
[187/493] CALLABLE_PART expanded_parts/__callable/resident_function_body_row_list_publish_results_group_1.o
[188/493] CALLABLE_PART expanded_parts/__callable/resident_function_body_row_list_publish_results_group_2.o
[189/493] CALLABLE_PART expanded_parts/__callable/resident_function_body_source_unit_repoint_proofs_group_0.o
[190/493] CALLABLE_PART expanded_parts/__callable/resident_function_body_source_unit_repoint_proofs_group_1.o
[191/493] CALLABLE_PART expanded_parts/__callable/resident_function_body_stable_node_remap_proofs_group_0.o
[192/493] CALLABLE_PART expanded_parts/__callable/resident_function_body_summary_project_references_group_0.o
[193/493] CALLABLE_PART expanded_parts/__callable/resident_function_body_stable_node_remap_proofs_group_1.o
[194/493] CALLABLE_PART expanded_parts/__callable/resident_function_body_work_decisions_group_0.o
[195/493] CALLABLE_PART expanded_parts/__callable/resident_function_body_summary_project_references_group_1.o
[196/493] CALLABLE_PART expanded_parts/__callable/resident_function_body_work_decisions_group_1.o
[197/493] CALLABLE_PART expanded_parts/__callable/resident_function_body_work_decisions_group_3.o
[198/493] CALLABLE_PART expanded_parts/__callable/resident_function_body_work_decisions_group_2.o
[199/493] CALLABLE_PART expanded_parts/__callable/resident_project_symbol_name_lookups_group_1.o
[200/493] CALLABLE_PART expanded_parts/__callable/resident_public_surface_incremental_acceptance_group_0.o
[201/493] CALLABLE_PART expanded_parts/__callable/resident_project_symbol_name_lookups_group_0.o
[202/493] CALLABLE_PART expanded_parts/__callable/resident_recompute_targets_group_0.o
[203/493] CALLABLE_PART expanded_parts/__callable/resident_public_surface_incremental_acceptance_group_3.o
[204/493] CALLABLE_PART expanded_parts/__callable/resident_public_surface_incremental_acceptance_group_1.o
[205/493] CALLABLE_PART expanded_parts/__callable/resident_public_surface_incremental_acceptance_group_2.o
[206/493] CALLABLE_PART expanded_parts/__callable/resident_recompute_targets_group_1.o
[207/493] CALLABLE_PART expanded_parts/__callable/resident_reverse_dependencies_group_0.o
[208/493] CALLABLE_PART expanded_parts/__callable/resident_recompute_targets_group_2.o
[209/493] CALLABLE_PART expanded_parts/__callable/resident_reverse_dependencies_group_1.o
[210/493] CALLABLE_PART expanded_parts/__callable/resident_reverse_dependency_indexes_group_1.o
[211/493] CALLABLE_PART expanded_parts/__callable/resident_reverse_dependency_indexes_group_0.o
[212/493] CALLABLE_PART expanded_parts/__callable/resident_source_unit_frontend_states_group_1.o
[213/493] CALLABLE_PART expanded_parts/__callable/resident_source_unit_frontend_states_group_0.o
[214/493] CALLABLE_PART expanded_parts/__callable/resident_source_unit_frontend_states_group_3.o
[215/493] CALLABLE_PART expanded_parts/__callable/resident_source_unit_frontend_states_group_2.o
[216/493] CALLABLE_PART expanded_parts/__callable/resident_token_lists_group_0.o
[217/493] CALLABLE_PART expanded_parts/__callable/resident_token_lists_group_1.o
[218/493] CALLABLE_PART expanded_parts/__callable/resident_transactions_group_0.o
[219/493] CALLABLE_PART expanded_parts/__callable/resident_transactions_group_1.o
[220/493] CALLABLE_PART expanded_parts/__callable/resident_transactions_group_2.o
[221/493] CALLABLE_PART expanded_parts/__callable/source_unit_early_skip_group_0.o
[222/493] CALLABLE_PART expanded_parts/__callable/source_unit_early_skip_group_1.o
[223/493] CALLABLE_PART expanded_parts/__callable/source_unit_early_skip_group_2.o
[224/493] CALLABLE_PART expanded_parts/__callable/source_unit_early_skip_group_3.o
[225/493] CALLABLE_PART expanded_parts/__callable/source_unit_frontend_scheduler_group_0.o
[226/493] CALLABLE_PART expanded_parts/__callable/source_unit_frontend_scheduler_group_1.o
[227/493] CALLABLE_PART expanded_parts/__callable/source_unit_frontend_scheduler_group_2.o
[228/493] CALLABLE_PART expanded_parts/__callable/source_unit_frontend_work_decisions_group_0.o
[229/493] CALLABLE_PART expanded_parts/__callable/source_unit_frontend_scheduler_group_3.o
[230/493] CALLABLE_PART expanded_parts/__callable/source_unit_frontend_work_decisions_group_1.o
[231/493] CALLABLE_PART expanded_parts/__callable/callable_contract_identity_group_0.o
[232/493] CALLABLE_PART expanded_parts/__callable/source_unit_frontend_work_decisions_group_2.o
[233/493] CALLABLE_PART expanded_parts/__callable/dependency_graph_identity_group_0.o
[234/493] CALLABLE_PART expanded_parts/__callable/frontend_body_summaries_group_0.o
[235/493] CALLABLE_PART expanded_parts/__callable/frontend_body_summaries_group_1.o
[236/493] CALLABLE_PART expanded_parts/__callable/frontend_body_summaries_group_2.o
[237/493] CALLABLE_PART expanded_parts/__callable/frontend_body_summaries_group_4.o
[238/493] CALLABLE_PART expanded_parts/__callable/frontend_body_summaries_group_3.o
[239/493] CALLABLE_PART expanded_parts/__callable/project_callable_contracts_group_0.o
[240/493] CALLABLE_PART expanded_parts/__callable/project_callable_contracts_group_3.o
[241/493] CALLABLE_PART expanded_parts/__callable/project_callable_contracts_group_1.o
[242/493] CALLABLE_PART expanded_parts/__callable/project_callable_contracts_group_2.o
[243/493] CALLABLE_PART expanded_parts/__callable/project_dependency_graph_group_0.o
[244/493] CALLABLE_PART expanded_parts/__callable/project_dependency_graph_group_1.o
[245/493] CALLABLE_PART expanded_parts/__callable/project_dependency_graph_group_3.o
[246/493] CALLABLE_PART expanded_parts/__callable/project_dependency_graph_group_2.o
[247/493] CALLABLE_PART expanded_parts/__callable/project_dependency_graph_group_5.o
[248/493] CALLABLE_PART expanded_parts/__callable/project_dependency_graph_group_4.o
[249/493] CALLABLE_PART expanded_parts/__callable/source_buffers_group_0.o
[250/493] CALLABLE_PART expanded_parts/__callable/project_symbol_identity_group_0.o
[251/493] CALLABLE_PART expanded_parts/__callable/reference_identity_group_0.o
[252/493] CALLABLE_PART expanded_parts/__callable/source_identity_group_0.o
[253/493] CALLABLE_PART expanded_parts/__callable/source_identity_group_1.o
[254/493] CALLABLE_PART expanded_parts/__callable/type_ref_identity_group_0.o
[255/493] CALLABLE_PART expanded_parts/__callable/type_refs_group_0.o
[256/493] CALLABLE_PART expanded_parts/__callable/type_refs_group_1.o
[257/493] CALLABLE_PART expanded_parts/__callable/type_refs_group_2.o
[258/493] CALLABLE_PART expanded_parts/__callable/type_refs_group_3.o
[259/493] CALLABLE_PART expanded_parts/__callable/type_refs_group_4.o
[260/493] CALLABLE_PART expanded_parts/__callable/operation_readiness_group_0.o
[261/493] CALLABLE_PART expanded_parts/__callable/type_refs_group_5.o
[262/493] CALLABLE_PART expanded_parts/__callable/operation_readiness_group_1.o
[263/493] CALLABLE_PART expanded_parts/__callable/operation_readiness_group_2.o
[264/493] CALLABLE_PART expanded_parts/__callable/type_refs_group_6.o
[265/493] CALLABLE_PART expanded_parts/__callable/type_refs_group_8.o
[266/493] CALLABLE_PART expanded_parts/__callable/type_refs_group_7.o
[267/493] CALLABLE_PART expanded_parts/__callable/operation_readiness_group_5.o
[268/493] CALLABLE_PART expanded_parts/__callable/operation_readiness_group_4.o
[269/493] CALLABLE_PART expanded_parts/__callable/operation_readiness_group_3.o
[270/493] CALLABLE_PART expanded_parts/__callable/operation_readiness_group_6.o
[271/493] CALLABLE_PART expanded_parts/__callable/operation_readiness_group_7.o
[272/493] CALLABLE_PART expanded_parts/__callable/operation_readiness_group_8.o
[273/493] CALLABLE_PART expanded_parts/__callable/operation_readiness_group_9.o
[274/493] CALLABLE_PART expanded_parts/__callable/compiler_pipeline_runner_group_0.o
[275/493] CALLABLE_PART expanded_parts/__callable/compiler_project_runner_group_0.o
[276/493] CALLABLE_PART expanded_parts/__callable/compiler_project_runner_group_2.o
[277/493] CALLABLE_PART expanded_parts/__callable/pipeline_config_helpers_group_1.o
[278/493] CALLABLE_PART expanded_parts/__callable/pipeline_config_helpers_group_0.o
[279/493] CALLABLE_PART expanded_parts/__callable/project_manifest_group_1.o
[280/493] CALLABLE_PART expanded_parts/__callable/compiler_project_runner_group_1.o
[281/493] CALLABLE_PART expanded_parts/__callable/project_manifest_group_0.o
[282/493] CALLABLE_PART expanded_parts/__callable/artifact_writes_group_0.o
[283/493] CALLABLE_PART expanded_parts/__callable/semantic_body_capability_consumers_group_0.o
[284/493] CALLABLE_PART expanded_parts/__callable/artifact_writes_group_1.o
[285/493] CALLABLE_PART expanded_parts/__callable/compiler_profile_events_group_0.o
[286/493] CALLABLE_PART expanded_parts/__callable/artifact_writes_group_2.o
[287/493] CALLABLE_PART expanded_parts/__callable/compiler_execution_artifacts_group_0.o
[288/493] CALLABLE_PART expanded_parts/__callable/compiler_profile_events_group_1.o
[289/493] CALLABLE_PART expanded_parts/__callable/compiler_profile_events_group_2.o
[290/493] CALLABLE_PART expanded_parts/__callable/debug_profile_gate_results_group_1.o
[291/493] CALLABLE_PART expanded_parts/__callable/debug_profile_gate_results_group_0.o
[292/493] CALLABLE_PART expanded_parts/__callable/mt_publication_metrics_group_0.o
[293/493] CALLABLE_PART expanded_parts/__callable/compiler_project_run_row_artifacts_group_0.o
[294/493] CALLABLE_PART expanded_parts/__callable/output_paths_group_0.o
[295/493] CALLABLE_PART expanded_parts/__callable/performance_memory_estimates_group_0.o
[296/493] CALLABLE_PART expanded_parts/__callable/performance_memory_estimates_group_1.o
[297/493] CALLABLE_PART expanded_parts/__callable/performance_memory_estimates_group_2.o
[298/493] CALLABLE_PART expanded_parts/__callable/production_mt_heartbeat_group_0.o
[299/493] CALLABLE_PART expanded_parts/__callable/performance_memory_estimates_group_3.o
[300/493] CALLABLE_PART expanded_parts/__callable/production_mt_heartbeat_group_1.o
[301/493] CALLABLE_PART expanded_parts/__callable/proof_metrics_group_0.o
[302/493] CALLABLE_PART expanded_parts/__callable/proof_metrics_group_3.o
[303/493] CALLABLE_PART expanded_parts/__callable/proof_metrics_group_1.o
[304/493] CALLABLE_PART expanded_parts/__callable/proof_metrics_group_4.o
[305/493] CALLABLE_PART expanded_parts/__callable/proof_metrics_group_2.o
[306/493] CALLABLE_PART expanded_parts/__callable/proof_metrics_group_5.o
[307/493] CALLABLE_PART expanded_parts/__callable/proof_metrics_group_6.o
[308/493] CALLABLE_PART expanded_parts/__callable/proof_metrics_group_7.o
[309/493] CALLABLE_PART expanded_parts/__callable/proof_metrics_group_8.o
[310/493] CALLABLE_PART expanded_parts/__callable/proof_metrics_group_9.o
[311/493] CALLABLE_PART expanded_parts/__callable/proof_metrics_group_11.o
[312/493] CALLABLE_PART expanded_parts/__callable/proof_metrics_group_10.o
[313/493] CALLABLE_PART expanded_parts/__callable/proof_metrics_group_12.o
[314/493] CALLABLE_PART expanded_parts/__callable/proof_metrics_group_13.o
[315/493] CALLABLE_PART expanded_parts/__callable/proof_metrics_group_14.o
[316/493] CALLABLE_PART expanded_parts/__callable/proof_metrics_group_15.o
[317/493] CALLABLE_PART expanded_parts/__callable/proof_metrics_group_16.o
[318/493] CALLABLE_PART expanded_parts/__callable/proof_metrics_group_17.o
[319/493] CALLABLE_PART expanded_parts/__callable/proof_metrics_group_18.o
[320/493] CALLABLE_PART expanded_parts/__callable/proof_metrics_group_19.o
[321/493] CALLABLE_PART expanded_parts/__callable/proof_metrics_group_20.o
[322/493] CALLABLE_PART expanded_parts/__callable/proof_metrics_group_21.o
[323/493] CALLABLE_PART expanded_parts/__callable/proof_metrics_group_22.o
[324/493] CALLABLE_PART expanded_parts/__callable/proof_metrics_group_23.o
[325/493] CALLABLE_PART expanded_parts/__callable/proof_metrics_group_25.o
[326/493] CALLABLE_PART expanded_parts/__callable/proof_metrics_group_24.o
[327/493] CALLABLE_PART expanded_parts/__callable/proof_metrics_group_26.o
[328/493] CALLABLE_PART expanded_parts/__callable/proof_metrics_group_27.o
[329/493] CALLABLE_PART expanded_parts/__callable/proof_metrics_group_28.o
[330/493] CALLABLE_PART expanded_parts/__callable/proof_metrics_group_29.o
[331/493] CALLABLE_PART expanded_parts/__callable/proof_metrics_group_31.o
[332/493] CALLABLE_PART expanded_parts/__callable/proof_metrics_group_30.o
[333/493] CALLABLE_PART expanded_parts/__callable/proof_metrics_group_32.o
[334/493] CALLABLE_PART expanded_parts/__callable/proof_metrics_group_33.o
[335/493] CALLABLE_PART expanded_parts/__callable/proof_metrics_group_36.o
[336/493] CALLABLE_PART expanded_parts/__callable/proof_metrics_group_34.o
[337/493] CALLABLE_PART expanded_parts/__callable/proof_metrics_group_35.o
[338/493] CALLABLE_PART expanded_parts/__callable/proof_metrics_group_38.o
[339/493] CALLABLE_PART expanded_parts/__callable/proof_metrics_group_40.o
[340/493] CALLABLE_PART expanded_parts/__callable/proof_metrics_group_37.o
[341/493] CALLABLE_PART expanded_parts/__callable/proof_metrics_group_39.o
[342/493] CALLABLE_PART expanded_parts/__callable/proof_metrics_group_41.o
[343/493] CALLABLE_PART expanded_parts/__callable/proof_metrics_group_42.o
[344/493] CALLABLE_PART expanded_parts/__callable/proof_metrics_group_43.o
[345/493] CALLABLE_PART expanded_parts/__callable/proof_metrics_group_44.o
[346/493] CALLABLE_PART expanded_parts/__callable/proof_metrics_group_46.o
[347/493] CALLABLE_PART expanded_parts/__callable/proof_metrics_group_45.o
[348/493] CALLABLE_PART expanded_parts/__callable/gate_result_debug_helpers_group_0.o
[349/493] CALLABLE_PART expanded_parts/__callable/resident_snapshots_group_0.o
[350/493] CALLABLE_PART expanded_parts/__callable/semantic_callable_candidates_group_0.o
[351/493] CALLABLE_PART expanded_parts/__callable/semantic_callable_candidates_group_1.o
[352/493] CALLABLE_PART expanded_parts/__callable/semantic_conversion_lookup_group_0.o
[353/493] CALLABLE_PART expanded_parts/__callable/resident_snapshots_group_1.o
[354/493] CALLABLE_PART expanded_parts/__callable/semantic_conversion_lookup_group_1.o
[355/493] CALLABLE_PART expanded_parts/__callable/semantic_conversion_lookup_group_2.o
[356/493] CALLABLE_PART expanded_parts/__callable/semantic_lookup_manifest_generated_group_0.o
[357/493] CALLABLE_PART expanded_parts/__callable/semantic_lookup_manifest_generated_group_1.o
[358/493] CALLABLE_PART expanded_parts/__callable/semantic_module_api_lookup_group_0.o
[359/493] CALLABLE_PART expanded_parts/__callable/semantic_module_api_lookup_group_1.o
[360/493] CALLABLE_PART expanded_parts/__callable/semantic_module_api_lookup_group_3.o
[361/493] CALLABLE_PART expanded_parts/__callable/semantic_operator_lookup_group_0.o
[362/493] CALLABLE_PART expanded_parts/__callable/semantic_operator_lookup_group_1.o
[363/493] CALLABLE_PART expanded_parts/__callable/semantic_operator_lookup_group_5.o
[364/493] CALLABLE_PART expanded_parts/__callable/semantic_operator_lookup_group_4.o
[365/493] CALLABLE_PART expanded_parts/__callable/semantic_operator_lookup_group_2.o
[366/493] CALLABLE_PART expanded_parts/__callable/semantic_operator_lookup_group_3.o
[367/493] CALLABLE_PART expanded_parts/__callable/semantic_runtime_abi_bridge_group_0.o
[368/493] CALLABLE_PART expanded_parts/__callable/semantic_module_api_lookup_group_2.o
[369/493] CALLABLE_PART expanded_parts/__callable/semantic_runtime_abi_bridge_group_1.o
[370/493] CALLABLE_PART expanded_parts/__callable/semantic_runtime_abi_bridge_group_2.o
[371/493] CALLABLE_PART expanded_parts/__callable/semantic_runtime_abi_bridge_group_3.o
[372/493] CALLABLE_PART expanded_parts/__callable/semantic_runtime_abi_bridge_group_4.o
[373/493] CALLABLE_PART expanded_parts/__callable/semantic_runtime_abi_declarations_group_0.o
[374/493] CALLABLE_PART expanded_parts/__callable/semantic_type_ref_providers_group_1.o
[375/493] CALLABLE_PART expanded_parts/__callable/semantic_runtime_abi_declarations_group_2.o
[376/493] CALLABLE_PART expanded_parts/__callable/semantic_runtime_abi_bridge_group_5.o
[377/493] CALLABLE_PART expanded_parts/__callable/semantic_runtime_abi_declarations_group_1.o
[378/493] CALLABLE_PART expanded_parts/__callable/semantic_type_ref_providers_group_0.o
[379/493] CALLABLE_PART expanded_parts/__callable/semantic_type_ref_providers_group_3.o
[380/493] CALLABLE_PART expanded_parts/__callable/semantic_type_ref_providers_group_2.o
[381/493] CALLABLE_PART expanded_parts/__callable/gate_profile_helpers_group_0.o
[382/493] CALLABLE_PART expanded_parts/__callable/gate_result_inspection_helpers_group_0.o
[383/493] CALLABLE_PART expanded_parts/__callable/backend_request_row_lists_group_0.o
[384/493] CALLABLE_PART expanded_parts/__callable/backend_request_row_lists_group_1.o
[385/493] CALLABLE_PART expanded_parts/__callable/frontend_model_tables_group_0.o
[386/493] CALLABLE_PART expanded_parts/__callable/frontend_model_tables_group_1.o
[387/493] CALLABLE_PART expanded_parts/__callable/frontend_model_tables_group_2.o
[388/493] CALLABLE_PART expanded_parts/__callable/frontend_model_tables_group_5.o
[389/493] CALLABLE_PART expanded_parts/__callable/frontend_model_tables_group_4.o
[390/493] CALLABLE_PART expanded_parts/__callable/frontend_model_tables_group_3.o
[391/493] CALLABLE_PART expanded_parts/__callable/frontend_model_tables_group_8.o
[392/493] CALLABLE_PART expanded_parts/__callable/frontend_node_lists_group_0.o
[393/493] CALLABLE_PART expanded_parts/__callable/frontend_model_tables_group_6.o
[394/493] CALLABLE_PART expanded_parts/__callable/frontend_model_tables_group_7.o
[395/493] CALLABLE_PART expanded_parts/__callable/frontend_node_lists_group_1.o
[396/493] CALLABLE_PART expanded_parts/__callable/frontend_node_lists_group_3.o
[397/493] CALLABLE_PART expanded_parts/__callable/frontend_node_lists_group_2.o
[398/493] CALLABLE_PART expanded_parts/__callable/structure_row_ids_group_0.o
[399/493] CALLABLE_PART expanded_parts/__callable/structure_row_ids_group_1.o
[400/493] CALLABLE_PART expanded_parts/__callable/row_segment_policy_group_0.o
[401/493] CALLABLE_PART expanded_parts/__callable/row_segment_policy_group_1.o
[402/493] CALLABLE_PART expanded_parts/__callable/token_row_lists_group_0.o
[403/493] CALLABLE_PART expanded_parts/__callable/token_row_lists_group_1.o
[404/493] CALLABLE_PART expanded_parts/__callable/token_row_lists_group_2.o
[405/493] CALLABLE_PART expanded_parts/__callable/token_tables_group_2.o
[406/493] CALLABLE_PART expanded_parts/__callable/token_tables_group_1.o
[407/493] CALLABLE_PART expanded_parts/__callable/token_tables_group_0.o
[408/493] CALLABLE_PART expanded_parts/__callable/token_tables_group_3.o
[409/493] CALLABLE_PART expanded_parts/compile/model/source_units/part_0.o
[410/493] CALLABLE_PART expanded_parts/compile/model/source_units/part_1.o
[411/493] CALLABLE_PART expanded_parts/compile/model/project_symbol_index/part_2.o
[412/493] CALLABLE_PART expanded_parts/compile/model/source_units/part_2.o
[413/493] CALLABLE_PART expanded_parts/compile/model/source_units/part_3.o
[414/493] CALLABLE_PART expanded_parts/compile/model/project_symbol_index/part_3.o
[415/493] CALLABLE_PART expanded_parts/compile/model/source_units/part_4.o
[416/493] CALLABLE_PART expanded_parts/compile/model/project_symbol_index/part_1.o
[417/493] CALLABLE_PART expanded_parts/compile/incremental/resident_source_unit_frontend_payload_tables/part_0.o
[418/493] CALLABLE_PART expanded_parts/compile/model/project_symbol_index/part_0.o
[419/493] CALLABLE_PART expanded_parts/compile/incremental/resident_source_unit_frontend_payload_tables/part_1.o
[420/493] CALLABLE_PART expanded_parts/compile/model/project_symbol_index/part_4.o
[421/493] CALLABLE_PART expanded_parts/compile/incremental/resident_source_unit_frontend_payload_tables/part_2.o
[422/493] CALLABLE_PART expanded_parts/compile/incremental/resident_source_unit_frontend_payload_tables/part_3.o
[423/493] CALLABLE_PART expanded_parts/compile/incremental/resident_source_unit_frontend_payload_tables/part_6.o
[424/493] CALLABLE_PART expanded_parts/compile/incremental/resident_source_unit_frontend_payload_tables/part_8.o
[425/493] CALLABLE_PART expanded_parts/compile/incremental/resident_source_unit_frontend_payload_tables/part_9.o
[426/493] CALLABLE_PART expanded_parts/compile/incremental/resident_source_unit_frontend_payload_tables/part_5.o
[427/493] CALLABLE_PART expanded_parts/compile/incremental/resident_source_unit_frontend_payload_tables/part_7.o
[428/493] CALLABLE_PART expanded_parts/compile/incremental/resident_source_unit_frontend_payload_tables/part_4.o
[429/493] CALLABLE_PART expanded_parts/compile/incremental/resident_source_unit_frontend_payload_tables/part_10.o
[430/493] CALLABLE_PART expanded_parts/compile/incremental/resident_source_unit_frontend_payload_tables/part_11.o
[431/493] CALLABLE_PART expanded_parts/compile/incremental/resident_source_unit_frontend_payload_tables/part_12.o
[432/493] CALLABLE_PART expanded_parts/compile/incremental/resident_source_unit_frontend_payload_tables/part_13.o
[433/493] CALLABLE_PART expanded_parts/compile/incremental/resident_source_unit_frontend_payload_tables/part_14.o
[434/493] CALLABLE_PART expanded_parts/compile/incremental/resident_source_unit_frontend_payload_tables/part_15.o
[435/493] CALLABLE_PART expanded_parts/compile/incremental/resident_source_unit_frontend_payload_tables/part_16.o
[436/493] CALLABLE_PART expanded_parts/compile/incremental/resident_source_unit_frontend_payload_tables/part_20.o
[437/493] CALLABLE_PART expanded_parts/compile/incremental/resident_source_unit_frontend_payload_tables/part_17.o
[438/493] CALLABLE_PART expanded_parts/compile/incremental/resident_source_unit_frontend_payload_tables/part_18.o
[439/493] CALLABLE_PART expanded_parts/compile/backend/llvm_text_from_plan/part_0.o
[440/493] CALLABLE_PART expanded_parts/compile/backend/llvm_text_from_plan/part_1.o
[441/493] CALLABLE_PART expanded_parts/compile/backend/llvm_text_from_plan/part_3.o
[442/493] CALLABLE_PART expanded_parts/compile/incremental/resident_source_unit_frontend_payload_tables/part_19.o
[443/493] CALLABLE_PART expanded_parts/compile/backend/llvm_text_from_plan/part_2.o
[444/493] CALLABLE_PART expanded_parts/compile/backend/llvm_text_from_plan/part_4.o
[445/493] CALLABLE_PART expanded_parts/compile/backend/llvm_text_from_plan/part_5.o
[446/493] CALLABLE_PART expanded_parts/compile/backend/llvm_text_from_plan/part_6.o
[447/493] CALLABLE_PART expanded_parts/compile/backend/llvm_text_from_plan/part_7.o
[448/493] CALLABLE_PART expanded_parts/compile/backend/llvm_text_from_plan/part_8.o
[449/493] CALLABLE_PART expanded_parts/compile/backend/llvm_text_from_plan/part_11.o
[450/493] CALLABLE_PART expanded_parts/compile/backend/llvm_text_from_plan/part_9.o
[451/493] CALLABLE_PART expanded_parts/compile/backend/llvm_text_from_plan/part_10.o
[452/493] CALLABLE_PART expanded_parts/compile/backend/llvm_text_from_plan/part_13.o
[453/493] CALLABLE_PART expanded_parts/compile/backend/llvm_text_from_plan/part_12.o
[454/493] CALLABLE_PART expanded_parts/compile/backend/llvm_text_from_plan/part_15.o
[455/493] CALLABLE_PART expanded_parts/compile/backend/llvm_text_from_plan/part_14.o
[456/493] CALLABLE_PART expanded_parts/compile/backend/backend_object_link_cache/part_0.o
[457/493] CALLABLE_PART expanded_parts/compile/backend/backend_object_link_cache/part_3.o
[458/493] CALLABLE_PART expanded_parts/compile/backend/backend_object_link_cache/part_1.o
[459/493] CALLABLE_PART expanded_parts/compile/backend/llvm_text_from_plan/part_16.o
[460/493] CALLABLE_PART expanded_parts/compile/backend/backend_object_link_cache/part_2.o
[461/493] CALLABLE_PART expanded_parts/compile/backend/lowering_plan/part_0.o
[462/493] CALLABLE_PART expanded_parts/compile/backend/lowering_plan/part_1.o
[463/493] CALLABLE_PART expanded_parts/compile/capabilities/storage_lifetime_readiness/part_0.o
[464/493] CALLABLE_PART expanded_parts/compile/capabilities/storage_lifetime_readiness/part_1.o
[465/493] CALLABLE_PART expanded_parts/compile/backend/lowering_plan/part_2.o
[466/493] CALLABLE_PART expanded_parts/compile/backend/lowering_plan/part_3.o
[467/493] CALLABLE_PART expanded_parts/compile/backend/lowering_plan/part_4.o
[468/493] CALLABLE_PART expanded_parts/compile/capabilities/type_capability_readiness/part_0.o
[469/493] CALLABLE_PART expanded_parts/compile/capabilities/type_capability_readiness/part_1.o
[470/493] CALLABLE_PART expanded_parts/compile/capabilities/storage_lifetime_readiness/part_2.o
[471/493] CALLABLE_PART expanded_parts/compile/capabilities/storage_lifetime_readiness/part_3.o
[472/493] CALLABLE_PART expanded_parts/compile/capabilities/type_capability_readiness/part_3.o
[473/493] CALLABLE_PART expanded_parts/compile/capabilities/type_capability_readiness/part_4.o
[474/493] CALLABLE_PART expanded_parts/compile/capabilities/type_capability_readiness/part_2.o
[475/493] CALLABLE_PART expanded_parts/compile/capabilities/type_capability_readiness/part_6.o
[476/493] CALLABLE_PART expanded_parts/compile/capabilities/type_capability_readiness/part_7.o
[477/493] CALLABLE_PART expanded_parts/compile/capabilities/type_capability_readiness/part_8.o
[478/493] CALLABLE_PART expanded_parts/compile/capabilities/type_capability_readiness/part_5.o
[479/493] CALLABLE_PART expanded_parts/compile/capabilities/type_capability_readiness/part_12.o
[480/493] CALLABLE_PART expanded_parts/compile/capabilities/type_capability_readiness/part_9.o
[481/493] CALLABLE_PART expanded_parts/compile/capabilities/type_capability_readiness/part_13.o
[482/493] CALLABLE_PART expanded_parts/compile/capabilities/type_capability_readiness/part_10.o
[483/493] CALLABLE_PART expanded_parts/compile/incremental/resident_source_unit_symbol_states/part_0.o
[484/493] CALLABLE_PART expanded_parts/compile/capabilities/type_capability_readiness/part_11.o
[485/493] CALLABLE_PART expanded_parts/compile/incremental/resident_source_unit_symbol_states/part_2.o
[486/493] CALLABLE_PART expanded_parts/compile/incremental/resident_source_unit_symbol_states/part_1.o
[487/493] CALLABLE_PART expanded_parts/compile/model/project_reference_resolution/part_0.o
[488/493] CALLABLE_PART expanded_parts/compile/model/project_reference_resolution/part_1.o
[489/493] CALLABLE_PART expanded_parts/compile/model/project_reference_resolution/part_2.o
[490/493] CALLABLE_PART expanded_parts/compile/model/project_reference_resolution/part_3.o
[491/493] CALLABLE_PART expanded_parts/compile/model/project_reference_resolution/part_4.o
[492/493] CALLABLE_PART expanded_parts/compile/model/project_reference_resolution/part_5.o
[493/493] LINK main
