Transpiled PHP files: 9, skipped unchanged: 0
Generated Ninja file: .prism/build/build.ninja
Using compiler: clang++-18 -fuse-ld=mold (gnu_like)
Using build mode: debug
Using build grouping policy: incremental (report_only)
Object cache: disabled (default disabled)
Using repo root: /tmp/scpp-json-240-probe
Resolved project dependency graph: 1 project(s)
Runtime compilation: enabled
Dependency compilation: reuse existing artifacts only
ninja: Entering directory `.prism/build'
[1/11] PCH app_pch.hpp.gch
[2/11] CXX scpp_framework/collections.o
[3/11] CXX scpp_framework/exceptions.o
[4/11] CXX src/05_generate_code/prepare_backend/data/configuration.o
[5/11] CXX src/compile/data/native_project.o
[6/11] CXX probe.o
[7/11] CXX scpp_framework/filesystem.o
[8/11] CXX scpp_framework/json_document.o
[9/11] CXX scpp_framework/strings.o
[10/11] CXX main.o
[11/11] LINK main
Rebuilt outputs: .prism/build/app_pch.hpp.gch, .prism/build/main, .prism/build/main.o, .prism/build/probe.o, .prism/build/scpp_framework/collections.o, .prism/build/scpp_framework/exceptions.o, .prism/build/scpp_framework/filesystem.o, .prism/build/scpp_framework/json_document.o, .prism/build/scpp_framework/strings.o, .prism/build/src/05_generate_code/prepare_backend/data/configuration.o, .prism/build/src/compile/data/native_project.o
Tip: set SCPP_NINJA_VERBOSE=1 to show full Ninja command lines.
Build completed: .prism/build/main
