[1/431] CXX expanded/compile/capabilities/type_traits.o
[2/431] CXX expanded/compile/capabilities/capability_consumer_plans.o
[3/431] CXX expanded/compile/backend/local_body_lowering.o
[4/431] CXX expanded/compile/backend/primitive_abi_adapter_matrix.o
[5/431] CXX expanded/compile/model/frontend_body_summaries.o
[6/431] CXX expanded/compile/backend/backend_emission_decisions.o
[7/431] CXX expanded/compile/backend/compiler_entry_backend.o
[8/431] CXX expanded/compile/backend/backend_preflight_requests.o
[9/431] CXX expanded/compile/capabilities/runtime_helper_contract_readiness.o
[10/431] CXX expanded/compile/backend/abi_bridge/runtime_abi_bridge.o
[11/431] CXX expanded/structures/capabilities/type_trait_row.o
[12/431] CXX expanded/structures/capabilities/type_trait_table.o
[13/431] CXX expanded/generated/semantic_type_ref_providers.o
[14/431] CXX expanded/compile/operations/operation_readiness.o
[15/431] CXX expanded/compile/semantic/semantic_body_capability_consumers.o
[16/431] CXX expanded/compile/incremental/resident_daemon_file_ipc.o
[17/431] CXX expanded/generated/semantic_operator_lookup.o
[18/431] clang++ -std=c++23 -fPIC -O0 -g1 -pipe -I../../../vendor/runtime/include -I../expanded/generated -DSCPP_LANGUAGE_TARGET_PHP=1 -DSCPP_HAS_MYSQLI=0 -DSCPP_HAS_REGEX=0 -DSCPP_HAS_CURL=0 -DSCPP_HAS_TASKS=1 -DSCPP_TASKS_DEFAULT_WORKER_POOL_SIZE=0 -DSCPP_HAS_UI=0 -DSCPP_HAS_WEBVIEW=0 -DSCPP_ENABLE_CALL_DEPTH_GUARD=1 -DSCPP_MAX_CALL_DEPTH=4096 -x c++-header -MD -MF expanded-project.pch.d ../expanded/generated/__project_units.hpp -o expanded-project.pch
[19/431] CALLABLE_PART expanded_parts/__callable/compiler_profile_events_stage_frontend_symbols_id.o
[20/431] CALLABLE_PART expanded_parts/__callable/compiler_profile_events_stage_backend_lowering_writes_id.o
[21/431] CALLABLE_PART expanded_parts/__callable/compiler_profile_events_stage_source_units_id.o
[22/431] CALLABLE_PART expanded_parts/__callable/compiler_profile_events_stage_manifest_id.o
[23/431] CALLABLE_PART expanded_parts/__callable/compiler_profile_events_stage_capability_load_probe_id.o
[24/431] CALLABLE_PART expanded_parts/__callable/compiler_profile_events_stage_references_contracts_id.o
[25/431] CALLABLE_PART expanded_parts/__callable/compiler_profile_events_stage_analysis_capability_id.o
[26/431] CALLABLE_PART expanded_parts/__callable/compiler_profile_events_stage_output_setup_id.o
[27/431] CALLABLE_PART expanded_parts/__callable/compiler_profile_events___scpp_static_accepts.o
[28/431] CALLABLE_PART expanded_parts/__callable/compiler_profile_events_stage_compiler_project_run_total_id.o
[29/431] CALLABLE_PART expanded_parts/__callable/compiler_profile_events_stage_backend_direct_call_setup_id.o
[30/431] CALLABLE_PART expanded_parts/main.o
[31/431] CALLABLE_PART expanded_parts/__callable/compiler_profile_events_stage_backend_target_local_match_id.o
[32/431] CALLABLE_PART expanded_parts/__callable/compiler_profile_events_stage_backend_target_local_emission_id.o
[33/431] CALLABLE_PART expanded_parts/__callable/compiler_profile_events_stage_backend_entry_call_emission_id.o
[34/431] CALLABLE_PART expanded_parts/__callable/compiler_profile_events_stage_llvm_text_materialization_id.o
[35/431] CALLABLE_PART expanded_parts/__callable/compiler_profile_events_stage_frontend_source_units_id.o
[36/431] CALLABLE_PART expanded_parts/__callable/compiler_profile_events_stage_project_symbol_index_id.o
[37/431] CALLABLE_PART expanded_parts/__callable/compiler_profile_events_stage_tokenizer_id.o
[38/431] CALLABLE_PART expanded_parts/__callable/compiler_profile_events_stage_resident_token_snapshots_id.o
[39/431] CALLABLE_PART expanded_parts/__callable/compiler_profile_events_stage_artifact_write_id.o
[40/431] CALLABLE_PART expanded_parts/__callable/compiler_profile_events_stage_resident_frontend_node_snapshots_id.o
[41/431] CALLABLE_PART expanded_parts/__callable/compiler_profile_events_stage_parser_frontend_model_id.o
[42/431] CALLABLE_PART expanded_parts/__callable/compiler_profile_events_stage_symbol_definition_snapshots_id.o
[43/431] CALLABLE_PART expanded_parts/__callable/compiler_profile_events_stage_function_body_ownership_snapshots_id.o
[44/431] CALLABLE_PART expanded_parts/__callable/compiler_profile_events_stage_frontend_payload_publication_metrics_id.o
[45/431] CALLABLE_PART expanded_parts/__callable/compiler_profile_events_stage_symbol_state_publication_id.o
[46/431] CALLABLE_PART expanded_parts/__callable/compiler_profile_events_stage_symbol_fact_publication_metrics_id.o
[47/431] CALLABLE_PART expanded_parts/__callable/compiler_profile_events_status_completed_id.o
[48/431] CALLABLE_PART expanded_parts/__callable/compiler_profile_events_stage_symbol_name_lookups_id.o
[49/431] CALLABLE_PART expanded_parts/__callable/compiler_profile_events_status_blocked_id.o
[50/431] CALLABLE_PART expanded_parts/__callable/compiler_profile_events_now_us.o
[51/431] CALLABLE_PART expanded_parts/__callable/compiler_profile_events_elapsed_us_since.o
[52/431] CALLABLE_PART expanded_parts/__callable/compiler_profile_events_append_elapsed.o
[53/431] CALLABLE_PART expanded_parts/__callable/compiler_profile_events_append_event.o
[54/431] CALLABLE_PART expanded_parts/__callable/compiler_profile_events_stage_name.o
[55/431] CALLABLE_PART expanded_parts/__callable/compiler_profile_events_status_name.o
[56/431] CALLABLE_PART expanded_parts/__callable/compiler_profile_events_debug_string.o
[57/431] CALLABLE_PART expanded_parts/__callable/token_kinds_number.o
[58/431] CALLABLE_PART expanded_parts/__callable/token_kinds___scpp_static_accepts.o
[59/431] CALLABLE_PART expanded_parts/__callable/token_kinds_eof.o
[60/431] CALLABLE_PART expanded_parts/__callable/token_kinds_identifier.o
[61/431] CALLABLE_PART expanded_parts/__callable/token_kinds_unknown.o
[62/431] CALLABLE_PART expanded_parts/__callable/token_kinds_keyword.o
[63/431] CALLABLE_PART expanded_parts/__callable/token_kinds_string_literal.o
[64/431] CALLABLE_PART expanded_parts/__callable/token_kinds_symbol.o
[65/431] CALLABLE_PART expanded_parts/__callable/token_kinds_comment.o
[66/431] CALLABLE_PART expanded_parts/__callable/token_kinds_error.o
[67/431] CALLABLE_PART expanded_parts/__callable/frontend_model_builder___scpp_static_accepts.o
[68/431] CALLABLE_PART expanded_parts/__callable/token_kinds_name.o
[69/431] CALLABLE_PART expanded_parts/__callable/frontend_model_builder_declaration_kind_function_id.o
[70/431] CALLABLE_PART expanded_parts/__callable/frontend_model_builder_synthetic_script_entry_name.o
[71/431] CALLABLE_PART expanded_parts/__callable/frontend_model_builder_declaration_kind_namespace_id.o
[72/431] CALLABLE_PART expanded_parts/__callable/frontend_model_builder_declaration_kind_use_function_id.o
[73/431] CALLABLE_PART expanded_parts/__callable/frontend_model_builder_declaration_flag_synthetic_script_entry_id.o
[74/431] CALLABLE_PART expanded_parts/__callable/frontend_model_builder_declaration_is_synthetic_script_entry.o
[75/431] CALLABLE_PART expanded_parts/__callable/frontend_model_builder_name_role_type_id.o
[76/431] CALLABLE_PART expanded_parts/__callable/frontend_model_builder_name_role_declaration_id.o
[77/431] CALLABLE_PART expanded_parts/__callable/frontend_model_builder_name_role_callee_id.o
[78/431] CALLABLE_PART expanded_parts/__callable/frontend_model_builder_name_role_variable_id.o
[79/431] CALLABLE_PART expanded_parts/__callable/frontend_model_builder_name_role_constant_id.o
[80/431] CALLABLE_PART expanded_parts/__callable/frontend_model_builder_name_role_namespace_id.o
[81/431] CALLABLE_PART expanded_parts/__callable/frontend_model_builder_statement_flag_append_target_id.o
[82/431] CALLABLE_PART expanded_parts/__callable/frontend_model_builder_literal_kind_integer_id.o
[83/431] CALLABLE_PART expanded_parts/__callable/frontend_model_builder_statement_flag_const_binding_id.o
[84/431] CALLABLE_PART expanded_parts/__callable/frontend_model_builder_literal_kind_bool_id.o
[85/431] CALLABLE_PART expanded_parts/__callable/frontend_model_builder_expression_flag_by_reference_parameter_id.o
[86/431] CALLABLE_PART expanded_parts/__callable/frontend_model_builder_literal_kind_string_id.o
[87/431] CALLABLE_PART expanded_parts/__callable/frontend_model_builder_literal_status_ready_id.o
[88/431] CALLABLE_PART expanded_parts/__callable/frontend_model_builder_literal_kind_floating_id.o
[89/431] CALLABLE_PART expanded_parts/__callable/frontend_model_builder_literal_kind_null_id.o
[90/431] CALLABLE_PART expanded_parts/__callable/frontend_model_builder_operator_plus_id.o
[91/431] CALLABLE_PART expanded_parts/__callable/frontend_model_builder_operator_minus_id.o
[92/431] CALLABLE_PART expanded_parts/__callable/frontend_model_builder_operator_multiply_id.o
[93/431] CALLABLE_PART expanded_parts/__callable/frontend_model_builder_operator_divide_id.o
[94/431] CALLABLE_PART expanded_parts/__callable/frontend_model_builder_operator_modulo_id.o
[95/431] CALLABLE_PART expanded_parts/__callable/frontend_model_builder_operator_unary_minus_id.o
[96/431] CALLABLE_PART expanded_parts/__callable/frontend_model_builder_primitive_int_type_ref_id.o
[97/431] CALLABLE_PART expanded_parts/__callable/frontend_model_builder_primitive_bool_type_ref_id.o
[98/431] CALLABLE_PART expanded_parts/__callable/frontend_model_builder_runtime_string_type_ref_id.o
[99/431] CALLABLE_PART expanded_parts/__callable/frontend_model_builder_numeric_type_ref_accepts_decimal_literal.o
[100/431] CALLABLE_PART expanded_parts/__callable/frontend_model_builder_numeric_type_ref_is_integer_literal_target.o
[101/431] CALLABLE_PART expanded_parts/__callable/frontend_model_builder_integer_positive_limit_for_width.o
[102/431] CALLABLE_PART expanded_parts/__callable/frontend_model_builder_token_end_offset.o
[103/431] CALLABLE_PART expanded_parts/__callable/frontend_model_builder_source_range_from_token.o
[104/431] CALLABLE_PART expanded_parts/__callable/frontend_model_builder_integer_literal_fits_type_ref.o
[105/431] CALLABLE_PART expanded_parts/__callable/frontend_model_builder_primitive_type_ref_id_for_name.o
[106/431] CALLABLE_PART expanded_parts/__callable/frontend_model_builder_source_range_from_offsets.o
[107/431] CALLABLE_PART expanded_parts/__callable/frontend_model_builder_source_type_ref_id_for_name.o
[108/431] CALLABLE_PART expanded_parts/__callable/frontend_model_builder_expect_type_name_token.o
[109/431] CALLABLE_PART expanded_parts/__callable/frontend_model_builder_parse_type_ref_id.o
[110/431] CALLABLE_PART expanded_parts/__callable/frontend_model_builder_append_declaration_name.o
[111/431] CALLABLE_PART expanded_parts/__callable/frontend_model_builder_append_name.o
[112/431] CALLABLE_PART expanded_parts/__callable/frontend_model_builder_append_variable_name.o
[113/431] CALLABLE_PART expanded_parts/__callable/frontend_model_builder_append_constant_name.o
[114/431] CALLABLE_PART expanded_parts/__callable/frontend_model_builder_append_namespace_name.o
[115/431] CALLABLE_PART expanded_parts/__callable/frontend_model_builder_append_type_name.o
[116/431] CALLABLE_PART expanded_parts/__callable/frontend_model_builder_append_callee_name.o
[117/431] CALLABLE_PART expanded_parts/__callable/frontend_model_builder_expression_type_ref_or_unknown.o
[118/431] CALLABLE_PART expanded_parts/__callable/frontend_model_builder_append_variable_expression.o
[119/431] CALLABLE_PART expanded_parts/__callable/frontend_model_builder_append_variable_expression_with_type.o
[120/431] CALLABLE_PART expanded_parts/__callable/frontend_model_builder_append_identifier_expression_from_token_with_type.o
[121/431] CALLABLE_PART expanded_parts/__callable/frontend_model_builder_append_string_literal_expression.o
[122/431] CALLABLE_PART expanded_parts/__callable/frontend_model_builder_append_identifier_expression_with_type.o
[123/431] CALLABLE_PART expanded_parts/__callable/frontend_model_builder_append_variable_expression_from_existing_node_with_type.o
[124/431] CALLABLE_PART expanded_parts/__callable/frontend_model_builder_append_null_literal_expression.o
[125/431] CALLABLE_PART expanded_parts/__callable/frontend_model_builder_append_literal_expression_with_numeric_type.o
[126/431] CALLABLE_PART expanded_parts/__callable/frontend_model_builder_append_unary_minus_integer_literal_expression_with_type.o
[127/431] CALLABLE_PART expanded_parts/__callable/frontend_model_builder_consume_blocked_unary_logical_not_operand.o
[128/431] CALLABLE_PART expanded_parts/__callable/frontend_model_builder_append_unary_minus_local_expression_with_type.o
[129/431] CALLABLE_PART expanded_parts/__callable/frontend_model_builder_append_call_expression.o
[130/431] CALLABLE_PART expanded_parts/__callable/frontend_model_builder_consume_blocked_unary_logical_not_expression.o
[131/431] CALLABLE_PART expanded_parts/__callable/frontend_model_builder_at_call_argument_list_after_open_offset.o
[132/431] CALLABLE_PART expanded_parts/__callable/frontend_model_builder_at_qualified_call_expression.o
[133/431] CALLABLE_PART expanded_parts/__callable/frontend_model_builder_at_scalar_expression_start_at_offset.o
[134/431] CALLABLE_PART expanded_parts/__callable/frontend_model_builder_at_function_parameter.o
[135/431] CALLABLE_PART expanded_parts/__callable/frontend_model_builder_at_call_expression_with_argument_list.o
[136/431] CALLABLE_PART expanded_parts/__callable/frontend_model_builder_mark_expression_node_flag.o
[137/431] CALLABLE_PART expanded_parts/__callable/frontend_model_builder_append_parameter_default_literal_if_present.o
[138/431] CALLABLE_PART expanded_parts/__callable/frontend_model_builder_append_binary_plus_expression_from_left_with_type.o
[139/431] CALLABLE_PART expanded_parts/__callable/frontend_model_builder_append_binary_expression_from_left_with_type.o
[140/431] CALLABLE_PART expanded_parts/__callable/frontend_model_builder_append_function_parameter_expression.o
[141/431] CALLABLE_PART expanded_parts/__callable/frontend_model_builder_append_binary_minus_expression_from_left_with_type.o
[142/431] CALLABLE_PART expanded_parts/__callable/frontend_model_builder_append_binary_expression_from_nodes_with_type.o
[143/431] CALLABLE_PART expanded_parts/__callable/frontend_model_builder_append_generated_binary_expression_from_left_with_type.o
[144/431] CALLABLE_PART expanded_parts/__callable/frontend_model_builder_append_index_access_expression_from_nodes_with_type.o
[145/431] CALLABLE_PART expanded_parts/__callable/frontend_model_builder_append_empty_initializer_expression_with_type.o
[146/431] CALLABLE_PART expanded_parts/__callable/frontend_model_builder_append_ternary_expression_from_nodes_with_type.o
[147/431] CALLABLE_PART expanded_parts/__callable/frontend_model_builder_at_local_declaration.o
[148/431] CALLABLE_PART expanded_parts/__callable/frontend_model_builder_expression_type_ref_from_node.o
[149/431] CALLABLE_PART expanded_parts/__callable/frontend_model_builder_operator_result_type_ref_for_left.o
[150/431] CALLABLE_PART expanded_parts/__callable/frontend_model_builder_operator_rhs_type_ref_for_left.o
[151/431] CALLABLE_PART expanded_parts/__callable/frontend_model_builder_binary_operator_row_for_current.o
[152/431] CALLABLE_PART expanded_parts/__callable/frontend_model_builder_node_is_synthetic_script_entry.o
[153/431] CALLABLE_PART expanded_parts/__callable/frontend_model_builder_at_const_declaration_statement.o
[154/431] CALLABLE_PART expanded_parts/__callable/frontend_model_builder_at_const_keyword.o
[155/431] CALLABLE_PART expanded_parts/__callable/frontend_model_builder_expect_const_keyword.o
[156/431] CALLABLE_PART expanded_parts/__callable/frontend_model_builder_at_bound_identifier_expression.o
[157/431] CALLABLE_PART expanded_parts/__callable/frontend_model_builder_compound_assignment_base_operator_at_offset.o
[158/431] CALLABLE_PART expanded_parts/__callable/frontend_model_builder_at_compound_assignment_operator_after_target.o
[159/431] CALLABLE_PART expanded_parts/__callable/frontend_model_builder_at_assignment_statement.o
[160/431] CALLABLE_PART expanded_parts/__callable/frontend_model_builder_at_double_symbol.o
[161/431] CALLABLE_PART expanded_parts/__callable/frontend_model_builder_prefix_update_variable_offset.o
[162/431] CALLABLE_PART expanded_parts/__callable/frontend_model_builder_at_echo_prefix_update_statement.o
[163/431] CALLABLE_PART expanded_parts/__callable/frontend_model_builder_consume_prefix_update_operator.o
[164/431] CALLABLE_PART expanded_parts/__callable/frontend_model_builder_at_echo_postfix_update_statement.o
[165/431] CALLABLE_PART expanded_parts/__callable/frontend_model_builder_consume_compound_assignment_operator.o
[166/431] CALLABLE_PART expanded_parts/__callable/frontend_model_builder_retag_expression_node_type.o
[167/431] CALLABLE_PART expanded_parts/__callable/frontend_model_builder_parse_scalar_expression.o
[168/431] CALLABLE_PART expanded_parts/__callable/frontend_model_builder_ternary_result_type_ref.o
[169/431] CALLABLE_PART expanded_parts/__callable/frontend_model_builder_parse_scalar_primary_expression.o
[170/431] CALLABLE_PART expanded_parts/__callable/frontend_model_builder_parse_scalar_expression_with_min_precedence.o
[171/431] CALLABLE_PART expanded_parts/__callable/frontend_model_builder_parse_const_declaration_statement.o
[172/431] CALLABLE_PART expanded_parts/__callable/frontend_model_builder_parse_local_declaration_statement.o
[173/431] CALLABLE_PART expanded_parts/__callable/frontend_model_builder_parse_assignment_statement.o
[174/431] CALLABLE_PART expanded_parts/__callable/frontend_model_builder_parse_assignment_statement_with_terminator.o
[175/431] CALLABLE_PART expanded_parts/__callable/frontend_model_builder_append_assignment_statement_from_nodes.o
[176/431] CALLABLE_PART expanded_parts/__callable/frontend_model_builder_append_echo_statement_from_value.o
[177/431] CALLABLE_PART expanded_parts/__callable/frontend_model_builder_consume_optional_echo_trailing_string_argument.o
[178/431] CALLABLE_PART expanded_parts/__callable/frontend_model_builder_parse_echo_argument_expression.o
[179/431] CALLABLE_PART expanded_parts/__callable/frontend_model_builder_parse_echo_argument_list.o
[180/431] CALLABLE_PART expanded_parts/__callable/frontend_model_builder_patch_echo_argument_parent_links.o
[181/431] CALLABLE_PART expanded_parts/__callable/frontend_model_builder_parse_echo_prefix_update_statement_sequence.o
[182/431] CALLABLE_PART expanded_parts/__callable/frontend_model_builder_parse_echo_postfix_update_statement_sequence.o
[183/431] CALLABLE_PART expanded_parts/__callable/frontend_model_builder_parse_echo_statement.o
[184/431] CALLABLE_PART expanded_parts/__callable/frontend_model_builder_parse_if_statement.o
[185/431] CALLABLE_PART expanded_parts/__callable/frontend_model_builder_parse_while_statement.o
[186/431] CALLABLE_PART expanded_parts/__callable/frontend_model_builder_parse_for_statement.o
[187/431] CALLABLE_PART expanded_parts/__callable/frontend_model_builder_statement_list_last_node_id.o
[188/431] CALLABLE_PART expanded_parts/__callable/frontend_model_builder_parse_return_expression.o
[189/431] CALLABLE_PART expanded_parts/__callable/frontend_model_builder_parse_return_statement.o
[190/431] CALLABLE_PART expanded_parts/__callable/frontend_model_builder_parse_control_transfer_statement.o
[191/431] CALLABLE_PART expanded_parts/__callable/frontend_model_builder_at_call_expression_statement.o
[192/431] CALLABLE_PART expanded_parts/__callable/frontend_model_builder_parse_expression_statement.o
[193/431] CALLABLE_PART expanded_parts/__callable/frontend_model_builder_parse_statement_list_until_close.o
[194/431] CALLABLE_PART expanded_parts/__callable/frontend_model_builder_parse_body_statement.o
[195/431] CALLABLE_PART expanded_parts/__callable/frontend_model_builder_parse_statement_list_until_close_with_implicit_return.o
[196/431] CALLABLE_PART expanded_parts/__callable/frontend_model_builder_append_synthetic_literal_expression.o
[197/431] CALLABLE_PART expanded_parts/__callable/frontend_model_builder_append_implicit_return_after_statement_list.o
[198/431] CALLABLE_PART expanded_parts/__callable/frontend_model_builder_append_synthetic_bool_literal_expression.o
[199/431] CALLABLE_PART expanded_parts/__callable/frontend_model_builder_append_synthetic_return_literal_statement.o
[200/431] CALLABLE_PART expanded_parts/__callable/frontend_model_builder_statement_node_is_return.o
[201/431] CALLABLE_PART expanded_parts/__callable/frontend_model_builder_parse_statement_list_until_eof_with_implicit_return.o
[202/431] CALLABLE_PART expanded_parts/__callable/frontend_model_builder_parse_function_body.o
[203/431] CALLABLE_PART expanded_parts/__callable/frontend_model_builder_record_function_parameter_local_types.o
[204/431] CALLABLE_PART expanded_parts/__callable/frontend_model_builder_body_shape_digest_from_body_node.o
[205/431] CALLABLE_PART expanded_parts/__callable/frontend_model_builder_parse_namespace_name_range.o
[206/431] CALLABLE_PART expanded_parts/__callable/frontend_model_builder_at_namespace_declaration.o
[207/431] CALLABLE_PART expanded_parts/__callable/frontend_model_builder_at_use_keyword.o
[208/431] CALLABLE_PART expanded_parts/__callable/frontend_model_builder_at_use_function_declaration.o
[209/431] CALLABLE_PART expanded_parts/__callable/frontend_model_builder_expect_namespace_keyword.o
[210/431] CALLABLE_PART expanded_parts/__callable/frontend_model_builder_expect_use_keyword.o
[211/431] CALLABLE_PART expanded_parts/__callable/frontend_model_builder_expect_function_import_keyword.o
[212/431] CALLABLE_PART expanded_parts/__callable/frontend_model_builder_append_namespace_declaration_node.o
[213/431] CALLABLE_PART expanded_parts/__callable/frontend_model_builder_parse_use_function_declaration.o
[214/431] CALLABLE_PART expanded_parts/__callable/frontend_model_builder_append_use_function_declaration_node.o
[215/431] CALLABLE_PART expanded_parts/__callable/frontend_model_builder_parse_namespace_declaration.o
[216/431] CALLABLE_PART expanded_parts/__callable/frontend_model_builder_append_synthetic_script_entry_declaration_shell.o
[217/431] CALLABLE_PART expanded_parts/__callable/frontend_model_builder_parse_function_declaration.o
[218/431] CALLABLE_PART expanded_parts/__callable/frontend_model_builder_attach_synthetic_script_entry_body.o
[219/431] CALLABLE_PART expanded_parts/__callable/frontend_model_builder_parse_synthetic_script_entry_declaration.o
[220/431] CALLABLE_PART expanded_parts/__callable/frontend_model_builder_parse_synthetic_script_entry_declaration_until_close.o
[221/431] CALLABLE_PART expanded_parts/__callable/frontend_model_builder_reserve_model_for_tokens.o
[222/431] CALLABLE_PART expanded_parts/__callable/frontend_model_builder_apply_node_segment_policy.o
[223/431] CALLABLE_PART expanded_parts/__callable/frontend_model_builder_capacity_at_least.o
[224/431] CALLABLE_PART expanded_parts/__callable/frontend_model_tables___scpp_static_accepts.o
[225/431] CALLABLE_PART expanded_parts/__callable/frontend_model_builder_parse_source_unit.o
[226/431] CALLABLE_PART expanded_parts/__callable/frontend_model_tables_uint16_from_int.o
[227/431] CALLABLE_PART expanded_parts/__callable/frontend_model_tables_uint32_from_int.o
[228/431] CALLABLE_PART expanded_parts/__callable/frontend_model_tables_none_id.o
[229/431] CALLABLE_PART expanded_parts/__callable/frontend_model_tables_none_kind_id.o
[230/431] CALLABLE_PART expanded_parts/__callable/frontend_model_builder_parse_source_unit_with_node_segment_policy.o
[231/431] CALLABLE_PART expanded_parts/__callable/frontend_model_tables_row_family_declaration_id.o
[232/431] CALLABLE_PART expanded_parts/__callable/frontend_model_tables_row_family_expression_id.o
[233/431] CALLABLE_PART expanded_parts/__callable/frontend_model_tables_row_family_type_syntax_id.o
[234/431] CALLABLE_PART expanded_parts/__callable/frontend_model_tables_row_family_statement_id.o
[235/431] CALLABLE_PART expanded_parts/__callable/frontend_model_tables_row_kind_declaration_function_id.o
[236/431] CALLABLE_PART expanded_parts/__callable/frontend_model_tables_row_kind_declaration_namespace_id.o
[237/431] CALLABLE_PART expanded_parts/__callable/frontend_model_tables_row_kind_statement_return_id.o
[238/431] CALLABLE_PART expanded_parts/__callable/frontend_model_tables_row_kind_statement_local_declaration_id.o
[239/431] CALLABLE_PART expanded_parts/__callable/frontend_model_tables_row_kind_declaration_use_function_id.o
[240/431] CALLABLE_PART expanded_parts/__callable/frontend_model_tables_row_kind_statement_echo_id.o
[241/431] CALLABLE_PART expanded_parts/__callable/frontend_model_tables_row_kind_statement_assignment_id.o
[242/431] CALLABLE_PART expanded_parts/__callable/frontend_model_tables_row_kind_statement_if_id.o
[243/431] CALLABLE_PART expanded_parts/__callable/frontend_model_tables_row_kind_statement_expression_id.o
[244/431] CALLABLE_PART expanded_parts/__callable/frontend_model_tables_row_kind_statement_while_id.o
[245/431] CALLABLE_PART expanded_parts/__callable/frontend_model_tables_row_kind_statement_for_id.o
[246/431] CALLABLE_PART expanded_parts/__callable/frontend_model_tables_row_kind_statement_break_id.o
[247/431] CALLABLE_PART expanded_parts/__callable/frontend_model_tables_row_kind_statement_continue_id.o
[248/431] CALLABLE_PART expanded_parts/__callable/frontend_model_tables_row_kind_expression_literal_id.o
[249/431] CALLABLE_PART expanded_parts/__callable/frontend_model_tables_row_kind_expression_binary_id.o
[250/431] CALLABLE_PART expanded_parts/__callable/frontend_model_tables_row_kind_expression_call_id.o
[251/431] CALLABLE_PART expanded_parts/__callable/frontend_model_tables_row_kind_expression_ternary_id.o
[252/431] CALLABLE_PART expanded_parts/__callable/frontend_model_tables_row_kind_expression_index_access_id.o
[253/431] CALLABLE_PART expanded_parts/__callable/frontend_model_tables_row_kind_expression_variable_id.o
[254/431] CALLABLE_PART expanded_parts/__callable/frontend_model_tables_row_kind_expression_empty_initializer_id.o
[255/431] CALLABLE_PART expanded_parts/__callable/frontend_model_tables_row_kind_type_syntax_named_id.o
[256/431] CALLABLE_PART expanded_parts/__callable/frontend_model_tables_payload_kind_declaration_id.o
[257/431] CALLABLE_PART expanded_parts/__callable/frontend_model_tables_payload_kind_expression_id.o
[258/431] CALLABLE_PART expanded_parts/__callable/frontend_model_tables_payload_kind_statement_id.o
[259/431] CALLABLE_PART expanded_parts/__callable/frontend_model_tables_payload_kind_literal_id.o
[260/431] CALLABLE_PART expanded_parts/__callable/frontend_model_tables_payload_kind_name_id.o
[261/431] CALLABLE_PART expanded_parts/__callable/frontend_model_tables_payload_kind_type_syntax_id.o
[262/431] CALLABLE_PART expanded_parts/__callable/frontend_model_tables_append_source_buffer.o
[263/431] CALLABLE_PART expanded_parts/__callable/frontend_model_tables_reserve_model.o
[264/431] CALLABLE_PART expanded_parts/__callable/frontend_model_tables_append_source_range.o
[265/431] CALLABLE_PART expanded_parts/__callable/frontend_model_tables_append_source_range_ext.o
[266/431] CALLABLE_PART expanded_parts/__callable/frontend_model_tables_append_node.o
[267/431] CALLABLE_PART expanded_parts/__callable/frontend_model_tables_append_line_start.o
[268/431] CALLABLE_PART expanded_parts/__callable/frontend_model_tables_append_declaration_payload.o
[269/431] CALLABLE_PART expanded_parts/__callable/frontend_model_tables_ensure_declaration_node_id_slot.o
[270/431] CALLABLE_PART expanded_parts/__callable/frontend_model_tables_declaration_node_id_by_payload_id.o
[271/431] CALLABLE_PART expanded_parts/__callable/frontend_model_tables_clear_declaration_node_id.o
[272/431] CALLABLE_PART expanded_parts/__callable/frontend_model_tables_record_declaration_node_id.o
[273/431] CALLABLE_PART expanded_parts/__callable/frontend_model_tables_append_type_syntax_payload.o
[274/431] CALLABLE_PART expanded_parts/__callable/frontend_model_tables_append_expression_payload.o
[275/431] CALLABLE_PART expanded_parts/__callable/frontend_model_tables_append_statement_payload.o
[276/431] CALLABLE_PART expanded_parts/__callable/frontend_model_tables_append_literal_payload.o
[277/431] CALLABLE_PART expanded_parts/__callable/frontend_model_tables_append_name_payload.o
[278/431] CALLABLE_PART expanded_parts/__callable/frontend_model_tables_has_node_id.o
[279/431] CALLABLE_PART expanded_parts/__callable/frontend_model_tables_node_storage_kind_id.o
[280/431] CALLABLE_PART expanded_parts/__callable/frontend_model_tables_node_count.o
[281/431] CALLABLE_PART expanded_parts/__callable/frontend_model_tables_nodes_use_segmented.o
[282/431] CALLABLE_PART expanded_parts/__callable/frontend_model_tables_node_segment_slack_bytes.o
[283/431] CALLABLE_PART expanded_parts/__callable/frontend_model_tables_node_segment_count.o
[284/431] CALLABLE_PART expanded_parts/__callable/frontend_model_tables_node_segment_reserved_bytes.o
[285/431] CALLABLE_PART expanded_parts/__callable/frontend_model_tables_node_retained_old_generation_bytes.o
[286/431] CALLABLE_PART expanded_parts/__callable/frontend_model_tables_first_node_span.o
[287/431] CALLABLE_PART expanded_parts/__callable/frontend_model_tables_node_list_ref.o
[288/431] CALLABLE_PART expanded_parts/__callable/frontend_model_tables_next_node_span.o
[289/431] CALLABLE_PART expanded_parts/__callable/frontend_model_tables_span_node_at.o
[290/431] CALLABLE_PART expanded_parts/__callable/frontend_model_tables_node_span_is_empty.o
[291/431] CALLABLE_PART expanded_parts/__callable/frontend_model_tables_source_buffer_by_id.o
[292/431] CALLABLE_PART expanded_parts/__callable/frontend_model_tables_node_by_id.o
[293/431] CALLABLE_PART expanded_parts/__callable/frontend_model_tables_declaration_by_id.o
[294/431] CALLABLE_PART expanded_parts/__callable/frontend_model_tables_statement_by_id.o
[295/431] CALLABLE_PART expanded_parts/__callable/frontend_model_tables_literal_by_id.o
[296/431] CALLABLE_PART expanded_parts/__callable/frontend_model_tables_expression_by_id.o
[297/431] CALLABLE_PART expanded_parts/__callable/frontend_model_tables_type_syntax_by_id.o
[298/431] CALLABLE_PART expanded_parts/__callable/frontend_model_tables_source_range_by_id.o
[299/431] CALLABLE_PART expanded_parts/__callable/frontend_model_tables_name_by_id.o
[300/431] CALLABLE_PART expanded_parts/__callable/frontend_model_tables_source_range_ext_by_id.o
[301/431] CALLABLE_PART expanded_parts/__callable/frontend_model_tables_line_start_by_index.o
[302/431] CALLABLE_PART expanded_parts/__callable/frontend_model_tables_update_node.o
[303/431] CALLABLE_PART expanded_parts/__callable/frontend_model_tables_update_declaration_payload.o
[304/431] CALLABLE_PART expanded_parts/__callable/frontend_model_tables_update_expression_payload.o
[305/431] CALLABLE_PART expanded_parts/__callable/frontend_model_tables_update_statement_payload.o
[306/431] CALLABLE_PART expanded_parts/__callable/frontend_model_tables_patch_node_links.o
[307/431] CALLABLE_PART expanded_parts/__callable/frontend_model_tables_node_equals.o
[308/431] CALLABLE_PART expanded_parts/__callable/frontend_model_tables_source_buffer_equals.o
[309/431] CALLABLE_PART expanded_parts/__callable/frontend_model_tables_type_syntax_equals.o
[310/431] CALLABLE_PART expanded_parts/__callable/frontend_model_tables_declaration_equals.o
[311/431] CALLABLE_PART expanded_parts/__callable/frontend_model_tables_statement_equals.o
[312/431] CALLABLE_PART expanded_parts/__callable/frontend_model_tables_expression_equals.o
[313/431] CALLABLE_PART expanded_parts/__callable/frontend_model_tables_literal_equals.o
[314/431] CALLABLE_PART expanded_parts/__callable/frontend_model_tables_source_range_equals.o
[315/431] CALLABLE_PART expanded_parts/__callable/frontend_model_tables_name_equals.o
[316/431] CALLABLE_PART expanded_parts/__callable/frontend_model_tables_source_range_ext_equals.o
[317/431] CALLABLE_PART expanded_parts/__callable/frontend_model_tables_line_start_equals.o
[318/431] CALLABLE_PART expanded_parts/__callable/frontend_model_tables_node_debug_string.o
[319/431] CALLABLE_PART expanded_parts/__callable/frontend_model_tables_declaration_debug_string.o
[320/431] CALLABLE_PART expanded_parts/__callable/frontend_model_tables_source_buffer_debug_string.o
[321/431] CALLABLE_PART expanded_parts/__callable/frontend_model_tables_source_range_debug_string.o
[322/431] CALLABLE_PART expanded_parts/__callable/frontend_model_tables_source_range_ext_debug_string.o
[323/431] CALLABLE_PART expanded_parts/__callable/frontend_model_tables_line_start_debug_string.o
[324/431] CALLABLE_PART expanded_parts/__callable/frontend_model_tables_statement_debug_string.o
[325/431] CALLABLE_PART expanded_parts/__callable/frontend_model_tables_expression_debug_string.o
[326/431] CALLABLE_PART expanded_parts/__callable/frontend_model_tables_type_syntax_debug_string.o
[327/431] CALLABLE_PART expanded_parts/__callable/frontend_model_tables_literal_debug_string.o
[328/431] CALLABLE_PART expanded_parts/__callable/frontend_model_tables_name_debug_string.o
[329/431] CALLABLE_PART expanded_parts/__callable/frontend_model_tables_node_stable_hash.o
[330/431] CALLABLE_PART expanded_parts/__callable/frontend_model_tables_statement_stable_hash.o
[331/431] CALLABLE_PART expanded_parts/__callable/frontend_model_tables_source_buffer_stable_hash.o
[332/431] CALLABLE_PART expanded_parts/__callable/frontend_model_tables_source_range_ext_stable_hash.o
[333/431] CALLABLE_PART expanded_parts/__callable/frontend_model_tables_source_range_stable_hash.o
[334/431] CALLABLE_PART expanded_parts/__callable/frontend_model_tables_line_start_stable_hash.o
[335/431] CALLABLE_PART expanded_parts/__callable/frontend_model_tables_expression_stable_hash.o
[336/431] CALLABLE_PART expanded_parts/__callable/frontend_model_tables_type_syntax_stable_hash.o
[337/431] CALLABLE_PART expanded_parts/__callable/frontend_model_tables_counters_debug_string.o
[338/431] CALLABLE_PART expanded_parts/__callable/frontend_model_tables_literal_stable_hash.o
[339/431] CALLABLE_PART expanded_parts/__callable/frontend_model_tables_name_stable_hash.o
[340/431] CALLABLE_PART expanded_parts/__callable/frontend_model_tables_declaration_stable_hash.o
[341/431] CALLABLE_PART expanded_parts/__callable/frontend_model_tables_increment_node_family_count.o
[342/431] CALLABLE_PART expanded_parts/__callable/frontend_model_tables_decrement_node_family_count.o
[343/431] CALLABLE_PART expanded_parts/__callable/frontend_model_tables_replace_node_family_count.o
[344/431] CALLABLE_PART expanded_parts/__callable/frontend_model_tables_refresh_node_family_counts.o
[345/431] CALLABLE_PART expanded_parts/compile/model/source_units/part_0.o
[346/431] CALLABLE_PART expanded_parts/compile/model/source_units/part_1.o
[347/431] CALLABLE_PART expanded_parts/compile/model/source_units/part_2.o
[348/431] CALLABLE_PART expanded_parts/compile/model/source_units/part_4.o
[349/431] CALLABLE_PART expanded_parts/compile/model/project_symbol_index/part_2.o
[350/431] CALLABLE_PART expanded_parts/compile/model/project_symbol_index/part_0.o
[351/431] CALLABLE_PART expanded_parts/compile/model/source_units/part_3.o
[352/431] CALLABLE_PART expanded_parts/compile/model/project_symbol_index/part_1.o
[353/431] CALLABLE_PART expanded_parts/compile/model/project_symbol_index/part_4.o
[354/431] CALLABLE_PART expanded_parts/compile/model/project_symbol_index/part_3.o
[355/431] CALLABLE_PART expanded_parts/compile/incremental/resident_source_unit_frontend_payload_tables/part_0.o
[356/431] CALLABLE_PART expanded_parts/compile/incremental/resident_source_unit_frontend_payload_tables/part_1.o
[357/431] CALLABLE_PART expanded_parts/compile/incremental/resident_source_unit_frontend_payload_tables/part_2.o
[358/431] CALLABLE_PART expanded_parts/compile/incremental/resident_source_unit_frontend_payload_tables/part_3.o
[359/431] CALLABLE_PART expanded_parts/compile/incremental/resident_source_unit_frontend_payload_tables/part_6.o
[360/431] CALLABLE_PART expanded_parts/compile/incremental/resident_source_unit_frontend_payload_tables/part_4.o
[361/431] CALLABLE_PART expanded_parts/compile/incremental/resident_source_unit_frontend_payload_tables/part_5.o
[362/431] CALLABLE_PART expanded_parts/compile/incremental/resident_source_unit_frontend_payload_tables/part_7.o
[363/431] CALLABLE_PART expanded_parts/compile/incremental/resident_source_unit_frontend_payload_tables/part_8.o
[364/431] CALLABLE_PART expanded_parts/compile/incremental/resident_source_unit_frontend_payload_tables/part_12.o
[365/431] CALLABLE_PART expanded_parts/compile/incremental/resident_source_unit_frontend_payload_tables/part_9.o
[366/431] CALLABLE_PART expanded_parts/compile/incremental/resident_source_unit_frontend_payload_tables/part_10.o
[367/431] CALLABLE_PART expanded_parts/compile/incremental/resident_source_unit_frontend_payload_tables/part_11.o
[368/431] CALLABLE_PART expanded_parts/compile/incremental/resident_source_unit_frontend_payload_tables/part_13.o
[369/431] CALLABLE_PART expanded_parts/compile/incremental/resident_source_unit_frontend_payload_tables/part_14.o
[370/431] CALLABLE_PART expanded_parts/compile/incremental/resident_source_unit_frontend_payload_tables/part_15.o
[371/431] CALLABLE_PART expanded_parts/compile/incremental/resident_source_unit_frontend_payload_tables/part_18.o
[372/431] CALLABLE_PART expanded_parts/compile/incremental/resident_source_unit_frontend_payload_tables/part_16.o
[373/431] CALLABLE_PART expanded_parts/compile/incremental/resident_source_unit_frontend_payload_tables/part_17.o
[374/431] CALLABLE_PART expanded_parts/profile/gate_profile_helpers/part_0.o
[375/431] CALLABLE_PART expanded_parts/compile/support/production_mt_heartbeat/part_0.o
[376/431] CALLABLE_PART expanded_parts/compile/incremental/resident_source_unit_frontend_payload_tables/part_20.o
[377/431] CALLABLE_PART expanded_parts/compile/backend/llvm_text_from_plan/part_0.o
[378/431] CALLABLE_PART expanded_parts/compile/backend/llvm_text_from_plan/part_1.o
[379/431] CALLABLE_PART expanded_parts/compile/backend/llvm_text_from_plan/part_2.o
[380/431] CALLABLE_PART expanded_parts/compile/backend/llvm_text_from_plan/part_3.o
[381/431] CALLABLE_PART expanded_parts/compile/incremental/resident_source_unit_frontend_payload_tables/part_19.o
[382/431] CALLABLE_PART expanded_parts/compile/backend/llvm_text_from_plan/part_4.o
[383/431] CALLABLE_PART expanded_parts/compile/backend/llvm_text_from_plan/part_6.o
[384/431] CALLABLE_PART expanded_parts/compile/backend/llvm_text_from_plan/part_5.o
[385/431] CALLABLE_PART expanded_parts/compile/backend/llvm_text_from_plan/part_7.o
[386/431] CALLABLE_PART expanded_parts/compile/backend/llvm_text_from_plan/part_8.o
[387/431] CALLABLE_PART expanded_parts/compile/backend/llvm_text_from_plan/part_9.o
[388/431] CALLABLE_PART expanded_parts/compile/backend/llvm_text_from_plan/part_10.o
[389/431] CALLABLE_PART expanded_parts/compile/backend/llvm_text_from_plan/part_14.o
[390/431] CALLABLE_PART expanded_parts/compile/backend/llvm_text_from_plan/part_13.o
[391/431] CALLABLE_PART expanded_parts/compile/backend/llvm_text_from_plan/part_15.o
[392/431] CALLABLE_PART expanded_parts/compile/backend/llvm_text_from_plan/part_11.o
[393/431] CALLABLE_PART expanded_parts/compile/backend/llvm_text_from_plan/part_12.o
[394/431] CALLABLE_PART expanded_parts/compile/backend/backend_object_link_cache/part_0.o
[395/431] CALLABLE_PART expanded_parts/compile/backend/backend_object_link_cache/part_1.o
[396/431] CALLABLE_PART expanded_parts/compile/backend/llvm_text_from_plan/part_16.o
[397/431] CALLABLE_PART expanded_parts/compile/backend/lowering_plan/part_0.o
[398/431] CALLABLE_PART expanded_parts/compile/backend/backend_object_link_cache/part_3.o
[399/431] CALLABLE_PART expanded_parts/compile/backend/backend_object_link_cache/part_2.o
[400/431] CALLABLE_PART expanded_parts/compile/backend/lowering_plan/part_2.o
[401/431] CALLABLE_PART expanded_parts/compile/backend/lowering_plan/part_1.o
[402/431] CALLABLE_PART expanded_parts/compile/capabilities/storage_lifetime_readiness/part_0.o
[403/431] CALLABLE_PART expanded_parts/compile/capabilities/storage_lifetime_readiness/part_1.o
[404/431] CALLABLE_PART expanded_parts/compile/backend/lowering_plan/part_3.o
[405/431] CALLABLE_PART expanded_parts/compile/backend/lowering_plan/part_4.o
[406/431] CALLABLE_PART expanded_parts/compile/capabilities/storage_lifetime_readiness/part_2.o
[407/431] CALLABLE_PART expanded_parts/compile/capabilities/type_capability_readiness/part_0.o
[408/431] CALLABLE_PART expanded_parts/compile/capabilities/type_capability_readiness/part_1.o
[409/431] CALLABLE_PART expanded_parts/compile/capabilities/type_capability_readiness/part_3.o
[410/431] CALLABLE_PART expanded_parts/compile/capabilities/storage_lifetime_readiness/part_3.o
[411/431] CALLABLE_PART expanded_parts/compile/capabilities/type_capability_readiness/part_2.o
[412/431] CALLABLE_PART expanded_parts/compile/capabilities/type_capability_readiness/part_4.o
[413/431] CALLABLE_PART expanded_parts/compile/capabilities/type_capability_readiness/part_6.o
[414/431] CALLABLE_PART expanded_parts/compile/capabilities/type_capability_readiness/part_8.o
[415/431] CALLABLE_PART expanded_parts/compile/capabilities/type_capability_readiness/part_7.o
[416/431] CALLABLE_PART expanded_parts/compile/capabilities/type_capability_readiness/part_5.o
[417/431] CALLABLE_PART expanded_parts/compile/capabilities/type_capability_readiness/part_12.o
[418/431] CALLABLE_PART expanded_parts/compile/capabilities/type_capability_readiness/part_10.o
[419/431] CALLABLE_PART expanded_parts/compile/capabilities/type_capability_readiness/part_9.o
[420/431] CALLABLE_PART expanded_parts/compile/capabilities/type_capability_readiness/part_11.o
[421/431] CALLABLE_PART expanded_parts/compile/capabilities/type_capability_readiness/part_13.o
[422/431] CALLABLE_PART expanded_parts/compile/incremental/resident_source_unit_symbol_states/part_0.o
[423/431] CALLABLE_PART expanded_parts/compile/incremental/resident_source_unit_symbol_states/part_2.o
[424/431] CALLABLE_PART expanded_parts/compile/model/project_reference_resolution/part_0.o
[425/431] CALLABLE_PART expanded_parts/compile/model/project_reference_resolution/part_1.o
[426/431] CALLABLE_PART expanded_parts/compile/incremental/resident_source_unit_symbol_states/part_1.o
[427/431] CALLABLE_PART expanded_parts/compile/model/project_reference_resolution/part_2.o
[428/431] CALLABLE_PART expanded_parts/compile/model/project_reference_resolution/part_3.o
[429/431] CALLABLE_PART expanded_parts/compile/model/project_reference_resolution/part_4.o
[430/431] CALLABLE_PART expanded_parts/compile/model/project_reference_resolution/part_5.o
[431/431] LINK main
