Traceback (most recent call last):
  File "/tmp/scpp-edit-latency-20260920/verify_historical_fixture.py", line 7, in <module>
    r=subprocess.run([str(app/'.prism/build/main')],cwd=app,env=env,text=True,capture_output=True,timeout=30);(out/'pipeline.log').write_text(r.stdout+r.stderr);assert r.returncode==0 and 'compiler_project_runner_completed=1' in r.stdout.splitlines(),r.stdout
                                                                                                                                                                        ^^^^^^^^^^^^^^^^^^^^^^^^^^^^^^^^^^^^^^^^^^^^^^^^^^^^^^^^^^^^^^^^^^^^^^^^^^^^^^^^^^
AssertionError: v2_compiler_project_runner
compiler_project_runner=active
compiler_project_runner_rows=1
compiler_project_runner_completed=0
compiler_project_runner_blocked=1
latency_body_00=1
latency_body_01=1
latency_body_02=1
latency_body_03=1000000007
latency_body_04=1
latency_body_05=1
latency_body_06=1
latency_body_07=1
latency_body_08=1
latency_body_09=1
latency_body_10=1
latency_body_11=1
latency_body_12=1
latency_body_13=1
latency_body_14=1
latency_body_15=1
latency_body_16=1
latency_body_17=1
latency_body_18=1
latency_body_19=1

Traceback (most recent call last):
  File "/tmp/scpp-edit-latency-20260920/finish.py", line 8, in <module>
    subprocess.run([sys.executable,str(root/'verify_historical_fixture.py')],check=True,cwd=repo)
  File "/usr/lib/python3.12/subprocess.py", line 571, in run
    raise CalledProcessError(retcode, process.args,
subprocess.CalledProcessError: Command '['/usr/bin/python3', '/tmp/scpp-edit-latency-20260920/verify_historical_fixture.py']' returned non-zero exit status 1.
