valid_screen_restored
Traceback (most recent call last):
  File "/tmp/scpp-edit-latency-20260920/run_remaining.py", line 12, in <module>
    start=time.perf_counter();warm(app,'latency-expanded.ninja');elapsed=time.perf_counter()-start
                              ^^^^^^^^^^^^^^^^^^^^^^^^^^^^^^^^^^
  File "/home/alexv/__AI/simple_cpp/simple_cpp_01/tools/compile_latency/run_corpus.py", line 33, in warm
    raise RuntimeError(result.stdout)
RuntimeError: [1/911] CXX expanded/compile/backend/backend_native_execution_adapter.o
[2/911] CXX expanded/generated/semantic_callable_candidates.o
[3/911] CXX expanded/compile/backend/scalar_body_backend_collection.o
[4/911] CXX expanded/generated/semantic_module_api_lookup.o
[5/911] CXX expanded/generated/semantic_conversion_lookup.o
[6/911] CXX expanded/compile/control_flow/control_flow_transfers.o
[7/911] CXX expanded/compile/backend/backend_loop_text_emission.o
[8/911] CXX expanded/structure_kernel/frontend_model_kernel_counters.o
[9/911] CXX expanded/structures/artifacts/analysis_context.o
[10/911] CXX expanded/generated/semantic_runtime_abi_declarations.o
[11/911] CXX expanded/compile/control_flow/control_flow_dataflows.o
[12/911] CXX expanded/compile/backend/scalar_body_statement_collection.o
[13/911] CXX expanded/compile/support/structure_kernel_smoke_runner.o
[14/911] CXX expanded/generated/semantic_runtime_abi_bridge.o
[15/911] CXX expanded/compile/support/compiler_project_env_or_smoke_echo.o
[16/911] CXX expanded/structures/artifacts/analysis_entry_context_row.o
[17/911] CXX expanded/structures/artifacts/artifact_writer_descriptor_artifact.o
[18/911] CXX expanded/structures/artifacts/artifact_cache_key_row.o
[19/911] CXX expanded/structures/artifacts/backend_sink_boundary_row.o
[20/911] CXX expanded/structures/artifacts/artifact_writer_descriptor_row.o
[21/911] CXX expanded/structures/artifacts/debug_profile_gate_result_artifact.o
[22/911] CXX expanded/structures/artifacts/compiler_profile_event_row.o
[23/911] CXX expanded/structures/artifacts/debug_profile_gate_result_row.o
[24/911] CXX expanded/structures/artifacts/debug_profile_row_count_summary.o
[25/911] CXX expanded/generated/semantic_operator_lookup.o
[26/911] CXX expanded/structures/artifacts/debug_profile_stage_timing_summary.o
[27/911] CXX expanded/structures/artifacts/incremental_callable_identity_row.o
[28/911] CXX expanded/structures/artifacts/incremental_change_event_row.o
[29/911] CXX expanded/structures/artifacts/incremental_identity_row.o
[30/911] CXX expanded/structures/artifacts/incremental_recompute_target_row.o
[31/911] CXX expanded/structures/artifacts/incremental_transaction_step_row.o
[32/911] CXX expanded/structures/artifacts/performance_memory_estimate_row.o
[33/911] CXX expanded/structures/backend/backend_call_argument_row.o
[34/911] CXX expanded/structures/backend/backend_binary_operand_row.o
[35/911] CXX expanded/structures/artifacts/proof_metric_row.o
[36/911] CXX expanded/structures/backend/backend_control_flow_operand_row.o
[37/911] CXX expanded/structures/backend/backend_emission_adapter_descriptor_artifact.o
[38/911] CXX expanded/structures/backend/backend_emission_adapter_descriptor_row.o
[39/911] CXX expanded/structures/backend/backend_emission_block_row.o
[40/911] CXX expanded/structures/backend/backend_link_cache_decision_row.o
[41/911] CXX expanded/structures/backend/backend_emission_decision_row.o
[42/911] CXX expanded/structures/backend/backend_emission_value_row.o
[43/911] CXX expanded/structures/backend/backend_link_decision_row.o
[44/911] CXX expanded/structures/backend/backend_local_immediate_text_operand_row.o
[45/911] CXX expanded/structures/backend/backend_emission_decision_artifact.o
[46/911] CXX expanded/structures/backend/backend_local_slot.o
[47/911] CXX expanded/structures/backend/backend_local_operand_row.o
[48/911] CXX expanded/structures/backend/backend_local_slots.o
[49/911] clang++ -std=c++23 -fPIC -O0 -g1 -pipe -I../../../vendor/runtime/include -I../expanded/generated -DSCPP_LANGUAGE_TARGET_PHP=1 -DSCPP_HAS_MYSQLI=0 -DSCPP_HAS_REGEX=0 -DSCPP_HAS_CURL=0 -DSCPP_HAS_TASKS=1 -DSCPP_TASKS_DEFAULT_WORKER_POOL_SIZE=0 -DSCPP_HAS_UI=0 -DSCPP_HAS_WEBVIEW=0 -DSCPP_ENABLE_CALL_DEPTH_GUARD=1 -DSCPP_MAX_CALL_DEPTH=4096 -x c++-header -MD -MF expanded-project.pch.d ../expanded/generated/__project_units.hpp -o expanded-project.pch
[50/911] CXX expanded/structures/backend/backend_object_cache_decision_row.o
[51/911] CXX expanded/structures/backend/backend_object_output_row.o
[52/911] CXX expanded/structures/backend/backend_project_link_execution_row.o
[53/911] CXX expanded/structures/backend/backend_refresh_row.o
[54/911] CXX expanded/structures/backend/backend_object_link_cache_artifact.o
[55/911] CXX expanded/structures/backend/backend_partition_execution_artifact.o
[56/911] CXX expanded/structures/backend/backend_partition_execution_row.o
[57/911] CXX expanded/structures/backend/backend_request_list_ref.o
[58/911] CXX expanded/structures/backend/backend_request_authorization_row.o
[59/911] CXX expanded/structures/backend/backend_request_row_list.o
[60/911] CXX expanded/structures/backend/backend_request_authorization_artifact.o
[61/911] CXX expanded/structures/backend/backend_request_row_span.o
[62/911] CXX expanded/structures/backend/backend_stack_value.o
[63/911] CXX expanded/structures/backend/backend_step_route_descriptor_row.o
[64/911] CXX expanded/structures/backend/backend_string_literal_operand_row.o
[65/911] CXX expanded/structures/backend/backend_value_stack.o
[66/911] CXX expanded/structures/backend/callable_abi_readiness_row.o
[67/911] CXX expanded/structures/backend/callable_abi_readiness_artifact.o
[68/911] CXX expanded/structures/backend/direct_call_authorization_gate_artifact.o
[69/911] CXX expanded/structures/backend/direct_call_authorization_gate_row.o
[70/911] CXX expanded/structures/backend/direct_call_backend_request_transition_artifact.o
[71/911] CXX expanded/structures/backend/direct_call_backend_request_transition_row.o
[72/911] CALLABLE_PART expanded_parts/main.o
[73/911] CXX expanded/structures/backend/direct_call_lowering_adapter_descriptor_artifact.o
[74/911] CXX expanded/structures/backend/direct_call_lowering_adapter_descriptor_row.o
[75/911] CXX expanded/structures/backend/function_body_emission_readiness_row.o
[76/911] CXX expanded/structures/backend/function_body_emission_readiness_artifact.o
[77/911] CXX expanded/structures/backend/function_body_text_emission_preflight_artifact.o
[78/911] CXX expanded/structures/backend/function_body_text_emission_preflight_row.o
[79/911] CXX expanded/structures/backend/function_definition_emission_preflight_artifact.o
[80/911] CXX expanded/structures/backend/function_definition_emission_preflight_row.o
[81/911] CXX expanded/structures/backend/llvm_api_handle_map_summary_row.o
[82/911] CXX expanded/structures/backend/llvm_api_module_build_row.o
[83/911] CXX expanded/structures/backend/llvm_api_sink_preflight_artifact.o
[84/911] CXX expanded/structures/backend/llvm_api_sink_preflight_row.o
[85/911] CXX expanded/structures/backend/llvm_api_toolchain_probe_artifact.o
[86/911] CXX expanded/structures/backend/llvm_api_toolchain_probe_row.o
[87/911] CXX expanded/structures/backend/llvm_function_symbol_preflight_artifact.o
[88/911] CXX expanded/structures/backend/llvm_primitive_abi_descriptor_row.o
[89/911] CXX expanded/structures/backend/llvm_function_symbol_preflight_row.o
[90/911] CXX expanded/structures/backend/local_body_lowering_route_descriptor_row.o
[91/911] CXX expanded/structures/backend/local_body_lowering_route_descriptor_artifact.o
[92/911] CXX expanded/structures/backend/lowering_blocked_request_row.o
[93/911] CXX expanded/structures/backend/lowering_step.o
[94/911] CXX expanded/structures/backend/lowering_plan.o
[95/911] CXX expanded/structures/backend/per_symbol_lowering_plan_artifact.o
[96/911] CXX expanded/structures/backend/per_symbol_lowering_plan_row.o
[97/911] CXX expanded/structures/backend/primitive_abi_adapter_matrix_artifact.o
[98/911] CXX expanded/structures/backend/primitive_abi_adapter_row.o
[99/911] CXX expanded/structures/backend/project_symbol_body_lookup_row.o
[100/911] CXX expanded/structures/backend/project_symbol_body_lookup_artifact.o
[101/911] CXX expanded/structures/capabilities/callable_signature_readiness_row.o
[102/911] CXX expanded/structures/backend/runtime_abi_bridge_artifact.o
[103/911] CXX expanded/structures/capabilities/capability_consumer_plan.o
[104/911] CXX expanded/structures/capabilities/capability_consumer_row.o
[105/911] CXX expanded/structures/capabilities/capability_provider_row.o
[106/911] CXX expanded/structures/capabilities/capability_coverage_artifact.o
[107/911] CXX expanded/structures/capabilities/capability_readiness_row.o
[108/911] CXX expanded/structures/capabilities/capability_registry_row.o
[109/911] CXX expanded/structures/capabilities/closure_capture_policy_row.o
[110/911] CXX expanded/structures/capabilities/condition_truthiness_policy_artifact.o
[111/911] CXX expanded/structures/capabilities/condition_truthiness_policy_row.o
[112/911] CXX expanded/structures/capabilities/contract_consumer_route_descriptor_row.o
[113/911] CXX expanded/structures/capabilities/contract_provider_route_descriptor_row.o
[114/911] CXX expanded/structures/capabilities/contract_consumer_row.o
[115/911] CXX expanded/structures/capabilities/contract_provider_row.o
[116/911] CXX expanded/structures/capabilities/contract_coverage_artifact.o
[117/911] CXX expanded/structures/capabilities/contract_registry_row.o
[118/911] CXX expanded/structures/capabilities/feature_coverage_axis_row.o
[119/911] CXX expanded/structures/capabilities/fixed_array_index_readiness_row.o
[120/911] CXX expanded/structures/capabilities/fixed_array_literal_readiness_row.o
[121/911] CXX expanded/structures/capabilities/layout_readiness_row.o
[122/911] CXX expanded/structures/capabilities/fixed_array_readiness_table.o
[123/911] CXX expanded/structures/capabilities/layout_lifecycle_readiness_row.o
[124/911] CXX expanded/structures/capabilities/module_helper_surface_row.o
[125/911] CXX expanded/structures/capabilities/module_drift_audit_row.o
[126/911] CXX expanded/structures/capabilities/module_helper_backend_blocker_row.o
[127/911] CXX expanded/structures/capabilities/module_metadata_provider_row.o
[128/911] CXX expanded/structures/capabilities/numeric_backend_adapter_decision_row.o
[129/911] CXX expanded/structures/capabilities/object_value_layout_ownership_row.o
[130/911] CXX expanded/structures/capabilities/provider_descriptor_row.o
[131/911] CXX expanded/structures/capabilities/provider_descriptor_table.o
[132/911] CXX expanded/structures/capabilities/provider_trait_descriptor_row.o
[133/911] CXX expanded/structures/capabilities/runtime_helper_contract_readiness_row.o
[134/911] CXX expanded/structures/capabilities/representative_feature_path_row.o
[135/911] CXX expanded/structures/capabilities/range_adapter_contract_row.o
[136/911] CXX expanded/structures/capabilities/runtime_helper_contract_readiness_artifact.o
[137/911] CXX expanded/structures/capabilities/storage_lifetime_route_descriptor_row.o
[138/911] CXX expanded/structures/capabilities/type_capability.o
[139/911] CXX expanded/structures/capabilities/storage_lifetime_request_row.o
[140/911] CXX expanded/structures/capabilities/type_family_descriptor_row.o
[141/911] CXX expanded/structures/capabilities/type_family_descriptor_table.o
[142/911] CXX expanded/structures/capabilities/type_trait_metadata_source_row.o
[143/911] CXX expanded/structures/capabilities/type_trait_row.o
[144/911] CXX expanded/structures/capabilities/type_trait_substrate_decision_row.o
[145/911] CXX expanded/structures/capabilities/type_trait_table.o
[146/911] CXX expanded/structures/capabilities/wrapper_extraction_readiness_row.o
[147/911] CXX expanded/structures/capabilities/wrapper_runtime_abi_row.o
[148/911] CXX expanded/structures/capabilities/wrapper_output_mutation_adapter_row.o
[149/911] CXX expanded/structures/capabilities/wrapper_extraction_readiness_table.o
[150/911] CXX expanded/structures/capabilities/wrapper_family_row.o
[151/911] CXX expanded/structures/capabilities/wrapper_output_mutation_adapter_table.o
[152/911] CXX expanded/structures/capabilities/wrapper_extraction_contract_row.o
[153/911] CXX expanded/structures/capabilities/wrapper_runtime_abi_table.o
[154/911] CXX expanded/structures/control_flow/control_flow_block_row.o
[155/911] CXX expanded/structures/control_flow/control_flow_dataflow_artifact.o
[156/911] CXX expanded/structures/control_flow/control_flow_dataflow_row.o
[157/911] CXX expanded/structures/control_flow/control_flow_edge_row.o
[158/911] CXX expanded/structures/control_flow/control_flow_graph_artifact.o
[159/911] CXX expanded/structures/frontend/frontend_declaration_payload_row.o
[160/911] CXX expanded/structures/frontend/frontend_literal_payload_row.o
[161/911] CXX expanded/structures/frontend/frontend_body_summary_artifact.o
[162/911] CXX expanded/structures/frontend/frontend_body_summary_row.o
[163/911] CXX expanded/structures/frontend/frontend_expression_payload_row.o
[164/911] CXX expanded/structures/frontend/frontend_local_binding_summary_row.o
[165/911] CXX expanded/structures/frontend/frontend_name_payload_row.o
[166/911] CXX expanded/structures/frontend/frontend_node_list.o
[167/911] CXX expanded/structures/frontend/frontend_model.o
[168/911] CXX expanded/structures/frontend/frontend_node_list_owner.o
[169/911] CXX expanded/structures/frontend/frontend_node_list_ref.o
[170/911] CXX expanded/structures/frontend/frontend_node_segment.o
[171/911] CXX expanded/structures/frontend/frontend_node_row.o
[172/911] CXX expanded/structures/frontend/frontend_type_syntax_payload_row.o
[173/911] CXX expanded/structures/frontend/frontend_statement_payload_row.o
[174/911] CXX expanded/structures/frontend/frontend_node_span.o
[175/911] CXX expanded/structures/frontend/line_start_row.o
[176/911] CXX expanded/structures/frontend/parser_diagnostic_row.o
[177/911] CXX expanded/structures/frontend/parser_diagnostic_table.o
[178/911] CXX expanded/structures/frontend/phs_parser_cursor.o
[179/911] CXX expanded/structures/frontend/phs_parser_state.o
[180/911] CXX expanded/structures/frontend/source_buffer_row.o
[181/911] CXX expanded/structures/frontend/source_slice.o
[182/911] CXX expanded/structures/frontend/source_range_row.o
[183/911] CXX expanded/structures/frontend/token_extended_length_row.o
[184/911] CXX expanded/structures/frontend/token_list_ref.o
[185/911] CXX expanded/structures/frontend/source_range_ext_row.o
[186/911] CXX expanded/structures/frontend/token_row_list.o
[187/911] CXX expanded/structures/frontend/token_row.o
[188/911] CXX expanded/structures/frontend/token_row_segment.o
[189/911] CXX expanded/structures/frontend/token_row_span.o
[190/911] CXX expanded/structures/incremental/deterministic_work_order_artifact.o
[191/911] CXX expanded/structures/frontend/token_stream.o
[192/911] CXX expanded/structures/incremental/deterministic_work_order_row.o
[193/911] CXX expanded/structures/incremental/incremental_deferred_surface_row.o
[194/911] CXX expanded/structures/incremental/incremental_stage_presence_row.o
[195/911] CXX expanded/structures/incremental/incremental_snapshot_diff_row.o
[196/911] CXX expanded/structures/incremental/incremental_snapshot_row.o
[197/911] CXX expanded/structures/incremental/mt_stage_evaluation_row.o
[198/911] CXX expanded/structures/incremental/mt_stage_measurement_row.o
[199/911] CXX expanded/structures/incremental/mt_stage_evaluation_artifact.o
[200/911] CXX expanded/structures/incremental/mt_stage_worker_activation_gate_row.o
[201/911] CXX expanded/structures/incremental/mt_stage_worker_payload_transfer_strategy_row.o
[202/911] CXX expanded/structures/incremental/mt_worker_segment_row.o
[203/911] CXX expanded/structures/incremental/mt_stage_worker_result_transfer_contract_row.o
[204/911] CXX expanded/structures/incremental/partition_merge_reduction_artifact.o
[205/911] CXX expanded/structures/incremental/partition_merge_reduction_row.o
[206/911] CXX expanded/structures/incremental/partition_readiness_artifact.o
[207/911] CXX expanded/structures/incremental/project_incremental_snapshot_diff_row.o
[208/911] CXX expanded/structures/incremental/project_incremental_snapshot_row.o
[209/911] CXX expanded/structures/incremental/partition_readiness_row.o
[210/911] CXX expanded/structures/incremental/project_incremental_snapshot_diff_artifact.o
[211/911] CXX expanded/structures/incremental/resident_body_dependency_row.o
[212/911] CXX expanded/structures/incremental/resident_change_event_row.o
[213/911] CXX expanded/structures/incremental/resident_daemon_dirty_source_projection_row.o
[214/911] CXX expanded/structures/incremental/resident_daemon_loop_policy_row.o
[215/911] CXX expanded/structures/incremental/resident_daemon_ipc_artifact.o
[216/911] CXX expanded/structures/incremental/resident_daemon_request_row.o
[217/911] CXX expanded/structures/incremental/resident_daemon_response_row.o
[218/911] CXX expanded/structures/incremental/resident_daemon_session_row.o
[219/911] CXX expanded/structures/incremental/resident_daemon_source_slot_stat_row.o
[220/911] CXX expanded/structures/incremental/resident_daemon_source_slot_event_row.o
[221/911] CXX expanded/structures/incremental/resident_daemon_source_slot_scan_row.o
[222/911] CXX expanded/structures/incremental/resident_dependency_edge_snapshot_row.o
[223/911] CXX expanded/structures/incremental/resident_dirty_bailout_row.o
[224/911] CXX expanded/structures/incremental/resident_dirty_budget_row.o
[225/911] CXX expanded/structures/incremental/resident_dirty_limit_check_row.o
[226/911] CXX expanded/structures/incremental/resident_dirty_processed_row.o
[227/911] CXX expanded/structures/incremental/resident_dirty_queue_row.o
[228/911] CXX expanded/structures/incremental/resident_frontend_node_list_publish_row.o
[229/911] CXX expanded/structures/incremental/resident_frontend_node_list_snapshot_row.o
[230/911] CXX expanded/structures/incremental/resident_function_body_change_row.o
[231/911] CXX expanded/structures/incremental/resident_function_body_incremental_acceptance_row.o
[232/911] CXX expanded/structures/incremental/resident_function_body_local_parse_proof_row.o
[233/911] CXX expanded/structures/incremental/resident_function_body_logical_frontend_body_span_descriptor_row.o
[234/911] CXX expanded/structures/incremental/resident_function_body_logical_frontend_consumer_descriptor_row.o
[235/911] CXX expanded/structures/incremental/resident_function_body_logical_frontend_view_row.o
[236/911] CXX expanded/structures/incremental/resident_function_body_logical_frontend_reference_candidate_row.o
[237/911] CXX expanded/structures/incremental/resident_function_body_mixed_frontend_assembly_proof_row.o
[238/911] CXX expanded/structures/incremental/resident_function_body_parse_slice_row.o
[239/911] CXX expanded/structures/incremental/resident_function_body_publish_repoint_preflight_row.o
[240/911] CXX expanded/structures/incremental/resident_function_body_row_list_publish_plan_row.o
[241/911] CXX expanded/structures/incremental/resident_function_body_row_list_publish_result_row.o
[242/911] CXX expanded/structures/incremental/resident_function_body_snapshot_row.o
[243/911] CXX expanded/structures/incremental/resident_function_body_stable_node_remap_proof_row.o
[244/911] CXX expanded/structures/incremental/resident_function_body_source_unit_repoint_proof_row.o
[245/911] CXX expanded/structures/incremental/resident_function_body_work_decision_row.o
[246/911] CXX expanded/structures/incremental/resident_incremental_file_change_row.o
[247/911] CXX expanded/structures/incremental/resident_incremental_transaction_row.o
[248/911] CXX expanded/structures/incremental/resident_function_body_summary_project_reference_row.o
[249/911] CXX expanded/structures/incremental/resident_project_snapshot_diff_row.o
[250/911] CXX expanded/structures/incremental/resident_project_snapshot_row.o
[251/911] CXX expanded/structures/incremental/resident_project_symbol_name_lookup_row.o
[252/911] CXX expanded/structures/incremental/resident_public_surface_incremental_acceptance_row.o
[253/911] CXX expanded/structures/incremental/resident_recompute_target_row.o
[254/911] CXX expanded/structures/incremental/resident_reverse_dependency_index_row.o
[255/911] CXX expanded/structures/incremental/resident_source_unit_change_row.o
[256/911] CXX expanded/structures/incremental/resident_reverse_dependency_index_ref_row.o
[257/911] CXX expanded/structures/incremental/resident_reverse_dependency_lookup_row.o
[258/911] CXX expanded/structures/incremental/resident_source_unit_early_skip_decision_row.o
[259/911] CXX expanded/structures/incremental/resident_source_unit_early_skip_artifact.o
[260/911] CXX expanded/structures/incremental/resident_source_unit_frontend_payload_adoption_row.o
[261/911] CXX expanded/structures/incremental/resident_source_unit_frontend_payload_arena_contract_row.o
[262/911] CXX expanded/structures/incremental/resident_source_unit_frontend_payload_transfer_contract_row.o
[263/911] CXX expanded/structures/incremental/resident_source_unit_frontend_payload_table_row.o
[264/911] CXX expanded/structures/incremental/resident_source_unit_frontend_state_row.o
[265/911] CXX expanded/structures/incremental/resident_source_unit_frontend_task_payload_segment_handle_reservation_row.o
[266/911] CXX expanded/structures/incremental/resident_source_unit_frontend_task_payload_segment_adoption_publication_row.o
[267/911] CXX expanded/structures/incremental/resident_source_unit_frontend_work_decision_row.o
[268/911] CXX expanded/structures/incremental/resident_source_unit_frontend_task_segment_handle_row.o
[269/911] CXX expanded/structures/incremental/resident_source_unit_symbol_state_row.o
[270/911] CXX expanded/structures/incremental/resident_source_unit_frontend_task_payload_segment_handle_request_row.o
[271/911] CXX expanded/structures/incremental/resident_source_unit_snapshot_row.o
[272/911] CXX expanded/structures/incremental/resident_source_unit_frontend_task_payload_segment_materialization_row.o
[273/911] CXX expanded/structures/incremental/resident_symbol_definition_change_row.o
[274/911] CXX expanded/structures/incremental/resident_symbol_definition_snapshot_row.o
[275/911] CXX expanded/structures/incremental/resident_token_list_publish_row.o
[276/911] CXX expanded/structures/incremental/resident_token_list_snapshot_row.o
[277/911] CXX expanded/structures/incremental/resident_transaction_step_row.o
[278/911] CXX expanded/structures/incremental/scheduler_task_row.o
[279/911] CXX expanded/structures/incremental/scheduler_session_row.o
[280/911] CXX expanded/structures/incremental/scheduler_worker_row.o
[281/911] CXX expanded/structures/incremental/scheduler_api_artifact.o
[282/911] CXX expanded/structures/incremental/source_unit_frontend_dispatch_decision_row.o
[283/911] CXX expanded/structures/incremental/source_unit_frontend_worker_activation_gate_row.o
[284/911] CXX expanded/structures/incremental/source_unit_frontend_worker_payload_carrier_contract_row.o
[285/911] CXX expanded/structures/incremental/source_unit_frontend_worker_payload_carrier_install_row.o
[286/911] CXX expanded/structures/incremental/source_unit_frontend_worker_payload_install_preflight_row.o
[287/911] CXX expanded/structures/incremental/source_unit_frontend_worker_payload_production_install_row.o
[288/911] CXX expanded/structures/incremental/source_unit_frontend_worker_payload_production_swap_row.o
[289/911] CXX expanded/structures/incremental/source_unit_frontend_worker_payload_replacement_materializer_row.o
[290/911] CXX expanded/structures/model/frontend_row_kind_descriptor.o
[291/911] CXX expanded/structures/model/primitive_type_ref_spelling_descriptor_row.o
[292/911] CXX expanded/structures/model/primitive_type_ref_descriptor_row.o
[293/911] CXX expanded/structures/model/type_arg_row.o
[294/911] CXX expanded/structures/model/type_ref_row.o
[295/911] CXX expanded/structures/model/type_ref_table.o
[296/911] CXX expanded/structures/operations/feature_operation_route_descriptor_row.o
[297/911] CXX expanded/structures/operations/operation_blocked_reason_route_row.o
[298/911] CXX expanded/structures/operations/operation_contract.o
[299/911] CXX expanded/structures/operations/operation_readiness.o
[300/911] CXX expanded/structures/operations/take_candidate_row.o
[301/911] CXX expanded/structures/operations/take_candidate_table.o
[302/911] CXX expanded/structures/pipeline/pipeline_batch_config.o
[303/911] CXX expanded/structures/pipeline/pipeline_config.o
[304/911] CXX expanded/structures/pipeline/compiler_project_run_row.o
[305/911] CXX expanded/structures/project/project_callable_contract_artifact.o
[306/911] CXX expanded/structures/pipeline/project_manifest.o
[307/911] CXX expanded/structures/pipeline/project_manifest_source_row.o
[308/911] CXX expanded/structures/project/project_callable_contract_row.o
[309/911] CXX expanded/structures/project/project_dependency_graph.o
[310/911] CXX expanded/structures/project/project_dependency_graph_node_row.o
[311/911] CXX expanded/structures/project/project_dependency_graph_edge_row.o
[312/911] CXX expanded/structures/project/project_dirty_fanout_row.o
[313/911] CXX expanded/structures/project/project_dirty_reuse_projection_row.o
[314/911] CXX expanded/structures/project/project_frontend_source_row.o
[315/911] CXX expanded/structures/project/project_frontend_model.o
[316/911] CXX expanded/structures/project/project_reference_actual_argument_row.o
[317/911] CXX expanded/structures/project/project_reference_resolution_row.o
[318/911] CXX expanded/structures/project/project_reference_resolution.o
[319/911] CXX expanded/structures/project/project_symbol_function_import_row.o
[320/911] CXX expanded/structures/project/project_symbol_index_row.o
[321/911] CXX expanded/structures/project/project_symbol_parameter_row.o
[322/911] CXX expanded/structures/project/project_symbol_index.o
[323/911] CXX expanded/structures/project/source_read_descriptor_row.o
[324/911] CXX expanded/structures/project/source_read_result_row.o
[325/911] CXX expanded/structures/project/source_read_table.o
[326/911] CXX expanded/structures/project/source_unit_table.o
[327/911] CXX expanded/structures/project/source_unit_table_row.o
[328/911] CXX expanded/structures/support/artifact_write_record.o
[329/911] CXX expanded/structures/support/artifact_write_report_record.o
[330/911] CXX expanded/structures/support/row_list_publish_result.o
[331/911] CALLABLE_PART expanded_parts/__callable/prepare_outputs_group_0.o
[332/911] CALLABLE_PART expanded_parts/__callable/analysis_context_group_0.o
[333/911] CALLABLE_PART expanded_parts/__callable/analysis_context_group_1.o
[334/911] CALLABLE_PART expanded_parts/__callable/llvm_abi_call_lowering_group_0.o
[335/911] CALLABLE_PART expanded_parts/__callable/analysis_context_identity_group_0.o
[336/911] CALLABLE_PART expanded_parts/__callable/llvm_abi_declarations_group_0.o
[337/911] CALLABLE_PART expanded_parts/__callable/runtime_abi_bridge_group_2.o
[338/911] CALLABLE_PART expanded_parts/__callable/runtime_abi_bridge_group_0.o
[339/911] CALLABLE_PART expanded_parts/__callable/runtime_helper_effects_group_0.o
[340/911] CALLABLE_PART expanded_parts/__callable/runtime_abi_bridge_group_1.o
[341/911] CALLABLE_PART expanded_parts/__callable/string_runtime_abi_group_0.o
[342/911] CXX expanded/structures/pipeline/compiler_project_run_report.o
[343/911] CALLABLE_PART expanded_parts/__callable/string_runtime_abi_group_1.o
[344/911] CALLABLE_PART expanded_parts/__callable/backend_emission_adapter_routes_group_0.o
[345/911] CALLABLE_PART expanded_parts/__callable/backend_emission_adapter_routes_group_1.o
[346/911] CALLABLE_PART expanded_parts/__callable/backend_emission_decisions_group_0.o
[347/911] CALLABLE_PART expanded_parts/__callable/backend_emission_adapter_routes_group_2.o
[348/911] CALLABLE_PART expanded_parts/__callable/backend_emission_decisions_group_1.o
[349/911] CALLABLE_PART expanded_parts/__callable/backend_emission_decisions_group_2.o
[350/911] CALLABLE_PART expanded_parts/__callable/backend_emission_decisions_group_5.o
[351/911] CALLABLE_PART expanded_parts/__callable/backend_emission_decisions_group_6.o
[352/911] CALLABLE_PART expanded_parts/__callable/backend_emission_decisions_group_4.o
[353/911] CALLABLE_PART expanded_parts/__callable/backend_emission_decisions_group_3.o
[354/911] CALLABLE_PART expanded_parts/__callable/backend_loop_text_emission_group_0.o
[355/911] CALLABLE_PART expanded_parts/__callable/backend_native_execution_adapter_group_0.o
[356/911] CALLABLE_PART expanded_parts/__callable/backend_native_execution_adapter_group_1.o
[357/911] CALLABLE_PART expanded_parts/__callable/backend_module_composition_group_0.o
[358/911] CALLABLE_PART expanded_parts/__callable/backend_object_link_cache_group_0.o
[359/911] CALLABLE_PART expanded_parts/__callable/backend_object_link_cache_group_1.o
[360/911] CALLABLE_PART expanded_parts/__callable/backend_object_link_cache_group_6.o
[361/911] CALLABLE_PART expanded_parts/__callable/backend_object_link_cache_group_2.o
[362/911] CALLABLE_PART expanded_parts/__callable/backend_partition_readiness_group_0.o
[363/911] CALLABLE_PART expanded_parts/__callable/backend_object_link_cache_group_3.o
[364/911] CALLABLE_PART expanded_parts/__callable/backend_object_link_cache_group_5.o
[365/911] CALLABLE_PART expanded_parts/__callable/backend_object_link_cache_group_4.o
[366/911] CALLABLE_PART expanded_parts/__callable/backend_partition_readiness_group_1.o
[367/911] CALLABLE_PART expanded_parts/__callable/backend_preflight_requests_group_0.o
[368/911] CALLABLE_PART expanded_parts/__callable/backend_preflight_requests_group_1.o
[369/911] CALLABLE_PART expanded_parts/__callable/backend_partition_readiness_group_2.o
[370/911] CALLABLE_PART expanded_parts/__callable/backend_preflight_requests_group_2.o
[371/911] CALLABLE_PART expanded_parts/__callable/backend_preflight_requests_group_3.o
[372/911] CALLABLE_PART expanded_parts/__callable/backend_preflight_requests_group_4.o
[373/911] CALLABLE_PART expanded_parts/__callable/backend_preflight_requests_group_5.o
[374/911] CALLABLE_PART expanded_parts/__callable/backend_preflight_requests_group_6.o
[375/911] CALLABLE_PART expanded_parts/__callable/backend_preflight_requests_group_7.o
[376/911] CALLABLE_PART expanded_parts/__callable/backend_preflight_requests_group_8.o
[377/911] CALLABLE_PART expanded_parts/__callable/backend_preflight_requests_group_9.o
[378/911] CALLABLE_PART expanded_parts/__callable/backend_preflight_requests_group_10.o
[379/911] CALLABLE_PART expanded_parts/__callable/backend_preflight_requests_group_11.o
[380/911] CALLABLE_PART expanded_parts/__callable/backend_preflight_requests_group_13.o
[381/911] CALLABLE_PART expanded_parts/__callable/backend_preflight_requests_group_12.o
[382/911] CALLABLE_PART expanded_parts/__callable/backend_preflight_requests_group_14.o
[383/911] CALLABLE_PART expanded_parts/__callable/backend_preflight_requests_group_15.o
[384/911] CALLABLE_PART expanded_parts/__callable/backend_preflight_requests_group_17.o
[385/911] CALLABLE_PART expanded_parts/__callable/backend_preflight_requests_group_16.o
[386/911] CALLABLE_PART expanded_parts/__callable/compiler_entry_backend_group_0.o
[387/911] CALLABLE_PART expanded_parts/__callable/llvm_api_sink_preflight_group_0.o
[388/911] CALLABLE_PART expanded_parts/__callable/compiler_entry_backend_group_2.o
[389/911] CALLABLE_PART expanded_parts/__callable/llvm_api_sink_preflight_group_1.o
[390/911] CALLABLE_PART expanded_parts/__callable/llvm_api_sink_preflight_group_3.o
[391/911] CALLABLE_PART expanded_parts/__callable/compiler_entry_backend_group_1.o
[392/911] CALLABLE_PART expanded_parts/__callable/llvm_api_toolchain_probe_group_0.o
[393/911] CALLABLE_PART expanded_parts/__callable/llvm_api_toolchain_probe_group_1.o
[394/911] CALLABLE_PART expanded_parts/__callable/llvm_api_sink_preflight_group_2.o
[395/911] CALLABLE_PART expanded_parts/__callable/llvm_api_toolchain_probe_group_2.o
[396/911] CALLABLE_PART expanded_parts/__callable/llvm_text_from_plan_group_0.o
[397/911] CALLABLE_PART expanded_parts/__callable/llvm_text_from_plan_group_1.o
[398/911] CALLABLE_PART expanded_parts/__callable/llvm_text_from_plan_group_3.o
[399/911] CALLABLE_PART expanded_parts/__callable/llvm_text_from_plan_group_2.o
[400/911] CALLABLE_PART expanded_parts/__callable/llvm_text_from_plan_group_4.o
[401/911] CALLABLE_PART expanded_parts/__callable/llvm_text_from_plan_group_5.o
[402/911] CALLABLE_PART expanded_parts/__callable/llvm_text_from_plan_group_6.o
[403/911] CALLABLE_PART expanded_parts/__callable/llvm_text_from_plan_group_7.o
[404/911] CALLABLE_PART expanded_parts/__callable/llvm_text_from_plan_group_9.o
[405/911] CALLABLE_PART expanded_parts/__callable/llvm_text_from_plan_group_8.o
[406/911] CALLABLE_PART expanded_parts/__callable/llvm_text_from_plan_group_10.o
[407/911] CALLABLE_PART expanded_parts/__callable/llvm_text_from_plan_group_12.o
[408/911] CALLABLE_PART expanded_parts/__callable/llvm_text_from_plan_group_11.o
[409/911] CALLABLE_PART expanded_parts/__callable/llvm_text_from_plan_group_13.o
[410/911] CALLABLE_PART expanded_parts/__callable/llvm_text_from_plan_group_15.o
[411/911] CALLABLE_PART expanded_parts/__callable/llvm_text_from_plan_group_14.o
[412/911] CALLABLE_PART expanded_parts/__callable/llvm_text_from_plan_group_16.o
[413/911] CALLABLE_PART expanded_parts/__callable/llvm_text_from_plan_group_17.o
[414/911] CALLABLE_PART expanded_parts/__callable/llvm_text_from_plan_group_18.o
[415/911] CALLABLE_PART expanded_parts/__callable/llvm_text_from_plan_group_19.o
[416/911] CALLABLE_PART expanded_parts/__callable/llvm_text_from_plan_group_22.o
[417/911] CALLABLE_PART expanded_parts/__callable/llvm_text_from_plan_group_21.o
[418/911] CALLABLE_PART expanded_parts/__callable/llvm_text_from_plan_group_20.o
[419/911] CALLABLE_PART expanded_parts/__callable/llvm_text_from_plan_group_24.o
[420/911] CALLABLE_PART expanded_parts/__callable/local_body_lowering_group_0.o
[421/911] CALLABLE_PART expanded_parts/__callable/llvm_text_from_plan_group_23.o
[422/911] CALLABLE_PART expanded_parts/__callable/local_body_lowering_group_1.o
[423/911] CALLABLE_PART expanded_parts/__callable/local_body_lowering_group_2.o
[424/911] CALLABLE_PART expanded_parts/__callable/local_body_lowering_routes_group_0.o
[425/911] CALLABLE_PART expanded_parts/__callable/local_body_lowering_routes_group_1.o
[426/911] CALLABLE_PART expanded_parts/__callable/lowering_plan_group_1.o
[427/911] CALLABLE_PART expanded_parts/__callable/lowering_plan_group_0.o
[428/911] CALLABLE_PART expanded_parts/__callable/lowering_plan_group_2.o
[429/911] CALLABLE_PART expanded_parts/__callable/lowering_plan_group_3.o
[430/911] CALLABLE_PART expanded_parts/__callable/lowering_plan_group_4.o
[431/911] CALLABLE_PART expanded_parts/__callable/lowering_plan_group_5.o
[432/911] CALLABLE_PART expanded_parts/__callable/lowering_plan_group_6.o
[433/911] CALLABLE_PART expanded_parts/__callable/primitive_abi_adapter_matrix_group_0.o
[434/911] CALLABLE_PART expanded_parts/__callable/primitive_abi_adapter_matrix_group_1.o
[435/911] CALLABLE_PART expanded_parts/__callable/primitive_abi_adapter_matrix_group_2.o
[436/911] CALLABLE_PART expanded_parts/__callable/lowering_plan_group_7.o
[437/911] CALLABLE_PART expanded_parts/__callable/primitive_abi_adapter_matrix_group_3.o
[438/911] CALLABLE_PART expanded_parts/__callable/primitive_abi_adapter_matrix_group_4.o
[439/911] CALLABLE_PART expanded_parts/__callable/scalar_body_backend_collection_group_0.o
[440/911] CALLABLE_PART expanded_parts/__callable/scalar_loop_backend_requests_group_0.o
[441/911] CALLABLE_PART expanded_parts/__callable/scalar_body_statement_collection_group_0.o
[442/911] CALLABLE_PART expanded_parts/__callable/scalar_body_statement_collection_group_1.o
[443/911] CALLABLE_PART expanded_parts/__callable/capability_consumer_plans_group_0.o
[444/911] CALLABLE_PART expanded_parts/__callable/runtime_helper_contract_readiness_group_0.o
[445/911] CALLABLE_PART expanded_parts/__callable/runtime_helper_contract_readiness_group_1.o
[446/911] CALLABLE_PART expanded_parts/__callable/storage_lifetime_readiness_group_0.o
[447/911] CALLABLE_PART expanded_parts/__callable/storage_lifetime_readiness_group_1.o
[448/911] CALLABLE_PART expanded_parts/__callable/runtime_helper_contract_readiness_group_2.o
[449/911] CALLABLE_PART expanded_parts/__callable/storage_lifetime_readiness_group_2.o
[450/911] CALLABLE_PART expanded_parts/__callable/storage_lifetime_readiness_group_3.o
[451/911] CALLABLE_PART expanded_parts/__callable/storage_lifetime_readiness_group_4.o
[452/911] CALLABLE_PART expanded_parts/__callable/storage_lifetime_readiness_group_5.o
[453/911] CALLABLE_PART expanded_parts/__callable/storage_lifetime_readiness_group_7.o
[454/911] CALLABLE_PART expanded_parts/__callable/storage_lifetime_readiness_group_6.o
[455/911] CALLABLE_PART expanded_parts/__callable/type_capability_readiness_group_1.o
[456/911] CALLABLE_PART expanded_parts/__callable/type_capability_readiness_group_0.o
[457/911] CALLABLE_PART expanded_parts/__callable/type_capability_readiness_group_2.o
[458/911] CALLABLE_PART expanded_parts/__callable/type_capability_readiness_group_3.o
[459/911] CALLABLE_PART expanded_parts/__callable/type_capability_readiness_group_4.o
[460/911] CALLABLE_PART expanded_parts/__callable/type_capability_readiness_group_8.o
[461/911] CALLABLE_PART expanded_parts/__callable/type_capability_readiness_group_5.o
[462/911] CALLABLE_PART expanded_parts/__callable/type_capability_readiness_group_6.o
[463/911] CALLABLE_PART expanded_parts/__callable/type_capability_readiness_group_7.o
[464/911] CALLABLE_PART expanded_parts/__callable/type_capability_readiness_group_9.o
[465/911] CALLABLE_PART expanded_parts/__callable/type_capability_readiness_group_10.o
[466/911] CALLABLE_PART expanded_parts/__callable/type_capability_readiness_group_11.o
[467/911] CALLABLE_PART expanded_parts/__callable/type_capability_readiness_group_13.o
[468/911] CALLABLE_PART expanded_parts/__callable/type_capability_readiness_group_12.o
[469/911] CALLABLE_PART expanded_parts/__callable/type_capability_readiness_group_14.o
[470/911] CALLABLE_PART expanded_parts/__callable/type_capability_readiness_group_15.o
[471/911] CALLABLE_PART expanded_parts/__callable/type_capability_readiness_group_16.o
[472/911] CALLABLE_PART expanded_parts/__callable/type_capability_readiness_group_17.o
[473/911] CALLABLE_PART expanded_parts/__callable/type_capability_readiness_group_21.o
[474/911] CALLABLE_PART expanded_parts/__callable/type_capability_readiness_group_20.o
[475/911] CALLABLE_PART expanded_parts/__callable/type_capability_readiness_group_22.o
[476/911] CALLABLE_PART expanded_parts/__callable/type_capability_readiness_group_18.o
[477/911] CALLABLE_PART expanded_parts/__callable/type_capability_readiness_group_23.o
[478/911] CALLABLE_PART expanded_parts/__callable/type_capability_readiness_group_19.o
[479/911] CALLABLE_PART expanded_parts/__callable/type_traits_group_0.o
[480/911] CALLABLE_PART expanded_parts/__callable/type_traits_group_2.o
[481/911] CALLABLE_PART expanded_parts/__callable/type_traits_group_1.o
[482/911] CALLABLE_PART expanded_parts/__callable/type_traits_group_3.o
[483/911] CALLABLE_PART expanded_parts/__callable/type_traits_group_4.o
FAILED: expanded_parts/__callable/type_traits_group_4.o 
clang++ -std=c++23 -fPIC -O0 -g1 -pipe -I../../../vendor/runtime/include -I../expanded/generated -DSCPP_LANGUAGE_TARGET_PHP=1 -DSCPP_HAS_MYSQLI=0 -DSCPP_HAS_REGEX=0 -DSCPP_HAS_CURL=0 -DSCPP_HAS_TASKS=1 -DSCPP_TASKS_DEFAULT_WORKER_POOL_SIZE=0 -DSCPP_HAS_UI=0 -DSCPP_HAS_WEBVIEW=0 -DSCPP_ENABLE_CALL_DEPTH_GUARD=1 -DSCPP_MAX_CALL_DEPTH=4096 -include-pch expanded-project.pch -MMD -MF expanded_parts/__callable/type_traits_group_4.o.d -MT expanded_parts/__callable/type_traits_group_4.o -c /tmp/scpp-edit-latency-20260919/app/.prism/expanded/generated/__callable/type_traits_group_4.cpp -o expanded_parts/__callable/type_traits_group_4.o
/tmp/scpp-edit-latency-20260919/app/.prism/expanded/generated/__callable/type_traits_group_4.cpp:11:54: error: calling '__latency_fn_type_traits_descriptor_from_type_ref_id' with incomplete return type 'ProviderTraitDescriptorRow'
   11 |         return __latency_fn_type_traits_row_from_descriptor(__latency_fn_type_traits_descriptor_from_type_ref_id(cast<int_t<std::uint32_t>>(typeRefId)));
      |                                                             ^~~~~~~~~~~~~~~~~~~~~~~~~~~~~~~~~~~~~~~~~~~~~~~~~~~~~~~~~~~~~~~~~~~~~~~~~~~~~~~~~~~~~~~~~~~
../expanded/generated/__callable/__latency_fn_type_traits_descriptor_from_type_ref_id.hpp:4:28: note: '__latency_fn_type_traits_descriptor_from_type_ref_id' declared here
    4 | ProviderTraitDescriptorRow __latency_fn_type_traits_descriptor_from_type_ref_id(int_t<std::uint32_t> typeRefId);
      |                            ^
../expanded/generated/__callable/__latency_fn_type_traits_descriptor_from_type_ref_id.hpp:3:8: note: forward declaration of 'scpp::ProviderTraitDescriptorRow'
    3 | struct ProviderTraitDescriptorRow;
      |        ^
In file included from /tmp/scpp-edit-latency-20260919/app/.prism/expanded/generated/__callable/type_traits_group_4.cpp:1:
In file included from /tmp/scpp-edit-latency-20260919/app/.prism/build/../expanded/generated/__project_units.hpp:4:
In file included from /tmp/scpp-edit-latency-20260919/app/.prism/build/../expanded/generated/structures/pipeline/pipeline_config.hpp:3:
In file included from /tmp/scpp-edit-latency-20260919/app/.prism/build/../../../vendor/runtime/include/scpp/lang/php.hpp:3:
In file included from /tmp/scpp-edit-latency-20260919/app/.prism/build/../../../vendor/runtime/include/scpp/runtime.hpp:3:
In file included from /usr/bin/../lib/gcc/x86_64-linux-gnu/13/../../../../include/c++/13/functional:49:
In file included from /usr/bin/../lib/gcc/x86_64-linux-gnu/13/../../../../include/c++/13/bits/stl_function.h:60:
In file included from /usr/bin/../lib/gcc/x86_64-linux-gnu/13/../../../../include/c++/13/bits/move.h:37:
/usr/bin/../lib/gcc/x86_64-linux-gnu/13/../../../../include/c++/13/type_traits:979:21: error: static assertion failed due to requirement 'std::__is_complete_or_unbounded(std::__type_identity<scpp::ProviderTraitDescriptorRow>{})': template argument must be a complete class or an unbounded array
  979 |       static_assert(std::__is_complete_or_unbounded(__type_identity<_Tp>{}),
      |                     ^~~~~~~~~~~~~~~~~~~~~~~~~~~~~~~~~~~~~~~~~~~~~~~~~~~~~~~
/usr/bin/../lib/gcc/x86_64-linux-gnu/13/../../../../include/c++/13/bits/stl_construct.h:188:21: note: in instantiation of template class 'std::is_destructible<scpp::ProviderTraitDescriptorRow>' requested here
  188 |       static_assert(is_destructible<_Value_type>::value,
      |                     ^
/usr/bin/../lib/gcc/x86_64-linux-gnu/13/../../../../include/c++/13/bits/alloc_traits.h:948:12: note: in instantiation of function template specialization 'std::_Destroy<scpp::ProviderTraitDescriptorRow *>' requested here
  948 |       std::_Destroy(__first, __last);
      |            ^
/usr/bin/../lib/gcc/x86_64-linux-gnu/13/../../../../include/c++/13/bits/stl_vector.h:735:7: note: in instantiation of function template specialization 'std::_Destroy<scpp::ProviderTraitDescriptorRow *, scpp::ProviderTraitDescriptorRow>' requested here
  735 |         std::_Destroy(this->_M_impl._M_start, this->_M_impl._M_finish,
      |              ^
/tmp/scpp-edit-latency-20260919/app/.prism/build/../../../vendor/runtime/include/scpp/vector_t.hpp:22:7: note: in instantiation of member function 'std::vector<scpp::ProviderTraitDescriptorRow>::~vector' requested here
   22 | class vector_t final {
      |       ^
/tmp/scpp-edit-latency-20260919/app/.prism/expanded/generated/__callable/type_traits_group_4.cpp:25:27: note: in implicit destructor for 'scpp::vector_t<scpp::ProviderTraitDescriptorRow>' first required here
   25 |         auto __latency_local_0 = __latency_fn_semantic_type_ref_providers_provider_trait_descriptors();
      |                                  ^
In file included from /tmp/scpp-edit-latency-20260919/app/.prism/expanded/generated/__callable/type_traits_group_4.cpp:1:
In file included from /tmp/scpp-edit-latency-20260919/app/.prism/build/../expanded/generated/__project_units.hpp:4:
In file included from /tmp/scpp-edit-latency-20260919/app/.prism/build/../expanded/generated/structures/pipeline/pipeline_config.hpp:3:
In file included from /tmp/scpp-edit-latency-20260919/app/.prism/build/../../../vendor/runtime/include/scpp/lang/php.hpp:3:
In file included from /tmp/scpp-edit-latency-20260919/app/.prism/build/../../../vendor/runtime/include/scpp/runtime.hpp:3:
In file included from /usr/bin/../lib/gcc/x86_64-linux-gnu/13/../../../../include/c++/13/functional:64:
In file included from /usr/bin/../lib/gcc/x86_64-linux-gnu/13/../../../../include/c++/13/vector:66:
/usr/bin/../lib/gcc/x86_64-linux-gnu/13/../../../../include/c++/13/bits/stl_vector.h:370:35: error: arithmetic on a pointer to an incomplete type 'scpp::ProviderTraitDescriptorRow'
  370 |                       _M_impl._M_end_of_storage - _M_impl._M_start);
      |                       ~~~~~~~~~~~~~~~~~~~~~~~~~ ^
/usr/bin/../lib/gcc/x86_64-linux-gnu/13/../../../../include/c++/13/bits/stl_vector.h:733:7: note: in instantiation of member function 'std::_Vector_base<scpp::ProviderTraitDescriptorRow, std::allocator<scpp::ProviderTraitDescriptorRow>>::~_Vector_base' requested here
  733 |       ~vector() _GLIBCXX_NOEXCEPT
      |       ^
/tmp/scpp-edit-latency-20260919/app/.prism/build/../../../vendor/runtime/include/scpp/vector_t.hpp:22:7: note: in instantiation of member function 'std::vector<scpp::ProviderTraitDescriptorRow>::~vector' requested here
   22 | class vector_t final {
      |       ^
/tmp/scpp-edit-latency-20260919/app/.prism/expanded/generated/__callable/type_traits_group_4.cpp:25:27: note: in implicit destructor for 'scpp::vector_t<scpp::ProviderTraitDescriptorRow>' first required here
   25 |         auto __latency_local_0 = __latency_fn_semantic_type_ref_providers_provider_trait_descriptors();
      |                                  ^
../expanded/generated/__callable/__latency_fn_type_traits_descriptor_from_type_ref_id.hpp:3:8: note: forward declaration of 'scpp::ProviderTraitDescriptorRow'
    3 | struct ProviderTraitDescriptorRow;
      |        ^
/tmp/scpp-edit-latency-20260919/app/.prism/expanded/generated/__callable/type_traits_group_4.cpp:27:39: error: invalid reference to function 'value_copy': constraints not satisfied
   27 |                 auto descriptor = __latency_local_1.value_copy();
      |                                                     ^
/tmp/scpp-edit-latency-20260919/app/.prism/build/../../../vendor/runtime/include/scpp/foreach.hpp:25:46: note: because 'scpp::ProviderTraitDescriptorRow' does not satisfy 'copyable'
   25 |         [[nodiscard]] T value_copy() const requires std::copyable<T> {
      |                                                     ^
/usr/bin/../lib/gcc/x86_64-linux-gnu/13/../../../../include/c++/13/concepts:267:24: note: because 'scpp::ProviderTraitDescriptorRow' does not satisfy 'copy_constructible'
  267 |     concept copyable = copy_constructible<_Tp> && movable<_Tp>
      |                        ^
/usr/bin/../lib/gcc/x86_64-linux-gnu/13/../../../../include/c++/13/concepts:172:9: note: because 'scpp::ProviderTraitDescriptorRow' does not satisfy 'move_constructible'
  172 |       = move_constructible<_Tp>
      |         ^
/usr/bin/../lib/gcc/x86_64-linux-gnu/13/../../../../include/c++/13/concepts:167:7: note: because 'constructible_from<scpp::ProviderTraitDescriptorRow, scpp::ProviderTraitDescriptorRow>' evaluated to false
  167 |     = constructible_from<_Tp, _Tp> && convertible_to<_Tp, _Tp>;
      |       ^
/usr/bin/../lib/gcc/x86_64-linux-gnu/13/../../../../include/c++/13/concepts:153:9: note: because 'scpp::ProviderTraitDescriptorRow' does not satisfy 'destructible'
  153 |       = destructible<_Tp> && is_constructible_v<_Tp, _Args...>;
      |         ^
/usr/bin/../lib/gcc/x86_64-linux-gnu/13/../../../../include/c++/13/concepts:148:28: note: because '__detail::__destructible<scpp::ProviderTraitDescriptorRow>' evaluated to false
  148 |     concept destructible = __detail::__destructible<_Tp>;
      |                            ^
In file included from /tmp/scpp-edit-latency-20260919/app/.prism/expanded/generated/__callable/type_traits_group_4.cpp:1:
In file included from /tmp/scpp-edit-latency-20260919/app/.prism/build/../expanded/generated/__project_units.hpp:4:
In file included from /tmp/scpp-edit-latency-20260919/app/.prism/build/../expanded/generated/structures/pipeline/pipeline_config.hpp:3:
In file included from /tmp/scpp-edit-latency-20260919/app/.prism/build/../../../vendor/runtime/include/scpp/lang/php.hpp:3:
In file included from /tmp/scpp-edit-latency-20260919/app/.prism/build/../../../vendor/runtime/include/scpp/runtime.hpp:3:
In file included from /usr/bin/../lib/gcc/x86_64-linux-gnu/13/../../../../include/c++/13/functional:63:
In file included from /usr/bin/../lib/gcc/x86_64-linux-gnu/13/../../../../include/c++/13/unordered_map:41:
In file included from /usr/bin/../lib/gcc/x86_64-linux-gnu/13/../../../../include/c++/13/bits/unordered_map.h:33:
In file included from /usr/bin/../lib/gcc/x86_64-linux-gnu/13/../../../../include/c++/13/bits/hashtable.h:35:
In file included from /usr/bin/../lib/gcc/x86_64-linux-gnu/13/../../../../include/c++/13/bits/hashtable_policy.h:39:
In file included from /usr/bin/../lib/gcc/x86_64-linux-gnu/13/../../../../include/c++/13/ext/alloc_traits.h:34:
In file included from /usr/bin/../lib/gcc/x86_64-linux-gnu/13/../../../../include/c++/13/bits/alloc_traits.h:39:
In file included from /usr/bin/../lib/gcc/x86_64-linux-gnu/13/../../../../include/c++/13/bits/allocator.h:46:
In file included from /usr/bin/../lib/gcc/x86_64-linux-gnu/13/../../../../include/x86_64-linux-gnu/c++/13/bits/c++allocator.h:33:
/usr/bin/../lib/gcc/x86_64-linux-gnu/13/../../../../include/c++/13/bits/new_allocator.h:165:6: error: invalid application of 'alignof' to an incomplete type 'scpp::ProviderTraitDescriptorRow'
  165 |         if (alignof(_Tp) > __STDCPP_DEFAULT_NEW_ALIGNMENT__)
      |             ^~~~~~~~~~~~
/usr/bin/../lib/gcc/x86_64-linux-gnu/13/../../../../include/c++/13/bits/allocator.h:210:25: note: in instantiation of member function 'std::__new_allocator<scpp::ProviderTraitDescriptorRow>::deallocate' requested here
  210 |         __allocator_base<_Tp>::deallocate(__p, __n);
      |                                ^
../expanded/generated/__callable/__latency_fn_type_traits_descriptor_from_type_ref_id.hpp:3:8: note: forward declaration of 'scpp::ProviderTraitDescriptorRow'
    3 | struct ProviderTraitDescriptorRow;
      |        ^
In file included from /tmp/scpp-edit-latency-20260919/app/.prism/expanded/generated/__callable/type_traits_group_4.cpp:1:
In file included from /tmp/scpp-edit-latency-20260919/app/.prism/build/../expanded/generated/__project_units.hpp:4:
In file included from /tmp/scpp-edit-latency-20260919/app/.prism/build/../expanded/generated/structures/pipeline/pipeline_config.hpp:3:
In file included from /tmp/scpp-edit-latency-20260919/app/.prism/build/../../../vendor/runtime/include/scpp/lang/php.hpp:3:
In file included from /tmp/scpp-edit-latency-20260919/app/.prism/build/../../../vendor/runtime/include/scpp/runtime.hpp:3:
In file included from /usr/bin/../lib/gcc/x86_64-linux-gnu/13/../../../../include/c++/13/functional:64:
In file included from /usr/bin/../lib/gcc/x86_64-linux-gnu/13/../../../../include/c++/13/vector:66:
/usr/bin/../lib/gcc/x86_64-linux-gnu/13/../../../../include/c++/13/bits/stl_vector.h:993:50: error: arithmetic on a pointer to an incomplete type 'scpp::ProviderTraitDescriptorRow'
  993 |       { return size_type(this->_M_impl._M_finish - this->_M_impl._M_start); }
      |                          ~~~~~~~~~~~~~~~~~~~~~~~ ^
/tmp/scpp-edit-latency-20260919/app/.prism/build/../../../vendor/runtime/include/scpp/vector_t.hpp:56:17: note: in instantiation of member function 'std::vector<scpp::ProviderTraitDescriptorRow>::size' requested here
   56 |                 return value_.size();
      |                               ^
/tmp/scpp-edit-latency-20260919/app/.prism/build/../../../vendor/runtime/include/scpp/foreach.hpp:127:53: note: in instantiation of member function 'scpp::vector_t<scpp::ProviderTraitDescriptorRow>::size' requested here
  127 |                 return foreach_vector_iterator<T>(owner_, owner_->size());
      |                                                                   ^
/tmp/scpp-edit-latency-20260919/app/.prism/expanded/generated/__callable/type_traits_group_4.cpp:26:30: note: in instantiation of member function 'scpp::foreach_vector_range<scpp::ProviderTraitDescriptorRow>::end' requested here
   26 |         for (auto __latency_local_1 : foreach_range(__latency_local_0)) {
      |                                     ^
../expanded/generated/__callable/__latency_fn_type_traits_descriptor_from_type_ref_id.hpp:3:8: note: forward declaration of 'scpp::ProviderTraitDescriptorRow'
    3 | struct ProviderTraitDescriptorRow;
      |        ^
6 errors generated.
[484/911] CALLABLE_PART expanded_parts/__callable/type_traits_group_5.o
[485/911] CALLABLE_PART expanded_parts/__callable/control_flow_dataflows_group_0.o
[486/911] CALLABLE_PART expanded_parts/__callable/type_traits_group_6.o
[487/911] CALLABLE_PART expanded_parts/__callable/control_flow_dataflows_group_2.o
[488/911] CALLABLE_PART expanded_parts/__callable/control_flow_graphs_group_0.o
[489/911] CALLABLE_PART expanded_parts/__callable/control_flow_dataflows_group_1.o
[490/911] CALLABLE_PART expanded_parts/__callable/control_flow_dataflows_group_3.o
[491/911] CALLABLE_PART expanded_parts/__callable/control_flow_dataflows_group_4.o
[492/911] CALLABLE_PART expanded_parts/__callable/control_flow_graphs_group_2.o
[493/911] CALLABLE_PART expanded_parts/__callable/control_flow_graphs_group_1.o
[494/911] CALLABLE_PART expanded_parts/__callable/control_flow_graphs_group_3.o
ninja: build stopped: subcommand failed.

