[1/374] CXX expanded/compile/backend/scalar_loop_backend_requests.o
[2/374] CXX expanded/compile/capabilities/capability_consumer_plans.o
[3/374] CXX expanded/compile/backend/primitive_abi_adapter_matrix.o
[4/374] CXX expanded/compile/backend/backend_loop_text_emission.o
[5/374] CXX expanded/compile/backend/backend_module_composition.o
[6/374] CXX expanded/compile/backend/scalar_body_statement_collection.o
[7/374] CXX expanded/compile/backend/local_body_lowering.o
[8/374] CXX expanded/compile/backend/compiler_entry_backend.o
[9/374] CXX expanded/compile/backend/backend_emission_decisions.o
[10/374] CXX expanded/compile/backend/backend_preflight_requests.o
[11/374] CXX expanded/compile/backend/abi_bridge/runtime_abi_bridge.o
[12/374] CXX expanded/compile/frontend_adapter/phs/phs_tokenizer.o
[13/374] CXX expanded/compile/control_flow/control_flow_graphs.o
[14/374] CXX expanded/compile/control_flow/control_flow_dataflows.o
[15/374] CXX expanded/compile/control_flow/control_flow_transfers.o
[16/374] CXX expanded/compile/incremental/partition_readiness.o
[17/374] CXX expanded/compile/incremental/resident_body_dependencies.o
[18/374] CXX expanded/compile/incremental/partition_merge_reductions.o
[19/374] CXX expanded/compile/incremental/resident_change_events.o
[20/374] clang++ -std=c++23 -fPIC -O0 -g1 -pipe -I../../../vendor/runtime/include -I../expanded/generated -DSCPP_LANGUAGE_TARGET_PHP=1 -DSCPP_HAS_MYSQLI=0 -DSCPP_HAS_REGEX=0 -DSCPP_HAS_CURL=0 -DSCPP_HAS_TASKS=1 -DSCPP_TASKS_DEFAULT_WORKER_POOL_SIZE=0 -DSCPP_HAS_UI=0 -DSCPP_HAS_WEBVIEW=0 -DSCPP_ENABLE_CALL_DEPTH_GUARD=1 -DSCPP_MAX_CALL_DEPTH=4096 -x c++-header -MD -MF expanded-project.pch.d ../expanded/generated/__project_units.hpp -o expanded-project.pch
[21/374] CXX expanded/compile/capabilities/runtime_helper_contract_readiness.o
[22/374] CXX expanded/compile/incremental/resident_daemon_incremental_proof.o
[23/374] CXX expanded/compile/incremental/resident_dependency_edges.o
[24/374] CXX expanded/compile/incremental/resident_dirty_propagation.o
[25/374] CXX expanded/compile/incremental/resident_definition_granularity.o
[26/374] CXX expanded/compile/incremental/resident_function_body_local_parse_proofs.o
[27/374] CXX expanded/compile/incremental/resident_function_body_incremental_acceptance.o
[28/374] CXX expanded/compile/incremental/resident_frontend_node_lists.o
[29/374] CXX expanded/compile/incremental/resident_function_body_logical_frontend_views.o
[30/374] CXX expanded/compile/incremental/resident_function_body_logical_frontend_reference_candidates.o
[31/374] CXX expanded/compile/incremental/resident_function_body_logical_frontend_consumer_descriptors.o
[32/374] CXX expanded/compile/incremental/resident_daemon_file_ipc.o
[33/374] CXX expanded/compile/incremental/resident_function_body_mixed_frontend_assembly_proofs.o
[34/374] CXX expanded/compile/incremental/resident_function_body_ownership.o
[35/374] CXX expanded/compile/incremental/resident_function_body_parse_slices.o
[36/374] CXX expanded/compile/incremental/resident_function_body_publish_repoint_preflights.o
[37/374] CXX expanded/compile/incremental/resident_function_body_row_list_publish_plans.o
[38/374] CXX expanded/compile/incremental/resident_function_body_source_unit_repoint_proofs.o
[39/374] CXX expanded/compile/incremental/resident_function_body_row_list_publish_results.o
[40/374] CXX expanded/compile/incremental/resident_function_body_stable_node_remap_proofs.o
[41/374] CXX expanded/compile/incremental/resident_function_body_summary_project_references.o
[42/374] CXX expanded/compile/incremental/resident_project_symbol_name_lookups.o
[43/374] CXX expanded/compile/incremental/resident_function_body_work_decisions.o
[44/374] CXX expanded/compile/incremental/resident_public_surface_incremental_acceptance.o
[45/374] CXX expanded/compile/incremental/resident_reverse_dependencies.o
[46/374] CXX expanded/compile/incremental/resident_recompute_targets.o
[47/374] CXX expanded/compile/incremental/resident_reverse_dependency_indexes.o
[48/374] CXX expanded/compile/incremental/resident_token_lists.o
[49/374] CXX expanded/compile/incremental/resident_transactions.o
[50/374] CXX expanded/compile/incremental/resident_source_unit_frontend_states.o
[51/374] CXX expanded/compile/incremental/source_unit_early_skip.o
[52/374] CXX expanded/compile/incremental/source_unit_frontend_scheduler.o
[53/374] CXX expanded/compile/model/source_buffers.o
[54/374] CXX expanded/compile/incremental/source_unit_frontend_work_decisions.o
[55/374] CXX expanded/compile/model/project_callable_contracts.o
[56/374] CXX expanded/compile/model/reference_identity.o
[57/374] CXX expanded/compile/model/project_symbol_identity.o
[58/374] CXX expanded/compile/model/frontend_body_summaries.o
[59/374] CXX expanded/compile/model/project_dependency_graph.o
[60/374] CXX expanded/compile/pipeline/compiler_pipeline_runner.o
[61/374] CXX expanded/compile/operations/operation_readiness.o
[62/374] CXX expanded/compile/semantic/semantic_body_capability_consumers.o
[63/374] CXX expanded/compile/support/compiler_execution_artifacts.o
[64/374] CXX expanded/compile/support/mt_publication_metrics.o
[65/374] CXX expanded/compile/support/compiler_project_run_row_artifacts.o
[66/374] CXX expanded/compile/support/compiler_project_env_or_smoke_echo.o
[67/374] CXX expanded/compile/pipeline/compiler_project_runner.o
[68/374] CXX expanded/compile/support/compiler_export_artifacts.o
[69/374] CXX expanded/compile/support/artifact_writes.o
[70/374] CXX expanded/compile/support/pure_tdd_stage_artifacts.o
[71/374] CXX expanded/structure_kernel/frontend_model_kernel_counters.o
[72/374] CXX expanded/compile/support/performance_memory_estimates.o
[73/374] CXX expanded/compile/support/structure_kernel_smoke_runner.o
[74/374] CXX expanded/compile/support/resident_snapshots.o
[75/374] CXX expanded/compile/support/proof_metrics.o
[76/374] CALLABLE_PART expanded_parts/main.o
[77/374] CXX expanded/structures/frontend/frontend_model.o
[78/374] CXX expanded/structures/project/project_frontend_model.o
[79/374] CXX expanded/structure_kernel/frontend_model_tables.o
[80/374] CALLABLE_PART expanded_parts/__callable/compiler_profile_events___scpp_static_accepts.o
[81/374] CALLABLE_PART expanded_parts/__callable/compiler_profile_events_stage_compiler_project_run_total_id.o
[82/374] CALLABLE_PART expanded_parts/__callable/compiler_profile_events_stage_output_setup_id.o
[83/374] CXX expanded/generated/semantic_operator_lookup.o
[84/374] CALLABLE_PART expanded_parts/__callable/compiler_profile_events_stage_manifest_id.o
[85/374] CALLABLE_PART expanded_parts/__callable/compiler_profile_events_stage_source_units_id.o
[86/374] CALLABLE_PART expanded_parts/__callable/compiler_profile_events_stage_references_contracts_id.o
[87/374] CALLABLE_PART expanded_parts/__callable/compiler_profile_events_stage_frontend_symbols_id.o
[88/374] CALLABLE_PART expanded_parts/__callable/compiler_profile_events_stage_backend_lowering_writes_id.o
[89/374] CALLABLE_PART expanded_parts/__callable/compiler_profile_events_stage_analysis_capability_id.o
[90/374] CALLABLE_PART expanded_parts/__callable/compiler_profile_events_stage_capability_load_probe_id.o
[91/374] CALLABLE_PART expanded_parts/__callable/compiler_profile_events_stage_backend_direct_call_setup_id.o
[92/374] CALLABLE_PART expanded_parts/__callable/compiler_profile_events_stage_backend_target_local_match_id.o
[93/374] CALLABLE_PART expanded_parts/__callable/compiler_profile_events_stage_backend_entry_call_emission_id.o
[94/374] CALLABLE_PART expanded_parts/__callable/compiler_profile_events_stage_backend_target_local_emission_id.o
[95/374] CALLABLE_PART expanded_parts/__callable/compiler_profile_events_stage_llvm_text_materialization_id.o
[96/374] CALLABLE_PART expanded_parts/__callable/compiler_profile_events_stage_artifact_write_id.o
[97/374] CALLABLE_PART expanded_parts/__callable/compiler_profile_events_stage_frontend_source_units_id.o
[98/374] CALLABLE_PART expanded_parts/__callable/compiler_profile_events_stage_project_symbol_index_id.o
[99/374] CALLABLE_PART expanded_parts/__callable/compiler_profile_events_stage_parser_frontend_model_id.o
[100/374] CALLABLE_PART expanded_parts/__callable/compiler_profile_events_stage_resident_token_snapshots_id.o
[101/374] CALLABLE_PART expanded_parts/__callable/compiler_profile_events_stage_tokenizer_id.o
[102/374] CALLABLE_PART expanded_parts/__callable/compiler_profile_events_stage_resident_frontend_node_snapshots_id.o
[103/374] CALLABLE_PART expanded_parts/__callable/compiler_profile_events_stage_symbol_definition_snapshots_id.o
[104/374] CALLABLE_PART expanded_parts/__callable/compiler_profile_events_stage_symbol_name_lookups_id.o
[105/374] CXX expanded/structures/pipeline/compiler_project_run_report.o
[106/374] CALLABLE_PART expanded_parts/__callable/compiler_profile_events_stage_function_body_ownership_snapshots_id.o
[107/374] CALLABLE_PART expanded_parts/__callable/compiler_profile_events_stage_symbol_fact_publication_metrics_id.o
[108/374] CALLABLE_PART expanded_parts/__callable/compiler_profile_events_stage_frontend_payload_publication_metrics_id.o
[109/374] CALLABLE_PART expanded_parts/__callable/compiler_profile_events_stage_symbol_state_publication_id.o
[110/374] CALLABLE_PART expanded_parts/__callable/compiler_profile_events_elapsed_us_since.o
[111/374] CALLABLE_PART expanded_parts/__callable/compiler_profile_events_status_completed_id.o
[112/374] CALLABLE_PART expanded_parts/__callable/compiler_profile_events_status_blocked_id.o
[113/374] CALLABLE_PART expanded_parts/__callable/compiler_profile_events_append_elapsed.o
[114/374] CALLABLE_PART expanded_parts/__callable/compiler_profile_events_now_us.o
[115/374] CALLABLE_PART expanded_parts/__callable/compiler_profile_events_append_event.o
[116/374] CALLABLE_PART expanded_parts/__callable/compiler_profile_events_status_name.o
[117/374] CALLABLE_PART expanded_parts/__callable/compiler_profile_events_stage_name.o
[118/374] CALLABLE_PART expanded_parts/__callable/token_kinds___scpp_static_accepts.o
[119/374] CALLABLE_PART expanded_parts/__callable/token_kinds_unknown.o
[120/374] CALLABLE_PART expanded_parts/__callable/compiler_profile_events_debug_string.o
[121/374] CALLABLE_PART expanded_parts/__callable/token_kinds_eof.o
[122/374] CALLABLE_PART expanded_parts/__callable/token_kinds_keyword.o
[123/374] CALLABLE_PART expanded_parts/__callable/token_kinds_identifier.o
[124/374] CALLABLE_PART expanded_parts/__callable/token_kinds_string_literal.o
[125/374] CALLABLE_PART expanded_parts/__callable/token_kinds_symbol.o
[126/374] CALLABLE_PART expanded_parts/__callable/token_kinds_number.o
[127/374] CALLABLE_PART expanded_parts/__callable/token_kinds_comment.o
[128/374] CALLABLE_PART expanded_parts/__callable/token_kinds_error.o
[129/374] CALLABLE_PART expanded_parts/__callable/frontend_model_builder___scpp_static_accepts.o
[130/374] CALLABLE_PART expanded_parts/__callable/token_kinds_name.o
[131/374] CALLABLE_PART expanded_parts/__callable/frontend_model_builder_declaration_kind_function_id.o
[132/374] CALLABLE_PART expanded_parts/__callable/frontend_model_builder_declaration_kind_namespace_id.o
[133/374] CALLABLE_PART expanded_parts/__callable/frontend_model_builder_declaration_kind_use_function_id.o
[134/374] CALLABLE_PART expanded_parts/__callable/frontend_model_builder_synthetic_script_entry_name.o
[135/374] CALLABLE_PART expanded_parts/__callable/frontend_model_builder_name_role_type_id.o
[136/374] CALLABLE_PART expanded_parts/__callable/frontend_model_builder_declaration_flag_synthetic_script_entry_id.o
[137/374] CALLABLE_PART expanded_parts/__callable/frontend_model_builder_name_role_declaration_id.o
[138/374] CALLABLE_PART expanded_parts/__callable/frontend_model_builder_declaration_is_synthetic_script_entry.o
[139/374] CALLABLE_PART expanded_parts/__callable/frontend_model_builder_name_role_callee_id.o
[140/374] CALLABLE_PART expanded_parts/__callable/frontend_model_builder_name_role_variable_id.o
[141/374] CALLABLE_PART expanded_parts/__callable/frontend_model_builder_name_role_constant_id.o
[142/374] CALLABLE_PART expanded_parts/__callable/frontend_model_builder_statement_flag_const_binding_id.o
[143/374] CALLABLE_PART expanded_parts/__callable/frontend_model_builder_name_role_namespace_id.o
[144/374] CALLABLE_PART expanded_parts/__callable/frontend_model_builder_statement_flag_append_target_id.o
[145/374] CALLABLE_PART expanded_parts/__callable/frontend_model_builder_expression_flag_by_reference_parameter_id.o
[146/374] CALLABLE_PART expanded_parts/__callable/frontend_model_builder_literal_kind_bool_id.o
[147/374] CALLABLE_PART expanded_parts/__callable/frontend_model_builder_literal_kind_integer_id.o
[148/374] CALLABLE_PART expanded_parts/__callable/frontend_model_builder_literal_kind_string_id.o
[149/374] CALLABLE_PART expanded_parts/__callable/frontend_model_builder_literal_kind_null_id.o
[150/374] CALLABLE_PART expanded_parts/__callable/frontend_model_builder_literal_status_ready_id.o
[151/374] CALLABLE_PART expanded_parts/__callable/frontend_model_builder_operator_plus_id.o
[152/374] CALLABLE_PART expanded_parts/__callable/frontend_model_builder_literal_kind_floating_id.o
[153/374] CALLABLE_PART expanded_parts/__callable/frontend_model_builder_operator_minus_id.o
[154/374] CALLABLE_PART expanded_parts/__callable/frontend_model_builder_operator_multiply_id.o
[155/374] CALLABLE_PART expanded_parts/__callable/frontend_model_builder_operator_divide_id.o
[156/374] CALLABLE_PART expanded_parts/__callable/frontend_model_builder_operator_unary_minus_id.o
[157/374] CALLABLE_PART expanded_parts/__callable/frontend_model_builder_operator_modulo_id.o
[158/374] CALLABLE_PART expanded_parts/__callable/frontend_model_builder_primitive_int_type_ref_id.o
[159/374] CALLABLE_PART expanded_parts/__callable/frontend_model_builder_primitive_bool_type_ref_id.o
[160/374] CALLABLE_PART expanded_parts/__callable/frontend_model_builder_integer_positive_limit_for_width.o
[161/374] CALLABLE_PART expanded_parts/__callable/frontend_model_builder_token_end_offset.o
[162/374] CALLABLE_PART expanded_parts/__callable/frontend_model_builder_numeric_type_ref_accepts_decimal_literal.o
[163/374] CALLABLE_PART expanded_parts/__callable/frontend_model_builder_numeric_type_ref_is_integer_literal_target.o
[164/374] CALLABLE_PART expanded_parts/__callable/frontend_model_builder_runtime_string_type_ref_id.o
[165/374] CALLABLE_PART expanded_parts/__callable/frontend_model_builder_integer_literal_fits_type_ref.o
[166/374] CALLABLE_PART expanded_parts/__callable/frontend_model_builder_source_range_from_token.o
[167/374] CALLABLE_PART expanded_parts/__callable/frontend_model_builder_source_range_from_offsets.o
[168/374] CALLABLE_PART expanded_parts/__callable/frontend_model_builder_primitive_type_ref_id_for_name.o
[169/374] CALLABLE_PART expanded_parts/__callable/frontend_model_builder_expect_type_name_token.o
[170/374] CALLABLE_PART expanded_parts/__callable/frontend_model_builder_source_type_ref_id_for_name.o
[171/374] CALLABLE_PART expanded_parts/__callable/frontend_model_builder_append_name.o
[172/374] CALLABLE_PART expanded_parts/__callable/frontend_model_builder_append_declaration_name.o
[173/374] CALLABLE_PART expanded_parts/__callable/frontend_model_builder_parse_type_ref_id.o
[174/374] CALLABLE_PART expanded_parts/__callable/frontend_model_builder_append_type_name.o
[175/374] CALLABLE_PART expanded_parts/__callable/frontend_model_builder_append_callee_name.o
[176/374] CALLABLE_PART expanded_parts/__callable/frontend_model_builder_append_variable_name.o
[177/374] CALLABLE_PART expanded_parts/__callable/frontend_model_builder_append_constant_name.o
[178/374] CALLABLE_PART expanded_parts/__callable/frontend_model_builder_expression_type_ref_or_unknown.o
[179/374] CALLABLE_PART expanded_parts/__callable/frontend_model_builder_append_namespace_name.o
[180/374] CALLABLE_PART expanded_parts/__callable/frontend_model_builder_append_variable_expression.o
[181/374] CALLABLE_PART expanded_parts/__callable/frontend_model_builder_append_variable_expression_with_type.o
[182/374] CALLABLE_PART expanded_parts/__callable/frontend_model_builder_append_identifier_expression_from_token_with_type.o
[183/374] CALLABLE_PART expanded_parts/__callable/frontend_model_builder_append_identifier_expression_with_type.o
[184/374] CALLABLE_PART expanded_parts/__callable/frontend_model_builder_append_variable_expression_from_existing_node_with_type.o
[185/374] CALLABLE_PART expanded_parts/__callable/frontend_model_builder_append_string_literal_expression.o
[186/374] CALLABLE_PART expanded_parts/__callable/frontend_model_builder_append_null_literal_expression.o
[187/374] CALLABLE_PART expanded_parts/__callable/frontend_model_builder_append_literal_expression_with_numeric_type.o
[188/374] CALLABLE_PART expanded_parts/__callable/frontend_model_builder_append_unary_minus_local_expression_with_type.o
[189/374] CALLABLE_PART expanded_parts/__callable/frontend_model_builder_consume_blocked_unary_logical_not_expression.o
[190/374] CALLABLE_PART expanded_parts/__callable/frontend_model_builder_append_unary_minus_integer_literal_expression_with_type.o
[191/374] CALLABLE_PART expanded_parts/__callable/frontend_model_builder_consume_blocked_unary_logical_not_operand.o
[192/374] CALLABLE_PART expanded_parts/__callable/frontend_model_builder_append_call_expression.o
[193/374] CALLABLE_PART expanded_parts/__callable/frontend_model_builder_at_call_argument_list_after_open_offset.o
[194/374] CALLABLE_PART expanded_parts/__callable/frontend_model_builder_at_qualified_call_expression.o
[195/374] CALLABLE_PART expanded_parts/__callable/frontend_model_builder_at_scalar_expression_start_at_offset.o
[196/374] CALLABLE_PART expanded_parts/__callable/frontend_model_builder_at_call_expression_with_argument_list.o
[197/374] CALLABLE_PART expanded_parts/__callable/frontend_model_builder_append_binary_plus_expression_from_left_with_type.o
[198/374] CALLABLE_PART expanded_parts/__callable/frontend_model_builder_mark_expression_node_flag.o
[199/374] CALLABLE_PART expanded_parts/__callable/frontend_model_builder_at_function_parameter.o
[200/374] CALLABLE_PART expanded_parts/__callable/frontend_model_builder_append_function_parameter_expression.o
[201/374] CALLABLE_PART expanded_parts/__callable/frontend_model_builder_append_binary_minus_expression_from_left_with_type.o
[202/374] CALLABLE_PART expanded_parts/__callable/frontend_model_builder_append_parameter_default_literal_if_present.o
[203/374] CALLABLE_PART expanded_parts/__callable/frontend_model_builder_append_generated_binary_expression_from_left_with_type.o
[204/374] CALLABLE_PART expanded_parts/__callable/frontend_model_builder_append_binary_expression_from_left_with_type.o
[205/374] CALLABLE_PART expanded_parts/__callable/frontend_model_builder_append_binary_expression_from_nodes_with_type.o
[206/374] CALLABLE_PART expanded_parts/__callable/frontend_model_builder_append_index_access_expression_from_nodes_with_type.o
[207/374] CALLABLE_PART expanded_parts/__callable/frontend_model_builder_append_empty_initializer_expression_with_type.o
[208/374] CALLABLE_PART expanded_parts/__callable/frontend_model_builder_append_ternary_expression_from_nodes_with_type.o
[209/374] CALLABLE_PART expanded_parts/__callable/frontend_model_builder_binary_operator_row_for_current.o
[210/374] CALLABLE_PART expanded_parts/__callable/frontend_model_builder_expression_type_ref_from_node.o
[211/374] CALLABLE_PART expanded_parts/__callable/frontend_model_builder_operator_rhs_type_ref_for_left.o
[212/374] CALLABLE_PART expanded_parts/__callable/frontend_model_builder_operator_result_type_ref_for_left.o
[213/374] CALLABLE_PART expanded_parts/__callable/frontend_model_builder_at_const_keyword.o
[214/374] CALLABLE_PART expanded_parts/__callable/frontend_model_builder_at_local_declaration.o
[215/374] CALLABLE_PART expanded_parts/__callable/frontend_model_builder_expect_const_keyword.o
[216/374] CALLABLE_PART expanded_parts/__callable/frontend_model_builder_at_const_declaration_statement.o
[217/374] CALLABLE_PART expanded_parts/__callable/frontend_model_builder_compound_assignment_base_operator_at_offset.o
[218/374] CALLABLE_PART expanded_parts/__callable/frontend_model_builder_at_compound_assignment_operator_after_target.o
[219/374] CALLABLE_PART expanded_parts/__callable/frontend_model_builder_node_is_synthetic_script_entry.o
[220/374] CALLABLE_PART expanded_parts/__callable/frontend_model_builder_at_bound_identifier_expression.o
[221/374] CALLABLE_PART expanded_parts/__callable/frontend_model_builder_at_assignment_statement.o
[222/374] CALLABLE_PART expanded_parts/__callable/frontend_model_builder_consume_prefix_update_operator.o
[223/374] CALLABLE_PART expanded_parts/__callable/frontend_model_builder_at_double_symbol.o
[224/374] CALLABLE_PART expanded_parts/__callable/frontend_model_builder_at_echo_prefix_update_statement.o
[225/374] CALLABLE_PART expanded_parts/__callable/frontend_model_builder_prefix_update_variable_offset.o
[226/374] CALLABLE_PART expanded_parts/__callable/frontend_model_builder_retag_expression_node_type.o
[227/374] CALLABLE_PART expanded_parts/__callable/frontend_model_builder_at_echo_postfix_update_statement.o
[228/374] CALLABLE_PART expanded_parts/__callable/frontend_model_builder_ternary_result_type_ref.o
[229/374] CALLABLE_PART expanded_parts/__callable/frontend_model_builder_consume_compound_assignment_operator.o
[230/374] CALLABLE_PART expanded_parts/__callable/frontend_model_builder_parse_scalar_expression.o
[231/374] CALLABLE_PART expanded_parts/__callable/frontend_model_builder_parse_scalar_expression_with_min_precedence.o
[232/374] CALLABLE_PART expanded_parts/__callable/frontend_model_builder_parse_scalar_primary_expression.o
[233/374] CALLABLE_PART expanded_parts/__callable/frontend_model_builder_parse_local_declaration_statement.o
[234/374] CALLABLE_PART expanded_parts/__callable/frontend_model_builder_append_assignment_statement_from_nodes.o
[235/374] CALLABLE_PART expanded_parts/__callable/frontend_model_builder_parse_assignment_statement_with_terminator.o
[236/374] CALLABLE_PART expanded_parts/__callable/frontend_model_builder_parse_const_declaration_statement.o
[237/374] CALLABLE_PART expanded_parts/__callable/frontend_model_builder_parse_assignment_statement.o
[238/374] CALLABLE_PART expanded_parts/__callable/frontend_model_builder_parse_echo_argument_list.o
[239/374] CALLABLE_PART expanded_parts/__callable/frontend_model_builder_consume_optional_echo_trailing_string_argument.o
[240/374] CALLABLE_PART expanded_parts/__callable/frontend_model_builder_append_echo_statement_from_value.o
[241/374] CALLABLE_PART expanded_parts/__callable/frontend_model_builder_parse_echo_argument_expression.o
[242/374] CALLABLE_PART expanded_parts/__callable/frontend_model_builder_patch_echo_argument_parent_links.o
[243/374] CALLABLE_PART expanded_parts/__callable/frontend_model_builder_parse_echo_prefix_update_statement_sequence.o
[244/374] CALLABLE_PART expanded_parts/__callable/frontend_model_builder_parse_echo_postfix_update_statement_sequence.o
[245/374] CALLABLE_PART expanded_parts/__callable/frontend_model_builder_parse_echo_statement.o
[246/374] CALLABLE_PART expanded_parts/__callable/frontend_model_builder_parse_while_statement.o
[247/374] CALLABLE_PART expanded_parts/__callable/frontend_model_builder_at_call_expression_statement.o
[248/374] CALLABLE_PART expanded_parts/__callable/frontend_model_builder_statement_list_last_node_id.o
[249/374] CALLABLE_PART expanded_parts/__callable/frontend_model_builder_parse_for_statement.o
[250/374] CALLABLE_PART expanded_parts/__callable/frontend_model_builder_parse_return_statement.o
[251/374] CALLABLE_PART expanded_parts/__callable/frontend_model_builder_parse_if_statement.o
[252/374] CALLABLE_PART expanded_parts/__callable/frontend_model_builder_parse_expression_statement.o
[253/374] CALLABLE_PART expanded_parts/__callable/frontend_model_builder_parse_return_expression.o
[254/374] CALLABLE_PART expanded_parts/__callable/frontend_model_builder_parse_body_statement.o
[255/374] CALLABLE_PART expanded_parts/__callable/frontend_model_builder_parse_statement_list_until_close.o
[256/374] CALLABLE_PART expanded_parts/__callable/frontend_model_builder_parse_control_transfer_statement.o
[257/374] CALLABLE_PART expanded_parts/__callable/frontend_model_builder_append_implicit_return_after_statement_list.o
[258/374] CALLABLE_PART expanded_parts/__callable/frontend_model_builder_append_synthetic_literal_expression.o
[259/374] CALLABLE_PART expanded_parts/__callable/frontend_model_builder_append_synthetic_return_literal_statement.o
[260/374] CALLABLE_PART expanded_parts/__callable/frontend_model_builder_statement_node_is_return.o
[261/374] CALLABLE_PART expanded_parts/__callable/frontend_model_builder_append_synthetic_bool_literal_expression.o
[262/374] CALLABLE_PART expanded_parts/__callable/frontend_model_builder_parse_statement_list_until_close_with_implicit_return.o
[263/374] CALLABLE_PART expanded_parts/__callable/frontend_model_builder_parse_statement_list_until_eof_with_implicit_return.o
[264/374] CALLABLE_PART expanded_parts/__callable/frontend_model_builder_body_shape_digest_from_body_node.o
[265/374] CALLABLE_PART expanded_parts/__callable/frontend_model_builder_parse_function_body.o
[266/374] CALLABLE_PART expanded_parts/__callable/frontend_model_builder_record_function_parameter_local_types.o
[267/374] CALLABLE_PART expanded_parts/__callable/frontend_model_builder_parse_namespace_name_range.o
[268/374] CALLABLE_PART expanded_parts/__callable/frontend_model_builder_at_namespace_declaration.o
[269/374] CALLABLE_PART expanded_parts/__callable/frontend_model_builder_at_use_function_declaration.o
[270/374] CALLABLE_PART expanded_parts/__callable/frontend_model_builder_expect_namespace_keyword.o
[271/374] CALLABLE_PART expanded_parts/__callable/frontend_model_builder_expect_use_keyword.o
[272/374] CALLABLE_PART expanded_parts/__callable/frontend_model_builder_expect_function_import_keyword.o
[273/374] CALLABLE_PART expanded_parts/__callable/frontend_model_builder_append_namespace_declaration_node.o
[274/374] CALLABLE_PART expanded_parts/__callable/frontend_model_builder_at_use_keyword.o
[275/374] CALLABLE_PART expanded_parts/__callable/frontend_model_builder_append_use_function_declaration_node.o
[276/374] CALLABLE_PART expanded_parts/__callable/frontend_model_builder_parse_namespace_declaration.o
[277/374] CALLABLE_PART expanded_parts/__callable/frontend_model_builder_parse_use_function_declaration.o
[278/374] CALLABLE_PART expanded_parts/__callable/frontend_model_builder_parse_function_declaration.o
[279/374] CALLABLE_PART expanded_parts/__callable/frontend_model_builder_attach_synthetic_script_entry_body.o
[280/374] CALLABLE_PART expanded_parts/__callable/frontend_model_builder_append_synthetic_script_entry_declaration_shell.o
[281/374] CALLABLE_PART expanded_parts/__callable/frontend_model_builder_reserve_model_for_tokens.o
[282/374] CALLABLE_PART expanded_parts/__callable/frontend_model_builder_parse_synthetic_script_entry_declaration.o
[283/374] CALLABLE_PART expanded_parts/__callable/frontend_model_builder_parse_synthetic_script_entry_declaration_until_close.o
[284/374] CALLABLE_PART expanded_parts/__callable/frontend_model_builder_capacity_at_least.o
[285/374] CALLABLE_PART expanded_parts/__callable/frontend_model_builder_parse_source_unit.o
[286/374] CALLABLE_PART expanded_parts/__callable/frontend_model_builder_apply_node_segment_policy.o
[287/374] CALLABLE_PART expanded_parts/__callable/frontend_model_builder_parse_source_unit_with_node_segment_policy.o
[288/374] CALLABLE_PART expanded_parts/compile/model/source_units/part_0.o
[289/374] CALLABLE_PART expanded_parts/compile/model/source_units/part_1.o
[290/374] CALLABLE_PART expanded_parts/compile/model/source_units/part_2.o
[291/374] CALLABLE_PART expanded_parts/compile/model/source_units/part_4.o
[292/374] CALLABLE_PART expanded_parts/compile/model/project_symbol_index/part_2.o
[293/374] CALLABLE_PART expanded_parts/compile/model/source_units/part_3.o
[294/374] CALLABLE_PART expanded_parts/compile/model/project_symbol_index/part_3.o
[295/374] CALLABLE_PART expanded_parts/compile/model/project_symbol_index/part_1.o
[296/374] CALLABLE_PART expanded_parts/compile/incremental/resident_source_unit_frontend_payload_tables/part_0.o
[297/374] CALLABLE_PART expanded_parts/compile/model/project_symbol_index/part_0.o
[298/374] CALLABLE_PART expanded_parts/compile/model/project_symbol_index/part_4.o
[299/374] CALLABLE_PART expanded_parts/compile/incremental/resident_source_unit_frontend_payload_tables/part_1.o
[300/374] CALLABLE_PART expanded_parts/compile/incremental/resident_source_unit_frontend_payload_tables/part_3.o
[301/374] CALLABLE_PART expanded_parts/compile/incremental/resident_source_unit_frontend_payload_tables/part_2.o
[302/374] CALLABLE_PART expanded_parts/compile/incremental/resident_source_unit_frontend_payload_tables/part_5.o
[303/374] CALLABLE_PART expanded_parts/compile/incremental/resident_source_unit_frontend_payload_tables/part_7.o
[304/374] CALLABLE_PART expanded_parts/compile/incremental/resident_source_unit_frontend_payload_tables/part_6.o
[305/374] CALLABLE_PART expanded_parts/compile/incremental/resident_source_unit_frontend_payload_tables/part_9.o
[306/374] CALLABLE_PART expanded_parts/compile/incremental/resident_source_unit_frontend_payload_tables/part_4.o
[307/374] CALLABLE_PART expanded_parts/compile/incremental/resident_source_unit_frontend_payload_tables/part_8.o
[308/374] CALLABLE_PART expanded_parts/compile/incremental/resident_source_unit_frontend_payload_tables/part_10.o
[309/374] CALLABLE_PART expanded_parts/compile/incremental/resident_source_unit_frontend_payload_tables/part_11.o
[310/374] CALLABLE_PART expanded_parts/compile/incremental/resident_source_unit_frontend_payload_tables/part_12.o
[311/374] CALLABLE_PART expanded_parts/compile/incremental/resident_source_unit_frontend_payload_tables/part_14.o
[312/374] CALLABLE_PART expanded_parts/compile/incremental/resident_source_unit_frontend_payload_tables/part_13.o
[313/374] CALLABLE_PART expanded_parts/compile/incremental/resident_source_unit_frontend_payload_tables/part_16.o
[314/374] CALLABLE_PART expanded_parts/compile/incremental/resident_source_unit_frontend_payload_tables/part_20.o
[315/374] CALLABLE_PART expanded_parts/compile/incremental/resident_source_unit_frontend_payload_tables/part_18.o
[316/374] CALLABLE_PART expanded_parts/compile/incremental/resident_source_unit_frontend_payload_tables/part_15.o
[317/374] CALLABLE_PART expanded_parts/compile/incremental/resident_source_unit_frontend_payload_tables/part_17.o
[318/374] CALLABLE_PART expanded_parts/compile/support/production_mt_heartbeat/part_0.o
[319/374] CALLABLE_PART expanded_parts/compile/incremental/resident_source_unit_frontend_payload_tables/part_19.o
[320/374] CALLABLE_PART expanded_parts/profile/gate_profile_helpers/part_0.o
[321/374] CALLABLE_PART expanded_parts/compile/backend/llvm_text_from_plan/part_0.o
[322/374] CALLABLE_PART expanded_parts/compile/backend/llvm_text_from_plan/part_2.o
[323/374] CALLABLE_PART expanded_parts/compile/backend/llvm_text_from_plan/part_1.o
[324/374] CALLABLE_PART expanded_parts/compile/backend/llvm_text_from_plan/part_4.o
[325/374] CALLABLE_PART expanded_parts/compile/backend/llvm_text_from_plan/part_3.o
[326/374] CALLABLE_PART expanded_parts/compile/backend/llvm_text_from_plan/part_8.o
[327/374] CALLABLE_PART expanded_parts/compile/backend/llvm_text_from_plan/part_5.o
[328/374] CALLABLE_PART expanded_parts/compile/backend/llvm_text_from_plan/part_6.o
[329/374] CALLABLE_PART expanded_parts/compile/backend/llvm_text_from_plan/part_7.o
[330/374] CALLABLE_PART expanded_parts/compile/backend/llvm_text_from_plan/part_10.o
[331/374] CALLABLE_PART expanded_parts/compile/backend/llvm_text_from_plan/part_9.o
[332/374] CALLABLE_PART expanded_parts/compile/backend/llvm_text_from_plan/part_13.o
[333/374] CALLABLE_PART expanded_parts/compile/backend/llvm_text_from_plan/part_12.o
[334/374] CALLABLE_PART expanded_parts/compile/backend/llvm_text_from_plan/part_15.o
[335/374] CALLABLE_PART expanded_parts/compile/backend/llvm_text_from_plan/part_11.o
[336/374] CALLABLE_PART expanded_parts/compile/backend/backend_object_link_cache/part_0.o
[337/374] CALLABLE_PART expanded_parts/compile/backend/llvm_text_from_plan/part_14.o
[338/374] CALLABLE_PART expanded_parts/compile/backend/lowering_plan/part_0.o
[339/374] CALLABLE_PART expanded_parts/compile/backend/backend_object_link_cache/part_1.o
[340/374] CALLABLE_PART expanded_parts/compile/backend/backend_object_link_cache/part_3.o
[341/374] CALLABLE_PART expanded_parts/compile/backend/llvm_text_from_plan/part_16.o
[342/374] CALLABLE_PART expanded_parts/compile/backend/lowering_plan/part_1.o
[343/374] CALLABLE_PART expanded_parts/compile/backend/backend_object_link_cache/part_2.o
[344/374] CALLABLE_PART expanded_parts/compile/capabilities/storage_lifetime_readiness/part_0.o
[345/374] CALLABLE_PART expanded_parts/compile/backend/lowering_plan/part_2.o
[346/374] CALLABLE_PART expanded_parts/compile/capabilities/storage_lifetime_readiness/part_1.o
[347/374] CALLABLE_PART expanded_parts/compile/backend/lowering_plan/part_3.o
[348/374] CALLABLE_PART expanded_parts/compile/backend/lowering_plan/part_4.o
[349/374] CALLABLE_PART expanded_parts/compile/capabilities/storage_lifetime_readiness/part_2.o
[350/374] CALLABLE_PART expanded_parts/compile/capabilities/type_capability_readiness/part_0.o
[351/374] CALLABLE_PART expanded_parts/compile/capabilities/type_capability_readiness/part_1.o
[352/374] CALLABLE_PART expanded_parts/compile/capabilities/storage_lifetime_readiness/part_3.o
[353/374] CALLABLE_PART expanded_parts/compile/capabilities/type_capability_readiness/part_3.o
[354/374] CALLABLE_PART expanded_parts/compile/capabilities/type_capability_readiness/part_4.o
[355/374] CALLABLE_PART expanded_parts/compile/capabilities/type_capability_readiness/part_2.o
[356/374] CALLABLE_PART expanded_parts/compile/capabilities/type_capability_readiness/part_6.o
[357/374] CALLABLE_PART expanded_parts/compile/capabilities/type_capability_readiness/part_7.o
[358/374] CALLABLE_PART expanded_parts/compile/capabilities/type_capability_readiness/part_5.o
[359/374] CALLABLE_PART expanded_parts/compile/capabilities/type_capability_readiness/part_9.o
[360/374] CALLABLE_PART expanded_parts/compile/capabilities/type_capability_readiness/part_8.o
[361/374] CALLABLE_PART expanded_parts/compile/capabilities/type_capability_readiness/part_12.o
[362/374] CALLABLE_PART expanded_parts/compile/capabilities/type_capability_readiness/part_10.o
[363/374] CALLABLE_PART expanded_parts/compile/capabilities/type_capability_readiness/part_13.o
[364/374] CALLABLE_PART expanded_parts/compile/incremental/resident_source_unit_symbol_states/part_0.o
[365/374] CALLABLE_PART expanded_parts/compile/capabilities/type_capability_readiness/part_11.o
[366/374] CALLABLE_PART expanded_parts/compile/incremental/resident_source_unit_symbol_states/part_2.o
[367/374] CALLABLE_PART expanded_parts/compile/model/project_reference_resolution/part_1.o
[368/374] CALLABLE_PART expanded_parts/compile/incremental/resident_source_unit_symbol_states/part_1.o
[369/374] CALLABLE_PART expanded_parts/compile/model/project_reference_resolution/part_0.o
[370/374] CALLABLE_PART expanded_parts/compile/model/project_reference_resolution/part_3.o
[371/374] CALLABLE_PART expanded_parts/compile/model/project_reference_resolution/part_2.o
[372/374] CALLABLE_PART expanded_parts/compile/model/project_reference_resolution/part_4.o
[373/374] CALLABLE_PART expanded_parts/compile/model/project_reference_resolution/part_5.o
[374/374] LINK main
