[1/605] CXX expanded/__callable/compiler_entry_backend_locations.o
[2/605] CXX expanded/__callable/lowering_plan_locations.o
[3/605] CXX expanded/__callable/runtime_helper_contract_readiness_locations.o
[4/605] CXX expanded/__callable/llvm_text_from_plan_locations.o
[5/605] CXX expanded/__callable/backend_emission_decisions_locations.o
[6/605] CXX expanded/__callable/scalar_body_statement_collection_locations.o
[7/605] CXX expanded/__callable/llvm_api_sink_preflight_locations.o
[8/605] CXX expanded/__callable/runtime_abi_bridge_locations.o
[9/605] CXX expanded/__callable/backend_preflight_requests_locations.o
[10/605] CXX expanded/__callable/control_flow_transfers_locations.o
[11/605] CXX expanded/__callable/control_flow_dataflows_locations.o
[12/605] CXX expanded/__callable/partition_readiness_locations.o
[13/605] CXX expanded/__callable/source_unit_early_skip_locations.o
[14/605] CXX expanded/__callable/resident_daemon_file_ipc_locations.o
[15/605] CXX expanded/compile/backend/scalar_body_statement_collection.o
[16/605] CXX expanded/compile/control_flow/control_flow_dataflows.o
[17/605] clang++ -std=c++23 -fPIC -O0 -g1 -pipe -I../../../vendor/runtime/include -I../expanded/generated -DSCPP_LANGUAGE_TARGET_PHP=1 -DSCPP_HAS_MYSQLI=0 -DSCPP_HAS_REGEX=0 -DSCPP_HAS_CURL=0 -DSCPP_HAS_TASKS=1 -DSCPP_TASKS_DEFAULT_WORKER_POOL_SIZE=0 -DSCPP_HAS_UI=0 -DSCPP_HAS_WEBVIEW=0 -DSCPP_ENABLE_CALL_DEPTH_GUARD=1 -DSCPP_MAX_CALL_DEPTH=4096 -x c++-header -MD -MF expanded-project.pch.d ../expanded/generated/__project_units.hpp -o expanded-project.pch
[18/605] CALLABLE_PART expanded_parts/__callable/prepare_outputs_group_0.o
[19/605] CALLABLE_PART expanded_parts/__callable/runtime_abi_bridge_group_2.o
[20/605] CALLABLE_PART expanded_parts/__callable/runtime_helper_effects_group_0.o
[21/605] CALLABLE_PART expanded_parts/__callable/llvm_abi_call_lowering_group_0.o
[22/605] CALLABLE_PART expanded_parts/__callable/string_runtime_abi_group_0.o
[23/605] CALLABLE_PART expanded_parts/__callable/analysis_context_identity_group_0.o
[24/605] CALLABLE_PART expanded_parts/__callable/analysis_context_group_0.o
[25/605] CALLABLE_PART expanded_parts/__callable/llvm_abi_declarations_group_0.o
[26/605] CALLABLE_PART expanded_parts/__callable/runtime_abi_bridge_group_1.o
[27/605] CALLABLE_PART expanded_parts/__callable/runtime_abi_bridge_group_0.o
[28/605] CALLABLE_PART expanded_parts/__callable/analysis_context_group_1.o
[29/605] CALLABLE_PART expanded_parts/main.o
[30/605] CALLABLE_PART expanded_parts/__callable/backend_emission_adapter_routes_group_0.o
[31/605] CALLABLE_PART expanded_parts/__callable/string_runtime_abi_group_1.o
[32/605] CALLABLE_PART expanded_parts/__callable/backend_emission_decisions_group_1.o
[33/605] CALLABLE_PART expanded_parts/__callable/backend_emission_adapter_routes_group_1.o
[34/605] CALLABLE_PART expanded_parts/__callable/backend_emission_decisions_group_0.o
[35/605] CALLABLE_PART expanded_parts/__callable/backend_emission_decisions_group_2.o
[36/605] CALLABLE_PART expanded_parts/__callable/backend_emission_adapter_routes_group_2.o
[37/605] CALLABLE_PART expanded_parts/__callable/backend_emission_decisions_group_6.o
[38/605] CALLABLE_PART expanded_parts/__callable/backend_emission_decisions_group_5.o
[39/605] CALLABLE_PART expanded_parts/__callable/backend_emission_decisions_group_4.o
[40/605] CALLABLE_PART expanded_parts/__callable/backend_emission_decisions_group_3.o
[41/605] CALLABLE_PART expanded_parts/__callable/backend_loop_text_emission_group_0.o
[42/605] CALLABLE_PART expanded_parts/__callable/backend_native_execution_adapter_group_1.o
[43/605] CALLABLE_PART expanded_parts/__callable/backend_object_link_cache_group_0.o
[44/605] CALLABLE_PART expanded_parts/__callable/backend_native_execution_adapter_group_0.o
[45/605] CALLABLE_PART expanded_parts/__callable/backend_partition_readiness_group_0.o
[46/605] CALLABLE_PART expanded_parts/__callable/backend_module_composition_group_0.o
[47/605] CALLABLE_PART expanded_parts/__callable/backend_object_link_cache_group_6.o
[48/605] CALLABLE_PART expanded_parts/__callable/backend_object_link_cache_group_1.o
[49/605] CALLABLE_PART expanded_parts/__callable/backend_object_link_cache_group_2.o
[50/605] CALLABLE_PART expanded_parts/__callable/backend_object_link_cache_group_3.o
[51/605] CALLABLE_PART expanded_parts/__callable/backend_object_link_cache_group_5.o
[52/605] CALLABLE_PART expanded_parts/__callable/backend_partition_readiness_group_1.o
[53/605] CALLABLE_PART expanded_parts/__callable/backend_object_link_cache_group_4.o
[54/605] CALLABLE_PART expanded_parts/__callable/backend_preflight_requests_group_0.o
[55/605] CALLABLE_PART expanded_parts/__callable/backend_partition_readiness_group_2.o
[56/605] CALLABLE_PART expanded_parts/__callable/backend_preflight_requests_group_1.o
[57/605] CALLABLE_PART expanded_parts/__callable/backend_preflight_requests_group_2.o
[58/605] CALLABLE_PART expanded_parts/__callable/backend_preflight_requests_group_3.o
[59/605] CALLABLE_PART expanded_parts/__callable/backend_preflight_requests_group_4.o
[60/605] CALLABLE_PART expanded_parts/__callable/backend_preflight_requests_group_5.o
[61/605] CALLABLE_PART expanded_parts/__callable/backend_preflight_requests_group_6.o
[62/605] CALLABLE_PART expanded_parts/__callable/backend_preflight_requests_group_9.o
[63/605] CALLABLE_PART expanded_parts/__callable/backend_preflight_requests_group_7.o
[64/605] CALLABLE_PART expanded_parts/__callable/backend_preflight_requests_group_8.o
[65/605] CALLABLE_PART expanded_parts/__callable/backend_preflight_requests_group_10.o
[66/605] CALLABLE_PART expanded_parts/__callable/backend_preflight_requests_group_14.o
[67/605] CALLABLE_PART expanded_parts/__callable/backend_preflight_requests_group_13.o
[68/605] CALLABLE_PART expanded_parts/__callable/backend_preflight_requests_group_11.o
[69/605] CALLABLE_PART expanded_parts/__callable/backend_preflight_requests_group_12.o
[70/605] CALLABLE_PART expanded_parts/__callable/backend_preflight_requests_group_17.o
[71/605] CALLABLE_PART expanded_parts/__callable/backend_preflight_requests_group_15.o
[72/605] CALLABLE_PART expanded_parts/__callable/backend_preflight_requests_group_16.o
[73/605] CALLABLE_PART expanded_parts/__callable/compiler_entry_backend_group_2.o
[74/605] CALLABLE_PART expanded_parts/__callable/compiler_entry_backend_group_0.o
[75/605] CALLABLE_PART expanded_parts/__callable/llvm_api_sink_preflight_group_0.o
[76/605] CALLABLE_PART expanded_parts/__callable/llvm_api_sink_preflight_group_1.o
[77/605] CALLABLE_PART expanded_parts/__callable/compiler_entry_backend_group_1.o
[78/605] CALLABLE_PART expanded_parts/__callable/llvm_api_toolchain_probe_group_0.o
[79/605] CALLABLE_PART expanded_parts/__callable/llvm_api_sink_preflight_group_3.o
[80/605] CALLABLE_PART expanded_parts/__callable/llvm_text_from_plan_group_0.o
[81/605] CALLABLE_PART expanded_parts/__callable/llvm_api_toolchain_probe_group_2.o
[82/605] CALLABLE_PART expanded_parts/__callable/llvm_text_from_plan_group_1.o
[83/605] CALLABLE_PART expanded_parts/__callable/llvm_api_sink_preflight_group_2.o
[84/605] CALLABLE_PART expanded_parts/__callable/llvm_api_toolchain_probe_group_1.o
[85/605] CALLABLE_PART expanded_parts/__callable/llvm_text_from_plan_group_4.o
[86/605] CALLABLE_PART expanded_parts/__callable/llvm_text_from_plan_group_2.o
[87/605] CALLABLE_PART expanded_parts/__callable/llvm_text_from_plan_group_3.o
[88/605] CALLABLE_PART expanded_parts/__callable/llvm_text_from_plan_group_5.o
[89/605] CALLABLE_PART expanded_parts/__callable/llvm_text_from_plan_group_6.o
[90/605] CALLABLE_PART expanded_parts/__callable/llvm_text_from_plan_group_7.o
[91/605] CALLABLE_PART expanded_parts/__callable/llvm_text_from_plan_group_11.o
[92/605] CALLABLE_PART expanded_parts/__callable/llvm_text_from_plan_group_9.o
[93/605] CALLABLE_PART expanded_parts/__callable/llvm_text_from_plan_group_12.o
[94/605] CALLABLE_PART expanded_parts/__callable/llvm_text_from_plan_group_8.o
[95/605] CALLABLE_PART expanded_parts/__callable/llvm_text_from_plan_group_10.o
[96/605] CALLABLE_PART expanded_parts/__callable/llvm_text_from_plan_group_13.o
[97/605] CALLABLE_PART expanded_parts/__callable/llvm_text_from_plan_group_15.o
[98/605] CALLABLE_PART expanded_parts/__callable/llvm_text_from_plan_group_14.o
[99/605] CALLABLE_PART expanded_parts/__callable/llvm_text_from_plan_group_16.o
[100/605] CALLABLE_PART expanded_parts/__callable/llvm_text_from_plan_group_17.o
[101/605] CALLABLE_PART expanded_parts/__callable/llvm_text_from_plan_group_18.o
[102/605] CALLABLE_PART expanded_parts/__callable/llvm_text_from_plan_group_19.o
[103/605] CALLABLE_PART expanded_parts/__callable/llvm_text_from_plan_group_21.o
[104/605] CALLABLE_PART expanded_parts/__callable/llvm_text_from_plan_group_20.o
[105/605] CALLABLE_PART expanded_parts/__callable/llvm_text_from_plan_group_22.o
[106/605] CALLABLE_PART expanded_parts/__callable/llvm_text_from_plan_group_23.o
[107/605] CALLABLE_PART expanded_parts/__callable/llvm_text_from_plan_group_25.o
[108/605] CALLABLE_PART expanded_parts/__callable/llvm_text_from_plan_group_24.o
[109/605] CALLABLE_PART expanded_parts/__callable/llvm_text_from_plan_group_27.o
[110/605] CALLABLE_PART expanded_parts/__callable/llvm_text_from_plan_group_26.o
[111/605] CALLABLE_PART expanded_parts/__callable/llvm_text_from_plan_group_28.o
[112/605] CALLABLE_PART expanded_parts/__callable/local_body_lowering_group_0.o
[113/605] CALLABLE_PART expanded_parts/__callable/local_body_lowering_group_1.o
[114/605] CALLABLE_PART expanded_parts/__callable/local_body_lowering_group_2.o
[115/605] CALLABLE_PART expanded_parts/__callable/local_body_lowering_routes_group_0.o
[116/605] CALLABLE_PART expanded_parts/__callable/lowering_plan_group_1.o
[117/605] CALLABLE_PART expanded_parts/__callable/local_body_lowering_routes_group_1.o
[118/605] CALLABLE_PART expanded_parts/__callable/lowering_plan_group_0.o
[119/605] CALLABLE_PART expanded_parts/__callable/lowering_plan_group_4.o
[120/605] CALLABLE_PART expanded_parts/__callable/lowering_plan_group_6.o
[121/605] CALLABLE_PART expanded_parts/__callable/lowering_plan_group_3.o
[122/605] CALLABLE_PART expanded_parts/__callable/lowering_plan_group_2.o
[123/605] CALLABLE_PART expanded_parts/__callable/lowering_plan_group_5.o
[124/605] CALLABLE_PART expanded_parts/__callable/primitive_abi_adapter_matrix_group_0.o
[125/605] CALLABLE_PART expanded_parts/__callable/lowering_plan_group_7.o
[126/605] CALLABLE_PART expanded_parts/__callable/primitive_abi_adapter_matrix_group_2.o
[127/605] CALLABLE_PART expanded_parts/__callable/primitive_abi_adapter_matrix_group_1.o
[128/605] CALLABLE_PART expanded_parts/__callable/primitive_abi_adapter_matrix_group_3.o
[129/605] CALLABLE_PART expanded_parts/__callable/primitive_abi_adapter_matrix_group_4.o
[130/605] CALLABLE_PART expanded_parts/__callable/scalar_body_backend_collection_group_0.o
[131/605] CALLABLE_PART expanded_parts/__callable/scalar_body_statement_collection_group_0.o
[132/605] CALLABLE_PART expanded_parts/__callable/scalar_loop_backend_requests_group_0.o
[133/605] CALLABLE_PART expanded_parts/__callable/scalar_body_statement_collection_group_1.o
[134/605] CALLABLE_PART expanded_parts/__callable/capability_consumer_plans_group_0.o
[135/605] CALLABLE_PART expanded_parts/__callable/runtime_helper_contract_readiness_group_0.o
[136/605] CALLABLE_PART expanded_parts/__callable/runtime_helper_contract_readiness_group_1.o
[137/605] CALLABLE_PART expanded_parts/__callable/runtime_helper_contract_readiness_group_2.o
[138/605] CALLABLE_PART expanded_parts/__callable/storage_lifetime_readiness_group_0.o
[139/605] CALLABLE_PART expanded_parts/__callable/storage_lifetime_readiness_group_1.o
[140/605] CALLABLE_PART expanded_parts/__callable/storage_lifetime_readiness_group_2.o
[141/605] CALLABLE_PART expanded_parts/__callable/storage_lifetime_readiness_group_3.o
[142/605] CALLABLE_PART expanded_parts/__callable/storage_lifetime_readiness_group_4.o
[143/605] CALLABLE_PART expanded_parts/__callable/storage_lifetime_readiness_group_5.o
[144/605] CALLABLE_PART expanded_parts/__callable/type_capability_readiness_group_0.o
[145/605] CALLABLE_PART expanded_parts/__callable/storage_lifetime_readiness_group_7.o
[146/605] CALLABLE_PART expanded_parts/__callable/type_capability_readiness_group_1.o
[147/605] CALLABLE_PART expanded_parts/__callable/storage_lifetime_readiness_group_6.o
[148/605] CALLABLE_PART expanded_parts/__callable/type_capability_readiness_group_3.o
[149/605] CALLABLE_PART expanded_parts/__callable/type_capability_readiness_group_2.o
[150/605] CALLABLE_PART expanded_parts/__callable/type_capability_readiness_group_4.o
[151/605] CALLABLE_PART expanded_parts/__callable/type_capability_readiness_group_5.o
[152/605] CALLABLE_PART expanded_parts/__callable/type_capability_readiness_group_8.o
[153/605] CALLABLE_PART expanded_parts/__callable/type_capability_readiness_group_6.o
[154/605] CALLABLE_PART expanded_parts/__callable/type_capability_readiness_group_7.o
[155/605] CALLABLE_PART expanded_parts/__callable/type_capability_readiness_group_9.o
[156/605] CALLABLE_PART expanded_parts/__callable/type_capability_readiness_group_10.o
[157/605] CALLABLE_PART expanded_parts/__callable/type_capability_readiness_group_11.o
[158/605] CALLABLE_PART expanded_parts/__callable/type_capability_readiness_group_12.o
[159/605] CALLABLE_PART expanded_parts/__callable/type_capability_readiness_group_13.o
[160/605] CALLABLE_PART expanded_parts/__callable/type_capability_readiness_group_15.o
[161/605] CALLABLE_PART expanded_parts/__callable/type_capability_readiness_group_14.o
[162/605] CALLABLE_PART expanded_parts/__callable/type_capability_readiness_group_16.o
[163/605] CALLABLE_PART expanded_parts/__callable/type_capability_readiness_group_17.o
[164/605] CALLABLE_PART expanded_parts/__callable/type_capability_readiness_group_21.o
[165/605] CALLABLE_PART expanded_parts/__callable/type_capability_readiness_group_20.o
[166/605] CALLABLE_PART expanded_parts/__callable/type_capability_readiness_group_22.o
[167/605] CALLABLE_PART expanded_parts/__callable/type_capability_readiness_group_23.o
[168/605] CALLABLE_PART expanded_parts/__callable/type_capability_readiness_group_18.o
[169/605] CALLABLE_PART expanded_parts/__callable/type_traits_group_2.o
[170/605] CALLABLE_PART expanded_parts/__callable/type_traits_group_0.o
[171/605] CALLABLE_PART expanded_parts/__callable/type_traits_group_1.o
[172/605] CALLABLE_PART expanded_parts/__callable/type_capability_readiness_group_19.o
[173/605] CALLABLE_PART expanded_parts/__callable/type_traits_group_3.o
[174/605] CALLABLE_PART expanded_parts/__callable/type_traits_group_4.o
[175/605] CALLABLE_PART expanded_parts/__callable/type_traits_group_5.o
[176/605] CALLABLE_PART expanded_parts/__callable/type_traits_group_6.o
[177/605] CALLABLE_PART expanded_parts/__callable/control_flow_dataflows_group_0.o
[178/605] CALLABLE_PART expanded_parts/__callable/control_flow_dataflows_group_3.o
[179/605] CALLABLE_PART expanded_parts/__callable/control_flow_dataflows_group_1.o
[180/605] CALLABLE_PART expanded_parts/__callable/control_flow_dataflows_group_2.o
[181/605] CALLABLE_PART expanded_parts/__callable/control_flow_graphs_group_0.o
[182/605] CALLABLE_PART expanded_parts/__callable/control_flow_dataflows_group_4.o
[183/605] CALLABLE_PART expanded_parts/__callable/control_flow_graphs_group_1.o
[184/605] CALLABLE_PART expanded_parts/__callable/control_flow_graphs_group_3.o
[185/605] CALLABLE_PART expanded_parts/__callable/control_flow_graphs_group_2.o
[186/605] CALLABLE_PART expanded_parts/__callable/control_flow_transfers_group_0.o
[187/605] CALLABLE_PART expanded_parts/__callable/frontend_model_builder_group_0.o
[188/605] CALLABLE_PART expanded_parts/__callable/control_flow_transfers_group_1.o
[189/605] CALLABLE_PART expanded_parts/__callable/frontend_model_builder_group_1.o
[190/605] CALLABLE_PART expanded_parts/__callable/frontend_model_builder_group_3.o
[191/605] CALLABLE_PART expanded_parts/__callable/frontend_model_builder_group_2.o
[192/605] CALLABLE_PART expanded_parts/__callable/frontend_model_builder_group_4.o
[193/605] CALLABLE_PART expanded_parts/__callable/frontend_model_builder_group_5.o
[194/605] CALLABLE_PART expanded_parts/__callable/frontend_model_builder_group_6.o
[195/605] CALLABLE_PART expanded_parts/__callable/frontend_model_builder_group_8.o
[196/605] CALLABLE_PART expanded_parts/__callable/frontend_model_builder_group_7.o
[197/605] CALLABLE_PART expanded_parts/__callable/frontend_model_builder_group_9.o
[198/605] CALLABLE_PART expanded_parts/__callable/frontend_model_builder_group_10.o
[199/605] CALLABLE_PART expanded_parts/__callable/frontend_model_builder_group_12.o
[200/605] CALLABLE_PART expanded_parts/__callable/frontend_model_builder_group_13.o
[201/605] CALLABLE_PART expanded_parts/__callable/frontend_model_builder_group_11.o
[202/605] CALLABLE_PART expanded_parts/__callable/frontend_model_builder_group_15.o
[203/605] CALLABLE_PART expanded_parts/__callable/frontend_model_builder_group_14.o
[204/605] CALLABLE_PART expanded_parts/__callable/frontend_model_builder_group_16.o
[205/605] CALLABLE_PART expanded_parts/__callable/frontend_model_builder_group_17.o
[206/605] CALLABLE_PART expanded_parts/__callable/frontend_model_builder_group_18.o
[207/605] CALLABLE_PART expanded_parts/__callable/frontend_model_builder_group_20.o
[208/605] CALLABLE_PART expanded_parts/__callable/frontend_model_builder_group_19.o
[209/605] CALLABLE_PART expanded_parts/__callable/parser_cursor_group_0.o
[210/605] CALLABLE_PART expanded_parts/__callable/parser_diagnostics_group_0.o
[211/605] CALLABLE_PART expanded_parts/__callable/parser_diagnostics_group_1.o
[212/605] CALLABLE_PART expanded_parts/__callable/parser_state_group_1.o
[213/605] CALLABLE_PART expanded_parts/__callable/parser_state_group_0.o
[214/605] CALLABLE_PART expanded_parts/__callable/phs_tokenizer_group_2.o
[215/605] CALLABLE_PART expanded_parts/__callable/token_kinds_group_0.o
[216/605] CALLABLE_PART expanded_parts/__callable/phs_tokenizer_group_0.o
[217/605] CALLABLE_PART expanded_parts/__callable/phs_tokenizer_group_1.o
[218/605] CALLABLE_PART expanded_parts/__callable/deterministic_work_ordering_group_0.o
[219/605] CALLABLE_PART expanded_parts/__callable/mt_stage_evaluation_group_0.o
[220/605] CALLABLE_PART expanded_parts/__callable/mt_stage_evaluation_group_1.o
[221/605] CALLABLE_PART expanded_parts/__callable/deterministic_work_ordering_group_1.o
[222/605] CALLABLE_PART expanded_parts/__callable/mt_stage_evaluation_group_2.o
[223/605] CALLABLE_PART expanded_parts/__callable/mt_stage_evaluation_group_3.o
[224/605] CALLABLE_PART expanded_parts/__callable/mt_stage_evaluation_group_4.o
[225/605] CALLABLE_PART expanded_parts/__callable/partition_merge_reductions_group_0.o
[226/605] CALLABLE_PART expanded_parts/__callable/partition_merge_reductions_group_3.o
[227/605] CALLABLE_PART expanded_parts/__callable/partition_merge_reductions_group_1.o
[228/605] CALLABLE_PART expanded_parts/__callable/partition_readiness_group_0.o
[229/605] CALLABLE_PART expanded_parts/__callable/partition_merge_reductions_group_2.o
[230/605] CALLABLE_PART expanded_parts/__callable/partition_readiness_group_1.o
[231/605] CALLABLE_PART expanded_parts/__callable/partition_readiness_group_2.o
[232/605] CALLABLE_PART expanded_parts/__callable/partition_readiness_group_3.o
[233/605] CALLABLE_PART expanded_parts/__callable/partition_readiness_group_4.o
[234/605] CALLABLE_PART expanded_parts/__callable/partition_readiness_group_5.o
[235/605] CALLABLE_PART expanded_parts/__callable/resident_body_dependencies_group_0.o
[236/605] CALLABLE_PART expanded_parts/__callable/resident_change_events_group_0.o
[237/605] CALLABLE_PART expanded_parts/__callable/resident_daemon_file_ipc_group_0.o
[238/605] CALLABLE_PART expanded_parts/__callable/resident_change_events_group_1.o
[239/605] CALLABLE_PART expanded_parts/__callable/resident_daemon_file_ipc_group_1.o
[240/605] CALLABLE_PART expanded_parts/__callable/resident_change_events_group_2.o
[241/605] CALLABLE_PART expanded_parts/__callable/resident_daemon_file_ipc_group_3.o
[242/605] CALLABLE_PART expanded_parts/__callable/resident_daemon_file_ipc_group_4.o
[243/605] CALLABLE_PART expanded_parts/__callable/resident_daemon_file_ipc_group_2.o
[244/605] CALLABLE_PART expanded_parts/__callable/resident_daemon_file_ipc_group_5.o
[245/605] CALLABLE_PART expanded_parts/__callable/resident_daemon_file_ipc_group_6.o
[246/605] CALLABLE_PART expanded_parts/__callable/resident_daemon_file_ipc_group_9.o
[247/605] CALLABLE_PART expanded_parts/__callable/resident_daemon_file_ipc_group_8.o
[248/605] CALLABLE_PART expanded_parts/__callable/resident_daemon_file_ipc_group_7.o
[249/605] CALLABLE_PART expanded_parts/__callable/resident_daemon_file_ipc_group_11.o
[250/605] CALLABLE_PART expanded_parts/__callable/resident_daemon_file_ipc_group_10.o
[251/605] CALLABLE_PART expanded_parts/__callable/resident_definition_granularity_group_0.o
[252/605] CALLABLE_PART expanded_parts/__callable/resident_daemon_incremental_proof_group_0.o
[253/605] CALLABLE_PART expanded_parts/__callable/resident_definition_granularity_group_1.o
[254/605] CALLABLE_PART expanded_parts/__callable/resident_definition_granularity_group_2.o
[255/605] CALLABLE_PART expanded_parts/__callable/resident_definition_granularity_group_4.o
[256/605] CALLABLE_PART expanded_parts/__callable/resident_definition_granularity_group_3.o
[257/605] CALLABLE_PART expanded_parts/__callable/resident_definition_granularity_group_5.o
[258/605] CALLABLE_PART expanded_parts/__callable/resident_definition_granularity_group_6.o
[259/605] CALLABLE_PART expanded_parts/__callable/resident_dirty_propagation_group_0.o
[260/605] CALLABLE_PART expanded_parts/__callable/resident_dependency_edges_group_0.o
[261/605] CALLABLE_PART expanded_parts/__callable/resident_dirty_propagation_group_1.o
[262/605] CALLABLE_PART expanded_parts/__callable/resident_dirty_propagation_group_2.o
[263/605] CALLABLE_PART expanded_parts/__callable/resident_dirty_propagation_group_3.o
[264/605] CALLABLE_PART expanded_parts/__callable/resident_dirty_propagation_group_4.o
[265/605] CALLABLE_PART expanded_parts/__callable/resident_dirty_propagation_group_5.o
[266/605] CALLABLE_PART expanded_parts/__callable/resident_dirty_propagation_group_6.o
[267/605] CALLABLE_PART expanded_parts/__callable/resident_function_body_incremental_acceptance_group_0.o
[268/605] CALLABLE_PART expanded_parts/__callable/resident_frontend_node_lists_group_0.o
[269/605] CALLABLE_PART expanded_parts/__callable/resident_frontend_node_lists_group_1.o
[270/605] CALLABLE_PART expanded_parts/__callable/resident_function_body_incremental_acceptance_group_2.o
[271/605] CALLABLE_PART expanded_parts/__callable/resident_function_body_incremental_acceptance_group_3.o
[272/605] CALLABLE_PART expanded_parts/__callable/resident_function_body_incremental_acceptance_group_1.o
[273/605] CALLABLE_PART expanded_parts/__callable/resident_function_body_local_parse_proofs_group_0.o
[274/605] CALLABLE_PART expanded_parts/__callable/resident_function_body_local_parse_proofs_group_1.o
[275/605] CALLABLE_PART expanded_parts/__callable/resident_function_body_logical_frontend_consumer_descriptors_group_0.o
[276/605] CALLABLE_PART expanded_parts/__callable/resident_function_body_logical_frontend_consumer_descriptors_group_1.o
[277/605] CALLABLE_PART expanded_parts/__callable/resident_function_body_logical_frontend_reference_candidates_group_0.o
[278/605] CALLABLE_PART expanded_parts/__callable/resident_function_body_logical_frontend_consumer_descriptors_group_3.o
[279/605] CALLABLE_PART expanded_parts/__callable/resident_function_body_logical_frontend_consumer_descriptors_group_2.o
[280/605] CALLABLE_PART expanded_parts/__callable/resident_function_body_logical_frontend_reference_candidates_group_1.o
[281/605] CALLABLE_PART expanded_parts/__callable/resident_function_body_logical_frontend_views_group_0.o
[282/605] CALLABLE_PART expanded_parts/__callable/resident_function_body_mixed_frontend_assembly_proofs_group_0.o
[283/605] CALLABLE_PART expanded_parts/__callable/resident_function_body_logical_frontend_views_group_1.o
[284/605] CALLABLE_PART expanded_parts/__callable/resident_function_body_mixed_frontend_assembly_proofs_group_2.o
[285/605] CALLABLE_PART expanded_parts/__callable/resident_function_body_mixed_frontend_assembly_proofs_group_1.o
[286/605] CALLABLE_PART expanded_parts/__callable/resident_function_body_ownership_group_0.o
[287/605] CALLABLE_PART expanded_parts/__callable/resident_function_body_ownership_group_1.o
[288/605] CALLABLE_PART expanded_parts/__callable/resident_function_body_ownership_group_2.o
[289/605] CALLABLE_PART expanded_parts/__callable/resident_function_body_ownership_group_4.o
[290/605] CALLABLE_PART expanded_parts/__callable/resident_function_body_parse_slices_group_1.o
[291/605] CALLABLE_PART expanded_parts/__callable/resident_function_body_parse_slices_group_0.o
[292/605] CALLABLE_PART expanded_parts/__callable/resident_function_body_ownership_group_3.o
[293/605] CALLABLE_PART expanded_parts/__callable/resident_function_body_publish_repoint_preflights_group_0.o
[294/605] CALLABLE_PART expanded_parts/__callable/resident_function_body_row_list_publish_plans_group_0.o
[295/605] CALLABLE_PART expanded_parts/__callable/resident_function_body_publish_repoint_preflights_group_1.o
[296/605] CALLABLE_PART expanded_parts/__callable/resident_function_body_row_list_publish_plans_group_2.o
[297/605] CALLABLE_PART expanded_parts/__callable/resident_function_body_row_list_publish_plans_group_1.o
[298/605] CALLABLE_PART expanded_parts/__callable/resident_function_body_row_list_publish_results_group_0.o
[299/605] CALLABLE_PART expanded_parts/__callable/resident_function_body_row_list_publish_results_group_2.o
[300/605] CALLABLE_PART expanded_parts/__callable/resident_function_body_row_list_publish_results_group_1.o
[301/605] CALLABLE_PART expanded_parts/__callable/resident_function_body_source_unit_repoint_proofs_group_0.o
[302/605] CALLABLE_PART expanded_parts/__callable/resident_function_body_summary_project_references_group_0.o
[303/605] CALLABLE_PART expanded_parts/__callable/resident_function_body_stable_node_remap_proofs_group_0.o
[304/605] CALLABLE_PART expanded_parts/__callable/resident_function_body_source_unit_repoint_proofs_group_1.o
[305/605] CALLABLE_PART expanded_parts/__callable/resident_function_body_stable_node_remap_proofs_group_1.o
[306/605] CALLABLE_PART expanded_parts/__callable/resident_function_body_work_decisions_group_0.o
[307/605] CALLABLE_PART expanded_parts/__callable/resident_function_body_summary_project_references_group_1.o
[308/605] CALLABLE_PART expanded_parts/__callable/resident_function_body_work_decisions_group_2.o
[309/605] CALLABLE_PART expanded_parts/__callable/resident_function_body_work_decisions_group_1.o
[310/605] CALLABLE_PART expanded_parts/__callable/resident_function_body_work_decisions_group_3.o
[311/605] CALLABLE_PART expanded_parts/__callable/resident_project_symbol_name_lookups_group_0.o
[312/605] CALLABLE_PART expanded_parts/__callable/resident_project_symbol_name_lookups_group_1.o
[313/605] CALLABLE_PART expanded_parts/__callable/resident_public_surface_incremental_acceptance_group_0.o
[314/605] CALLABLE_PART expanded_parts/__callable/resident_public_surface_incremental_acceptance_group_3.o
[315/605] CALLABLE_PART expanded_parts/__callable/resident_recompute_targets_group_0.o
[316/605] CALLABLE_PART expanded_parts/__callable/resident_public_surface_incremental_acceptance_group_2.o
[317/605] CALLABLE_PART expanded_parts/__callable/resident_public_surface_incremental_acceptance_group_1.o
[318/605] CALLABLE_PART expanded_parts/__callable/resident_recompute_targets_group_1.o
[319/605] CALLABLE_PART expanded_parts/__callable/resident_recompute_targets_group_2.o
[320/605] CALLABLE_PART expanded_parts/__callable/resident_reverse_dependencies_group_1.o
[321/605] CALLABLE_PART expanded_parts/__callable/resident_reverse_dependencies_group_0.o
[322/605] CALLABLE_PART expanded_parts/__callable/resident_reverse_dependency_indexes_group_0.o
[323/605] CALLABLE_PART expanded_parts/__callable/resident_reverse_dependency_indexes_group_1.o
[324/605] CALLABLE_PART expanded_parts/__callable/resident_source_unit_frontend_payload_tables_group_1.o
[325/605] CALLABLE_PART expanded_parts/__callable/resident_source_unit_frontend_payload_tables_group_0.o
[326/605] CALLABLE_PART expanded_parts/__callable/resident_source_unit_frontend_payload_tables_group_2.o
[327/605] CALLABLE_PART expanded_parts/__callable/resident_source_unit_frontend_payload_tables_group_4.o
[328/605] CALLABLE_PART expanded_parts/__callable/resident_source_unit_frontend_payload_tables_group_3.o
[329/605] CALLABLE_PART expanded_parts/__callable/resident_source_unit_frontend_payload_tables_group_5.o
[330/605] CALLABLE_PART expanded_parts/__callable/resident_source_unit_frontend_payload_tables_group_7.o
[331/605] CALLABLE_PART expanded_parts/__callable/resident_source_unit_frontend_payload_tables_group_9.o
[332/605] CALLABLE_PART expanded_parts/__callable/resident_source_unit_frontend_payload_tables_group_11.o
[333/605] CALLABLE_PART expanded_parts/__callable/resident_source_unit_frontend_payload_tables_group_6.o
[334/605] CALLABLE_PART expanded_parts/__callable/resident_source_unit_frontend_payload_tables_group_10.o
[335/605] CALLABLE_PART expanded_parts/__callable/resident_source_unit_frontend_payload_tables_group_12.o
[336/605] CALLABLE_PART expanded_parts/__callable/resident_source_unit_frontend_payload_tables_group_8.o
[337/605] CALLABLE_PART expanded_parts/__callable/resident_source_unit_frontend_payload_tables_group_13.o
[338/605] CALLABLE_PART expanded_parts/__callable/resident_source_unit_frontend_payload_tables_group_14.o
[339/605] CALLABLE_PART expanded_parts/__callable/resident_source_unit_frontend_payload_tables_group_15.o
[340/605] CALLABLE_PART expanded_parts/__callable/resident_source_unit_frontend_payload_tables_group_16.o
[341/605] CALLABLE_PART expanded_parts/__callable/resident_source_unit_frontend_payload_tables_group_17.o
[342/605] CALLABLE_PART expanded_parts/__callable/resident_source_unit_frontend_payload_tables_group_18.o
[343/605] CALLABLE_PART expanded_parts/__callable/resident_source_unit_frontend_payload_tables_group_20.o
[344/605] CALLABLE_PART expanded_parts/__callable/resident_source_unit_frontend_payload_tables_group_19.o
[345/605] CALLABLE_PART expanded_parts/__callable/resident_source_unit_frontend_payload_tables_group_21.o
[346/605] CALLABLE_PART expanded_parts/__callable/resident_source_unit_frontend_payload_tables_group_22.o
[347/605] CALLABLE_PART expanded_parts/__callable/resident_source_unit_frontend_payload_tables_group_23.o
[348/605] CALLABLE_PART expanded_parts/__callable/resident_source_unit_frontend_payload_tables_group_24.o
[349/605] CALLABLE_PART expanded_parts/__callable/resident_source_unit_frontend_payload_tables_group_26.o
[350/605] CALLABLE_PART expanded_parts/__callable/resident_source_unit_frontend_payload_tables_group_25.o
[351/605] CALLABLE_PART expanded_parts/__callable/resident_source_unit_frontend_payload_tables_group_28.o
[352/605] CALLABLE_PART expanded_parts/__callable/resident_source_unit_frontend_payload_tables_group_27.o
[353/605] CALLABLE_PART expanded_parts/__callable/resident_source_unit_frontend_payload_tables_group_29.o
[354/605] CALLABLE_PART expanded_parts/__callable/resident_source_unit_frontend_payload_tables_group_31.o
[355/605] CALLABLE_PART expanded_parts/__callable/resident_source_unit_frontend_states_group_1.o
[356/605] CALLABLE_PART expanded_parts/__callable/resident_source_unit_frontend_states_group_0.o
[357/605] CALLABLE_PART expanded_parts/__callable/resident_source_unit_frontend_states_group_2.o
[358/605] CALLABLE_PART expanded_parts/__callable/resident_source_unit_frontend_states_group_3.o
[359/605] CALLABLE_PART expanded_parts/__callable/resident_source_unit_symbol_states_group_0.o
[360/605] CALLABLE_PART expanded_parts/__callable/resident_source_unit_frontend_payload_tables_group_30.o
[361/605] CALLABLE_PART expanded_parts/__callable/resident_source_unit_symbol_states_group_1.o
[362/605] CALLABLE_PART expanded_parts/__callable/resident_source_unit_symbol_states_group_2.o
[363/605] CALLABLE_PART expanded_parts/__callable/resident_token_lists_group_0.o
[364/605] CALLABLE_PART expanded_parts/__callable/resident_source_unit_symbol_states_group_4.o
[365/605] CALLABLE_PART expanded_parts/__callable/resident_source_unit_symbol_states_group_3.o
[366/605] CALLABLE_PART expanded_parts/__callable/resident_token_lists_group_1.o
[367/605] CALLABLE_PART expanded_parts/__callable/resident_transactions_group_0.o
[368/605] CALLABLE_PART expanded_parts/__callable/scheduler_api_group_0.o
[369/605] CALLABLE_PART expanded_parts/__callable/resident_transactions_group_2.o
[370/605] CALLABLE_PART expanded_parts/__callable/resident_transactions_group_1.o
[371/605] CALLABLE_PART expanded_parts/__callable/scheduler_api_group_1.o
[372/605] CALLABLE_PART expanded_parts/__callable/scheduler_api_group_2.o
[373/605] CALLABLE_PART expanded_parts/__callable/scheduler_api_group_3.o
[374/605] CALLABLE_PART expanded_parts/__callable/source_unit_early_skip_group_0.o
[375/605] CALLABLE_PART expanded_parts/__callable/source_unit_early_skip_group_1.o
[376/605] CALLABLE_PART expanded_parts/__callable/scheduler_api_group_4.o
[377/605] CALLABLE_PART expanded_parts/__callable/source_unit_early_skip_group_2.o
[378/605] CALLABLE_PART expanded_parts/__callable/source_unit_frontend_scheduler_group_0.o
[379/605] CALLABLE_PART expanded_parts/__callable/source_unit_early_skip_group_3.o
[380/605] CALLABLE_PART expanded_parts/__callable/source_unit_frontend_scheduler_group_2.o
[381/605] CALLABLE_PART expanded_parts/__callable/source_unit_frontend_scheduler_group_3.o
[382/605] CALLABLE_PART expanded_parts/__callable/source_unit_frontend_scheduler_group_1.o
[383/605] CALLABLE_PART expanded_parts/__callable/source_unit_frontend_work_decisions_group_0.o
[384/605] CALLABLE_PART expanded_parts/__callable/callable_contract_identity_group_0.o
[385/605] CALLABLE_PART expanded_parts/__callable/dependency_graph_identity_group_0.o
[386/605] CALLABLE_PART expanded_parts/__callable/source_unit_frontend_work_decisions_group_1.o
[387/605] CALLABLE_PART expanded_parts/__callable/source_unit_frontend_work_decisions_group_2.o
[388/605] CALLABLE_PART expanded_parts/__callable/frontend_body_summaries_group_0.o
[389/605] CALLABLE_PART expanded_parts/__callable/frontend_body_summaries_group_1.o
[390/605] CALLABLE_PART expanded_parts/__callable/frontend_body_summaries_group_3.o
[391/605] CALLABLE_PART expanded_parts/__callable/frontend_body_summaries_group_2.o
[392/605] CALLABLE_PART expanded_parts/__callable/project_callable_contracts_group_0.o
[393/605] CALLABLE_PART expanded_parts/__callable/frontend_body_summaries_group_4.o
[394/605] CALLABLE_PART expanded_parts/__callable/project_callable_contracts_group_1.o
[395/605] CALLABLE_PART expanded_parts/__callable/project_callable_contracts_group_2.o
[396/605] CALLABLE_PART expanded_parts/__callable/project_dependency_graph_group_0.o
[397/605] CALLABLE_PART expanded_parts/__callable/project_dependency_graph_group_1.o
[398/605] CALLABLE_PART expanded_parts/__callable/project_callable_contracts_group_3.o
[399/605] CALLABLE_PART expanded_parts/__callable/project_dependency_graph_group_2.o
[400/605] CALLABLE_PART expanded_parts/__callable/project_dependency_graph_group_3.o
[401/605] CALLABLE_PART expanded_parts/__callable/project_dependency_graph_group_4.o
[402/605] CALLABLE_PART expanded_parts/__callable/project_reference_resolution_group_0.o
[403/605] CALLABLE_PART expanded_parts/__callable/project_dependency_graph_group_5.o
[404/605] CALLABLE_PART expanded_parts/__callable/project_reference_resolution_group_1.o
[405/605] CALLABLE_PART expanded_parts/__callable/project_reference_resolution_group_2.o
[406/605] CALLABLE_PART expanded_parts/__callable/project_reference_resolution_group_3.o
[407/605] CALLABLE_PART expanded_parts/__callable/project_reference_resolution_group_4.o
[408/605] CALLABLE_PART expanded_parts/__callable/project_reference_resolution_group_5.o
[409/605] CALLABLE_PART expanded_parts/__callable/project_reference_resolution_group_6.o
[410/605] CALLABLE_PART expanded_parts/__callable/project_reference_resolution_group_9.o
[411/605] CALLABLE_PART expanded_parts/__callable/project_reference_resolution_group_7.o
[412/605] CALLABLE_PART expanded_parts/__callable/project_reference_resolution_group_8.o
[413/605] CALLABLE_PART expanded_parts/__callable/project_symbol_identity_group_0.o
[414/605] CALLABLE_PART expanded_parts/__callable/project_symbol_index_group_0.o
[415/605] CALLABLE_PART expanded_parts/__callable/project_symbol_index_group_1.o
[416/605] CALLABLE_PART expanded_parts/__callable/project_symbol_index_group_4.o
[417/605] CALLABLE_PART expanded_parts/__callable/project_symbol_index_group_5.o
[418/605] CALLABLE_PART expanded_parts/__callable/project_symbol_index_group_2.o
[419/605] CALLABLE_PART expanded_parts/__callable/project_symbol_index_group_6.o
[420/605] CALLABLE_PART expanded_parts/__callable/project_symbol_index_group_3.o
[421/605] CALLABLE_PART expanded_parts/__callable/project_symbol_index_group_7.o
[422/605] CALLABLE_PART expanded_parts/__callable/reference_identity_group_0.o
[423/605] CALLABLE_PART expanded_parts/__callable/project_symbol_index_group_8.o
[424/605] CALLABLE_PART expanded_parts/__callable/source_buffers_group_0.o
[425/605] CALLABLE_PART expanded_parts/__callable/source_identity_group_0.o
[426/605] CALLABLE_PART expanded_parts/__callable/source_identity_group_1.o
[427/605] CALLABLE_PART expanded_parts/__callable/source_units_group_0.o
[428/605] CALLABLE_PART expanded_parts/__callable/source_units_group_1.o
[429/605] CALLABLE_PART expanded_parts/__callable/source_units_group_2.o
[430/605] CALLABLE_PART expanded_parts/__callable/source_units_group_3.o
[431/605] CALLABLE_PART expanded_parts/__callable/source_units_group_8.o
[432/605] CALLABLE_PART expanded_parts/__callable/source_units_group_5.o
[433/605] CALLABLE_PART expanded_parts/__callable/source_units_group_7.o
[434/605] CALLABLE_PART expanded_parts/__callable/source_units_group_4.o
[435/605] CALLABLE_PART expanded_parts/__callable/source_units_group_6.o
[436/605] CALLABLE_PART expanded_parts/__callable/type_refs_group_0.o
[437/605] CALLABLE_PART expanded_parts/__callable/type_ref_identity_group_0.o
[438/605] CALLABLE_PART expanded_parts/__callable/type_refs_group_1.o
[439/605] CALLABLE_PART expanded_parts/__callable/type_refs_group_2.o
[440/605] CALLABLE_PART expanded_parts/__callable/type_refs_group_3.o
[441/605] CALLABLE_PART expanded_parts/__callable/type_refs_group_4.o
[442/605] CALLABLE_PART expanded_parts/__callable/type_refs_group_5.o
[443/605] CALLABLE_PART expanded_parts/__callable/operation_readiness_group_0.o
[444/605] CALLABLE_PART expanded_parts/__callable/type_refs_group_6.o
[445/605] CALLABLE_PART expanded_parts/__callable/type_refs_group_8.o
[446/605] CALLABLE_PART expanded_parts/__callable/operation_readiness_group_1.o
[447/605] CALLABLE_PART expanded_parts/__callable/type_refs_group_7.o
[448/605] CALLABLE_PART expanded_parts/__callable/operation_readiness_group_3.o
[449/605] CALLABLE_PART expanded_parts/__callable/operation_readiness_group_2.o
[450/605] CALLABLE_PART expanded_parts/__callable/operation_readiness_group_4.o
[451/605] CALLABLE_PART expanded_parts/__callable/operation_readiness_group_5.o
[452/605] CALLABLE_PART expanded_parts/__callable/operation_readiness_group_6.o
[453/605] CALLABLE_PART expanded_parts/__callable/operation_readiness_group_7.o
[454/605] CALLABLE_PART expanded_parts/__callable/compiler_pipeline_runner_group_0.o
[455/605] CALLABLE_PART expanded_parts/__callable/compiler_project_runner_group_0.o
[456/605] CALLABLE_PART expanded_parts/__callable/operation_readiness_group_8.o
[457/605] CALLABLE_PART expanded_parts/__callable/operation_readiness_group_9.o
[458/605] CALLABLE_PART expanded_parts/__callable/compiler_project_runner_group_2.o
[459/605] CALLABLE_PART expanded_parts/__callable/pipeline_config_helpers_group_1.o
[460/605] CALLABLE_PART expanded_parts/__callable/pipeline_config_helpers_group_0.o
[461/605] CALLABLE_PART expanded_parts/__callable/pipeline_config_helpers_group_2.o
[462/605] CALLABLE_PART expanded_parts/__callable/compiler_project_runner_group_1.o
[463/605] CALLABLE_PART expanded_parts/__callable/project_manifest_group_0.o
[464/605] CALLABLE_PART expanded_parts/__callable/project_manifest_group_1.o
[465/605] CALLABLE_PART expanded_parts/__callable/semantic_body_capability_consumers_group_0.o
[466/605] CALLABLE_PART expanded_parts/__callable/artifact_writes_group_0.o
[467/605] CALLABLE_PART expanded_parts/__callable/semantic_body_capability_consumers_group_1.o
[468/605] CALLABLE_PART expanded_parts/__callable/artifact_writes_group_1.o
[469/605] CALLABLE_PART expanded_parts/__callable/compiler_profile_events_group_0.o
[470/605] CALLABLE_PART expanded_parts/__callable/compiler_execution_artifacts_group_0.o
[471/605] CALLABLE_PART expanded_parts/__callable/compiler_export_artifacts_group_0.o
[472/605] CALLABLE_PART expanded_parts/__callable/artifact_writes_group_2.o
[473/605] CALLABLE_PART expanded_parts/__callable/compiler_profile_events_group_1.o
[474/605] CALLABLE_PART expanded_parts/__callable/compiler_profile_events_group_2.o
[475/605] CALLABLE_PART expanded_parts/__callable/debug_profile_gate_results_group_0.o
[476/605] CALLABLE_PART expanded_parts/__callable/compiler_project_run_row_artifacts_group_0.o
[477/605] CALLABLE_PART expanded_parts/__callable/debug_profile_gate_results_group_1.o
[478/605] CALLABLE_PART expanded_parts/__callable/output_paths_group_0.o
[479/605] CALLABLE_PART expanded_parts/__callable/mt_publication_metrics_group_0.o
[480/605] CALLABLE_PART expanded_parts/__callable/performance_memory_estimates_group_0.o
[481/605] CALLABLE_PART expanded_parts/__callable/performance_memory_estimates_group_1.o
[482/605] CALLABLE_PART expanded_parts/__callable/production_mt_heartbeat_group_0.o
[483/605] CALLABLE_PART expanded_parts/__callable/performance_memory_estimates_group_2.o
[484/605] CALLABLE_PART expanded_parts/__callable/performance_memory_estimates_group_3.o
[485/605] CALLABLE_PART expanded_parts/__callable/production_mt_heartbeat_group_1.o
[486/605] CALLABLE_PART expanded_parts/__callable/proof_metrics_group_0.o
[487/605] CALLABLE_PART expanded_parts/__callable/proof_metrics_group_1.o
[488/605] CALLABLE_PART expanded_parts/__callable/proof_metrics_group_2.o
[489/605] CALLABLE_PART expanded_parts/__callable/proof_metrics_group_3.o
[490/605] CALLABLE_PART expanded_parts/__callable/proof_metrics_group_4.o
[491/605] CALLABLE_PART expanded_parts/__callable/proof_metrics_group_5.o
[492/605] CALLABLE_PART expanded_parts/__callable/proof_metrics_group_6.o
[493/605] CALLABLE_PART expanded_parts/__callable/proof_metrics_group_7.o
[494/605] CALLABLE_PART expanded_parts/__callable/proof_metrics_group_8.o
[495/605] CALLABLE_PART expanded_parts/__callable/proof_metrics_group_9.o
[496/605] CALLABLE_PART expanded_parts/__callable/proof_metrics_group_10.o
[497/605] CALLABLE_PART expanded_parts/__callable/proof_metrics_group_11.o
[498/605] CALLABLE_PART expanded_parts/__callable/proof_metrics_group_12.o
[499/605] CALLABLE_PART expanded_parts/__callable/proof_metrics_group_13.o
[500/605] CALLABLE_PART expanded_parts/__callable/proof_metrics_group_14.o
[501/605] CALLABLE_PART expanded_parts/__callable/proof_metrics_group_15.o
[502/605] CALLABLE_PART expanded_parts/__callable/proof_metrics_group_16.o
[503/605] CALLABLE_PART expanded_parts/__callable/proof_metrics_group_17.o
[504/605] CALLABLE_PART expanded_parts/__callable/proof_metrics_group_18.o
[505/605] CALLABLE_PART expanded_parts/__callable/proof_metrics_group_20.o
[506/605] CALLABLE_PART expanded_parts/__callable/proof_metrics_group_19.o
[507/605] CALLABLE_PART expanded_parts/__callable/proof_metrics_group_21.o
[508/605] CALLABLE_PART expanded_parts/__callable/proof_metrics_group_23.o
[509/605] CALLABLE_PART expanded_parts/__callable/proof_metrics_group_22.o
[510/605] CALLABLE_PART expanded_parts/__callable/proof_metrics_group_24.o
[511/605] CALLABLE_PART expanded_parts/__callable/proof_metrics_group_26.o
[512/605] CALLABLE_PART expanded_parts/__callable/proof_metrics_group_25.o
[513/605] CALLABLE_PART expanded_parts/__callable/proof_metrics_group_27.o
[514/605] CALLABLE_PART expanded_parts/__callable/proof_metrics_group_28.o
[515/605] CALLABLE_PART expanded_parts/__callable/proof_metrics_group_29.o
[516/605] CALLABLE_PART expanded_parts/__callable/proof_metrics_group_30.o
[517/605] CALLABLE_PART expanded_parts/__callable/proof_metrics_group_31.o
[518/605] CALLABLE_PART expanded_parts/__callable/proof_metrics_group_32.o
[519/605] CALLABLE_PART expanded_parts/__callable/proof_metrics_group_33.o
[520/605] CALLABLE_PART expanded_parts/__callable/proof_metrics_group_34.o
[521/605] CALLABLE_PART expanded_parts/__callable/proof_metrics_group_35.o
[522/605] CALLABLE_PART expanded_parts/__callable/proof_metrics_group_36.o
[523/605] CALLABLE_PART expanded_parts/__callable/proof_metrics_group_38.o
[524/605] CALLABLE_PART expanded_parts/__callable/proof_metrics_group_37.o
[525/605] CALLABLE_PART expanded_parts/__callable/proof_metrics_group_40.o
[526/605] CALLABLE_PART expanded_parts/__callable/proof_metrics_group_39.o
[527/605] CALLABLE_PART expanded_parts/__callable/proof_metrics_group_41.o
[528/605] CALLABLE_PART expanded_parts/__callable/proof_metrics_group_42.o
[529/605] CALLABLE_PART expanded_parts/__callable/proof_metrics_group_44.o
[530/605] CALLABLE_PART expanded_parts/__callable/proof_metrics_group_43.o
[531/605] CALLABLE_PART expanded_parts/__callable/proof_metrics_group_46.o
[532/605] CALLABLE_PART expanded_parts/__callable/proof_metrics_group_45.o
[533/605] CALLABLE_PART expanded_parts/__callable/resident_snapshots_group_0.o
[534/605] CALLABLE_PART expanded_parts/__callable/pure_tdd_stage_artifacts_group_0.o
[535/605] CALLABLE_PART expanded_parts/__callable/source_files_group_0.o
[536/605] CALLABLE_PART expanded_parts/__callable/resident_snapshots_group_1.o
[537/605] CALLABLE_PART expanded_parts/__callable/gate_result_debug_helpers_group_0.o
[538/605] CALLABLE_PART expanded_parts/__callable/semantic_callable_candidates_group_0.o
[539/605] CALLABLE_PART expanded_parts/__callable/semantic_callable_candidates_group_1.o
[540/605] CALLABLE_PART expanded_parts/__callable/semantic_conversion_lookup_group_0.o
[541/605] CALLABLE_PART expanded_parts/__callable/semantic_conversion_lookup_group_2.o
[542/605] CALLABLE_PART expanded_parts/__callable/semantic_conversion_lookup_group_1.o
[543/605] CALLABLE_PART expanded_parts/__callable/semantic_lookup_manifest_generated_group_0.o
[544/605] CALLABLE_PART expanded_parts/__callable/semantic_lookup_manifest_generated_group_1.o
[545/605] CALLABLE_PART expanded_parts/__callable/semantic_module_api_lookup_group_0.o
[546/605] CALLABLE_PART expanded_parts/__callable/semantic_module_api_lookup_group_1.o
[547/605] CALLABLE_PART expanded_parts/__callable/semantic_operator_lookup_group_0.o
[548/605] CALLABLE_PART expanded_parts/__callable/semantic_operator_lookup_group_1.o
[549/605] CALLABLE_PART expanded_parts/__callable/semantic_module_api_lookup_group_3.o
[550/605] CALLABLE_PART expanded_parts/__callable/semantic_operator_lookup_group_2.o
[551/605] CALLABLE_PART expanded_parts/__callable/semantic_operator_lookup_group_5.o
[552/605] CALLABLE_PART expanded_parts/__callable/semantic_operator_lookup_group_3.o
[553/605] CALLABLE_PART expanded_parts/__callable/semantic_operator_lookup_group_4.o
[554/605] CALLABLE_PART expanded_parts/__callable/semantic_runtime_abi_bridge_group_0.o
[555/605] CALLABLE_PART expanded_parts/__callable/semantic_runtime_abi_bridge_group_1.o
[556/605] CALLABLE_PART expanded_parts/__callable/semantic_module_api_lookup_group_2.o
[557/605] CALLABLE_PART expanded_parts/__callable/semantic_runtime_abi_bridge_group_2.o
[558/605] CALLABLE_PART expanded_parts/__callable/semantic_runtime_abi_bridge_group_3.o
[559/605] CALLABLE_PART expanded_parts/__callable/semantic_runtime_abi_declarations_group_0.o
[560/605] CALLABLE_PART expanded_parts/__callable/semantic_runtime_abi_bridge_group_5.o
[561/605] CALLABLE_PART expanded_parts/__callable/semantic_runtime_abi_bridge_group_4.o
[562/605] CALLABLE_PART expanded_parts/__callable/semantic_type_ref_providers_group_0.o
[563/605] CALLABLE_PART expanded_parts/__callable/semantic_runtime_abi_declarations_group_1.o
[564/605] CALLABLE_PART expanded_parts/__callable/semantic_runtime_abi_declarations_group_2.o
[565/605] CALLABLE_PART expanded_parts/__callable/semantic_type_ref_providers_group_1.o
[566/605] CALLABLE_PART expanded_parts/__callable/semantic_type_ref_providers_group_3.o
[567/605] CALLABLE_PART expanded_parts/__callable/semantic_type_ref_providers_group_2.o
[568/605] CALLABLE_PART expanded_parts/__callable/gate_result_inspection_helpers_group_0.o
[569/605] CALLABLE_PART expanded_parts/__callable/gate_profile_helpers_group_0.o
[570/605] CALLABLE_PART expanded_parts/__callable/backend_request_row_lists_group_0.o
[571/605] CALLABLE_PART expanded_parts/__callable/backend_request_row_lists_group_1.o
[572/605] CALLABLE_PART expanded_parts/__callable/frontend_model_tables_group_0.o
[573/605] CALLABLE_PART expanded_parts/__callable/frontend_model_tables_group_1.o
[574/605] CALLABLE_PART expanded_parts/__callable/frontend_model_tables_group_4.o
[575/605] CALLABLE_PART expanded_parts/__callable/frontend_model_tables_group_3.o
[576/605] CALLABLE_PART expanded_parts/__callable/frontend_model_tables_group_2.o
[577/605] CALLABLE_PART expanded_parts/__callable/frontend_model_tables_group_6.o
[578/605] CALLABLE_PART expanded_parts/__callable/frontend_model_tables_group_5.o
[579/605] CALLABLE_PART expanded_parts/__callable/frontend_model_tables_group_7.o
[580/605] CALLABLE_PART expanded_parts/__callable/frontend_model_tables_group_8.o
[581/605] CALLABLE_PART expanded_parts/__callable/frontend_node_lists_group_0.o
[582/605] CALLABLE_PART expanded_parts/__callable/frontend_node_lists_group_1.o
[583/605] CALLABLE_PART expanded_parts/__callable/frontend_node_lists_group_2.o
[584/605] CALLABLE_PART expanded_parts/__callable/frontend_node_lists_group_3.o
[585/605] CALLABLE_PART expanded_parts/__callable/structure_row_ids_group_0.o
[586/605] CALLABLE_PART expanded_parts/__callable/structure_row_ids_group_1.o
[587/605] CALLABLE_PART expanded_parts/__callable/row_segment_policy_group_1.o
[588/605] CALLABLE_PART expanded_parts/__callable/row_segment_policy_group_0.o
[589/605] CALLABLE_PART expanded_parts/__callable/token_row_lists_group_2.o
[590/605] CALLABLE_PART expanded_parts/__callable/token_row_lists_group_0.o
[591/605] CALLABLE_PART expanded_parts/__callable/token_row_lists_group_1.o
[592/605] CALLABLE_PART expanded_parts/__callable/token_tables_group_0.o
[593/605] CALLABLE_PART expanded_parts/__callable/token_tables_group_1.o
[594/605] CALLABLE_PART expanded_parts/__callable/token_tables_group_2.o
[595/605] CALLABLE_PART expanded_parts/compile/model/source_units/part_0.o
[596/605] CALLABLE_PART expanded_parts/__callable/token_tables_group_3.o
[597/605] CALLABLE_PART expanded_parts/compile/backend/llvm_text_from_plan/part_0.o
[598/605] CALLABLE_PART expanded_parts/compile/backend/backend_object_link_cache/part_0.o
[599/605] CALLABLE_PART expanded_parts/compile/backend/llvm_text_from_plan/part_20.o
[600/605] CALLABLE_PART expanded_parts/compile/incremental/resident_source_unit_frontend_payload_tables/part_0.o
[601/605] CALLABLE_PART expanded_parts/compile/capabilities/storage_lifetime_readiness/part_0.o
[602/605] CALLABLE_PART expanded_parts/compile/capabilities/type_capability_readiness/part_0.o
[603/605] CALLABLE_PART expanded_parts/compile/backend/lowering_plan/part_0.o
[604/605] CALLABLE_PART expanded_parts/compile/model/project_reference_resolution/part_0.o
[605/605] LINK main
