Transpiled PHP files: 191, skipped unchanged: 0
Generated Ninja file: .prism/build/build.ninja
Using compiler: clang++-18 -fuse-ld=mold (gnu_like)
Using build mode: debug
Using build grouping policy: incremental (report_only)
Object cache: disabled (default disabled)
Using repo root: /tmp/scpp-json-240-probe
Resolved project dependency graph: 1 project(s)
Runtime compilation: enabled
Dependency compilation: reuse existing artifacts only
ninja: Entering directory `.prism/build'
[1/193] PCH app_pch.hpp.gch
[2/193] CXX scpp_framework/filesystem.o
[3/193] CXX src/01_prepare_inputs/load_runtime/data/family_preparation.o
[4/193] CXX src/01_prepare_inputs/load_runtime/data/runtime.o
[5/193] CXX src/01_prepare_inputs/load_runtime/data/project.o
[6/193] CXX src/01_prepare_inputs/load_runtime/data/package_bindings.o
[7/193] CXX main.o
[8/193] CXX scpp_framework/exceptions.o
[9/193] CXX scpp_framework/collections.o
[10/193] CXX src/01_prepare_inputs/load_runtime/data/package_context.o
[11/193] CXX src/01_prepare_inputs/load_runtime/handlers/lifecycle.o
[12/193] CXX scpp_framework/strings.o
[13/193] CXX src/01_prepare_inputs/load_runtime/data/package.o
[14/193] CXX src/01_prepare_inputs/load_runtime/data/family_results.o
[15/193] CXX scpp_framework/json_document.o
[16/193] CXX probe.o
[17/193] CXX fixture.o
[18/193] CXX src/01_prepare_inputs/load_runtime/handlers/native_import.o
[19/193] CXX src/01_prepare_inputs/load_runtime/main_load_runtime.o
[20/193] CXX src/01_prepare_inputs/load_runtime/project_import.o
[21/193] CXX src/01_prepare_inputs/load_runtime/handlers/package_syntax.o
[22/193] CXX src/01_prepare_inputs/load_runtime/handlers/package_types.o
[23/193] CXX src/02_tokenize/store.o
[24/193] CXX src/01_prepare_inputs/read_sources/data/buffer.o
[25/193] CXX src/01_prepare_inputs/load_runtime/handlers/type_exposure.o
[26/193] CXX src/02_tokenize/structures.o
[27/193] CXX src/02_tokenize/tokenize.o
[28/193] CXX src/01_prepare_inputs/load_runtime/handlers/package_type_map.o
[29/193] CXX src/03_parse/data/expression_state.o
[30/193] CXX src/01_prepare_inputs/load_runtime/handlers/resources.o
[31/193] CXX src/03_parse/data/nodes.o
[32/193] CXX src/01_prepare_inputs/load_runtime/utilities/catalog_syntax.o
[33/193] CXX src/03_parse/data/result.o
[34/193] CXX src/03_parse/data/tree.o
[35/193] CXX src/03_parse/handlers/declarations.o
[36/193] CXX src/03_parse/data/role_views.o
[37/193] CXX src/03_parse/handlers/control_statements.o
[38/193] CXX src/03_parse/handlers/expressions.o
[39/193] CXX src/03_parse/data/store.o
[40/193] CXX src/03_parse/handlers/statements.o
[41/193] CXX src/03_parse/handlers/metaprogramming.o
[42/193] CXX src/03_parse/main_parse.o
[43/193] CXX src/03_parse/parse_file.o
[44/193] CXX src/03_parse/join.o
[45/193] CXX src/03_parse/utilities/struct_member_cursor.o
[46/193] CXX src/03_parse/utilities/metaprogramming_syntax.o
[47/193] CXX src/03_parse/utilities/binary_syntax.o
[48/193] CXX src/03_parse/utilities/syntax_access.o
[49/193] CXX src/03_parse/select_tasks.o
[50/193] CXX src/03_parse/utilities/syntax_comparer.o
[51/193] CXX src/04_analyze/analyze_lifetimes/allocation_calls.o
[52/193] CXX src/04_analyze/analyze_lifetimes/data/resource_flow.o
[53/193] CXX src/04_analyze/analyze_lifetimes/data/resource_locations.o
[54/193] CXX src/04_analyze/analyze_lifetimes/resource_bindings.o
[55/193] CXX src/04_analyze/analyze_lifetimes/data/ownership_contracts.o
[56/193] CXX src/04_analyze/analyze_lifetimes/resource_locations.o
[57/193] CXX src/04_analyze/check_bodies/data/conversions.o
[58/193] CXX src/04_analyze/analyze_lifetimes/resource_states.o
[59/193] CXX src/04_analyze/analyze_lifetimes/resource_calls.o
[60/193] CXX src/04_analyze/analyze_lifetimes/allocation_traversal.o
[61/193] CXX src/04_analyze/check_bodies/data/flow.o
[62/193] CXX src/04_analyze/check_bodies/data/dependencies.o
[63/193] CXX src/04_analyze/check_bodies/context.o
[64/193] CXX src/04_analyze/check_bodies/data/output.o
[65/193] CXX src/04_analyze/check_bodies/data/statements.o
[66/193] CXX src/04_analyze/check_bodies/handlers/control_statements.o
[67/193] CXX src/04_analyze/check_bodies/data/places.o
[68/193] CXX src/04_analyze/check_bodies/flow.o
[69/193] CXX src/04_analyze/check_bodies/body.o
[70/193] CXX src/04_analyze/check_bodies/data/traversal.o
[71/193] CXX src/04_analyze/check_bodies/data/result.o
[72/193] CXX src/04_analyze/check_bodies/data/values.o
[73/193] CXX src/04_analyze/check_bodies/handlers/places.o
[74/193] CXX src/04_analyze/check_bodies/handlers/writes.o
[75/193] CXX src/04_analyze/check_bodies/utilities/conversions.o
[76/193] CXX src/04_analyze/check_bodies/handlers/expressions.o
[77/193] CXX src/04_analyze/check_bodies/handlers/statements.o
[78/193] CXX src/04_analyze/check_bodies/utilities/byte_literals.o
[79/193] CXX src/04_analyze/check_bodies/utilities/evaluation.o
[80/193] CXX src/04_analyze/check_bodies/utilities/decimal_range.o
[81/193] CXX src/04_analyze/check_bodies/utilities/flow_graph.o
[82/193] CXX src/04_analyze/check_templates/data/interpretation.o
[83/193] CXX src/04_analyze/check_templates/data/structures.o
[84/193] CXX src/04_analyze/check_bodies/utilities/literals.o
[85/193] CXX src/04_analyze/check_bodies/utilities/operations.o
[86/193] CXX src/04_analyze/check_templates/data/result.o
[87/193] CXX src/04_analyze/collect_symbols/collect.o
[88/193] CXX src/04_analyze/check_templates/main_check_templates.o
[89/193] CXX src/04_analyze/check_templates/data/terms.o
[90/193] CXX src/04_analyze/check_templates/select_tasks.o
[91/193] CXX src/04_analyze/check_templates/body.o
[92/193] CXX src/04_analyze/check_templates/join.o
[93/193] CXX src/04_analyze/collect_symbols/data/result.o
[94/193] CXX src/04_analyze/collect_symbols/data/provider_declaration.o
[95/193] CXX src/04_analyze/collect_symbols/data/structures.o
[96/193] CXX src/04_analyze/collect_symbols/data/store.o
[97/193] CXX src/04_analyze/check_templates/terms.o
[98/193] CXX src/04_analyze/instantiate/applications.o
[99/193] CXX src/04_analyze/collect_symbols/main_collect_symbols.o
[100/193] CXX src/04_analyze/instantiate/bindings.o
[101/193] CXX src/04_analyze/instantiate/data/members.o
[102/193] CXX src/04_analyze/instantiate/data/applications.o
[103/193] CXX src/04_analyze/instantiate/data/context.o
[104/193] CXX src/04_analyze/instantiate/constants.o
[105/193] CXX src/04_analyze/instantiate/data/state.o
[106/193] CXX src/04_analyze/instantiate/identities.o
[107/193] CXX src/04_analyze/instantiate/data/view.o
[108/193] CXX src/04_analyze/instantiate/join.o
[109/193] CXX src/04_analyze/instantiate/member_join.o
[110/193] CXX src/04_analyze/resolve_symbols/data/declarations.o
[111/193] CXX src/04_analyze/resolve_symbols/data/structures.o
[112/193] CXX src/04_analyze/resolve_symbols/handlers/declarations.o
[113/193] CXX src/04_analyze/instantiate/data/result.o
[114/193] CXX src/04_analyze/resolve_symbols/data/store.o
[115/193] CXX src/04_analyze/instantiate/data/store.o
[116/193] CXX src/04_analyze/instantiate/members.o
[117/193] CXX src/04_analyze/resolve_symbols/handlers/expressions.o
[118/193] CXX src/04_analyze/resolve_symbols/data/traversal.o
[119/193] CXX src/04_analyze/resolve_symbols/handlers/names.o
[120/193] CXX src/04_analyze/resolve_symbols/handlers/statements.o
[121/193] CXX src/04_analyze/resolve_symbols/data/result.o
[122/193] CXX src/04_analyze/resolve_symbols/body.o
[123/193] CXX src/04_analyze/resolve_symbols/main_resolve_symbols.o
[124/193] CXX src/04_analyze/resolve_symbols/join.o
[125/193] CXX src/04_analyze/resolve_symbols/select_tasks.o
[126/193] CXX src/04_analyze/resolve_symbols/utilities/declaration_lookup.o
[127/193] CXX src/04_analyze/resolve_types/data/export_identity.o
[128/193] CXX src/04_analyze/resolve_types/construction_types.o
[129/193] CXX src/04_analyze/resolve_symbols/utilities/function_lookup.o
[130/193] CXX src/04_analyze/resolve_types/data/lifecycle_bodies.o
[131/193] CXX src/04_analyze/resolve_symbols/utilities/resolution_validity.o
[132/193] CXX src/04_analyze/resolve_types/data/entry_contract.o
[133/193] CXX src/04_analyze/resolve_types/data/result.o
[134/193] CXX src/04_analyze/resolve_types/data/entry_selection.o
[135/193] CXX src/04_analyze/resolve_types/data/records.o
[136/193] CXX src/04_analyze/resolve_symbols/utilities/binding_coverage.o
[137/193] CXX src/04_analyze/resolve_types/data/locals.o
[138/193] CXX src/04_analyze/resolve_types/data/signatures.o
[139/193] CXX src/04_analyze/resolve_types/data/signature_set.o
[140/193] CXX src/04_analyze/resolve_types/definition_view.o
[141/193] CXX src/04_analyze/resolve_types/data/type_resolution.o
[142/193] CXX src/04_analyze/resolve_types/locals.o
[143/193] CXX src/04_analyze/resolve_types/record_definitions.o
[144/193] CXX src/04_analyze/resolve_types/main_prepare_entry.o
[145/193] CXX src/04_analyze/resolve_types/source_lifecycle.o
[146/193] CXX src/04_analyze/resolve_types/lifecycle_composition.o
[147/193] CXX src/04_analyze/resolve_types/record_join.o
[148/193] CXX src/04_analyze/resolve_types/local_join.o
[149/193] CXX src/04_analyze/resolve_types/source_lifecycle_bodies.o
[150/193] CXX src/04_analyze/resolve_types/select_signatures.o
[151/193] CXX src/04_analyze/resolve_types/signature_join.o
[152/193] CXX src/04_analyze/resolve_types/signatures.o
[153/193] CXX src/04_analyze/resolve_types/records.o
[154/193] CXX src/04_analyze/resolve_types/source_lifecycle_signature.o
[155/193] CXX src/04_analyze/resolve_types/storage.o
[156/193] CXX src/04_analyze/resolve_types/utilities/annotation_types.o
[157/193] CXX src/04_analyze/resolve_types/storage_signatures.o
[158/193] CXX src/04_analyze/type_model/callable_contracts.o
[159/193] CXX src/04_analyze/resolve_types/utilities/callable_inputs.o
[160/193] CXX src/04_analyze/resolve_types/utilities/signature_validity.o
[161/193] CXX src/04_analyze/resolve_types/utilities/local_type_validity.o
[162/193] CXX src/04_analyze/type_model/data/callable_modes.o
[163/193] CXX src/04_analyze/type_model/data/callables.o
[164/193] CXX src/04_analyze/resolve_types/utilities/type_cache.o
[165/193] CXX src/04_analyze/type_model/data/context.o
[166/193] CXX src/04_analyze/resolve_types/utilities/parameter_contracts.o
[167/193] CXX src/04_analyze/type_model/data/definitions.o
[168/193] CXX src/04_analyze/type_model/data/catalog.o
[169/193] CXX src/04_analyze/type_model/data/generic.o
[170/193] CXX src/04_analyze/type_model/data/families.o
[171/193] CXX src/04_analyze/type_model/data/lifecycle.o
[172/193] CXX src/04_analyze/type_model/data/lifecycle_roles.o
[173/193] CXX src/04_analyze/type_model/data/native_record_layout.o
[174/193] CXX src/04_analyze/type_model/data/lifetime_contract.o
[175/193] CXX src/04_analyze/type_model/data/lifetime_policy_codec.o
[176/193] CXX src/04_analyze/type_model/data/records.o
[177/193] CXX src/04_analyze/type_model/data/operations.o
[178/193] CXX src/04_analyze/type_model/data/representations.o
[179/193] CXX src/04_analyze/type_model/data/semantic_calls.o
[180/193] CXX src/04_analyze/type_model/data/semantic_modes.o
[181/193] CXX src/04_analyze/type_model/data/resources.o
[182/193] CXX src/04_analyze/type_model/data/type_record.o
[183/193] CXX src/04_analyze/type_model/data/source_families.o
[184/193] CXX src/04_analyze/type_model/data/type_references.o
[185/193] CXX src/04_analyze/type_model/data/storage.o
[186/193] CXX src/04_analyze/type_model/result_contracts.o
[187/193] CXX src/05_generate_code/prepare_backend/data/abi.o
[188/193] CXX src/04_analyze/type_model/data/store.o
[189/193] CXX src/05_generate_code/prepare_backend/data/configuration.o
[190/193] CXX src/compile/data/native_project.o
[191/193] CXX src/05_generate_code/prepare_backend/data/layout.o
[192/193] CXX src/05_generate_code/prepare_backend/data/source_exports.o
[193/193] LINK main
Rebuilt outputs: .prism/build/app_pch.hpp.gch, .prism/build/fixture.o, .prism/build/main, .prism/build/main.o, .prism/build/probe.o, .prism/build/scpp_framework/collections.o, .prism/build/scpp_framework/exceptions.o, .prism/build/scpp_framework/filesystem.o, .prism/build/scpp_framework/json_document.o, .prism/build/scpp_framework/strings.o, .prism/build/src/01_prepare_inputs/load_runtime/data/family_preparation.o, .prism/build/src/01_prepare_inputs/load_runtime/data/family_results.o, .prism/build/src/01_prepare_inputs/load_runtime/data/package.o, .prism/build/src/01_prepare_inputs/load_runtime/data/package_bindings.o, .prism/build/src/01_prepare_inputs/load_runtime/data/package_context.o, .prism/build/src/01_prepare_inputs/load_runtime/data/project.o, .prism/build/src/01_prepare_inputs/load_runtime/data/runtime.o, .prism/build/src/01_prepare_inputs/load_runtime/handlers/lifecycle.o, .prism/build/src/01_prepare_inputs/load_runtime/handlers/native_import.o, .prism/build/src/01_prepare_inputs/load_runtime/handlers/package_syntax.o, .prism/build/src/01_prepare_inputs/load_runtime/handlers/package_type_map.o, .prism/build/src/01_prepare_inputs/load_runtime/handlers/package_types.o, .prism/build/src/01_prepare_inputs/load_runtime/handlers/resources.o, .prism/build/src/01_prepare_inputs/load_runtime/handlers/type_exposure.o, .prism/build/src/01_prepare_inputs/load_runtime/main_load_runtime.o, .prism/build/src/01_prepare_inputs/load_runtime/project_import.o, .prism/build/src/01_prepare_inputs/load_runtime/utilities/catalog_syntax.o, .prism/build/src/01_prepare_inputs/read_sources/data/buffer.o, .prism/build/src/02_tokenize/store.o, .prism/build/src/02_tokenize/structures.o, .prism/build/src/02_tokenize/tokenize.o, .prism/build/src/03_parse/data/expression_state.o, .prism/build/src/03_parse/data/nodes.o, .prism/build/src/03_parse/data/result.o, .prism/build/src/03_parse/data/role_views.o, .prism/build/src/03_parse/data/store.o, .prism/build/src/03_parse/data/tree.o, .prism/build/src/03_parse/handlers/control_statements.o, .prism/build/src/03_parse/handlers/declarations.o, .prism/build/src/03_parse/handlers/expressions.o, .prism/build/src/03_parse/handlers/metaprogramming.o, .prism/build/src/03_parse/handlers/statements.o, .prism/build/src/03_parse/join.o, .prism/build/src/03_parse/main_parse.o, .prism/build/src/03_parse/parse_file.o, .prism/build/src/03_parse/select_tasks.o, .prism/build/src/03_parse/utilities/binary_syntax.o, .prism/build/src/03_parse/utilities/metaprogramming_syntax.o, .prism/build/src/03_parse/utilities/struct_member_cursor.o, .prism/build/src/03_parse/utilities/syntax_access.o, .prism/build/src/03_parse/utilities/syntax_comparer.o, .prism/build/src/04_analyze/analyze_lifetimes/allocation_calls.o, .prism/build/src/04_analyze/analyze_lifetimes/allocation_traversal.o, .prism/build/src/04_analyze/analyze_lifetimes/data/ownership_contracts.o, .prism/build/src/04_analyze/analyze_lifetimes/data/resource_flow.o, .prism/build/src/04_analyze/analyze_lifetimes/data/resource_locations.o, .prism/build/src/04_analyze/analyze_lifetimes/resource_bindings.o, .prism/build/src/04_analyze/analyze_lifetimes/resource_calls.o, .prism/build/src/04_analyze/analyze_lifetimes/resource_locations.o, .prism/build/src/04_analyze/analyze_lifetimes/resource_states.o, .prism/build/src/04_analyze/check_bodies/body.o, .prism/build/src/04_analyze/check_bodies/context.o, .prism/build/src/04_analyze/check_bodies/data/conversions.o, .prism/build/src/04_analyze/check_bodies/data/dependencies.o, .prism/build/src/04_analyze/check_bodies/data/flow.o, .prism/build/src/04_analyze/check_bodies/data/output.o, .prism/build/src/04_analyze/check_bodies/data/places.o, .prism/build/src/04_analyze/check_bodies/data/result.o, .prism/build/src/04_analyze/check_bodies/data/statements.o, .prism/build/src/04_analyze/check_bodies/data/traversal.o, .prism/build/src/04_analyze/check_bodies/data/values.o, .prism/build/src/04_analyze/check_bodies/flow.o, .prism/build/src/04_analyze/check_bodies/handlers/control_statements.o, .prism/build/src/04_analyze/check_bodies/handlers/expressions.o, .prism/build/src/04_analyze/check_bodies/handlers/places.o, .prism/build/src/04_analyze/check_bodies/handlers/statements.o, .prism/build/src/04_analyze/check_bodies/handlers/writes.o, .prism/build/src/04_analyze/check_bodies/utilities/byte_literals.o, .prism/build/src/04_analyze/check_bodies/utilities/conversions.o, .prism/build/src/04_analyze/check_bodies/utilities/decimal_range.o, .prism/build/src/04_analyze/check_bodies/utilities/evaluation.o, .prism/build/src/04_analyze/check_bodies/utilities/flow_graph.o, .prism/build/src/04_analyze/check_bodies/utilities/literals.o, .prism/build/src/04_analyze/check_bodies/utilities/operations.o, .prism/build/src/04_analyze/check_templates/body.o, .prism/build/src/04_analyze/check_templates/data/interpretation.o, .prism/build/src/04_analyze/check_templates/data/result.o, .prism/build/src/04_analyze/check_templates/data/structures.o, .prism/build/src/04_analyze/check_templates/data/terms.o, .prism/build/src/04_analyze/check_templates/join.o, .prism/build/src/04_analyze/check_templates/main_check_templates.o, .prism/build/src/04_analyze/check_templates/select_tasks.o, .prism/build/src/04_analyze/check_templates/terms.o, .prism/build/src/04_analyze/collect_symbols/collect.o, .prism/build/src/04_analyze/collect_symbols/data/provider_declaration.o, .prism/build/src/04_analyze/collect_symbols/data/result.o, .prism/build/src/04_analyze/collect_symbols/data/store.o, .prism/build/src/04_analyze/collect_symbols/data/structures.o, .prism/build/src/04_analyze/collect_symbols/main_collect_symbols.o, .prism/build/src/04_analyze/instantiate/applications.o, .prism/build/src/04_analyze/instantiate/bindings.o, .prism/build/src/04_analyze/instantiate/constants.o, .prism/build/src/04_analyze/instantiate/data/applications.o, .prism/build/src/04_analyze/instantiate/data/context.o, .prism/build/src/04_analyze/instantiate/data/members.o, .prism/build/src/04_analyze/instantiate/data/result.o, .prism/build/src/04_analyze/instantiate/data/state.o, .prism/build/src/04_analyze/instantiate/data/store.o, .prism/build/src/04_analyze/instantiate/data/view.o, .prism/build/src/04_analyze/instantiate/identities.o, .prism/build/src/04_analyze/instantiate/join.o, .prism/build/src/04_analyze/instantiate/member_join.o, .prism/build/src/04_analyze/instantiate/members.o, .prism/build/src/04_analyze/resolve_symbols/body.o, .prism/build/src/04_analyze/resolve_symbols/data/declarations.o, .prism/build/src/04_analyze/resolve_symbols/data/result.o, .prism/build/src/04_analyze/resolve_symbols/data/store.o, .prism/build/src/04_analyze/resolve_symbols/data/structures.o, .prism/build/src/04_analyze/resolve_symbols/data/traversal.o, .prism/build/src/04_analyze/resolve_symbols/handlers/declarations.o, .prism/build/src/04_analyze/resolve_symbols/handlers/expressions.o, .prism/build/src/04_analyze/resolve_symbols/handlers/names.o, .prism/build/src/04_analyze/resolve_symbols/handlers/statements.o, .prism/build/src/04_analyze/resolve_symbols/join.o, .prism/build/src/04_analyze/resolve_symbols/main_resolve_symbols.o, .prism/build/src/04_analyze/resolve_symbols/select_tasks.o, .prism/build/src/04_analyze/resolve_symbols/utilities/binding_coverage.o, .prism/build/src/04_analyze/resolve_symbols/utilities/declaration_lookup.o, .prism/build/src/04_analyze/resolve_symbols/utilities/function_lookup.o, .prism/build/src/04_analyze/resolve_symbols/utilities/resolution_validity.o, .prism/build/src/04_analyze/resolve_types/construction_types.o, .prism/build/src/04_analyze/resolve_types/data/entry_contract.o, .prism/build/src/04_analyze/resolve_types/data/entry_selection.o, .prism/build/src/04_analyze/resolve_types/data/export_identity.o, .prism/build/src/04_analyze/resolve_types/data/lifecycle_bodies.o, .prism/build/src/04_analyze/resolve_types/data/locals.o, .prism/build/src/04_analyze/resolve_types/data/records.o, .prism/build/src/04_analyze/resolve_types/data/result.o, .prism/build/src/04_analyze/resolve_types/data/signature_set.o, .prism/build/src/04_analyze/resolve_types/data/signatures.o, .prism/build/src/04_analyze/resolve_types/data/type_resolution.o, .prism/build/src/04_analyze/resolve_types/definition_view.o, .prism/build/src/04_analyze/resolve_types/lifecycle_composition.o, .prism/build/src/04_analyze/resolve_types/local_join.o, .prism/build/src/04_analyze/resolve_types/locals.o, .prism/build/src/04_analyze/resolve_types/main_prepare_entry.o, .prism/build/src/04_analyze/resolve_types/record_definitions.o, .prism/build/src/04_analyze/resolve_types/record_join.o, .prism/build/src/04_analyze/resolve_types/records.o, .prism/build/src/04_analyze/resolve_types/select_signatures.o, .prism/build/src/04_analyze/resolve_types/signature_join.o, .prism/build/src/04_analyze/resolve_types/signatures.o, .prism/build/src/04_analyze/resolve_types/source_lifecycle.o, .prism/build/src/04_analyze/resolve_types/source_lifecycle_bodies.o, .prism/build/src/04_analyze/resolve_types/source_lifecycle_signature.o, .prism/build/src/04_analyze/resolve_types/storage.o, .prism/build/src/04_analyze/resolve_types/storage_signatures.o, .prism/build/src/04_analyze/resolve_types/utilities/annotation_types.o, .prism/build/src/04_analyze/resolve_types/utilities/callable_inputs.o, .prism/build/src/04_analyze/resolve_types/utilities/local_type_validity.o, .prism/build/src/04_analyze/resolve_types/utilities/parameter_contracts.o, .prism/build/src/04_analyze/resolve_types/utilities/signature_validity.o, .prism/build/src/04_analyze/resolve_types/utilities/type_cache.o, .prism/build/src/04_analyze/type_model/callable_contracts.o, .prism/build/src/04_analyze/type_model/data/callable_modes.o, .prism/build/src/04_analyze/type_model/data/callables.o, .prism/build/src/04_analyze/type_model/data/catalog.o, .prism/build/src/04_analyze/type_model/data/context.o, .prism/build/src/04_analyze/type_model/data/definitions.o, .prism/build/src/04_analyze/type_model/data/families.o, .prism/build/src/04_analyze/type_model/data/generic.o, .prism/build/src/04_analyze/type_model/data/lifecycle.o, .prism/build/src/04_analyze/type_model/data/lifecycle_roles.o, .prism/build/src/04_analyze/type_model/data/lifetime_contract.o, .prism/build/src/04_analyze/type_model/data/lifetime_policy_codec.o, .prism/build/src/04_analyze/type_model/data/native_record_layout.o, .prism/build/src/04_analyze/type_model/data/operations.o, .prism/build/src/04_analyze/type_model/data/records.o, .prism/build/src/04_analyze/type_model/data/representations.o, .prism/build/src/04_analyze/type_model/data/resources.o, .prism/build/src/04_analyze/type_model/data/semantic_calls.o, .prism/build/src/04_analyze/type_model/data/semantic_modes.o, .prism/build/src/04_analyze/type_model/data/source_families.o, .prism/build/src/04_analyze/type_model/data/storage.o, .prism/build/src/04_analyze/type_model/data/store.o, .prism/build/src/04_analyze/type_model/data/type_record.o, .prism/build/src/04_analyze/type_model/data/type_references.o, .prism/build/src/04_analyze/type_model/result_contracts.o, .prism/build/src/05_generate_code/prepare_backend/data/abi.o, .prism/build/src/05_generate_code/prepare_backend/data/configuration.o, .prism/build/src/05_generate_code/prepare_backend/data/layout.o, .prism/build/src/05_generate_code/prepare_backend/data/source_exports.o, .prism/build/src/compile/data/native_project.o
Tip: set SCPP_NINJA_VERBOSE=1 to show full Ninja command lines.
Build completed: .prism/build/main
