{"status":"ok","single":false,"entry":"src\/main.phs","directory":"\/tmp\/scpp-manifest-rewrite-01\/inputs","path":"\/tmp\/scpp-manifest-rewrite-01\/inputs\/valid.json","content":"{\"source_folders\": [\"src\", \"..\/shared\", \"\u00e9 space\"], \"entry\": \"src\/main.phs\"}","folders":["src","..\/shared","\u00e9 space"],"files":[]}
{"status":"ok","single":false,"entry":"x","directory":"\/tmp\/scpp-manifest-rewrite-01\/inputs","path":"\/tmp\/scpp-manifest-rewrite-01\/inputs\/numeric_folder.json","content":"{\"source_folders\": [\"0\", \"01\"], \"entry\": \"x\"}","folders":["0","01"],"files":[]}
{"status":"invalid"}
{"status":"invalid"}
{"status":"invalid"}
{"status":"invalid"}
{"status":"invalid"}
{"status":"invalid"}
{"status":"invalid"}
{"status":"invalid"}
{"status":"invalid"}
{"status":"invalid"}
{"status":"invalid"}
{"status":"invalid"}
{"status":"invalid"}
{"status":"invalid"}
{"status":"invalid"}
{"status":"invalid"}
{"status":"invalid"}
{"status":"invalid"}
{"status":"invalid"}
{"status":"invalid"}
{"status":"invalid"}
{"status":"ok","single":false,"entry":"last.phs","directory":"\/tmp\/scpp-manifest-rewrite-01\/inputs","path":"\/tmp\/scpp-manifest-rewrite-01\/inputs\/duplicate_key.json","content":"{\"source_folders\":[],\"source_folders\":[\"src\"],\"entry\":\"first\",\"entry\":\"last.phs\"}","folders":["src"],"files":[]}
{"status":"ok","single":false,"entry":"last.phs","directory":"\/tmp\/scpp-manifest-rewrite-01\/inputs","path":"\/tmp\/scpp-manifest-rewrite-01\/inputs\/whitespace.json","content":" { \"source_folders\" : [\"src\"], \"entry\": \"last.phs\" }\n ","folders":["src"],"files":[]}
{"status":"ok","single":true,"entry":"single.phs","directory":"\/tmp\/scpp-manifest-rewrite-01\/inputs","path":"\/tmp\/scpp-manifest-rewrite-01\/inputs\/single.phs","content":"","folders":[],"files":["single.phs"]}
{"status":"io"}
{"status":"io"}
{"retained":"src\/main.phs"}
