Transpiled PHP files: 58, skipped unchanged: 0
Generated Ninja file: .prism/build/build.ninja
Using compiler: clang++-18 -fuse-ld=mold (gnu_like)
Using build mode: debug
Using build grouping policy: incremental (report_only)
Object cache: disabled (default disabled)
Using repo root: /tmp/scpp-json-240-probe
Resolved project dependency graph: 1 project(s)
Runtime compilation: enabled
Dependency compilation: reuse existing artifacts only
ninja: Entering directory `.prism/build'
[1/60] PCH app_pch.hpp.gch
[2/60] CXX src/02_tokenize/store.o
[3/60] CXX src/03_parse/data/expression_state.o
[4/60] CXX scpp_framework/strings.o
[5/60] CXX src/02_tokenize/structures.o
[6/60] CXX scpp_framework/exceptions.o
[7/60] CXX src/02_tokenize/tokenize.o
[8/60] CXX src/01_prepare_inputs/load_runtime/main_load_runtime.o
[9/60] CXX src/03_parse/data/nodes.o
[10/60] CXX main.o
[11/60] CXX scpp_framework/filesystem.o
[12/60] CXX src/01_prepare_inputs/read_sources/data/buffer.o
[13/60] CXX src/03_parse/data/result.o
[14/60] CXX scpp_framework/collections.o
[15/60] CXX scpp_framework/json_document.o
[16/60] CXX probe.o
[17/60] CXX src/03_parse/handlers/declarations.o
[18/60] CXX src/03_parse/data/role_views.o
[19/60] CXX src/03_parse/handlers/expressions.o
[20/60] CXX src/03_parse/handlers/control_statements.o
[21/60] CXX src/01_prepare_inputs/load_runtime/utilities/catalog_syntax.o
[22/60] CXX src/03_parse/handlers/metaprogramming.o
[23/60] CXX src/03_parse/data/tree.o
[24/60] CXX src/03_parse/handlers/statements.o
[25/60] CXX src/03_parse/utilities/metaprogramming_syntax.o
[26/60] CXX src/03_parse/data/store.o
[27/60] CXX src/03_parse/main_parse.o
[28/60] CXX src/03_parse/utilities/struct_member_cursor.o
[29/60] CXX src/03_parse/join.o
[30/60] CXX src/03_parse/utilities/binary_syntax.o
[31/60] CXX src/03_parse/utilities/syntax_comparer.o
[32/60] CXX src/03_parse/select_tasks.o
[33/60] CXX src/03_parse/parse_file.o
[34/60] CXX src/03_parse/utilities/syntax_access.o
[35/60] CXX src/04_analyze/collect_symbols/data/structures.o
[36/60] CXX src/04_analyze/collect_symbols/collect.o
[37/60] CXX src/04_analyze/collect_symbols/data/result.o
[38/60] CXX src/04_analyze/resolve_types/data/entry_contract.o
[39/60] CXX src/04_analyze/resolve_types/data/entry_selection.o
[40/60] CXX src/04_analyze/collect_symbols/data/store.o
[41/60] CXX src/04_analyze/collect_symbols/main_collect_symbols.o
[42/60] CXX src/04_analyze/resolve_types/main_prepare_entry.o
[43/60] CXX src/04_analyze/type_model/data/callable_modes.o
[44/60] CXX src/04_analyze/type_model/data/context.o
[45/60] CXX src/04_analyze/type_model/data/callables.o
[46/60] CXX src/04_analyze/type_model/data/catalog.o
[47/60] CXX src/04_analyze/type_model/data/definitions.o
[48/60] CXX src/04_analyze/type_model/data/lifecycle_roles.o
[49/60] CXX src/04_analyze/type_model/data/lifetime_policy_codec.o
[50/60] CXX src/04_analyze/type_model/data/lifecycle.o
[51/60] CXX src/04_analyze/type_model/data/records.o
[52/60] CXX src/04_analyze/type_model/data/lifetime_contract.o
[53/60] CXX src/04_analyze/type_model/data/native_record_layout.o
[54/60] CXX src/04_analyze/type_model/data/semantic_calls.o
[55/60] CXX src/04_analyze/type_model/data/representations.o
[56/60] CXX src/04_analyze/type_model/data/semantic_modes.o
[57/60] CXX src/04_analyze/type_model/data/resources.o
[58/60] CXX src/04_analyze/type_model/data/type_references.o
[59/60] CXX src/04_analyze/type_model/data/storage.o
[60/60] LINK main
Rebuilt outputs: .prism/build/app_pch.hpp.gch, .prism/build/main, .prism/build/main.o, .prism/build/probe.o, .prism/build/scpp_framework/collections.o, .prism/build/scpp_framework/exceptions.o, .prism/build/scpp_framework/filesystem.o, .prism/build/scpp_framework/json_document.o, .prism/build/scpp_framework/strings.o, .prism/build/src/01_prepare_inputs/load_runtime/main_load_runtime.o, .prism/build/src/01_prepare_inputs/load_runtime/utilities/catalog_syntax.o, .prism/build/src/01_prepare_inputs/read_sources/data/buffer.o, .prism/build/src/02_tokenize/store.o, .prism/build/src/02_tokenize/structures.o, .prism/build/src/02_tokenize/tokenize.o, .prism/build/src/03_parse/data/expression_state.o, .prism/build/src/03_parse/data/nodes.o, .prism/build/src/03_parse/data/result.o, .prism/build/src/03_parse/data/role_views.o, .prism/build/src/03_parse/data/store.o, .prism/build/src/03_parse/data/tree.o, .prism/build/src/03_parse/handlers/control_statements.o, .prism/build/src/03_parse/handlers/declarations.o, .prism/build/src/03_parse/handlers/expressions.o, .prism/build/src/03_parse/handlers/metaprogramming.o, .prism/build/src/03_parse/handlers/statements.o, .prism/build/src/03_parse/join.o, .prism/build/src/03_parse/main_parse.o, .prism/build/src/03_parse/parse_file.o, .prism/build/src/03_parse/select_tasks.o, .prism/build/src/03_parse/utilities/binary_syntax.o, .prism/build/src/03_parse/utilities/metaprogramming_syntax.o, .prism/build/src/03_parse/utilities/struct_member_cursor.o, .prism/build/src/03_parse/utilities/syntax_access.o, .prism/build/src/03_parse/utilities/syntax_comparer.o, .prism/build/src/04_analyze/collect_symbols/collect.o, .prism/build/src/04_analyze/collect_symbols/data/result.o, .prism/build/src/04_analyze/collect_symbols/data/store.o, .prism/build/src/04_analyze/collect_symbols/data/structures.o, .prism/build/src/04_analyze/collect_symbols/main_collect_symbols.o, .prism/build/src/04_analyze/resolve_types/data/entry_contract.o, .prism/build/src/04_analyze/resolve_types/data/entry_selection.o, .prism/build/src/04_analyze/resolve_types/main_prepare_entry.o, .prism/build/src/04_analyze/type_model/data/callable_modes.o, .prism/build/src/04_analyze/type_model/data/callables.o, .prism/build/src/04_analyze/type_model/data/catalog.o, .prism/build/src/04_analyze/type_model/data/context.o, .prism/build/src/04_analyze/type_model/data/definitions.o, .prism/build/src/04_analyze/type_model/data/lifecycle.o, .prism/build/src/04_analyze/type_model/data/lifecycle_roles.o, .prism/build/src/04_analyze/type_model/data/lifetime_contract.o, .prism/build/src/04_analyze/type_model/data/lifetime_policy_codec.o, .prism/build/src/04_analyze/type_model/data/native_record_layout.o, .prism/build/src/04_analyze/type_model/data/records.o, .prism/build/src/04_analyze/type_model/data/representations.o, .prism/build/src/04_analyze/type_model/data/resources.o, .prism/build/src/04_analyze/type_model/data/semantic_calls.o, .prism/build/src/04_analyze/type_model/data/semantic_modes.o, .prism/build/src/04_analyze/type_model/data/storage.o, .prism/build/src/04_analyze/type_model/data/type_references.o
Tip: set SCPP_NINJA_VERBOSE=1 to show full Ninja command lines.
Build completed: .prism/build/main
