[1/1034] CXX minimal/structures/artifacts/debug_profile_gate_result_artifact.o
[2/1034] CXX minimal/structures/artifacts/debug_profile_stage_timing_summary.o
[3/1034] CXX minimal/structures/artifacts/incremental_callable_identity_row.o
[4/1034] CXX minimal/structures/artifacts/incremental_change_event_row.o
[5/1034] CXX minimal/structures/artifacts/debug_profile_gate_result_row.o
[6/1034] CXX minimal/structures/artifacts/debug_profile_row_count_summary.o
[7/1034] CXX minimal/structures/artifacts/incremental_recompute_target_row.o
[8/1034] CXX minimal/structures/artifacts/compiler_profile_event_row.o
[9/1034] CXX minimal/structures/artifacts/incremental_identity_row.o
[10/1034] CALLABLE_PART minimal_parts/main.o
[11/1034] CXX minimal/compile/support/compiler_project_env_or_smoke_echo.o
[12/1034] CXX minimal/compile/support/structure_kernel_smoke_runner.o
[13/1034] CXX minimal/structures/artifacts/performance_memory_estimate_row.o
[14/1034] CXX minimal/structures/artifacts/proof_metric_row.o
[15/1034] CXX minimal/structures/backend/backend_call_argument_row.o
[16/1034] CXX minimal/structures/backend/backend_binary_operand_row.o
[17/1034] CXX minimal/structures/artifacts/incremental_transaction_step_row.o
[18/1034] CXX minimal/structures/backend/backend_emission_adapter_descriptor_artifact.o
[19/1034] CXX minimal/structures/backend/backend_control_flow_operand_row.o
[20/1034] CXX minimal/structures/backend/backend_emission_adapter_descriptor_row.o
[21/1034] CXX minimal/structures/backend/backend_emission_block_row.o
[22/1034] CXX minimal/structures/backend/backend_emission_decision_artifact.o
[23/1034] CXX minimal/structures/backend/backend_emission_decision_row.o
[24/1034] CXX minimal/structures/backend/backend_emission_value_row.o
[25/1034] CXX minimal/structures/backend/backend_link_cache_decision_row.o
[26/1034] CXX minimal/structures/backend/backend_link_decision_row.o
[27/1034] CXX minimal/structures/backend/backend_local_immediate_text_operand_row.o
[28/1034] CXX minimal/structures/backend/backend_local_slot.o
[29/1034] CXX minimal/structures/backend/backend_object_cache_decision_row.o
[30/1034] CXX minimal/structures/backend/backend_local_slots.o
[31/1034] CXX minimal/structures/backend/backend_local_operand_row.o
[32/1034] CXX minimal/structures/backend/backend_object_output_row.o
[33/1034] CXX minimal/structures/backend/backend_object_link_cache_artifact.o
[34/1034] CXX minimal/structures/backend/backend_partition_execution_artifact.o
[35/1034] CXX minimal/structures/backend/backend_partition_execution_row.o
[36/1034] CXX minimal/structures/backend/backend_project_link_execution_row.o
[37/1034] CXX minimal/structures/backend/backend_refresh_row.o
[38/1034] CXX minimal/structures/backend/backend_request_authorization_row.o
[39/1034] CXX minimal/structures/backend/backend_request_list_ref.o
[40/1034] CXX minimal/structures/backend/backend_request_row_span.o
[41/1034] CXX minimal/structures/backend/backend_request_row_list.o
[42/1034] CXX minimal/structures/backend/backend_stack_value.o
[43/1034] CXX minimal/structures/backend/backend_step_route_descriptor_row.o
[44/1034] CXX minimal/structures/backend/backend_string_literal_operand_row.o
[45/1034] CXX minimal/structures/backend/backend_request_authorization_artifact.o
[46/1034] CXX minimal/structures/backend/backend_value_stack.o
[47/1034] CXX minimal/structures/backend/callable_abi_readiness_artifact.o
[48/1034] CXX minimal/structures/backend/callable_abi_readiness_row.o
[49/1034] CXX minimal/structures/backend/direct_call_authorization_gate_artifact.o
[50/1034] CXX minimal/structures/backend/direct_call_authorization_gate_row.o
[51/1034] CXX minimal/structures/backend/direct_call_backend_request_transition_artifact.o
[52/1034] CXX minimal/structures/backend/direct_call_backend_request_transition_row.o
[53/1034] CXX minimal/structures/backend/function_body_emission_readiness_artifact.o
[54/1034] CXX minimal/structures/backend/direct_call_lowering_adapter_descriptor_row.o
[55/1034] CXX minimal/structures/backend/function_body_emission_readiness_row.o
[56/1034] CXX minimal/structures/backend/direct_call_lowering_adapter_descriptor_artifact.o
[57/1034] CXX minimal/structures/backend/function_body_text_emission_preflight_artifact.o
[58/1034] CXX minimal/structures/backend/function_definition_emission_preflight_artifact.o
[59/1034] CXX minimal/structures/backend/function_definition_emission_preflight_row.o
[60/1034] CXX minimal/structures/backend/function_body_text_emission_preflight_row.o
[61/1034] CXX minimal/structures/backend/llvm_api_handle_map_summary_row.o
[62/1034] CXX minimal/structures/backend/llvm_api_sink_preflight_row.o
[63/1034] CXX minimal/structures/backend/llvm_api_module_build_row.o
[64/1034] CXX minimal/structures/backend/llvm_api_sink_preflight_artifact.o
[65/1034] CXX minimal/structures/backend/llvm_api_toolchain_probe_row.o
[66/1034] CXX minimal/structures/backend/llvm_api_toolchain_probe_artifact.o
[67/1034] CXX minimal/structures/backend/llvm_function_symbol_preflight_row.o
[68/1034] CXX minimal/structures/backend/llvm_function_symbol_preflight_artifact.o
[69/1034] CXX minimal/structures/backend/llvm_primitive_abi_descriptor_row.o
[70/1034] CXX minimal/structures/backend/local_body_lowering_route_descriptor_artifact.o
[71/1034] CXX minimal/structures/backend/local_body_lowering_route_descriptor_row.o
[72/1034] CXX minimal/structures/backend/lowering_blocked_request_row.o
[73/1034] CXX minimal/structures/backend/per_symbol_lowering_plan_row.o
[74/1034] CXX minimal/structures/backend/lowering_plan.o
[75/1034] CXX minimal/structures/backend/primitive_abi_adapter_matrix_artifact.o
[76/1034] CXX minimal/structures/backend/per_symbol_lowering_plan_artifact.o
[77/1034] CXX minimal/structures/backend/lowering_step.o
[78/1034] CXX minimal/structures/backend/project_symbol_body_lookup_artifact.o
[79/1034] CXX minimal/structures/backend/primitive_abi_adapter_row.o
[80/1034] CXX minimal/structures/backend/project_symbol_body_lookup_row.o
[81/1034] CXX minimal/structures/backend/runtime_abi_bridge_artifact.o
[82/1034] CXX minimal/structures/capabilities/callable_signature_readiness_row.o
[83/1034] CXX minimal/structures/capabilities/capability_consumer_plan.o
[84/1034] CXX minimal/structures/capabilities/capability_consumer_row.o
[85/1034] CXX minimal/structures/capabilities/capability_provider_row.o
[86/1034] CXX minimal/structures/capabilities/capability_coverage_artifact.o
[87/1034] CXX minimal/structures/capabilities/closure_capture_policy_row.o
[88/1034] CXX minimal/structures/capabilities/capability_registry_row.o
[89/1034] CXX minimal/structures/capabilities/capability_readiness_row.o
[90/1034] CXX minimal/structures/capabilities/condition_truthiness_policy_row.o
[91/1034] CXX minimal/structures/capabilities/condition_truthiness_policy_artifact.o
[92/1034] CXX minimal/structures/capabilities/contract_consumer_route_descriptor_row.o
[93/1034] CXX minimal/structures/capabilities/contract_consumer_row.o
[94/1034] CXX minimal/structures/capabilities/contract_coverage_artifact.o
[95/1034] CXX minimal/structures/capabilities/contract_provider_route_descriptor_row.o
[96/1034] CXX minimal/structures/capabilities/contract_provider_row.o
[97/1034] CXX minimal/structures/capabilities/contract_registry_row.o
[98/1034] CXX minimal/structures/capabilities/feature_coverage_axis_row.o
[99/1034] CXX minimal/structures/capabilities/fixed_array_index_readiness_row.o
[100/1034] CXX minimal/structures/capabilities/fixed_array_readiness_table.o
[101/1034] CXX minimal/structures/capabilities/layout_readiness_row.o
[102/1034] CXX minimal/structures/capabilities/fixed_array_literal_readiness_row.o
[103/1034] CXX minimal/structures/capabilities/layout_lifecycle_readiness_row.o
[104/1034] CXX minimal/structures/capabilities/module_drift_audit_row.o
[105/1034] CXX minimal/structures/capabilities/module_helper_backend_blocker_row.o
[106/1034] CXX minimal/structures/capabilities/module_helper_surface_row.o
[107/1034] CXX minimal/structures/capabilities/module_metadata_provider_row.o
[108/1034] CXX minimal/structures/capabilities/numeric_backend_adapter_decision_row.o
[109/1034] CXX minimal/structures/capabilities/object_value_layout_ownership_row.o
[110/1034] CXX minimal/structures/capabilities/provider_descriptor_table.o
[111/1034] CXX minimal/structures/capabilities/provider_descriptor_row.o
[112/1034] CXX minimal/structures/capabilities/range_adapter_contract_row.o
[113/1034] CXX minimal/structures/capabilities/representative_feature_path_row.o
[114/1034] CXX minimal/structures/capabilities/provider_trait_descriptor_row.o
[115/1034] CXX minimal/structures/capabilities/runtime_helper_contract_readiness_artifact.o
[116/1034] CXX minimal/structures/capabilities/runtime_helper_contract_readiness_row.o
[117/1034] CXX minimal/structures/capabilities/storage_lifetime_request_row.o
[118/1034] CXX minimal/structures/capabilities/storage_lifetime_route_descriptor_row.o
[119/1034] CXX minimal/structures/capabilities/type_capability.o
[120/1034] CXX minimal/structures/capabilities/type_family_descriptor_row.o
[121/1034] CXX minimal/structures/capabilities/type_family_descriptor_table.o
[122/1034] CXX minimal/structures/capabilities/type_trait_metadata_source_row.o
[123/1034] CXX minimal/structures/capabilities/type_trait_row.o
[124/1034] CXX minimal/structures/capabilities/type_trait_substrate_decision_row.o
[125/1034] CXX minimal/structures/capabilities/type_trait_table.o
[126/1034] CXX minimal/structures/capabilities/wrapper_extraction_contract_row.o
[127/1034] CXX minimal/structures/capabilities/wrapper_extraction_readiness_row.o
[128/1034] CXX minimal/structures/capabilities/wrapper_family_row.o
[129/1034] CXX minimal/structures/capabilities/wrapper_extraction_readiness_table.o
[130/1034] CXX minimal/structures/capabilities/wrapper_output_mutation_adapter_table.o
[131/1034] CXX minimal/structures/capabilities/wrapper_output_mutation_adapter_row.o
[132/1034] CXX minimal/structures/capabilities/wrapper_runtime_abi_row.o
[133/1034] CXX minimal/structures/capabilities/wrapper_runtime_abi_table.o
[134/1034] CXX minimal/structures/control_flow/control_flow_dataflow_row.o
[135/1034] CXX minimal/structures/control_flow/control_flow_block_row.o
[136/1034] CXX minimal/structures/control_flow/control_flow_edge_row.o
[137/1034] CXX minimal/structures/control_flow/control_flow_dataflow_artifact.o
[138/1034] CXX minimal/structures/frontend/frontend_body_summary_artifact.o
[139/1034] CXX minimal/structures/control_flow/control_flow_graph_artifact.o
[140/1034] CXX minimal/structures/frontend/frontend_body_summary_row.o
[141/1034] CXX minimal/structures/frontend/frontend_declaration_payload_row.o
[142/1034] CXX minimal/structures/frontend/frontend_expression_payload_row.o
[143/1034] CXX minimal/structures/frontend/frontend_literal_payload_row.o
[144/1034] CXX minimal/structures/frontend/frontend_name_payload_row.o
[145/1034] CXX minimal/structures/frontend/frontend_node_list_ref.o
[146/1034] CXX minimal/structures/frontend/frontend_node_list.o
[147/1034] CXX minimal/structures/frontend/frontend_local_binding_summary_row.o
[148/1034] CXX minimal/structures/frontend/frontend_node_row.o
[149/1034] CXX minimal/structures/frontend/frontend_node_segment.o
[150/1034] CXX minimal/structures/frontend/frontend_node_list_owner.o
[151/1034] CXX minimal/structures/frontend/frontend_node_span.o
[152/1034] CXX minimal/structures/frontend/frontend_model.o
[153/1034] CXX minimal/structures/frontend/frontend_statement_payload_row.o
[154/1034] CXX minimal/structures/frontend/frontend_type_syntax_payload_row.o
[155/1034] CXX minimal/structures/frontend/line_start_row.o
[156/1034] CXX minimal/structures/frontend/parser_diagnostic_row.o
[157/1034] CXX minimal/structures/frontend/phs_parser_cursor.o
[158/1034] CXX minimal/structures/frontend/parser_diagnostic_table.o
[159/1034] CXX minimal/structures/frontend/phs_parser_state.o
[160/1034] CXX minimal/structures/frontend/source_buffer_row.o
[161/1034] CXX minimal/structures/frontend/source_range_row.o
[162/1034] CXX minimal/structures/frontend/source_range_ext_row.o
[163/1034] CXX minimal/structures/frontend/source_slice.o
[164/1034] CXX minimal/structures/frontend/token_extended_length_row.o
[165/1034] CXX minimal/structures/frontend/token_list_ref.o
[166/1034] CXX minimal/structures/frontend/token_row.o
[167/1034] CXX minimal/structures/frontend/token_row_list.o
[168/1034] CXX minimal/structures/frontend/token_row_segment.o
[169/1034] CXX minimal/structures/incremental/deterministic_work_order_artifact.o
[170/1034] CXX minimal/structures/frontend/token_row_span.o
[171/1034] CXX minimal/structures/incremental/deterministic_work_order_row.o
[172/1034] CXX minimal/structures/incremental/incremental_snapshot_row.o
[173/1034] CXX minimal/structures/incremental/incremental_deferred_surface_row.o
[174/1034] CXX minimal/structures/incremental/incremental_snapshot_diff_row.o
[175/1034] CXX minimal/structures/incremental/incremental_stage_presence_row.o
[176/1034] CXX minimal/structures/frontend/token_stream.o
[177/1034] CXX minimal/structures/incremental/mt_stage_evaluation_artifact.o
[178/1034] CXX minimal/structures/incremental/mt_stage_evaluation_row.o
[179/1034] CXX minimal/structures/incremental/mt_stage_measurement_row.o
[180/1034] CXX minimal/structures/incremental/mt_stage_worker_activation_gate_row.o
[181/1034] CXX minimal/structures/incremental/mt_stage_worker_payload_transfer_strategy_row.o
[182/1034] CXX minimal/structures/incremental/partition_merge_reduction_artifact.o
[183/1034] CXX minimal/structures/incremental/partition_readiness_row.o
[184/1034] CXX minimal/structures/incremental/mt_stage_worker_result_transfer_contract_row.o
[185/1034] CXX minimal/structures/incremental/partition_readiness_artifact.o
[186/1034] CXX minimal/structures/incremental/mt_worker_segment_row.o
[187/1034] CXX minimal/structures/incremental/partition_merge_reduction_row.o
[188/1034] CXX minimal/structures/incremental/project_incremental_snapshot_diff_artifact.o
[189/1034] CXX minimal/structures/incremental/project_incremental_snapshot_diff_row.o
[190/1034] CXX minimal/structures/incremental/project_incremental_snapshot_row.o
[191/1034] CXX minimal/structures/incremental/resident_body_dependency_row.o
[192/1034] CXX minimal/structures/incremental/resident_daemon_dirty_source_projection_row.o
[193/1034] CXX minimal/structures/incremental/resident_change_event_row.o
[194/1034] CXX minimal/structures/incremental/resident_daemon_source_slot_event_row.o
[195/1034] CXX minimal/structures/incremental/resident_daemon_ipc_artifact.o
[196/1034] CXX minimal/structures/incremental/resident_daemon_loop_policy_row.o
[197/1034] CXX minimal/structures/incremental/resident_daemon_session_row.o
[198/1034] CXX minimal/structures/incremental/resident_daemon_request_row.o
[199/1034] CXX minimal/structures/incremental/resident_daemon_response_row.o
[200/1034] CXX minimal/structures/incremental/resident_daemon_source_slot_scan_row.o
[201/1034] CXX minimal/structures/incremental/resident_daemon_source_slot_stat_row.o
[202/1034] CXX minimal/structures/incremental/resident_dependency_edge_snapshot_row.o
[203/1034] CXX minimal/structures/incremental/resident_dirty_bailout_row.o
[204/1034] CXX minimal/structures/incremental/resident_dirty_budget_row.o
[205/1034] CXX minimal/structures/incremental/resident_dirty_limit_check_row.o
[206/1034] CXX minimal/structures/incremental/resident_dirty_queue_row.o
[207/1034] CXX minimal/structures/incremental/resident_frontend_node_list_snapshot_row.o
[208/1034] CXX minimal/structures/incremental/resident_frontend_node_list_publish_row.o
[209/1034] CXX minimal/structures/incremental/resident_dirty_processed_row.o
[210/1034] CXX minimal/structures/incremental/resident_function_body_change_row.o
[211/1034] CXX minimal/structures/incremental/resident_function_body_incremental_acceptance_row.o
[212/1034] CXX minimal/structures/incremental/resident_function_body_local_parse_proof_row.o
[213/1034] CXX minimal/structures/incremental/resident_function_body_logical_frontend_body_span_descriptor_row.o
[214/1034] CXX minimal/structures/incremental/resident_function_body_logical_frontend_consumer_descriptor_row.o
[215/1034] CXX minimal/structures/incremental/resident_function_body_logical_frontend_reference_candidate_row.o
[216/1034] CXX minimal/structures/incremental/resident_function_body_logical_frontend_view_row.o
[217/1034] CXX minimal/structures/incremental/resident_function_body_mixed_frontend_assembly_proof_row.o
[218/1034] CXX minimal/structures/incremental/resident_function_body_row_list_publish_plan_row.o
[219/1034] CXX minimal/structures/incremental/resident_function_body_snapshot_row.o
[220/1034] CXX minimal/structures/incremental/resident_function_body_parse_slice_row.o
[221/1034] CXX minimal/structures/incremental/resident_function_body_publish_repoint_preflight_row.o
[222/1034] CXX minimal/structures/incremental/resident_function_body_row_list_publish_result_row.o
[223/1034] CXX minimal/structures/incremental/resident_function_body_source_unit_repoint_proof_row.o
[224/1034] CXX minimal/structures/incremental/resident_function_body_stable_node_remap_proof_row.o
[225/1034] CXX minimal/structures/incremental/resident_function_body_summary_project_reference_row.o
[226/1034] CXX minimal/structures/incremental/resident_function_body_work_decision_row.o
[227/1034] CXX minimal/structures/incremental/resident_incremental_file_change_row.o
[228/1034] CXX minimal/structures/incremental/resident_incremental_transaction_row.o
[229/1034] CXX minimal/structures/incremental/resident_project_snapshot_row.o
[230/1034] CXX minimal/structures/incremental/resident_public_surface_incremental_acceptance_row.o
[231/1034] CXX minimal/structures/incremental/resident_recompute_target_row.o
[232/1034] CXX minimal/structures/incremental/resident_project_symbol_name_lookup_row.o
[233/1034] CXX minimal/structures/incremental/resident_project_snapshot_diff_row.o
[234/1034] CXX minimal/structures/incremental/resident_reverse_dependency_index_row.o
[235/1034] CXX minimal/structures/incremental/resident_reverse_dependency_index_ref_row.o
[236/1034] CXX minimal/structures/incremental/resident_reverse_dependency_lookup_row.o
[237/1034] CXX minimal/structures/incremental/resident_source_unit_change_row.o
[238/1034] CXX minimal/structures/incremental/resident_source_unit_early_skip_artifact.o
[239/1034] CXX minimal/structures/incremental/resident_source_unit_early_skip_decision_row.o
[240/1034] CXX minimal/structures/incremental/resident_source_unit_frontend_payload_adoption_row.o
[241/1034] CXX minimal/structures/incremental/resident_source_unit_frontend_payload_transfer_contract_row.o
[242/1034] CXX minimal/structures/incremental/resident_source_unit_frontend_payload_arena_contract_row.o
[243/1034] CXX minimal/structures/incremental/resident_source_unit_frontend_payload_table_row.o
[244/1034] CXX minimal/structures/incremental/resident_source_unit_frontend_task_payload_segment_handle_request_row.o
[245/1034] CXX minimal/structures/incremental/resident_source_unit_frontend_state_row.o
[246/1034] CXX minimal/structures/incremental/resident_source_unit_frontend_task_payload_segment_handle_reservation_row.o
[247/1034] CXX minimal/structures/incremental/resident_source_unit_frontend_task_payload_segment_adoption_publication_row.o
[248/1034] CXX minimal/structures/incremental/resident_source_unit_frontend_task_payload_segment_materialization_row.o
[249/1034] CXX minimal/structures/incremental/resident_source_unit_frontend_task_segment_handle_row.o
[250/1034] CXX minimal/structures/incremental/resident_source_unit_frontend_work_decision_row.o
[251/1034] CXX minimal/structures/incremental/resident_source_unit_snapshot_row.o
[252/1034] CXX minimal/structures/incremental/resident_source_unit_symbol_state_row.o
[253/1034] CXX minimal/structures/incremental/resident_symbol_definition_snapshot_row.o
[254/1034] CXX minimal/structures/incremental/resident_token_list_publish_row.o
[255/1034] CXX minimal/structures/incremental/resident_symbol_definition_change_row.o
[256/1034] CXX minimal/structures/incremental/resident_token_list_snapshot_row.o
[257/1034] CXX minimal/structures/incremental/resident_transaction_step_row.o
[258/1034] CXX minimal/structures/incremental/scheduler_session_row.o
[259/1034] CXX minimal/structures/incremental/scheduler_api_artifact.o
[260/1034] CXX minimal/structures/incremental/scheduler_task_row.o
[261/1034] CXX minimal/structures/incremental/scheduler_worker_row.o
[262/1034] CXX minimal/structures/incremental/source_unit_frontend_dispatch_decision_row.o
[263/1034] CXX minimal/structures/incremental/source_unit_frontend_worker_activation_gate_row.o
[264/1034] CXX minimal/structures/incremental/source_unit_frontend_worker_payload_carrier_contract_row.o
[265/1034] CXX minimal/structures/incremental/source_unit_frontend_worker_payload_carrier_install_row.o
[266/1034] CXX minimal/structures/incremental/source_unit_frontend_worker_payload_install_preflight_row.o
[267/1034] CXX minimal/structures/incremental/source_unit_frontend_worker_payload_production_install_row.o
[268/1034] CXX minimal/structures/incremental/source_unit_frontend_worker_payload_production_swap_row.o
[269/1034] CXX minimal/structures/incremental/source_unit_frontend_worker_payload_replacement_materializer_row.o
[270/1034] CXX minimal/structures/model/frontend_row_kind_descriptor.o
[271/1034] CXX minimal/structures/model/primitive_type_ref_descriptor_row.o
[272/1034] CXX minimal/structures/model/primitive_type_ref_spelling_descriptor_row.o
[273/1034] CXX minimal/structures/model/type_arg_row.o
[274/1034] CXX minimal/structures/model/type_ref_row.o
[275/1034] CXX minimal/structures/model/type_ref_table.o
[276/1034] CXX minimal/structures/operations/feature_operation_route_descriptor_row.o
[277/1034] CXX minimal/structures/operations/operation_contract.o
[278/1034] CXX minimal/structures/operations/operation_blocked_reason_route_row.o
[279/1034] CXX minimal/structures/operations/operation_readiness.o
[280/1034] CXX minimal/structures/operations/take_candidate_row.o
[281/1034] CXX minimal/structures/pipeline/compiler_project_run_row.o
[282/1034] CXX minimal/structures/operations/take_candidate_table.o
[283/1034] CXX minimal/structures/pipeline/pipeline_config.o
[284/1034] CXX minimal/structures/pipeline/pipeline_batch_config.o
[285/1034] CXX minimal/structures/pipeline/project_manifest.o
[286/1034] CXX minimal/structures/pipeline/project_manifest_source_row.o
[287/1034] CXX minimal/structures/project/project_callable_contract_artifact.o
[288/1034] CXX minimal/structures/project/project_callable_contract_row.o
[289/1034] CXX minimal/structures/project/project_dependency_graph.o
[290/1034] CXX minimal/structures/project/project_dependency_graph_edge_row.o
[291/1034] CXX minimal/structures/project/project_dependency_graph_node_row.o
[292/1034] CXX minimal/structures/project/project_dirty_fanout_row.o
[293/1034] CXX minimal/structures/project/project_dirty_reuse_projection_row.o
[294/1034] CXX minimal/structures/project/project_frontend_model.o
[295/1034] CXX minimal/structures/project/project_frontend_source_row.o
[296/1034] CXX minimal/structures/project/project_reference_actual_argument_row.o
[297/1034] CXX minimal/structures/project/project_reference_resolution.o
[298/1034] CXX minimal/structures/project/project_reference_resolution_row.o
[299/1034] CXX minimal/structures/project/project_symbol_function_import_row.o
[300/1034] CXX minimal/structures/project/project_symbol_index.o
[301/1034] CXX minimal/structures/project/project_symbol_index_row.o
[302/1034] CXX minimal/structures/project/project_symbol_parameter_row.o
[303/1034] CXX minimal/structures/project/source_read_descriptor_row.o
[304/1034] CXX minimal/structures/project/source_read_result_row.o
[305/1034] CXX minimal/structures/project/source_unit_table.o
[306/1034] CXX minimal/structures/project/source_read_table.o
[307/1034] CXX minimal/structures/project/source_unit_table_row.o
[308/1034] CXX minimal/structures/support/artifact_write_record.o
[309/1034] CXX minimal/structures/support/artifact_write_report_record.o
[310/1034] CXX minimal/structures/support/row_list_publish_result.o
[311/1034] CXX minimal/__callable/prepare_outputs_locations.o
[312/1034] CXX minimal/__callable/llvm_abi_call_lowering_locations.o
[313/1034] CXX minimal/__callable/analysis_context_locations.o
[314/1034] CXX minimal/__callable/analysis_context_identity_locations.o
[315/1034] CXX minimal/__callable/runtime_abi_bridge_locations.o
[316/1034] CXX minimal/__callable/runtime_helper_effects_locations.o
[317/1034] CXX minimal/__callable/llvm_abi_declarations_locations.o
[318/1034] CXX minimal/__callable/string_runtime_abi_locations.o
[319/1034] CXX minimal/__callable/backend_emission_adapter_routes_locations.o
[320/1034] CXX minimal/structures/pipeline/compiler_project_run_report.o
[321/1034] CXX minimal/__callable/backend_emission_decisions_locations.o
[322/1034] CXX minimal/__callable/backend_loop_text_emission_locations.o
[323/1034] CXX minimal/__callable/backend_module_composition_locations.o
[324/1034] CXX minimal/__callable/backend_native_execution_adapter_locations.o
[325/1034] CXX minimal/__callable/backend_partition_readiness_locations.o
[326/1034] CXX minimal/__callable/backend_object_link_cache_locations.o
[327/1034] CXX minimal/__callable/compiler_entry_backend_locations.o
[328/1034] CXX minimal/__callable/backend_preflight_requests_locations.o
[329/1034] CXX minimal/__callable/llvm_api_sink_preflight_locations.o
[330/1034] CXX minimal/__callable/llvm_api_toolchain_probe_locations.o
[331/1034] CXX minimal/__callable/llvm_text_from_plan_locations.o
[332/1034] CXX minimal/__callable/local_body_lowering_locations.o
[333/1034] CXX minimal/__callable/local_body_lowering_routes_locations.o
[334/1034] CXX minimal/__callable/lowering_plan_locations.o
[335/1034] CXX minimal/__callable/primitive_abi_adapter_matrix_locations.o
[336/1034] CXX minimal/__callable/scalar_body_statement_collection_locations.o
[337/1034] CXX minimal/__callable/scalar_body_backend_collection_locations.o
[338/1034] CXX minimal/__callable/scalar_loop_backend_requests_locations.o
[339/1034] CXX minimal/__callable/capability_consumer_plans_locations.o
[340/1034] CXX minimal/__callable/runtime_helper_contract_readiness_locations.o
[341/1034] CXX minimal/__callable/storage_lifetime_readiness_locations.o
[342/1034] CXX minimal/__callable/type_capability_readiness_locations.o
[343/1034] CXX minimal/__callable/type_traits_locations.o
[344/1034] CXX minimal/__callable/control_flow_dataflows_locations.o
[345/1034] CXX minimal/__callable/control_flow_graphs_locations.o
[346/1034] CXX minimal/__callable/control_flow_transfers_locations.o
[347/1034] CXX minimal/__callable/frontend_model_builder_locations.o
[348/1034] CXX minimal/__callable/parser_cursor_locations.o
[349/1034] CXX minimal/__callable/parser_diagnostics_locations.o
[350/1034] CXX minimal/__callable/parser_state_locations.o
[351/1034] CXX minimal/__callable/phs_tokenizer_locations.o
[352/1034] CXX minimal/__callable/token_kinds_locations.o
[353/1034] CXX minimal/__callable/deterministic_work_ordering_locations.o
[354/1034] CXX minimal/__callable/mt_stage_evaluation_locations.o
[355/1034] CXX minimal/__callable/partition_merge_reductions_locations.o
[356/1034] CXX minimal/__callable/partition_readiness_locations.o
[357/1034] CXX minimal/__callable/resident_body_dependencies_locations.o
[358/1034] CXX minimal/__callable/resident_change_events_locations.o
[359/1034] CXX minimal/__callable/resident_daemon_file_ipc_locations.o
[360/1034] CXX minimal/__callable/resident_daemon_incremental_proof_locations.o
[361/1034] CXX minimal/__callable/resident_dirty_propagation_locations.o
[362/1034] CXX minimal/__callable/resident_definition_granularity_locations.o
[363/1034] CXX minimal/__callable/resident_dependency_edges_locations.o
[364/1034] CXX minimal/__callable/resident_frontend_node_lists_locations.o
[365/1034] CXX minimal/__callable/resident_function_body_incremental_acceptance_locations.o
[366/1034] CXX minimal/__callable/resident_function_body_local_parse_proofs_locations.o
[367/1034] CXX minimal/__callable/resident_function_body_logical_frontend_reference_candidates_locations.o
[368/1034] CXX minimal/__callable/resident_function_body_logical_frontend_consumer_descriptors_locations.o
[369/1034] CXX minimal/__callable/resident_function_body_mixed_frontend_assembly_proofs_locations.o
[370/1034] CXX minimal/__callable/resident_function_body_logical_frontend_views_locations.o
[371/1034] CXX minimal/__callable/resident_function_body_ownership_locations.o
[372/1034] CXX minimal/__callable/resident_function_body_parse_slices_locations.o
[373/1034] CXX minimal/__callable/resident_function_body_publish_repoint_preflights_locations.o
[374/1034] CXX minimal/__callable/resident_function_body_row_list_publish_plans_locations.o
[375/1034] CXX minimal/__callable/resident_function_body_row_list_publish_results_locations.o
[376/1034] CXX minimal/__callable/resident_function_body_source_unit_repoint_proofs_locations.o
[377/1034] CXX minimal/__callable/resident_function_body_stable_node_remap_proofs_locations.o
[378/1034] CXX minimal/__callable/resident_function_body_summary_project_references_locations.o
[379/1034] CXX minimal/__callable/resident_function_body_work_decisions_locations.o
[380/1034] CXX minimal/__callable/resident_project_symbol_name_lookups_locations.o
[381/1034] CXX minimal/__callable/resident_public_surface_incremental_acceptance_locations.o
[382/1034] CXX minimal/__callable/resident_recompute_targets_locations.o
[383/1034] CXX minimal/__callable/resident_reverse_dependencies_locations.o
[384/1034] CXX minimal/__callable/resident_reverse_dependency_indexes_locations.o
[385/1034] CXX minimal/__callable/resident_source_unit_frontend_payload_tables_locations.o
[386/1034] CXX minimal/__callable/resident_source_unit_frontend_states_locations.o
[387/1034] CXX minimal/__callable/resident_source_unit_symbol_states_locations.o
[388/1034] CXX minimal/__callable/resident_token_lists_locations.o
[389/1034] CXX minimal/__callable/resident_transactions_locations.o
[390/1034] CXX minimal/__callable/scheduler_api_locations.o
[391/1034] CXX minimal/__callable/source_unit_early_skip_locations.o
[392/1034] CXX minimal/__callable/source_unit_frontend_scheduler_locations.o
[393/1034] CXX minimal/__callable/source_unit_frontend_work_decisions_locations.o
[394/1034] CXX minimal/__callable/callable_contract_identity_locations.o
[395/1034] CXX minimal/__callable/dependency_graph_identity_locations.o
[396/1034] CXX minimal/__callable/frontend_body_summaries_locations.o
[397/1034] CXX minimal/__callable/project_callable_contracts_locations.o
[398/1034] CXX minimal/__callable/project_dependency_graph_locations.o
[399/1034] CXX minimal/__callable/project_symbol_identity_locations.o
[400/1034] CXX minimal/__callable/project_reference_resolution_locations.o
[401/1034] CXX minimal/__callable/project_symbol_index_locations.o
[402/1034] CXX minimal/__callable/reference_identity_locations.o
[403/1034] CXX minimal/__callable/source_buffers_locations.o
[404/1034] CXX minimal/__callable/source_identity_locations.o
[405/1034] CXX minimal/__callable/source_units_locations.o
[406/1034] CXX minimal/__callable/type_ref_identity_locations.o
[407/1034] CXX minimal/__callable/type_refs_locations.o
[408/1034] CXX minimal/__callable/operation_readiness_locations.o
[409/1034] CXX minimal/__callable/compiler_pipeline_runner_locations.o
[410/1034] CXX minimal/__callable/compiler_project_runner_locations.o
[411/1034] CXX minimal/__callable/pipeline_config_helpers_locations.o
[412/1034] CXX minimal/__callable/project_manifest_locations.o
[413/1034] CXX minimal/__callable/semantic_body_capability_consumers_locations.o
[414/1034] CXX minimal/__callable/artifact_writes_locations.o
[415/1034] CXX minimal/__callable/compiler_execution_artifacts_locations.o
[416/1034] CXX minimal/__callable/compiler_export_artifacts_locations.o
[417/1034] CXX minimal/__callable/compiler_profile_events_locations.o
[418/1034] CXX minimal/__callable/compiler_project_run_row_artifacts_locations.o
[419/1034] CXX minimal/__callable/mt_publication_metrics_locations.o
[420/1034] CXX minimal/__callable/debug_profile_gate_results_locations.o
[421/1034] CXX minimal/__callable/output_paths_locations.o
[422/1034] CXX minimal/__callable/performance_memory_estimates_locations.o
[423/1034] CXX minimal/__callable/proof_metrics_locations.o
[424/1034] CXX minimal/__callable/production_mt_heartbeat_locations.o
[425/1034] CXX minimal/__callable/pure_tdd_stage_artifacts_locations.o
[426/1034] CXX minimal/__callable/resident_snapshots_locations.o
[427/1034] CXX minimal/__callable/source_files_locations.o
[428/1034] CXX minimal/__callable/gate_result_debug_helpers_locations.o
[429/1034] CXX minimal/__callable/semantic_callable_candidates_locations.o
[430/1034] CXX minimal/__callable/semantic_conversion_lookup_locations.o
[431/1034] CXX minimal/__callable/semantic_lookup_manifest_generated_locations.o
[432/1034] CXX minimal/__callable/semantic_module_api_lookup_locations.o
[433/1034] CXX minimal/__callable/semantic_operator_lookup_locations.o
[434/1034] CXX minimal/__callable/semantic_runtime_abi_bridge_locations.o
[435/1034] CXX minimal/__callable/semantic_runtime_abi_declarations_locations.o
[436/1034] CXX minimal/__callable/semantic_type_ref_providers_locations.o
[437/1034] CXX minimal/__callable/gate_result_inspection_helpers_locations.o
[438/1034] CXX minimal/__callable/gate_profile_helpers_locations.o
[439/1034] CXX minimal/__callable/backend_request_row_lists_locations.o
[440/1034] CXX minimal/__callable/frontend_model_tables_locations.o
[441/1034] CXX minimal/__callable/frontend_node_lists_locations.o
[442/1034] CXX minimal/__callable/structure_row_ids_locations.o
[443/1034] CXX minimal/__callable/row_segment_policy_locations.o
[444/1034] CXX minimal/__callable/token_row_lists_locations.o
[445/1034] CXX minimal/__callable/token_tables_locations.o
[446/1034] CALLABLE_PART minimal_parts/__callable/prepare_outputs_group_0.o
[447/1034] CALLABLE_PART minimal_parts/__callable/analysis_context_identity_group_0.o
[448/1034] CALLABLE_PART minimal_parts/__callable/analysis_context_group_0.o
[449/1034] CALLABLE_PART minimal_parts/__callable/llvm_abi_call_lowering_group_0.o
[450/1034] CALLABLE_PART minimal_parts/__callable/analysis_context_group_1.o
[451/1034] CALLABLE_PART minimal_parts/__callable/llvm_abi_declarations_group_0.o
[452/1034] CALLABLE_PART minimal_parts/__callable/runtime_helper_effects_group_0.o
[453/1034] CALLABLE_PART minimal_parts/__callable/runtime_abi_bridge_group_2.o
[454/1034] CALLABLE_PART minimal_parts/__callable/runtime_abi_bridge_group_0.o
[455/1034] CALLABLE_PART minimal_parts/__callable/string_runtime_abi_group_0.o
[456/1034] CALLABLE_PART minimal_parts/__callable/runtime_abi_bridge_group_1.o
[457/1034] CALLABLE_PART minimal_parts/__callable/string_runtime_abi_group_1.o
[458/1034] CALLABLE_PART minimal_parts/__callable/backend_emission_adapter_routes_group_0.o
[459/1034] CALLABLE_PART minimal_parts/__callable/backend_emission_adapter_routes_group_1.o
[460/1034] CALLABLE_PART minimal_parts/__callable/backend_emission_adapter_routes_group_2.o
[461/1034] CALLABLE_PART minimal_parts/__callable/backend_emission_decisions_group_1.o
[462/1034] CALLABLE_PART minimal_parts/__callable/backend_emission_decisions_group_0.o
[463/1034] CALLABLE_PART minimal_parts/__callable/backend_emission_decisions_group_2.o
[464/1034] CALLABLE_PART minimal_parts/__callable/backend_emission_decisions_group_6.o
[465/1034] CALLABLE_PART minimal_parts/__callable/backend_loop_text_emission_group_0.o
[466/1034] CALLABLE_PART minimal_parts/__callable/backend_emission_decisions_group_5.o
[467/1034] CALLABLE_PART minimal_parts/__callable/backend_emission_decisions_group_4.o
[468/1034] CALLABLE_PART minimal_parts/__callable/backend_emission_decisions_group_3.o
[469/1034] CALLABLE_PART minimal_parts/__callable/backend_native_execution_adapter_group_0.o
[470/1034] CALLABLE_PART minimal_parts/__callable/backend_native_execution_adapter_group_1.o
[471/1034] CALLABLE_PART minimal_parts/__callable/backend_object_link_cache_group_0.o
[472/1034] CALLABLE_PART minimal_parts/__callable/backend_module_composition_group_0.o
[473/1034] CALLABLE_PART minimal_parts/__callable/backend_object_link_cache_group_1.o
[474/1034] CALLABLE_PART minimal_parts/__callable/backend_object_link_cache_group_2.o
[475/1034] CALLABLE_PART minimal_parts/__callable/backend_object_link_cache_group_3.o
[476/1034] CALLABLE_PART minimal_parts/__callable/backend_partition_readiness_group_0.o
[477/1034] CALLABLE_PART minimal_parts/__callable/backend_object_link_cache_group_6.o
[478/1034] CALLABLE_PART minimal_parts/__callable/backend_preflight_requests_group_0.o
[479/1034] CALLABLE_PART minimal_parts/__callable/backend_partition_readiness_group_2.o
[480/1034] CALLABLE_PART minimal_parts/__callable/backend_partition_readiness_group_1.o
[481/1034] CALLABLE_PART minimal_parts/__callable/backend_preflight_requests_group_1.o
[482/1034] CALLABLE_PART minimal_parts/__callable/backend_preflight_requests_group_2.o
[483/1034] CALLABLE_PART minimal_parts/__callable/backend_object_link_cache_group_5.o
[484/1034] CALLABLE_PART minimal_parts/__callable/backend_preflight_requests_group_3.o
[485/1034] CALLABLE_PART minimal_parts/__callable/backend_preflight_requests_group_4.o
[486/1034] CALLABLE_PART minimal_parts/__callable/backend_object_link_cache_group_4.o
[487/1034] CALLABLE_PART minimal_parts/__callable/backend_preflight_requests_group_5.o
[488/1034] CALLABLE_PART minimal_parts/__callable/backend_preflight_requests_group_6.o
[489/1034] CALLABLE_PART minimal_parts/__callable/backend_preflight_requests_group_7.o
[490/1034] CALLABLE_PART minimal_parts/__callable/backend_preflight_requests_group_9.o
[491/1034] CALLABLE_PART minimal_parts/__callable/backend_preflight_requests_group_10.o
[492/1034] CALLABLE_PART minimal_parts/__callable/backend_preflight_requests_group_8.o
[493/1034] CALLABLE_PART minimal_parts/__callable/backend_preflight_requests_group_11.o
[494/1034] CALLABLE_PART minimal_parts/__callable/backend_preflight_requests_group_14.o
[495/1034] CALLABLE_PART minimal_parts/__callable/backend_preflight_requests_group_12.o
[496/1034] CALLABLE_PART minimal_parts/__callable/backend_preflight_requests_group_13.o
[497/1034] CALLABLE_PART minimal_parts/__callable/backend_preflight_requests_group_16.o
[498/1034] CALLABLE_PART minimal_parts/__callable/backend_preflight_requests_group_15.o
[499/1034] CALLABLE_PART minimal_parts/__callable/backend_preflight_requests_group_17.o
[500/1034] CALLABLE_PART minimal_parts/__callable/compiler_entry_backend_group_1.o
FAILED: minimal_parts/__callable/compiler_entry_backend_group_1.o 
clang++ -std=c++23 -fPIC -O0 -g1 -pipe -I../../../vendor/runtime/include -I../minimal/generated -DSCPP_LANGUAGE_TARGET_PHP=1 -DSCPP_HAS_MYSQLI=0 -DSCPP_HAS_REGEX=0 -DSCPP_HAS_CURL=0 -DSCPP_HAS_TASKS=1 -DSCPP_TASKS_DEFAULT_WORKER_POOL_SIZE=0 -DSCPP_HAS_UI=0 -DSCPP_HAS_WEBVIEW=0 -DSCPP_ENABLE_CALL_DEPTH_GUARD=1 -DSCPP_MAX_CALL_DEPTH=4096 -Winvalid-pch -include expanded_runtime_pch.hpp -MMD -MF minimal_parts/__callable/compiler_entry_backend_group_1.o.d -MT minimal_parts/__callable/compiler_entry_backend_group_1.o -c /tmp/scpp-edit-latency-20260919/app/.prism/minimal/generated/__callable/compiler_entry_backend_group_1.cpp -o minimal_parts/__callable/compiler_entry_backend_group_1.o
In file included from /tmp/scpp-edit-latency-20260919/app/.prism/minimal/generated/__callable/compiler_entry_backend_group_1.cpp:34:
../minimal/generated/__callable/__latency_fn_compiler_entry_backend_append_assignment_backend_requests_in_source_range.hpp:10:3: error: use of undeclared identifier '__latency_fn_compiler_entry_backend_append_assignment_backend_requests_in_source_range__exec'; did you mean '__latency_fn_compiler_entry_backend_append_assignment_backend_requests_in_source_range'?
   10 |                 __latency_fn_compiler_entry_backend_append_assignment_backend_requests_in_source_range__exec(backendRequests, capabilityCoverage, symbol, assignmentSourceRowIds, assignmentTypeRefIds, assignmentTargetLocalSourceRowIds, assignmentValueSourceRowIds, assignmentValues, assignmentValueTexts, assignmentLocalOperationIds, binarySourceRowIds, binaryFeatureIds, binaryLeftLocalSourceRowIds, binaryRightSourceRowIds, binaryRightValues, firstSourceRowId, lastSourceRowId, binaryIndex);
      |                 ^~~~~~~~~~~~~~~~~~~~~~~~~~~~~~~~~~~~~~~~~~~~~~~~~~~~~~~~~~~~~~~~~~~~~~~~~~~~~~~~~~~~~~~~~~~~
      |                 __latency_fn_compiler_entry_backend_append_assignment_backend_requests_in_source_range
../minimal/generated/__callable/__latency_fn_compiler_entry_backend_append_assignment_backend_requests_in_source_range.hpp:8:7: note: '__latency_fn_compiler_entry_backend_append_assignment_backend_requests_in_source_range' declared here
    8 |         void __latency_fn_compiler_entry_backend_append_assignment_backend_requests_in_source_range(shared_p<BackendRequestAuthorizationArtifact>& backendRequests, shared_p<CapabilityCoverageArtifact> capabilityCoverage, ProjectSymbolIndexRow symbol, const vector_t<int_t<std::uint32_t>>& assignmentSourceRowIds, const vector_t<int_t<std::uint32_t>>& assignmentTypeRefIds, const vector_t<int_t<std::uint32_t>>& assignmentTargetLocalSourceRowIds, const vector_t<int_t<std::uint32_t>>& assignmentValueSourceRowIds, const vector_t<int_t<std::int32_t>>& assignmentValues, const vector_t<string_t>& assignmentValueTexts, const vector_t<int_t<std::uint16_t>>& assignmentLocalOperationIds, const vector_t<int_t<std::uint32_t>>& binarySourceRowIds, const vector_t<int_t<std::uint16_t>>& binaryFeatureIds, const vector_t<int_t<std::uint32_t>>& binaryLeftLocalSourceRowIds, const vector_t<int_t<std::uint32_t>>& binaryRightSourceRowIds, const vector_t<int_t<std::int32_t>>& binaryRightValues, int_t<std::uint32_t> firstSourceRowId, int_t<std::uint32_t> lastSourceRowId, T_binaryIndex&& _binaryIndex) {
      |              ^
In file included from /tmp/scpp-edit-latency-20260919/app/.prism/minimal/generated/__callable/compiler_entry_backend_group_1.cpp:82:
../minimal/generated/__callable/__latency_fn_scalar_loop_backend_requests_append_for_statement_sequence_requests.hpp:11:3: error: use of undeclared identifier '__latency_fn_scalar_loop_backend_requests_append_for_statement_sequence_requests__exec'; did you mean '__latency_fn_scalar_loop_backend_requests_append_for_statement_sequence_requests'?
   11 |                 __latency_fn_scalar_loop_backend_requests_append_for_statement_sequence_requests__exec(backendRequests, capabilityCoverage, symbol, assignmentSourceRowIds, assignmentTypeRefIds, assignmentTargetLocalSourceRowIds, assignmentValueSourceRowIds, assignmentValues, assignmentValueTexts, assignmentLocalOperationIds, binarySourceRowIds, binaryFeatureIds, binaryLeftLocalSourceRowIds, binaryRightSourceRowIds, binaryRightValues, forSourceRowId, forConditionSourceRowId, bodySequence, forInitStatementRowId, forUpdateStatementRowId, forUpdateLastSourceRowId, forConditionLocalSourceRowId, forConditionProviderTypeRefId, forConditionTypeRefId, forConditionValue, forConditionLocalOperationId, returnSourceRowId, returnLocalSourceRowId, returnValueSourceRowId, returnTypeRefId, binaryIndex);
      |                 ^~~~~~~~~~~~~~~~~~~~~~~~~~~~~~~~~~~~~~~~~~~~~~~~~~~~~~~~~~~~~~~~~~~~~~~~~~~~~~~~~~~~~~
      |                 __latency_fn_scalar_loop_backend_requests_append_for_statement_sequence_requests
../minimal/generated/__callable/__latency_fn_scalar_loop_backend_requests_append_for_statement_sequence_requests.hpp:9:7: note: '__latency_fn_scalar_loop_backend_requests_append_for_statement_sequence_requests' declared here
    9 |         void __latency_fn_scalar_loop_backend_requests_append_for_statement_sequence_requests(shared_p<BackendRequestAuthorizationArtifact>& backendRequests, shared_p<CapabilityCoverageArtifact> capabilityCoverage, ProjectSymbolIndexRow symbol, const vector_t<int_t<std::uint32_t>>& assignmentSourceRowIds, const vector_t<int_t<std::uint32_t>>& assignmentTypeRefIds, const vector_t<int_t<std::uint32_t>>& assignmentTargetLocalSourceRowIds, const vector_t<int_t<std::uint32_t>>& assignmentValueSourceRowIds, const vector_t<int_t<std::int32_t>>& assignmentValues, const vector_t<string_t>& assignmentValueTexts, const vector_t<int_t<std::uint16_t>>& assignmentLocalOperationIds, const vector_t<int_t<std::uint32_t>>& binarySourceRowIds, const vector_t<int_t<std::uint16_t>>& binaryFeatureIds, const vector_t<int_t<std::uint32_t>>& binaryLeftLocalSourceRowIds, const vector_t<int_t<std::uint32_t>>& binaryRightSourceRowIds, const vector_t<int_t<std::int32_t>>& binaryRightValues, int_t<std::uint32_t> forSourceRowId, int_t<std::uint32_t> forConditionSourceRowId, shared_p<ScalarLoopBodyStatementSequence> bodySequence, int_t<std::uint32_t> forInitStatementRowId, int_t<std::uint32_t> forUpdateStatementRowId, int_t<std::uint32_t> forUpdateLastSourceRowId, int_t<std::uint32_t> forConditionLocalSourceRowId, int_t<std::uint32_t> forConditionProviderTypeRefId, int_t<std::uint32_t> forConditionTypeRefId, int_t<std::int32_t> forConditionValue, int_t<std::uint16_t> forConditionLocalOperationId, int_t<std::uint32_t> returnSourceRowId, int_t<std::uint32_t> returnLocalSourceRowId, int_t<std::uint32_t> returnValueSourceRowId, int_t<std::uint32_t> returnTypeRefId, T_binaryIndex&& _binaryIndex) {
      |              ^
In file included from /tmp/scpp-edit-latency-20260919/app/.prism/minimal/generated/__callable/compiler_entry_backend_group_1.cpp:83:
../minimal/generated/__callable/__latency_fn_scalar_loop_backend_requests_append_while_statement_sequence_requests.hpp:11:3: error: use of undeclared identifier '__latency_fn_scalar_loop_backend_requests_append_while_statement_sequence_requests__exec'; did you mean '__latency_fn_scalar_loop_backend_requests_append_while_statement_sequence_requests'?
   11 |                 __latency_fn_scalar_loop_backend_requests_append_while_statement_sequence_requests__exec(backendRequests, capabilityCoverage, symbol, assignmentSourceRowIds, assignmentTypeRefIds, assignmentTargetLocalSourceRowIds, assignmentValueSourceRowIds, assignmentValues, assignmentValueTexts, assignmentLocalOperationIds, binarySourceRowIds, binaryFeatureIds, binaryLeftLocalSourceRowIds, binaryRightSourceRowIds, binaryRightValues, whileSourceRowId, whileConditionSourceRowId, bodySequence, whileConditionLocalSourceRowId, whileConditionProviderTypeRefId, whileConditionTypeRefId, whileConditionValue, whileConditionLocalOperationId, returnSourceRowId, returnLocalSourceRowId, returnValueSourceRowId, returnTypeRefId, binaryIndex);
      |                 ^~~~~~~~~~~~~~~~~~~~~~~~~~~~~~~~~~~~~~~~~~~~~~~~~~~~~~~~~~~~~~~~~~~~~~~~~~~~~~~~~~~~~~~~
      |                 __latency_fn_scalar_loop_backend_requests_append_while_statement_sequence_requests
../minimal/generated/__callable/__latency_fn_scalar_loop_backend_requests_append_while_statement_sequence_requests.hpp:9:7: note: '__latency_fn_scalar_loop_backend_requests_append_while_statement_sequence_requests' declared here
    9 |         void __latency_fn_scalar_loop_backend_requests_append_while_statement_sequence_requests(shared_p<BackendRequestAuthorizationArtifact>& backendRequests, shared_p<CapabilityCoverageArtifact> capabilityCoverage, ProjectSymbolIndexRow symbol, const vector_t<int_t<std::uint32_t>>& assignmentSourceRowIds, const vector_t<int_t<std::uint32_t>>& assignmentTypeRefIds, const vector_t<int_t<std::uint32_t>>& assignmentTargetLocalSourceRowIds, const vector_t<int_t<std::uint32_t>>& assignmentValueSourceRowIds, const vector_t<int_t<std::int32_t>>& assignmentValues, const vector_t<string_t>& assignmentValueTexts, const vector_t<int_t<std::uint16_t>>& assignmentLocalOperationIds, const vector_t<int_t<std::uint32_t>>& binarySourceRowIds, const vector_t<int_t<std::uint16_t>>& binaryFeatureIds, const vector_t<int_t<std::uint32_t>>& binaryLeftLocalSourceRowIds, const vector_t<int_t<std::uint32_t>>& binaryRightSourceRowIds, const vector_t<int_t<std::int32_t>>& binaryRightValues, int_t<std::uint32_t> whileSourceRowId, int_t<std::uint32_t> whileConditionSourceRowId, shared_p<ScalarLoopBodyStatementSequence> bodySequence, int_t<std::uint32_t> whileConditionLocalSourceRowId, int_t<std::uint32_t> whileConditionProviderTypeRefId, int_t<std::uint32_t> whileConditionTypeRefId, int_t<std::int32_t> whileConditionValue, int_t<std::uint16_t> whileConditionLocalOperationId, int_t<std::uint32_t> returnSourceRowId, int_t<std::uint32_t> returnLocalSourceRowId, int_t<std::uint32_t> returnValueSourceRowId, int_t<std::uint32_t> returnTypeRefId, T_binaryIndex&& _binaryIndex) {
      |              ^
In file included from /tmp/scpp-edit-latency-20260919/app/.prism/minimal/generated/__callable/compiler_entry_backend_group_1.cpp:34:
../minimal/generated/__callable/__latency_fn_compiler_entry_backend_append_assignment_backend_requests_in_source_range.hpp:9:25: error: use of undeclared identifier '__latency_fn_compiler_entry_backend__norm_append_assignment_backend_requests_in_source_range__binaryIndex'
    9 |         int_t<>& binaryIndex = __latency_fn_compiler_entry_backend__norm_append_assignment_backend_requests_in_source_range__binaryIndex(std::forward<T_binaryIndex>(_binaryIndex));
      |                                ^
/tmp/scpp-edit-latency-20260919/app/.prism/minimal/generated/__callable/compiler_entry_backend_group_1.cpp:626:3: note: in instantiation of function template specialization 'scpp::__latency_fn_compiler_entry_backend_append_assignment_backend_requests_in_source_range<scpp::int_t<> &>' requested here
  626 |                 __latency_fn_compiler_entry_backend_append_assignment_backend_requests_in_source_range(backendRequests, capabilityCoverage, symbol, body->assignment_source_row_ids, body->assignment_type_ref_ids, body->assignment_target_local_source_row_ids, body->assignment_value_source_row_ids, body->assignment_values, body->assignment_value_texts, body->assignment_local_operation_ids, body->binary_source_row_ids, body->binary_feature_ids, body->binary_left_local_source_row_ids, body->binary_right_source_row_ids, body->binary_right_values, __latency_fn_structure_row_ids_none_id(), __latency_fn_structure_row_ids_uint32_from_int((cast<int_t<>>(ifSourceRowId) - static_cast<int_t<> >(1))), binaryIndex);
      |                 ^
In file included from /tmp/scpp-edit-latency-20260919/app/.prism/minimal/generated/__callable/compiler_entry_backend_group_1.cpp:83:
../minimal/generated/__callable/__latency_fn_scalar_loop_backend_requests_append_while_statement_sequence_requests.hpp:10:25: error: use of undeclared identifier '__latency_fn_scalar_loop_backend_requests__norm_append_while_statement_sequence_requests__binaryIndex'
   10 |         int_t<>& binaryIndex = __latency_fn_scalar_loop_backend_requests__norm_append_while_statement_sequence_requests__binaryIndex(std::forward<T_binaryIndex>(_binaryIndex));
      |                                ^
/tmp/scpp-edit-latency-20260919/app/.prism/minimal/generated/__callable/compiler_entry_backend_group_1.cpp:661:4: note: in instantiation of function template specialization 'scpp::__latency_fn_scalar_loop_backend_requests_append_while_statement_sequence_requests<scpp::int_t<> &>' requested here
  661 |                         __latency_fn_scalar_loop_backend_requests_append_while_statement_sequence_requests(backendRequests, capabilityCoverage, symbol, body->assignment_source_row_ids, body->assignment_type_ref_ids, body->assignment_target_local_source_row_ids, body->assignment_value_source_row_ids, body->assignment_values, body->assignment_value_texts, body->assignment_local_operation_ids, body->binary_source_row_ids, body->binary_feature_ids, body->binary_left_local_source_row_ids, body->binary_right_source_row_ids, body->binary_right_values, whileSourceRowId, whileConditionSourceRowId, whileBodySequence, whileConditionLocalSourceRowId, whileConditionProviderTypeRefId, whileConditionTypeRefId, whileConditionValue, whileConditionLocalOperationId, returnSourceRowId, returnLocalSourceRowId, returnValueSourceRowId, returnTypeRefId, binaryIndex);
      |                         ^
In file included from /tmp/scpp-edit-latency-20260919/app/.prism/minimal/generated/__callable/compiler_entry_backend_group_1.cpp:82:
../minimal/generated/__callable/__latency_fn_scalar_loop_backend_requests_append_for_statement_sequence_requests.hpp:10:25: error: use of undeclared identifier '__latency_fn_scalar_loop_backend_requests__norm_append_for_statement_sequence_requests__binaryIndex'
   10 |         int_t<>& binaryIndex = __latency_fn_scalar_loop_backend_requests__norm_append_for_statement_sequence_requests__binaryIndex(std::forward<T_binaryIndex>(_binaryIndex));
      |                                ^
/tmp/scpp-edit-latency-20260919/app/.prism/minimal/generated/__callable/compiler_entry_backend_group_1.cpp:665:5: note: in instantiation of function template specialization 'scpp::__latency_fn_scalar_loop_backend_requests_append_for_statement_sequence_requests<scpp::int_t<> &>' requested here
  665 |                                 __latency_fn_scalar_loop_backend_requests_append_for_statement_sequence_requests(backendRequests, capabilityCoverage, symbol, body->assignment_source_row_ids, body->assignment_type_ref_ids, body->assignment_target_local_source_row_ids, body->assignment_value_source_row_ids, body->assignment_values, body->assignment_value_texts, body->assignment_local_operation_ids, body->binary_source_row_ids, body->binary_feature_ids, body->binary_left_local_source_row_ids, body->binary_right_source_row_ids, body->binary_right_values, forSourceRowId, forConditionSourceRowId, forBodySequence, forInitStatementRowId, forUpdateStatementRowId, forUpdateLastSourceRowId, forConditionLocalSourceRowId, forConditionProviderTypeRefId, forConditionTypeRefId, forConditionValue, forConditionLocalOperationId, returnSourceRowId, returnLocalSourceRowId, returnValueSourceRowId, returnTypeRefId, binaryIndex);
      |                                 ^
6 errors generated.
[501/1034] CALLABLE_PART minimal_parts/__callable/llvm_api_sink_preflight_group_0.o
[502/1034] CALLABLE_PART minimal_parts/__callable/compiler_entry_backend_group_2.o
[503/1034] CALLABLE_PART minimal_parts/__callable/compiler_entry_backend_group_0.o
[504/1034] CALLABLE_PART minimal_parts/__callable/llvm_api_sink_preflight_group_1.o
[505/1034] CALLABLE_PART minimal_parts/__callable/llvm_api_sink_preflight_group_2.o
[506/1034] CALLABLE_PART minimal_parts/__callable/llvm_api_sink_preflight_group_3.o
[507/1034] CALLABLE_PART minimal_parts/__callable/llvm_api_toolchain_probe_group_0.o
[508/1034] CALLABLE_PART minimal_parts/__callable/llvm_text_from_plan_group_0.o
[509/1034] CALLABLE_PART minimal_parts/__callable/llvm_api_toolchain_probe_group_2.o
[510/1034] CALLABLE_PART minimal_parts/__callable/llvm_api_toolchain_probe_group_1.o
[511/1034] CALLABLE_PART minimal_parts/__callable/llvm_text_from_plan_group_1.o
ninja: build stopped: subcommand failed.
