[1/423] CALLABLE_PART minimal_parts/__callable/llvm_api_sink_preflight_group_0.o
[2/423] CALLABLE_PART minimal_parts/__callable/lowering_plan_group_0.o
[3/423] CALLABLE_PART minimal_parts/__callable/analysis_context_group_0.o
[4/423] CALLABLE_PART minimal_parts/__callable/llvm_text_from_plan_group_19.o
[5/423] CALLABLE_PART minimal_parts/__callable/backend_emission_decisions_group_0.o
[6/423] CALLABLE_PART minimal_parts/__callable/llvm_text_from_plan_group_21.o
[7/423] CALLABLE_PART minimal_parts/__callable/llvm_api_sink_preflight_group_1.o
[8/423] CALLABLE_PART minimal_parts/__callable/llvm_text_from_plan_group_13.o
[9/423] CALLABLE_PART minimal_parts/__callable/analysis_context_group_1.o
[10/423] CALLABLE_PART minimal_parts/__callable/backend_preflight_requests_group_8.o
[11/423] CALLABLE_PART minimal_parts/__callable/llvm_text_from_plan_group_20.o
[12/423] CALLABLE_PART minimal_parts/__callable/backend_object_link_cache_group_5.o
[13/423] CALLABLE_PART minimal_parts/__callable/type_capability_readiness_group_7.o
[14/423] CALLABLE_PART minimal_parts/__callable/type_capability_readiness_group_6.o
[15/423] CALLABLE_PART minimal_parts/__callable/control_flow_graphs_group_3.o
[16/423] CALLABLE_PART minimal_parts/__callable/lowering_plan_group_5.o
[17/423] CALLABLE_PART minimal_parts/__callable/type_traits_group_4.o
[18/423] CALLABLE_PART minimal_parts/__callable/type_capability_readiness_group_5.o
[19/423] CALLABLE_PART minimal_parts/__callable/frontend_model_builder_group_15.o
[20/423] CALLABLE_PART minimal_parts/__callable/control_flow_dataflows_group_4.o
[21/423] CALLABLE_PART minimal_parts/__callable/type_capability_readiness_group_18.o
[22/423] CALLABLE_PART minimal_parts/__callable/frontend_model_builder_group_18.o
[23/423] CALLABLE_PART minimal_parts/__callable/frontend_model_builder_group_19.o
[24/423] CALLABLE_PART minimal_parts/__callable/type_capability_readiness_group_19.o
[25/423] CALLABLE_PART minimal_parts/__callable/phs_tokenizer_group_2.o
[26/423] CALLABLE_PART minimal_parts/__callable/token_kinds_group_0.o
[27/423] CALLABLE_PART minimal_parts/__callable/phs_tokenizer_group_0.o
[28/423] CALLABLE_PART minimal_parts/__callable/mt_stage_evaluation_group_1.o
[29/423] CALLABLE_PART minimal_parts/__callable/mt_stage_evaluation_group_0.o
[30/423] CALLABLE_PART minimal_parts/__callable/deterministic_work_ordering_group_0.o
[31/423] CALLABLE_PART minimal_parts/__callable/phs_tokenizer_group_1.o
[32/423] CALLABLE_PART minimal_parts/__callable/deterministic_work_ordering_group_1.o
[33/423] CALLABLE_PART minimal_parts/__callable/mt_stage_evaluation_group_2.o
[34/423] CALLABLE_PART minimal_parts/__callable/mt_stage_evaluation_group_3.o
[35/423] CALLABLE_PART minimal_parts/__callable/mt_stage_evaluation_group_4.o
[36/423] CALLABLE_PART minimal_parts/__callable/partition_readiness_group_0.o
[37/423] CALLABLE_PART minimal_parts/__callable/partition_merge_reductions_group_3.o
[38/423] CALLABLE_PART minimal_parts/__callable/partition_merge_reductions_group_0.o
[39/423] CALLABLE_PART minimal_parts/__callable/partition_merge_reductions_group_1.o
[40/423] CALLABLE_PART minimal_parts/__callable/partition_merge_reductions_group_2.o
[41/423] CALLABLE_PART minimal_parts/__callable/partition_readiness_group_1.o
[42/423] CALLABLE_PART minimal_parts/__callable/partition_readiness_group_2.o
[43/423] CALLABLE_PART minimal_parts/__callable/partition_readiness_group_5.o
[44/423] CALLABLE_PART minimal_parts/__callable/partition_readiness_group_3.o
[45/423] CALLABLE_PART minimal_parts/__callable/partition_readiness_group_4.o
[46/423] CALLABLE_PART minimal_parts/__callable/resident_change_events_group_0.o
[47/423] CALLABLE_PART minimal_parts/__callable/resident_body_dependencies_group_0.o
[48/423] CALLABLE_PART minimal_parts/__callable/resident_change_events_group_1.o
[49/423] CALLABLE_PART minimal_parts/__callable/resident_daemon_file_ipc_group_0.o
[50/423] CALLABLE_PART minimal_parts/__callable/resident_daemon_file_ipc_group_1.o
[51/423] CALLABLE_PART minimal_parts/__callable/resident_daemon_file_ipc_group_4.o
[52/423] CALLABLE_PART minimal_parts/__callable/resident_daemon_file_ipc_group_3.o
[53/423] CALLABLE_PART minimal_parts/__callable/resident_daemon_file_ipc_group_2.o
[54/423] CALLABLE_PART minimal_parts/__callable/resident_daemon_file_ipc_group_5.o
[55/423] CALLABLE_PART minimal_parts/__callable/resident_change_events_group_2.o
[56/423] CALLABLE_PART minimal_parts/__callable/resident_daemon_file_ipc_group_6.o
[57/423] CALLABLE_PART minimal_parts/__callable/resident_daemon_file_ipc_group_8.o
[58/423] CALLABLE_PART minimal_parts/__callable/resident_daemon_file_ipc_group_9.o
[59/423] CALLABLE_PART minimal_parts/__callable/resident_daemon_file_ipc_group_10.o
[60/423] CALLABLE_PART minimal_parts/__callable/resident_daemon_file_ipc_group_11.o
[61/423] CALLABLE_PART minimal_parts/__callable/resident_daemon_file_ipc_group_7.o
[62/423] CALLABLE_PART minimal_parts/__callable/resident_definition_granularity_group_0.o
[63/423] CALLABLE_PART minimal_parts/__callable/resident_daemon_incremental_proof_group_0.o
[64/423] CALLABLE_PART minimal_parts/__callable/resident_definition_granularity_group_1.o
[65/423] CALLABLE_PART minimal_parts/__callable/resident_dirty_propagation_group_0.o
[66/423] CALLABLE_PART minimal_parts/__callable/resident_dirty_propagation_group_1.o
[67/423] CALLABLE_PART minimal_parts/__callable/resident_definition_granularity_group_3.o
[68/423] CALLABLE_PART minimal_parts/__callable/resident_definition_granularity_group_2.o
[69/423] CALLABLE_PART minimal_parts/__callable/resident_definition_granularity_group_4.o
[70/423] CALLABLE_PART minimal_parts/__callable/resident_definition_granularity_group_6.o
[71/423] CALLABLE_PART minimal_parts/__callable/resident_definition_granularity_group_5.o
[72/423] CALLABLE_PART minimal_parts/__callable/resident_dependency_edges_group_0.o
[73/423] CALLABLE_PART minimal_parts/__callable/resident_dirty_propagation_group_2.o
[74/423] CALLABLE_PART minimal_parts/__callable/resident_dirty_propagation_group_3.o
[75/423] CALLABLE_PART minimal_parts/__callable/resident_function_body_incremental_acceptance_group_0.o
[76/423] CALLABLE_PART minimal_parts/__callable/resident_dirty_propagation_group_4.o
[77/423] CALLABLE_PART minimal_parts/__callable/resident_dirty_propagation_group_5.o
[78/423] CALLABLE_PART minimal_parts/__callable/resident_dirty_propagation_group_6.o
[79/423] CALLABLE_PART minimal_parts/__callable/resident_frontend_node_lists_group_0.o
[80/423] CALLABLE_PART minimal_parts/__callable/resident_frontend_node_lists_group_1.o
[81/423] CALLABLE_PART minimal_parts/__callable/resident_function_body_logical_frontend_consumer_descriptors_group_0.o
[82/423] CALLABLE_PART minimal_parts/__callable/resident_function_body_incremental_acceptance_group_2.o
[83/423] CALLABLE_PART minimal_parts/__callable/resident_function_body_incremental_acceptance_group_1.o
[84/423] CALLABLE_PART minimal_parts/__callable/resident_function_body_incremental_acceptance_group_3.o
[85/423] CALLABLE_PART minimal_parts/__callable/resident_function_body_local_parse_proofs_group_0.o
[86/423] CALLABLE_PART minimal_parts/__callable/resident_function_body_local_parse_proofs_group_1.o
[87/423] CALLABLE_PART minimal_parts/__callable/resident_function_body_logical_frontend_consumer_descriptors_group_1.o
[88/423] CALLABLE_PART minimal_parts/__callable/resident_function_body_logical_frontend_consumer_descriptors_group_2.o
[89/423] CALLABLE_PART minimal_parts/__callable/resident_function_body_logical_frontend_reference_candidates_group_0.o
[90/423] CALLABLE_PART minimal_parts/__callable/resident_function_body_logical_frontend_consumer_descriptors_group_3.o
[91/423] CALLABLE_PART minimal_parts/__callable/resident_function_body_logical_frontend_views_group_0.o
[92/423] CALLABLE_PART minimal_parts/__callable/resident_function_body_logical_frontend_reference_candidates_group_1.o
[93/423] CALLABLE_PART minimal_parts/__callable/resident_function_body_logical_frontend_views_group_1.o
[94/423] CALLABLE_PART minimal_parts/__callable/resident_function_body_mixed_frontend_assembly_proofs_group_0.o
[95/423] CALLABLE_PART minimal_parts/__callable/resident_function_body_mixed_frontend_assembly_proofs_group_1.o
[96/423] CALLABLE_PART minimal_parts/__callable/resident_function_body_mixed_frontend_assembly_proofs_group_2.o
[97/423] CALLABLE_PART minimal_parts/__callable/resident_function_body_ownership_group_0.o
[98/423] CALLABLE_PART minimal_parts/__callable/resident_function_body_ownership_group_1.o
[99/423] CALLABLE_PART minimal_parts/__callable/resident_function_body_ownership_group_2.o
[100/423] CALLABLE_PART minimal_parts/__callable/resident_function_body_ownership_group_4.o
[101/423] CALLABLE_PART minimal_parts/__callable/resident_function_body_ownership_group_3.o
[102/423] CALLABLE_PART minimal_parts/__callable/resident_function_body_parse_slices_group_0.o
[103/423] CALLABLE_PART minimal_parts/__callable/resident_function_body_publish_repoint_preflights_group_0.o
[104/423] CALLABLE_PART minimal_parts/__callable/resident_function_body_parse_slices_group_1.o
[105/423] CALLABLE_PART minimal_parts/__callable/resident_function_body_publish_repoint_preflights_group_1.o
[106/423] CALLABLE_PART minimal_parts/__callable/resident_function_body_row_list_publish_plans_group_0.o
[107/423] CALLABLE_PART minimal_parts/__callable/resident_function_body_row_list_publish_plans_group_2.o
[108/423] CALLABLE_PART minimal_parts/__callable/resident_function_body_row_list_publish_plans_group_1.o
[109/423] CALLABLE_PART minimal_parts/__callable/resident_function_body_row_list_publish_results_group_0.o
[110/423] CALLABLE_PART minimal_parts/__callable/resident_function_body_summary_project_references_group_0.o
[111/423] CALLABLE_PART minimal_parts/__callable/resident_function_body_row_list_publish_results_group_1.o
[112/423] CALLABLE_PART minimal_parts/__callable/resident_function_body_work_decisions_group_0.o
[113/423] CALLABLE_PART minimal_parts/__callable/resident_function_body_row_list_publish_results_group_2.o
[114/423] CALLABLE_PART minimal_parts/__callable/resident_function_body_source_unit_repoint_proofs_group_0.o
[115/423] CALLABLE_PART minimal_parts/__callable/resident_function_body_source_unit_repoint_proofs_group_1.o
[116/423] CALLABLE_PART minimal_parts/__callable/resident_function_body_stable_node_remap_proofs_group_0.o
[117/423] CALLABLE_PART minimal_parts/__callable/resident_function_body_stable_node_remap_proofs_group_1.o
[118/423] CALLABLE_PART minimal_parts/__callable/resident_function_body_summary_project_references_group_1.o
[119/423] CALLABLE_PART minimal_parts/__callable/resident_function_body_work_decisions_group_2.o
[120/423] CALLABLE_PART minimal_parts/__callable/resident_function_body_work_decisions_group_1.o
[121/423] CALLABLE_PART minimal_parts/__callable/resident_public_surface_incremental_acceptance_group_0.o
[122/423] CALLABLE_PART minimal_parts/__callable/resident_function_body_work_decisions_group_3.o
[123/423] CALLABLE_PART minimal_parts/__callable/resident_recompute_targets_group_0.o
[124/423] CALLABLE_PART minimal_parts/__callable/resident_project_symbol_name_lookups_group_1.o
[125/423] CALLABLE_PART minimal_parts/__callable/resident_reverse_dependencies_group_1.o
[126/423] CALLABLE_PART minimal_parts/__callable/resident_project_symbol_name_lookups_group_0.o
[127/423] CALLABLE_PART minimal_parts/__callable/resident_public_surface_incremental_acceptance_group_3.o
[128/423] CALLABLE_PART minimal_parts/__callable/resident_public_surface_incremental_acceptance_group_2.o
[129/423] CALLABLE_PART minimal_parts/__callable/resident_public_surface_incremental_acceptance_group_1.o
[130/423] CALLABLE_PART minimal_parts/__callable/resident_recompute_targets_group_1.o
[131/423] CALLABLE_PART minimal_parts/__callable/resident_reverse_dependencies_group_0.o
[132/423] CALLABLE_PART minimal_parts/__callable/resident_recompute_targets_group_2.o
[133/423] CALLABLE_PART minimal_parts/__callable/resident_source_unit_frontend_payload_tables_group_0.o
[134/423] CALLABLE_PART minimal_parts/__callable/resident_source_unit_frontend_payload_tables_group_1.o
[135/423] CALLABLE_PART minimal_parts/__callable/resident_reverse_dependency_indexes_group_0.o
[136/423] CALLABLE_PART minimal_parts/__callable/resident_reverse_dependency_indexes_group_1.o
[137/423] CALLABLE_PART minimal_parts/__callable/resident_source_unit_frontend_payload_tables_group_5.o
[138/423] CALLABLE_PART minimal_parts/__callable/resident_source_unit_frontend_payload_tables_group_4.o
[139/423] CALLABLE_PART minimal_parts/__callable/resident_source_unit_frontend_payload_tables_group_6.o
[140/423] CALLABLE_PART minimal_parts/__callable/resident_source_unit_frontend_payload_tables_group_2.o
[141/423] CALLABLE_PART minimal_parts/__callable/resident_source_unit_frontend_payload_tables_group_3.o
[142/423] CALLABLE_PART minimal_parts/__callable/resident_source_unit_frontend_payload_tables_group_10.o
[143/423] CALLABLE_PART minimal_parts/__callable/resident_source_unit_frontend_payload_tables_group_9.o
[144/423] CALLABLE_PART minimal_parts/__callable/resident_source_unit_frontend_payload_tables_group_11.o
[145/423] CALLABLE_PART minimal_parts/__callable/resident_source_unit_frontend_payload_tables_group_12.o
[146/423] CALLABLE_PART minimal_parts/__callable/resident_source_unit_frontend_payload_tables_group_7.o
[147/423] CALLABLE_PART minimal_parts/__callable/resident_source_unit_frontend_payload_tables_group_13.o
[148/423] CALLABLE_PART minimal_parts/__callable/resident_source_unit_frontend_payload_tables_group_8.o
[149/423] CALLABLE_PART minimal_parts/__callable/resident_source_unit_frontend_payload_tables_group_14.o
[150/423] CALLABLE_PART minimal_parts/__callable/resident_source_unit_frontend_payload_tables_group_15.o
[151/423] CALLABLE_PART minimal_parts/__callable/resident_source_unit_frontend_payload_tables_group_16.o
[152/423] CALLABLE_PART minimal_parts/__callable/resident_source_unit_frontend_payload_tables_group_17.o
[153/423] CALLABLE_PART minimal_parts/__callable/resident_source_unit_frontend_payload_tables_group_18.o
[154/423] CALLABLE_PART minimal_parts/__callable/resident_source_unit_frontend_payload_tables_group_19.o
[155/423] CALLABLE_PART minimal_parts/__callable/resident_source_unit_frontend_payload_tables_group_20.o
[156/423] CALLABLE_PART minimal_parts/__callable/resident_source_unit_frontend_payload_tables_group_21.o
[157/423] CALLABLE_PART minimal_parts/__callable/resident_source_unit_frontend_payload_tables_group_22.o
[158/423] CALLABLE_PART minimal_parts/__callable/resident_source_unit_frontend_payload_tables_group_31.o
[159/423] CALLABLE_PART minimal_parts/__callable/resident_source_unit_frontend_payload_tables_group_23.o
[160/423] CALLABLE_PART minimal_parts/__callable/resident_source_unit_frontend_payload_tables_group_24.o
[161/423] CALLABLE_PART minimal_parts/__callable/resident_source_unit_frontend_payload_tables_group_25.o
[162/423] CALLABLE_PART minimal_parts/__callable/resident_source_unit_frontend_payload_tables_group_26.o
[163/423] CALLABLE_PART minimal_parts/__callable/resident_source_unit_frontend_payload_tables_group_28.o
[164/423] CALLABLE_PART minimal_parts/__callable/resident_source_unit_frontend_payload_tables_group_27.o
[165/423] CALLABLE_PART minimal_parts/__callable/resident_source_unit_frontend_payload_tables_group_29.o
[166/423] CALLABLE_PART minimal_parts/__callable/resident_source_unit_frontend_payload_tables_group_30.o
[167/423] CALLABLE_PART minimal_parts/__callable/resident_source_unit_frontend_states_group_0.o
[168/423] CALLABLE_PART minimal_parts/__callable/resident_source_unit_frontend_states_group_1.o
[169/423] CALLABLE_PART minimal_parts/__callable/resident_source_unit_symbol_states_group_2.o
[170/423] CALLABLE_PART minimal_parts/__callable/resident_source_unit_frontend_states_group_3.o
[171/423] CALLABLE_PART minimal_parts/__callable/resident_source_unit_frontend_states_group_2.o
[172/423] CALLABLE_PART minimal_parts/__callable/resident_source_unit_symbol_states_group_0.o
[173/423] CALLABLE_PART minimal_parts/__callable/resident_source_unit_symbol_states_group_1.o
[174/423] CALLABLE_PART minimal_parts/__callable/resident_transactions_group_0.o
[175/423] CALLABLE_PART minimal_parts/__callable/resident_source_unit_symbol_states_group_4.o
[176/423] CALLABLE_PART minimal_parts/__callable/resident_token_lists_group_0.o
[177/423] CALLABLE_PART minimal_parts/__callable/resident_token_lists_group_1.o
[178/423] CALLABLE_PART minimal_parts/__callable/resident_source_unit_symbol_states_group_3.o
[179/423] CALLABLE_PART minimal_parts/__callable/scheduler_api_group_0.o
[180/423] CALLABLE_PART minimal_parts/__callable/scheduler_api_group_1.o
[181/423] CALLABLE_PART minimal_parts/__callable/scheduler_api_group_2.o
[182/423] CALLABLE_PART minimal_parts/__callable/scheduler_api_group_3.o
[183/423] CALLABLE_PART minimal_parts/__callable/resident_transactions_group_1.o
[184/423] CALLABLE_PART minimal_parts/__callable/scheduler_api_group_4.o
[185/423] CALLABLE_PART minimal_parts/__callable/source_unit_early_skip_group_0.o
[186/423] CALLABLE_PART minimal_parts/__callable/resident_transactions_group_2.o
[187/423] CALLABLE_PART minimal_parts/__callable/source_unit_early_skip_group_1.o
[188/423] CALLABLE_PART minimal_parts/__callable/source_unit_frontend_scheduler_group_0.o
[189/423] CALLABLE_PART minimal_parts/__callable/source_unit_early_skip_group_3.o
[190/423] CALLABLE_PART minimal_parts/__callable/source_unit_early_skip_group_2.o
[191/423] CALLABLE_PART minimal_parts/__callable/source_unit_frontend_work_decisions_group_0.o
[192/423] CALLABLE_PART minimal_parts/__callable/callable_contract_identity_group_0.o
[193/423] CALLABLE_PART minimal_parts/__callable/frontend_body_summaries_group_0.o
[194/423] CALLABLE_PART minimal_parts/__callable/dependency_graph_identity_group_0.o
[195/423] CALLABLE_PART minimal_parts/__callable/source_unit_frontend_scheduler_group_1.o
[196/423] CALLABLE_PART minimal_parts/__callable/source_unit_frontend_scheduler_group_2.o
[197/423] CALLABLE_PART minimal_parts/__callable/source_unit_frontend_scheduler_group_3.o
[198/423] CALLABLE_PART minimal_parts/__callable/frontend_body_summaries_group_2.o
[199/423] CALLABLE_PART minimal_parts/__callable/frontend_body_summaries_group_1.o
[200/423] CALLABLE_PART minimal_parts/__callable/source_unit_frontend_work_decisions_group_1.o
[201/423] CALLABLE_PART minimal_parts/__callable/source_unit_frontend_work_decisions_group_2.o
[202/423] CALLABLE_PART minimal_parts/__callable/frontend_body_summaries_group_3.o
[203/423] CALLABLE_PART minimal_parts/__callable/frontend_body_summaries_group_4.o
[204/423] CALLABLE_PART minimal_parts/__callable/project_callable_contracts_group_0.o
[205/423] CALLABLE_PART minimal_parts/__callable/project_callable_contracts_group_1.o
[206/423] CALLABLE_PART minimal_parts/__callable/project_dependency_graph_group_0.o
[207/423] CALLABLE_PART minimal_parts/__callable/project_dependency_graph_group_1.o
[208/423] CALLABLE_PART minimal_parts/__callable/project_callable_contracts_group_2.o
[209/423] CALLABLE_PART minimal_parts/__callable/project_callable_contracts_group_3.o
[210/423] CALLABLE_PART minimal_parts/__callable/project_dependency_graph_group_2.o
[211/423] CALLABLE_PART minimal_parts/__callable/project_dependency_graph_group_3.o
[212/423] CALLABLE_PART minimal_parts/__callable/project_dependency_graph_group_5.o
[213/423] CALLABLE_PART minimal_parts/__callable/project_dependency_graph_group_4.o
[214/423] CALLABLE_PART minimal_parts/__callable/project_reference_resolution_group_0.o
[215/423] CALLABLE_PART minimal_parts/__callable/project_reference_resolution_group_1.o
[216/423] CALLABLE_PART minimal_parts/__callable/project_reference_resolution_group_2.o
[217/423] CALLABLE_PART minimal_parts/__callable/project_reference_resolution_group_5.o
[218/423] CALLABLE_PART minimal_parts/__callable/project_reference_resolution_group_3.o
[219/423] CALLABLE_PART minimal_parts/__callable/project_reference_resolution_group_6.o
[220/423] CALLABLE_PART minimal_parts/__callable/project_reference_resolution_group_4.o
[221/423] CALLABLE_PART minimal_parts/__callable/project_reference_resolution_group_9.o
[222/423] CALLABLE_PART minimal_parts/__callable/project_reference_resolution_group_7.o
[223/423] CALLABLE_PART minimal_parts/__callable/project_symbol_identity_group_0.o
[224/423] CALLABLE_PART minimal_parts/__callable/project_symbol_index_group_0.o
[225/423] CALLABLE_PART minimal_parts/__callable/project_symbol_index_group_1.o
[226/423] CALLABLE_PART minimal_parts/__callable/project_reference_resolution_group_8.o
[227/423] CALLABLE_PART minimal_parts/__callable/project_symbol_index_group_2.o
[228/423] CALLABLE_PART minimal_parts/__callable/project_symbol_index_group_5.o
[229/423] CALLABLE_PART minimal_parts/__callable/project_symbol_index_group_4.o
[230/423] CALLABLE_PART minimal_parts/__callable/project_symbol_index_group_6.o
[231/423] CALLABLE_PART minimal_parts/__callable/reference_identity_group_0.o
[232/423] CALLABLE_PART minimal_parts/__callable/project_symbol_index_group_7.o
[233/423] CALLABLE_PART minimal_parts/__callable/source_buffers_group_0.o
[234/423] CALLABLE_PART minimal_parts/__callable/project_symbol_index_group_8.o
[235/423] CALLABLE_PART minimal_parts/__callable/source_identity_group_0.o
[236/423] CALLABLE_PART minimal_parts/__callable/project_symbol_index_group_3.o
[237/423] CALLABLE_PART minimal_parts/__callable/source_identity_group_1.o
[238/423] CALLABLE_PART minimal_parts/__callable/source_units_group_0.o
[239/423] CALLABLE_PART minimal_parts/__callable/source_units_group_1.o
[240/423] CALLABLE_PART minimal_parts/__callable/source_units_group_2.o
[241/423] CALLABLE_PART minimal_parts/__callable/source_units_group_3.o
[242/423] CALLABLE_PART minimal_parts/__callable/type_ref_identity_group_0.o
[243/423] CALLABLE_PART minimal_parts/__callable/source_units_group_4.o
[244/423] CALLABLE_PART minimal_parts/__callable/type_refs_group_0.o
[245/423] CALLABLE_PART minimal_parts/__callable/type_refs_group_1.o
[246/423] CALLABLE_PART minimal_parts/__callable/type_refs_group_2.o
[247/423] CALLABLE_PART minimal_parts/__callable/source_units_group_8.o
[248/423] CALLABLE_PART minimal_parts/__callable/source_units_group_5.o
[249/423] CALLABLE_PART minimal_parts/__callable/source_units_group_7.o
[250/423] CALLABLE_PART minimal_parts/__callable/source_units_group_6.o
[251/423] CALLABLE_PART minimal_parts/__callable/type_refs_group_3.o
[252/423] CALLABLE_PART minimal_parts/__callable/type_refs_group_4.o
[253/423] CALLABLE_PART minimal_parts/__callable/type_refs_group_5.o
[254/423] CALLABLE_PART minimal_parts/__callable/type_refs_group_8.o
[255/423] CALLABLE_PART minimal_parts/__callable/type_refs_group_6.o
[256/423] CALLABLE_PART minimal_parts/__callable/type_refs_group_7.o
[257/423] CALLABLE_PART minimal_parts/__callable/operation_readiness_group_0.o
[258/423] CALLABLE_PART minimal_parts/__callable/operation_readiness_group_1.o
[259/423] CALLABLE_PART minimal_parts/__callable/operation_readiness_group_2.o
[260/423] CALLABLE_PART minimal_parts/__callable/operation_readiness_group_3.o
[261/423] CALLABLE_PART minimal_parts/__callable/operation_readiness_group_4.o
[262/423] CALLABLE_PART minimal_parts/__callable/operation_readiness_group_5.o
[263/423] CALLABLE_PART minimal_parts/__callable/operation_readiness_group_6.o
[264/423] CALLABLE_PART minimal_parts/__callable/operation_readiness_group_7.o
[265/423] CALLABLE_PART minimal_parts/__callable/operation_readiness_group_8.o
[266/423] CALLABLE_PART minimal_parts/__callable/compiler_project_runner_group_0.o
[267/423] CALLABLE_PART minimal_parts/__callable/operation_readiness_group_9.o
[268/423] CALLABLE_PART minimal_parts/__callable/pipeline_config_helpers_group_1.o
[269/423] CALLABLE_PART minimal_parts/__callable/pipeline_config_helpers_group_0.o
[270/423] CALLABLE_PART minimal_parts/__callable/project_manifest_group_1.o
[271/423] CALLABLE_PART minimal_parts/__callable/project_manifest_group_0.o
[272/423] CALLABLE_PART minimal_parts/__callable/compiler_pipeline_runner_group_0.o
[273/423] CALLABLE_PART minimal_parts/__callable/semantic_body_capability_consumers_group_0.o
[274/423] CALLABLE_PART minimal_parts/__callable/artifact_writes_group_0.o
[275/423] CALLABLE_PART minimal_parts/__callable/compiler_project_runner_group_2.o
[276/423] CALLABLE_PART minimal_parts/__callable/artifact_writes_group_1.o
[277/423] CALLABLE_PART minimal_parts/__callable/artifact_writes_group_2.o
[278/423] CALLABLE_PART minimal_parts/__callable/compiler_profile_events_group_0.o
[279/423] CALLABLE_PART minimal_parts/__callable/compiler_project_runner_group_1.o
[280/423] CALLABLE_PART minimal_parts/__callable/debug_profile_gate_results_group_0.o
[281/423] CALLABLE_PART minimal_parts/__callable/debug_profile_gate_results_group_1.o
[282/423] CALLABLE_PART minimal_parts/__callable/compiler_execution_artifacts_group_0.o
[283/423] CALLABLE_PART minimal_parts/__callable/compiler_profile_events_group_1.o
[284/423] CALLABLE_PART minimal_parts/__callable/output_paths_group_0.o
[285/423] CALLABLE_PART minimal_parts/__callable/compiler_profile_events_group_2.o
[286/423] CALLABLE_PART minimal_parts/__callable/performance_memory_estimates_group_0.o
[287/423] CALLABLE_PART minimal_parts/__callable/compiler_project_run_row_artifacts_group_0.o
[288/423] CALLABLE_PART minimal_parts/__callable/mt_publication_metrics_group_0.o
[289/423] CALLABLE_PART minimal_parts/__callable/compiler_export_artifacts_group_0.o
[290/423] CALLABLE_PART minimal_parts/__callable/performance_memory_estimates_group_1.o
[291/423] CALLABLE_PART minimal_parts/__callable/performance_memory_estimates_group_2.o
[292/423] CALLABLE_PART minimal_parts/__callable/production_mt_heartbeat_group_0.o
[293/423] CALLABLE_PART minimal_parts/__callable/proof_metrics_group_0.o
[294/423] CALLABLE_PART minimal_parts/__callable/proof_metrics_group_1.o
[295/423] CALLABLE_PART minimal_parts/__callable/proof_metrics_group_2.o
[296/423] CALLABLE_PART minimal_parts/__callable/proof_metrics_group_5.o
[297/423] CALLABLE_PART minimal_parts/__callable/proof_metrics_group_3.o
[298/423] CALLABLE_PART minimal_parts/__callable/proof_metrics_group_4.o
[299/423] CALLABLE_PART minimal_parts/__callable/proof_metrics_group_6.o
[300/423] CALLABLE_PART minimal_parts/__callable/performance_memory_estimates_group_3.o
[301/423] CALLABLE_PART minimal_parts/__callable/proof_metrics_group_7.o
[302/423] CALLABLE_PART minimal_parts/__callable/production_mt_heartbeat_group_1.o
[303/423] CALLABLE_PART minimal_parts/__callable/proof_metrics_group_8.o
[304/423] CALLABLE_PART minimal_parts/__callable/proof_metrics_group_9.o
[305/423] CALLABLE_PART minimal_parts/__callable/proof_metrics_group_11.o
[306/423] CALLABLE_PART minimal_parts/__callable/proof_metrics_group_10.o
[307/423] CALLABLE_PART minimal_parts/__callable/proof_metrics_group_12.o
[308/423] CALLABLE_PART minimal_parts/__callable/proof_metrics_group_14.o
[309/423] CALLABLE_PART minimal_parts/__callable/proof_metrics_group_13.o
[310/423] CALLABLE_PART minimal_parts/__callable/proof_metrics_group_15.o
[311/423] CALLABLE_PART minimal_parts/__callable/proof_metrics_group_16.o
[312/423] CALLABLE_PART minimal_parts/__callable/proof_metrics_group_17.o
[313/423] CALLABLE_PART minimal_parts/__callable/proof_metrics_group_18.o
[314/423] CALLABLE_PART minimal_parts/__callable/proof_metrics_group_19.o
[315/423] CALLABLE_PART minimal_parts/__callable/proof_metrics_group_20.o
[316/423] CALLABLE_PART minimal_parts/__callable/proof_metrics_group_21.o
[317/423] CALLABLE_PART minimal_parts/__callable/proof_metrics_group_22.o
[318/423] CALLABLE_PART minimal_parts/__callable/proof_metrics_group_23.o
[319/423] CALLABLE_PART minimal_parts/__callable/proof_metrics_group_24.o
[320/423] CALLABLE_PART minimal_parts/__callable/proof_metrics_group_27.o
[321/423] CALLABLE_PART minimal_parts/__callable/proof_metrics_group_25.o
[322/423] CALLABLE_PART minimal_parts/__callable/proof_metrics_group_26.o
[323/423] CALLABLE_PART minimal_parts/__callable/proof_metrics_group_28.o
[324/423] CALLABLE_PART minimal_parts/__callable/proof_metrics_group_29.o
[325/423] CALLABLE_PART minimal_parts/__callable/proof_metrics_group_30.o
[326/423] CALLABLE_PART minimal_parts/__callable/proof_metrics_group_31.o
[327/423] CALLABLE_PART minimal_parts/__callable/proof_metrics_group_32.o
[328/423] CALLABLE_PART minimal_parts/__callable/proof_metrics_group_33.o
[329/423] CALLABLE_PART minimal_parts/__callable/proof_metrics_group_34.o
[330/423] CALLABLE_PART minimal_parts/__callable/proof_metrics_group_35.o
[331/423] CALLABLE_PART minimal_parts/__callable/proof_metrics_group_36.o
[332/423] CALLABLE_PART minimal_parts/__callable/proof_metrics_group_39.o
[333/423] CALLABLE_PART minimal_parts/__callable/proof_metrics_group_38.o
[334/423] CALLABLE_PART minimal_parts/__callable/proof_metrics_group_37.o
[335/423] CALLABLE_PART minimal_parts/__callable/proof_metrics_group_40.o
[336/423] CALLABLE_PART minimal_parts/__callable/proof_metrics_group_41.o
[337/423] CALLABLE_PART minimal_parts/__callable/proof_metrics_group_42.o
[338/423] CALLABLE_PART minimal_parts/__callable/proof_metrics_group_44.o
[339/423] CALLABLE_PART minimal_parts/__callable/proof_metrics_group_43.o
[340/423] CALLABLE_PART minimal_parts/__callable/pure_tdd_stage_artifacts_group_1.o
[341/423] CALLABLE_PART minimal_parts/__callable/resident_snapshots_group_0.o
[342/423] CALLABLE_PART minimal_parts/__callable/source_files_group_0.o
[343/423] CALLABLE_PART minimal_parts/__callable/gate_result_debug_helpers_group_0.o
[344/423] CALLABLE_PART minimal_parts/__callable/proof_metrics_group_45.o
[345/423] CALLABLE_PART minimal_parts/__callable/semantic_callable_candidates_group_0.o
[346/423] CALLABLE_PART minimal_parts/__callable/proof_metrics_group_46.o
[347/423] CALLABLE_PART minimal_parts/__callable/pure_tdd_stage_artifacts_group_0.o
[348/423] CALLABLE_PART minimal_parts/__callable/semantic_callable_candidates_group_1.o
[349/423] CALLABLE_PART minimal_parts/__callable/semantic_conversion_lookup_group_0.o
[350/423] CALLABLE_PART minimal_parts/__callable/semantic_conversion_lookup_group_1.o
[351/423] CALLABLE_PART minimal_parts/__callable/resident_snapshots_group_1.o
[352/423] CALLABLE_PART minimal_parts/__callable/semantic_lookup_manifest_generated_group_0.o
[353/423] CALLABLE_PART minimal_parts/__callable/semantic_lookup_manifest_generated_group_1.o
[354/423] CALLABLE_PART minimal_parts/__callable/semantic_module_api_lookup_group_0.o
[355/423] CALLABLE_PART minimal_parts/__callable/semantic_conversion_lookup_group_2.o
[356/423] CALLABLE_PART minimal_parts/__callable/semantic_module_api_lookup_group_1.o
[357/423] CALLABLE_PART minimal_parts/__callable/semantic_operator_lookup_group_0.o
[358/423] CALLABLE_PART minimal_parts/__callable/semantic_operator_lookup_group_1.o
[359/423] CALLABLE_PART minimal_parts/__callable/semantic_module_api_lookup_group_3.o
[360/423] CALLABLE_PART minimal_parts/__callable/semantic_operator_lookup_group_2.o
[361/423] CALLABLE_PART minimal_parts/__callable/semantic_operator_lookup_group_3.o
[362/423] CALLABLE_PART minimal_parts/__callable/semantic_operator_lookup_group_4.o
[363/423] CALLABLE_PART minimal_parts/__callable/semantic_module_api_lookup_group_2.o
[364/423] CALLABLE_PART minimal_parts/__callable/semantic_runtime_abi_bridge_group_0.o
[365/423] CALLABLE_PART minimal_parts/__callable/semantic_operator_lookup_group_5.o
[366/423] CALLABLE_PART minimal_parts/__callable/semantic_runtime_abi_bridge_group_2.o
[367/423] CALLABLE_PART minimal_parts/__callable/semantic_runtime_abi_bridge_group_1.o
[368/423] CALLABLE_PART minimal_parts/__callable/semantic_runtime_abi_bridge_group_3.o
[369/423] CALLABLE_PART minimal_parts/__callable/semantic_runtime_abi_declarations_group_0.o
[370/423] CALLABLE_PART minimal_parts/__callable/semantic_runtime_abi_bridge_group_5.o
[371/423] CALLABLE_PART minimal_parts/__callable/semantic_runtime_abi_bridge_group_4.o
[372/423] CALLABLE_PART minimal_parts/__callable/semantic_runtime_abi_declarations_group_2.o
[373/423] CALLABLE_PART minimal_parts/__callable/semantic_runtime_abi_declarations_group_1.o
[374/423] CALLABLE_PART minimal_parts/__callable/semantic_type_ref_providers_group_0.o
[375/423] CALLABLE_PART minimal_parts/__callable/semantic_type_ref_providers_group_1.o
[376/423] CALLABLE_PART minimal_parts/__callable/gate_result_inspection_helpers_group_0.o
[377/423] CALLABLE_PART minimal_parts/__callable/gate_profile_helpers_group_0.o
[378/423] CALLABLE_PART minimal_parts/__callable/semantic_type_ref_providers_group_3.o
[379/423] CALLABLE_PART minimal_parts/__callable/semantic_type_ref_providers_group_2.o
[380/423] CALLABLE_PART minimal_parts/__callable/backend_request_row_lists_group_0.o
[381/423] CALLABLE_PART minimal_parts/__callable/frontend_model_tables_group_0.o
[382/423] CALLABLE_PART minimal_parts/__callable/backend_request_row_lists_group_1.o
[383/423] CALLABLE_PART minimal_parts/__callable/frontend_model_tables_group_1.o
[384/423] CALLABLE_PART minimal_parts/__callable/frontend_model_tables_group_3.o
[385/423] CALLABLE_PART minimal_parts/__callable/frontend_model_tables_group_2.o
[386/423] CALLABLE_PART minimal_parts/__callable/frontend_model_tables_group_4.o
[387/423] CALLABLE_PART minimal_parts/__callable/frontend_model_tables_group_6.o
[388/423] CALLABLE_PART minimal_parts/__callable/frontend_model_tables_group_5.o
[389/423] CALLABLE_PART minimal_parts/__callable/frontend_model_tables_group_8.o
[390/423] CALLABLE_PART minimal_parts/__callable/frontend_model_tables_group_7.o
[391/423] CALLABLE_PART minimal_parts/__callable/frontend_node_lists_group_0.o
[392/423] CALLABLE_PART minimal_parts/__callable/structure_row_ids_group_0.o
[393/423] CALLABLE_PART minimal_parts/__callable/frontend_node_lists_group_1.o
[394/423] CALLABLE_PART minimal_parts/__callable/frontend_node_lists_group_2.o
[395/423] CALLABLE_PART minimal_parts/__callable/frontend_node_lists_group_3.o
[396/423] CALLABLE_PART minimal_parts/__callable/structure_row_ids_group_1.o
[397/423] CALLABLE_PART minimal_parts/__callable/row_segment_policy_group_1.o
[398/423] CALLABLE_PART minimal_parts/__callable/row_segment_policy_group_0.o
[399/423] CALLABLE_PART minimal_parts/__callable/token_row_lists_group_0.o
[400/423] CALLABLE_PART minimal_parts/__callable/token_row_lists_group_2.o
[401/423] CALLABLE_PART minimal_parts/__callable/token_row_lists_group_1.o
[402/423] CALLABLE_PART minimal_parts/__callable/token_tables_group_0.o
[403/423] CALLABLE_PART minimal_parts/__callable/token_tables_group_1.o
[404/423] CXX minimal_parts/compile/model/source_units/locations.o
[405/423] CALLABLE_PART minimal_parts/compile/model/source_units/part_0.o
[406/423] CALLABLE_PART minimal_parts/__callable/token_tables_group_2.o
[407/423] CALLABLE_PART minimal_parts/__callable/token_tables_group_3.o
[408/423] CXX minimal_parts/compile/incremental/resident_source_unit_frontend_payload_tables/locations.o
[409/423] CALLABLE_PART minimal_parts/compile/backend/llvm_text_from_plan/part_0.o
[410/423] CXX minimal_parts/compile/backend/llvm_text_from_plan/locations.o
[411/423] CALLABLE_PART minimal_parts/compile/backend/backend_object_link_cache/part_0.o
[412/423] CALLABLE_PART minimal_parts/compile/backend/lowering_plan/part_0.o
[413/423] CXX minimal_parts/compile/backend/backend_object_link_cache/locations.o
[414/423] CALLABLE_PART minimal_parts/compile/incremental/resident_source_unit_frontend_payload_tables/part_0.o
[415/423] CXX minimal_parts/compile/backend/lowering_plan/locations.o
[416/423] CXX minimal_parts/compile/capabilities/storage_lifetime_readiness/locations.o
[417/423] CALLABLE_PART minimal_parts/compile/capabilities/storage_lifetime_readiness/part_0.o
[418/423] CXX minimal_parts/compile/capabilities/type_capability_readiness/locations.o
[419/423] CALLABLE_PART minimal_parts/compile/capabilities/type_capability_readiness/part_0.o
[420/423] CALLABLE_PART minimal_parts/compile/model/project_reference_resolution/part_0.o
[421/423] CXX minimal_parts/compile/model/project_reference_resolution/locations.o
[422/423] CXX minimal/__counter/boundary.o
[423/423] LINK minimal-main
