Transpiled PHP files: 184, skipped unchanged: 0
Generated Ninja file: .prism/build/build.ninja
Using compiler: clang++-18 -fuse-ld=mold (gnu_like)
Using build mode: debug
Using build grouping policy: incremental (report_only)
Object cache: disabled (default disabled)
Using repo root: /tmp/scpp-json-240-probe
Resolved project dependency graph: 1 project(s)
Runtime compilation: enabled
Dependency compilation: reuse existing artifacts only
ninja: Entering directory `.prism/build'
[1/186] PCH app_pch.hpp.gch
[2/186] CXX scpp_framework/exceptions.o
[3/186] CXX src/01_prepare_inputs/load_runtime/data/project.o
[4/186] CXX scpp_framework/filesystem.o
[5/186] CXX src/01_prepare_inputs/load_runtime/data/family_preparation.o
[6/186] CXX src/01_prepare_inputs/load_runtime/handlers/lifecycle.o
[7/186] CXX src/01_prepare_inputs/load_runtime/data/package_context.o
[8/186] CXX scpp_framework/collections.o
[9/186] CXX src/01_prepare_inputs/load_runtime/data/runtime.o
[10/186] CXX scpp_framework/json_document.o
[11/186] CXX main.o
[12/186] CXX fixture.o
[13/186] CXX src/01_prepare_inputs/load_runtime/data/package_bindings.o
[14/186] CXX probe.o
[15/186] CXX src/01_prepare_inputs/load_runtime/data/family_results.o
[16/186] CXX scpp_framework/strings.o
[17/186] CXX src/01_prepare_inputs/load_runtime/data/package.o
[18/186] CXX src/01_prepare_inputs/load_runtime/handlers/package_syntax.o
[19/186] CXX src/01_prepare_inputs/load_runtime/handlers/native_import.o
[20/186] CXX src/01_prepare_inputs/read_sources/data/buffer.o
[21/186] CXX src/01_prepare_inputs/load_runtime/main_load_runtime.o
[22/186] CXX src/01_prepare_inputs/load_runtime/handlers/package_types.o
[23/186] CXX src/01_prepare_inputs/load_runtime/project_import.o
[24/186] CXX src/03_parse/data/nodes.o
[25/186] CXX src/02_tokenize/structures.o
[26/186] CXX src/01_prepare_inputs/load_runtime/handlers/resources.o
[27/186] CXX src/02_tokenize/store.o
[28/186] CXX src/01_prepare_inputs/load_runtime/handlers/type_exposure.o
[29/186] CXX src/03_parse/data/expression_state.o
[30/186] CXX src/01_prepare_inputs/load_runtime/handlers/package_type_map.o
[31/186] CXX src/01_prepare_inputs/load_runtime/utilities/catalog_syntax.o
[32/186] CXX src/03_parse/data/role_views.o
[33/186] CXX src/02_tokenize/tokenize.o
[34/186] CXX src/03_parse/data/result.o
[35/186] CXX src/03_parse/data/tree.o
[36/186] CXX src/03_parse/handlers/metaprogramming.o
[37/186] CXX src/03_parse/handlers/expressions.o
[38/186] CXX src/03_parse/handlers/statements.o
[39/186] CXX src/03_parse/handlers/declarations.o
[40/186] CXX src/03_parse/main_parse.o
[41/186] CXX src/03_parse/handlers/control_statements.o
[42/186] CXX src/03_parse/utilities/binary_syntax.o
[43/186] CXX src/03_parse/parse_file.o
[44/186] CXX src/03_parse/utilities/metaprogramming_syntax.o
[45/186] CXX src/03_parse/data/store.o
[46/186] CXX src/03_parse/join.o
[47/186] CXX src/03_parse/utilities/struct_member_cursor.o
[48/186] CXX src/03_parse/utilities/syntax_access.o
[49/186] CXX src/03_parse/utilities/syntax_comparer.o
[50/186] CXX src/03_parse/select_tasks.o
[51/186] CXX src/04_analyze/check_bodies/data/conversions.o
[52/186] CXX src/04_analyze/analyze_lifetimes/data/initialization.o
[53/186] CXX src/04_analyze/analyze_lifetimes/flow.o
../generated/src/04_analyze/analyze_lifetimes/flow.cpp:31:3: warning: ignoring return value of function declared with 'nodiscard' attribute [-Wunused-result]
   31 |                 queued.remove(id);
      |                 ^~~~~~~~~~~~~ ~~
1 warning generated.
[54/186] CXX src/04_analyze/check_bodies/data/flow.o
[55/186] CXX src/04_analyze/check_bodies/data/dependencies.o
[56/186] CXX src/04_analyze/check_bodies/context.o
[57/186] CXX src/04_analyze/check_bodies/data/statements.o
[58/186] CXX src/04_analyze/check_bodies/data/traversal.o
[59/186] CXX src/04_analyze/check_bodies/data/places.o
[60/186] CXX src/04_analyze/check_bodies/data/values.o
[61/186] CXX src/04_analyze/check_bodies/data/output.o
[62/186] CXX src/04_analyze/check_bodies/flow.o
[63/186] CXX src/04_analyze/check_bodies/handlers/control_statements.o
[64/186] CXX src/04_analyze/check_bodies/data/result.o
[65/186] CXX src/04_analyze/check_bodies/handlers/expressions.o
[66/186] CXX src/04_analyze/check_bodies/handlers/places.o
[67/186] CXX src/04_analyze/check_bodies/body.o
[68/186] CXX src/04_analyze/check_bodies/handlers/writes.o
[69/186] CXX src/04_analyze/check_bodies/utilities/conversions.o
[70/186] CXX src/04_analyze/check_bodies/handlers/statements.o
[71/186] CXX src/04_analyze/check_bodies/utilities/byte_literals.o
[72/186] CXX src/04_analyze/check_bodies/utilities/decimal_range.o
[73/186] CXX src/04_analyze/check_bodies/utilities/literals.o
[74/186] CXX src/04_analyze/check_bodies/utilities/flow_graph.o
[75/186] CXX src/04_analyze/check_bodies/utilities/operations.o
[76/186] CXX src/04_analyze/check_templates/data/interpretation.o
[77/186] CXX src/04_analyze/check_bodies/utilities/evaluation.o
[78/186] CXX src/04_analyze/check_templates/data/structures.o
[79/186] CXX src/04_analyze/check_templates/data/result.o
[80/186] CXX src/04_analyze/collect_symbols/collect.o
[81/186] CXX src/04_analyze/check_templates/data/terms.o
[82/186] CXX src/04_analyze/check_templates/body.o
[83/186] CXX src/04_analyze/check_templates/join.o
[84/186] CXX src/04_analyze/check_templates/main_check_templates.o
[85/186] CXX src/04_analyze/check_templates/select_tasks.o
[86/186] CXX src/04_analyze/collect_symbols/data/provider_declaration.o
[87/186] CXX src/04_analyze/collect_symbols/data/result.o
[88/186] CXX src/04_analyze/check_templates/terms.o
[89/186] CXX src/04_analyze/collect_symbols/data/structures.o
[90/186] CXX src/04_analyze/collect_symbols/data/store.o
[91/186] CXX src/04_analyze/instantiate/applications.o
[92/186] CXX src/04_analyze/instantiate/bindings.o
[93/186] CXX src/04_analyze/collect_symbols/main_collect_symbols.o
[94/186] CXX src/04_analyze/instantiate/constants.o
[95/186] CXX src/04_analyze/instantiate/data/applications.o
[96/186] CXX src/04_analyze/instantiate/data/context.o
[97/186] CXX src/04_analyze/instantiate/data/state.o
[98/186] CXX src/04_analyze/instantiate/data/members.o
[99/186] CXX src/04_analyze/instantiate/data/result.o
[100/186] CXX src/04_analyze/instantiate/identities.o
[101/186] CXX src/04_analyze/instantiate/member_join.o
[102/186] CXX src/04_analyze/resolve_symbols/data/declarations.o
[103/186] CXX src/04_analyze/instantiate/join.o
[104/186] CXX src/04_analyze/instantiate/data/view.o
[105/186] CXX src/04_analyze/instantiate/members.o
[106/186] CXX src/04_analyze/instantiate/data/store.o
[107/186] CXX src/04_analyze/resolve_symbols/data/structures.o
[108/186] CXX src/04_analyze/resolve_symbols/data/store.o
[109/186] CXX src/04_analyze/resolve_symbols/handlers/declarations.o
[110/186] CXX src/04_analyze/resolve_symbols/data/traversal.o
[111/186] CXX src/04_analyze/resolve_symbols/handlers/expressions.o
[112/186] CXX src/04_analyze/resolve_symbols/handlers/names.o
[113/186] CXX src/04_analyze/resolve_symbols/handlers/statements.o
[114/186] CXX src/04_analyze/resolve_symbols/body.o
[115/186] CXX src/04_analyze/resolve_symbols/data/result.o
[116/186] CXX src/04_analyze/resolve_symbols/join.o
[117/186] CXX src/04_analyze/resolve_symbols/select_tasks.o
[118/186] CXX src/04_analyze/resolve_symbols/main_resolve_symbols.o
[119/186] CXX src/04_analyze/resolve_symbols/utilities/declaration_lookup.o
[120/186] CXX src/04_analyze/resolve_types/data/entry_contract.o
[121/186] CXX src/04_analyze/resolve_symbols/utilities/function_lookup.o
[122/186] CXX src/04_analyze/resolve_types/data/lifecycle_bodies.o
[123/186] CXX src/04_analyze/resolve_symbols/utilities/resolution_validity.o
[124/186] CXX src/04_analyze/resolve_symbols/utilities/binding_coverage.o
[125/186] CXX src/04_analyze/resolve_types/data/entry_selection.o
[126/186] CXX src/04_analyze/resolve_types/data/export_identity.o
[127/186] CXX src/04_analyze/resolve_types/construction_types.o
[128/186] CXX src/04_analyze/resolve_types/data/locals.o
[129/186] CXX src/04_analyze/resolve_types/data/result.o
[130/186] CXX src/04_analyze/resolve_types/data/records.o
[131/186] CXX src/04_analyze/resolve_types/data/signature_set.o
[132/186] CXX src/04_analyze/resolve_types/data/signatures.o
[133/186] CXX src/04_analyze/resolve_types/definition_view.o
[134/186] CXX src/04_analyze/resolve_types/locals.o
[135/186] CXX src/04_analyze/resolve_types/main_prepare_entry.o
[136/186] CXX src/04_analyze/resolve_types/local_join.o
[137/186] CXX src/04_analyze/resolve_types/lifecycle_composition.o
[138/186] CXX src/04_analyze/resolve_types/data/type_resolution.o
[139/186] CXX src/04_analyze/resolve_types/record_definitions.o
[140/186] CXX src/04_analyze/resolve_types/select_signatures.o
[141/186] CXX src/04_analyze/resolve_types/signatures.o
[142/186] CXX src/04_analyze/resolve_types/record_join.o
[143/186] CXX src/04_analyze/resolve_types/source_lifecycle_bodies.o
[144/186] CXX src/04_analyze/resolve_types/source_lifecycle.o
[145/186] CXX src/04_analyze/resolve_types/source_lifecycle_signature.o
[146/186] CXX src/04_analyze/resolve_types/records.o
[147/186] CXX src/04_analyze/resolve_types/signature_join.o
[148/186] CXX src/04_analyze/resolve_types/utilities/annotation_types.o
[149/186] CXX src/04_analyze/resolve_types/utilities/parameter_contracts.o
[150/186] CXX src/04_analyze/resolve_types/utilities/callable_inputs.o
[151/186] CXX src/04_analyze/resolve_types/storage_signatures.o
[152/186] CXX src/04_analyze/resolve_types/utilities/signature_validity.o
[153/186] CXX src/04_analyze/resolve_types/storage.o
[154/186] CXX src/04_analyze/resolve_types/utilities/local_type_validity.o
[155/186] CXX src/04_analyze/resolve_types/utilities/type_cache.o
[156/186] CXX src/04_analyze/type_model/data/callable_modes.o
[157/186] CXX src/04_analyze/type_model/callable_contracts.o
[158/186] CXX src/04_analyze/type_model/data/context.o
[159/186] CXX src/04_analyze/type_model/data/callables.o
[160/186] CXX src/04_analyze/type_model/data/catalog.o
[161/186] CXX src/04_analyze/type_model/data/generic.o
[162/186] CXX src/04_analyze/type_model/data/lifecycle_roles.o
[163/186] CXX src/04_analyze/type_model/data/definitions.o
[164/186] CXX src/04_analyze/type_model/data/lifecycle.o
[165/186] CXX src/04_analyze/type_model/data/families.o
[166/186] CXX src/04_analyze/type_model/data/lifetime_policy_codec.o
[167/186] CXX src/04_analyze/type_model/data/lifetime_contract.o
[168/186] CXX src/04_analyze/type_model/data/operations.o
[169/186] CXX src/04_analyze/type_model/data/native_record_layout.o
[170/186] CXX src/04_analyze/type_model/data/records.o
[171/186] CXX src/04_analyze/type_model/data/representations.o
[172/186] CXX src/04_analyze/type_model/data/semantic_modes.o
[173/186] CXX src/04_analyze/type_model/data/semantic_calls.o
[174/186] CXX src/04_analyze/type_model/data/source_families.o
[175/186] CXX src/04_analyze/type_model/data/resources.o
[176/186] CXX src/04_analyze/type_model/data/storage.o
[177/186] CXX src/05_generate_code/prepare_backend/data/abi.o
[178/186] CXX src/04_analyze/type_model/data/type_record.o
[179/186] CXX src/04_analyze/type_model/result_contracts.o
[180/186] CXX src/05_generate_code/prepare_backend/data/configuration.o
[181/186] CXX src/04_analyze/type_model/data/type_references.o
[182/186] CXX src/04_analyze/type_model/data/store.o
[183/186] CXX src/compile/data/native_project.o
[184/186] CXX src/05_generate_code/prepare_backend/data/layout.o
[185/186] CXX src/05_generate_code/prepare_backend/data/source_exports.o
[186/186] LINK main
Rebuilt outputs: .prism/build/app_pch.hpp.gch, .prism/build/fixture.o, .prism/build/main, .prism/build/main.o, .prism/build/probe.o, .prism/build/scpp_framework/collections.o, .prism/build/scpp_framework/exceptions.o, .prism/build/scpp_framework/filesystem.o, .prism/build/scpp_framework/json_document.o, .prism/build/scpp_framework/strings.o, .prism/build/src/01_prepare_inputs/load_runtime/data/family_preparation.o, .prism/build/src/01_prepare_inputs/load_runtime/data/family_results.o, .prism/build/src/01_prepare_inputs/load_runtime/data/package.o, .prism/build/src/01_prepare_inputs/load_runtime/data/package_bindings.o, .prism/build/src/01_prepare_inputs/load_runtime/data/package_context.o, .prism/build/src/01_prepare_inputs/load_runtime/data/project.o, .prism/build/src/01_prepare_inputs/load_runtime/data/runtime.o, .prism/build/src/01_prepare_inputs/load_runtime/handlers/lifecycle.o, .prism/build/src/01_prepare_inputs/load_runtime/handlers/native_import.o, .prism/build/src/01_prepare_inputs/load_runtime/handlers/package_syntax.o, .prism/build/src/01_prepare_inputs/load_runtime/handlers/package_type_map.o, .prism/build/src/01_prepare_inputs/load_runtime/handlers/package_types.o, .prism/build/src/01_prepare_inputs/load_runtime/handlers/resources.o, .prism/build/src/01_prepare_inputs/load_runtime/handlers/type_exposure.o, .prism/build/src/01_prepare_inputs/load_runtime/main_load_runtime.o, .prism/build/src/01_prepare_inputs/load_runtime/project_import.o, .prism/build/src/01_prepare_inputs/load_runtime/utilities/catalog_syntax.o, .prism/build/src/01_prepare_inputs/read_sources/data/buffer.o, .prism/build/src/02_tokenize/store.o, .prism/build/src/02_tokenize/structures.o, .prism/build/src/02_tokenize/tokenize.o, .prism/build/src/03_parse/data/expression_state.o, .prism/build/src/03_parse/data/nodes.o, .prism/build/src/03_parse/data/result.o, .prism/build/src/03_parse/data/role_views.o, .prism/build/src/03_parse/data/store.o, .prism/build/src/03_parse/data/tree.o, .prism/build/src/03_parse/handlers/control_statements.o, .prism/build/src/03_parse/handlers/declarations.o, .prism/build/src/03_parse/handlers/expressions.o, .prism/build/src/03_parse/handlers/metaprogramming.o, .prism/build/src/03_parse/handlers/statements.o, .prism/build/src/03_parse/join.o, .prism/build/src/03_parse/main_parse.o, .prism/build/src/03_parse/parse_file.o, .prism/build/src/03_parse/select_tasks.o, .prism/build/src/03_parse/utilities/binary_syntax.o, .prism/build/src/03_parse/utilities/metaprogramming_syntax.o, .prism/build/src/03_parse/utilities/struct_member_cursor.o, .prism/build/src/03_parse/utilities/syntax_access.o, .prism/build/src/03_parse/utilities/syntax_comparer.o, .prism/build/src/04_analyze/analyze_lifetimes/data/initialization.o, .prism/build/src/04_analyze/analyze_lifetimes/flow.o, .prism/build/src/04_analyze/check_bodies/body.o, .prism/build/src/04_analyze/check_bodies/context.o, .prism/build/src/04_analyze/check_bodies/data/conversions.o, .prism/build/src/04_analyze/check_bodies/data/dependencies.o, .prism/build/src/04_analyze/check_bodies/data/flow.o, .prism/build/src/04_analyze/check_bodies/data/output.o, .prism/build/src/04_analyze/check_bodies/data/places.o, .prism/build/src/04_analyze/check_bodies/data/result.o, .prism/build/src/04_analyze/check_bodies/data/statements.o, .prism/build/src/04_analyze/check_bodies/data/traversal.o, .prism/build/src/04_analyze/check_bodies/data/values.o, .prism/build/src/04_analyze/check_bodies/flow.o, .prism/build/src/04_analyze/check_bodies/handlers/control_statements.o, .prism/build/src/04_analyze/check_bodies/handlers/expressions.o, .prism/build/src/04_analyze/check_bodies/handlers/places.o, .prism/build/src/04_analyze/check_bodies/handlers/statements.o, .prism/build/src/04_analyze/check_bodies/handlers/writes.o, .prism/build/src/04_analyze/check_bodies/utilities/byte_literals.o, .prism/build/src/04_analyze/check_bodies/utilities/conversions.o, .prism/build/src/04_analyze/check_bodies/utilities/decimal_range.o, .prism/build/src/04_analyze/check_bodies/utilities/evaluation.o, .prism/build/src/04_analyze/check_bodies/utilities/flow_graph.o, .prism/build/src/04_analyze/check_bodies/utilities/literals.o, .prism/build/src/04_analyze/check_bodies/utilities/operations.o, .prism/build/src/04_analyze/check_templates/body.o, .prism/build/src/04_analyze/check_templates/data/interpretation.o, .prism/build/src/04_analyze/check_templates/data/result.o, .prism/build/src/04_analyze/check_templates/data/structures.o, .prism/build/src/04_analyze/check_templates/data/terms.o, .prism/build/src/04_analyze/check_templates/join.o, .prism/build/src/04_analyze/check_templates/main_check_templates.o, .prism/build/src/04_analyze/check_templates/select_tasks.o, .prism/build/src/04_analyze/check_templates/terms.o, .prism/build/src/04_analyze/collect_symbols/collect.o, .prism/build/src/04_analyze/collect_symbols/data/provider_declaration.o, .prism/build/src/04_analyze/collect_symbols/data/result.o, .prism/build/src/04_analyze/collect_symbols/data/store.o, .prism/build/src/04_analyze/collect_symbols/data/structures.o, .prism/build/src/04_analyze/collect_symbols/main_collect_symbols.o, .prism/build/src/04_analyze/instantiate/applications.o, .prism/build/src/04_analyze/instantiate/bindings.o, .prism/build/src/04_analyze/instantiate/constants.o, .prism/build/src/04_analyze/instantiate/data/applications.o, .prism/build/src/04_analyze/instantiate/data/context.o, .prism/build/src/04_analyze/instantiate/data/members.o, .prism/build/src/04_analyze/instantiate/data/result.o, .prism/build/src/04_analyze/instantiate/data/state.o, .prism/build/src/04_analyze/instantiate/data/store.o, .prism/build/src/04_analyze/instantiate/data/view.o, .prism/build/src/04_analyze/instantiate/identities.o, .prism/build/src/04_analyze/instantiate/join.o, .prism/build/src/04_analyze/instantiate/member_join.o, .prism/build/src/04_analyze/instantiate/members.o, .prism/build/src/04_analyze/resolve_symbols/body.o, .prism/build/src/04_analyze/resolve_symbols/data/declarations.o, .prism/build/src/04_analyze/resolve_symbols/data/result.o, .prism/build/src/04_analyze/resolve_symbols/data/store.o, .prism/build/src/04_analyze/resolve_symbols/data/structures.o, .prism/build/src/04_analyze/resolve_symbols/data/traversal.o, .prism/build/src/04_analyze/resolve_symbols/handlers/declarations.o, .prism/build/src/04_analyze/resolve_symbols/handlers/expressions.o, .prism/build/src/04_analyze/resolve_symbols/handlers/names.o, .prism/build/src/04_analyze/resolve_symbols/handlers/statements.o, .prism/build/src/04_analyze/resolve_symbols/join.o, .prism/build/src/04_analyze/resolve_symbols/main_resolve_symbols.o, .prism/build/src/04_analyze/resolve_symbols/select_tasks.o, .prism/build/src/04_analyze/resolve_symbols/utilities/binding_coverage.o, .prism/build/src/04_analyze/resolve_symbols/utilities/declaration_lookup.o, .prism/build/src/04_analyze/resolve_symbols/utilities/function_lookup.o, .prism/build/src/04_analyze/resolve_symbols/utilities/resolution_validity.o, .prism/build/src/04_analyze/resolve_types/construction_types.o, .prism/build/src/04_analyze/resolve_types/data/entry_contract.o, .prism/build/src/04_analyze/resolve_types/data/entry_selection.o, .prism/build/src/04_analyze/resolve_types/data/export_identity.o, .prism/build/src/04_analyze/resolve_types/data/lifecycle_bodies.o, .prism/build/src/04_analyze/resolve_types/data/locals.o, .prism/build/src/04_analyze/resolve_types/data/records.o, .prism/build/src/04_analyze/resolve_types/data/result.o, .prism/build/src/04_analyze/resolve_types/data/signature_set.o, .prism/build/src/04_analyze/resolve_types/data/signatures.o, .prism/build/src/04_analyze/resolve_types/data/type_resolution.o, .prism/build/src/04_analyze/resolve_types/definition_view.o, .prism/build/src/04_analyze/resolve_types/lifecycle_composition.o, .prism/build/src/04_analyze/resolve_types/local_join.o, .prism/build/src/04_analyze/resolve_types/locals.o, .prism/build/src/04_analyze/resolve_types/main_prepare_entry.o, .prism/build/src/04_analyze/resolve_types/record_definitions.o, .prism/build/src/04_analyze/resolve_types/record_join.o, .prism/build/src/04_analyze/resolve_types/records.o, .prism/build/src/04_analyze/resolve_types/select_signatures.o, .prism/build/src/04_analyze/resolve_types/signature_join.o, .prism/build/src/04_analyze/resolve_types/signatures.o, .prism/build/src/04_analyze/resolve_types/source_lifecycle.o, .prism/build/src/04_analyze/resolve_types/source_lifecycle_bodies.o, .prism/build/src/04_analyze/resolve_types/source_lifecycle_signature.o, .prism/build/src/04_analyze/resolve_types/storage.o, .prism/build/src/04_analyze/resolve_types/storage_signatures.o, .prism/build/src/04_analyze/resolve_types/utilities/annotation_types.o, .prism/build/src/04_analyze/resolve_types/utilities/callable_inputs.o, .prism/build/src/04_analyze/resolve_types/utilities/local_type_validity.o, .prism/build/src/04_analyze/resolve_types/utilities/parameter_contracts.o, .prism/build/src/04_analyze/resolve_types/utilities/signature_validity.o, .prism/build/src/04_analyze/resolve_types/utilities/type_cache.o, .prism/build/src/04_analyze/type_model/callable_contracts.o, .prism/build/src/04_analyze/type_model/data/callable_modes.o, .prism/build/src/04_analyze/type_model/data/callables.o, .prism/build/src/04_analyze/type_model/data/catalog.o, .prism/build/src/04_analyze/type_model/data/context.o, .prism/build/src/04_analyze/type_model/data/definitions.o, .prism/build/src/04_analyze/type_model/data/families.o, .prism/build/src/04_analyze/type_model/data/generic.o, .prism/build/src/04_analyze/type_model/data/lifecycle.o, .prism/build/src/04_analyze/type_model/data/lifecycle_roles.o, .prism/build/src/04_analyze/type_model/data/lifetime_contract.o, .prism/build/src/04_analyze/type_model/data/lifetime_policy_codec.o, .prism/build/src/04_analyze/type_model/data/native_record_layout.o, .prism/build/src/04_analyze/type_model/data/operations.o, .prism/build/src/04_analyze/type_model/data/records.o, .prism/build/src/04_analyze/type_model/data/representations.o, .prism/build/src/04_analyze/type_model/data/resources.o, .prism/build/src/04_analyze/type_model/data/semantic_calls.o, .prism/build/src/04_analyze/type_model/data/semantic_modes.o, .prism/build/src/04_analyze/type_model/data/source_families.o, .prism/build/src/04_analyze/type_model/data/storage.o, .prism/build/src/04_analyze/type_model/data/store.o, .prism/build/src/04_analyze/type_model/data/type_record.o, .prism/build/src/04_analyze/type_model/data/type_references.o, .prism/build/src/04_analyze/type_model/result_contracts.o, .prism/build/src/05_generate_code/prepare_backend/data/abi.o, .prism/build/src/05_generate_code/prepare_backend/data/configuration.o, .prism/build/src/05_generate_code/prepare_backend/data/layout.o, .prism/build/src/05_generate_code/prepare_backend/data/source_exports.o, .prism/build/src/compile/data/native_project.o
Tip: set SCPP_NINJA_VERBOSE=1 to show full Ninja command lines.
Build completed: .prism/build/main
