Transpiled PHP files: 23, skipped unchanged: 0
Generated Ninja file: .prism/build/build.ninja
Using compiler: clang++-18 -fuse-ld=mold (gnu_like)
Using build mode: debug
Using build grouping policy: incremental (report_only)
Object cache: disabled (default disabled)
Using repo root: /tmp/scpp-json-240-probe
Resolved project dependency graph: 1 project(s)
Runtime compilation: enabled
Dependency compilation: reuse existing artifacts only
ninja: Entering directory `.prism/build'
[1/25] PCH app_pch.hpp.gch
[2/25] CXX src/04_analyze/resolve_types/data/lifecycle_bodies.o
[3/25] CXX scpp_framework/collections.o
[4/25] CXX src/04_analyze/type_model/data/context.o
[5/25] CXX src/04_analyze/resolve_types/utilities/type_cache.o
[6/25] CXX src/04_analyze/type_model/data/definitions.o
[7/25] CXX scpp_framework/exceptions.o
[8/25] CXX src/04_analyze/type_model/data/lifecycle_roles.o
[9/25] CXX main.o
[10/25] CXX scpp_framework/filesystem.o
[11/25] CXX src/04_analyze/type_model/data/lifecycle.o
[12/25] CXX src/04_analyze/resolve_types/lifecycle_composition.o
[13/25] CXX scpp_framework/strings.o
[14/25] CXX scpp_framework/json_document.o
[15/25] CXX probe.o
[16/25] CXX src/04_analyze/type_model/data/catalog.o
[17/25] CXX src/01_prepare_inputs/load_runtime/utilities/catalog_syntax.o
[18/25] CXX src/04_analyze/type_model/data/lifetime_policy_codec.o
[19/25] CXX src/04_analyze/type_model/data/type_record.o
[20/25] CXX src/04_analyze/type_model/data/semantic_modes.o
[21/25] CXX src/04_analyze/type_model/result_contracts.o
[22/25] CXX src/04_analyze/type_model/data/representations.o
[23/25] CXX src/04_analyze/type_model/data/lifetime_contract.o
[24/25] CXX src/04_analyze/type_model/data/store.o
[25/25] LINK main
Rebuilt outputs: .prism/build/app_pch.hpp.gch, .prism/build/main, .prism/build/main.o, .prism/build/probe.o, .prism/build/scpp_framework/collections.o, .prism/build/scpp_framework/exceptions.o, .prism/build/scpp_framework/filesystem.o, .prism/build/scpp_framework/json_document.o, .prism/build/scpp_framework/strings.o, .prism/build/src/01_prepare_inputs/load_runtime/utilities/catalog_syntax.o, .prism/build/src/04_analyze/resolve_types/data/lifecycle_bodies.o, .prism/build/src/04_analyze/resolve_types/lifecycle_composition.o, .prism/build/src/04_analyze/resolve_types/utilities/type_cache.o, .prism/build/src/04_analyze/type_model/data/catalog.o, .prism/build/src/04_analyze/type_model/data/context.o, .prism/build/src/04_analyze/type_model/data/definitions.o, .prism/build/src/04_analyze/type_model/data/lifecycle.o, .prism/build/src/04_analyze/type_model/data/lifecycle_roles.o, .prism/build/src/04_analyze/type_model/data/lifetime_contract.o, .prism/build/src/04_analyze/type_model/data/lifetime_policy_codec.o, .prism/build/src/04_analyze/type_model/data/representations.o, .prism/build/src/04_analyze/type_model/data/semantic_modes.o, .prism/build/src/04_analyze/type_model/data/store.o, .prism/build/src/04_analyze/type_model/data/type_record.o, .prism/build/src/04_analyze/type_model/result_contracts.o
Tip: set SCPP_NINJA_VERBOSE=1 to show full Ninja command lines.
Build completed: .prism/build/main
