Transpiled PHP files: 50, skipped unchanged: 0
Generated Ninja file: .prism/build/build.ninja
Using compiler: clang++-18 -fuse-ld=mold (gnu_like)
Using build mode: debug
Using build grouping policy: incremental (report_only)
Object cache: disabled (default disabled)
Using repo root: /tmp/scpp-json-240-probe
Resolved project dependency graph: 1 project(s)
Runtime compilation: enabled
Dependency compilation: reuse existing artifacts only
ninja: Entering directory `.prism/build'
[1/52] PCH app_pch.hpp.gch
[2/52] CXX scpp_framework/collections.o
[3/52] CXX scpp_framework/filesystem.o
[4/52] CXX src/03_parse/data/result.o
[5/52] CXX src/02_tokenize/store.o
[6/52] CXX src/03_parse/data/nodes.o
[7/52] CXX src/03_parse/data/expression_state.o
[8/52] CXX scpp_framework/json_document.o
[9/52] CXX src/01_prepare_inputs/read_sources/data/buffer.o
[10/52] CXX src/01_prepare_inputs/load_runtime/main_load_runtime.o
[11/52] CXX scpp_framework/exceptions.o
[12/52] CXX src/02_tokenize/structures.o
[13/52] CXX src/01_prepare_inputs/load_runtime/utilities/catalog_syntax.o
[14/52] CXX scpp_framework/strings.o
[15/52] CXX probe.o
[16/52] CXX src/02_tokenize/tokenize.o
[17/52] CXX src/03_parse/data/role_views.o
[18/52] CXX main.o
[19/52] CXX src/03_parse/handlers/expressions.o
[20/52] CXX src/03_parse/data/tree.o
[21/52] CXX src/03_parse/handlers/declarations.o
[22/52] CXX src/03_parse/handlers/control_statements.o
[23/52] CXX src/03_parse/handlers/metaprogramming.o
[24/52] CXX src/03_parse/data/store.o
[25/52] CXX src/03_parse/main_parse.o
[26/52] CXX src/03_parse/utilities/metaprogramming_syntax.o
[27/52] CXX src/03_parse/handlers/statements.o
[28/52] CXX src/03_parse/utilities/struct_member_cursor.o
[29/52] CXX src/03_parse/utilities/syntax_comparer.o
[30/52] CXX src/03_parse/utilities/syntax_access.o
[31/52] CXX src/03_parse/parse_file.o
[32/52] CXX src/03_parse/utilities/binary_syntax.o
[33/52] CXX src/03_parse/join.o
[34/52] CXX src/04_analyze/collect_symbols/data/structures.o
[35/52] CXX src/03_parse/select_tasks.o
[36/52] CXX src/04_analyze/collect_symbols/data/result.o
[37/52] CXX src/04_analyze/resolve_types/data/entry_contract.o
[38/52] CXX src/04_analyze/resolve_types/data/entry_selection.o
[39/52] CXX src/04_analyze/resolve_types/main_prepare_entry.o
[40/52] CXX src/04_analyze/collect_symbols/collect.o
[41/52] CXX src/04_analyze/type_model/data/context.o
[42/52] CXX src/04_analyze/collect_symbols/main_collect_symbols.o
[43/52] CXX src/04_analyze/type_model/data/lifecycle.o
[44/52] CXX src/04_analyze/collect_symbols/data/store.o
[45/52] CXX src/04_analyze/type_model/data/definitions.o
[46/52] CXX src/04_analyze/type_model/data/catalog.o
[47/52] CXX src/04_analyze/type_model/data/lifecycle_roles.o
[48/52] CXX src/04_analyze/type_model/data/lifetime_policy_codec.o
[49/52] CXX src/04_analyze/type_model/data/lifetime_contract.o
[50/52] CXX src/04_analyze/type_model/data/representations.o
[51/52] CXX src/04_analyze/type_model/data/semantic_modes.o
[52/52] LINK main
Rebuilt outputs: .prism/build/app_pch.hpp.gch, .prism/build/main, .prism/build/main.o, .prism/build/probe.o, .prism/build/scpp_framework/collections.o, .prism/build/scpp_framework/exceptions.o, .prism/build/scpp_framework/filesystem.o, .prism/build/scpp_framework/json_document.o, .prism/build/scpp_framework/strings.o, .prism/build/src/01_prepare_inputs/load_runtime/main_load_runtime.o, .prism/build/src/01_prepare_inputs/load_runtime/utilities/catalog_syntax.o, .prism/build/src/01_prepare_inputs/read_sources/data/buffer.o, .prism/build/src/02_tokenize/store.o, .prism/build/src/02_tokenize/structures.o, .prism/build/src/02_tokenize/tokenize.o, .prism/build/src/03_parse/data/expression_state.o, .prism/build/src/03_parse/data/nodes.o, .prism/build/src/03_parse/data/result.o, .prism/build/src/03_parse/data/role_views.o, .prism/build/src/03_parse/data/store.o, .prism/build/src/03_parse/data/tree.o, .prism/build/src/03_parse/handlers/control_statements.o, .prism/build/src/03_parse/handlers/declarations.o, .prism/build/src/03_parse/handlers/expressions.o, .prism/build/src/03_parse/handlers/metaprogramming.o, .prism/build/src/03_parse/handlers/statements.o, .prism/build/src/03_parse/join.o, .prism/build/src/03_parse/main_parse.o, .prism/build/src/03_parse/parse_file.o, .prism/build/src/03_parse/select_tasks.o, .prism/build/src/03_parse/utilities/binary_syntax.o, .prism/build/src/03_parse/utilities/metaprogramming_syntax.o, .prism/build/src/03_parse/utilities/struct_member_cursor.o, .prism/build/src/03_parse/utilities/syntax_access.o, .prism/build/src/03_parse/utilities/syntax_comparer.o, .prism/build/src/04_analyze/collect_symbols/collect.o, .prism/build/src/04_analyze/collect_symbols/data/result.o, .prism/build/src/04_analyze/collect_symbols/data/store.o, .prism/build/src/04_analyze/collect_symbols/data/structures.o, .prism/build/src/04_analyze/collect_symbols/main_collect_symbols.o, .prism/build/src/04_analyze/resolve_types/data/entry_contract.o, .prism/build/src/04_analyze/resolve_types/data/entry_selection.o, .prism/build/src/04_analyze/resolve_types/main_prepare_entry.o, .prism/build/src/04_analyze/type_model/data/catalog.o, .prism/build/src/04_analyze/type_model/data/context.o, .prism/build/src/04_analyze/type_model/data/definitions.o, .prism/build/src/04_analyze/type_model/data/lifecycle.o, .prism/build/src/04_analyze/type_model/data/lifecycle_roles.o, .prism/build/src/04_analyze/type_model/data/lifetime_contract.o, .prism/build/src/04_analyze/type_model/data/lifetime_policy_codec.o, .prism/build/src/04_analyze/type_model/data/representations.o, .prism/build/src/04_analyze/type_model/data/semantic_modes.o
Tip: set SCPP_NINJA_VERBOSE=1 to show full Ninja command lines.
Build completed: .prism/build/main
