Transpiled PHP files: 68, skipped unchanged: 0
Generated Ninja file: .prism/build/build.ninja
Using compiler: clang++-18 -fuse-ld=mold (gnu_like)
Using build mode: debug
Using build grouping policy: incremental (report_only)
Object cache: disabled (default disabled)
Using repo root: /tmp/scpp-json-240-probe
Resolved project dependency graph: 1 project(s)
Runtime compilation: enabled
Dependency compilation: reuse existing artifacts only
ninja: Entering directory `.prism/build'
[1/70] PCH app_pch.hpp.gch
[2/70] CXX scpp_framework/collections.o
[3/70] CXX src/03_parse/data/nodes.o
[4/70] CXX src/02_tokenize/store.o
[5/70] CXX src/01_prepare_inputs/load_runtime/main_load_runtime.o
[6/70] CXX src/02_tokenize/tokenize.o
[7/70] CXX src/03_parse/data/result.o
[8/70] CXX src/01_prepare_inputs/read_sources/data/buffer.o
[9/70] CXX scpp_framework/exceptions.o
[10/70] CXX src/02_tokenize/structures.o
[11/70] CXX scpp_framework/json_document.o
[12/70] CXX src/03_parse/data/expression_state.o
[13/70] CXX main.o
[14/70] CXX scpp_framework/filesystem.o
[15/70] CXX scpp_framework/strings.o
[16/70] CXX src/03_parse/data/role_views.o
[17/70] CXX src/03_parse/handlers/metaprogramming.o
[18/70] CXX src/01_prepare_inputs/load_runtime/utilities/catalog_syntax.o
[19/70] CXX src/03_parse/handlers/declarations.o
[20/70] CXX probe.o
[21/70] CXX src/03_parse/handlers/statements.o
[22/70] CXX src/03_parse/handlers/expressions.o
[23/70] CXX src/03_parse/handlers/control_statements.o
[24/70] CXX src/03_parse/data/tree.o
[25/70] CXX src/03_parse/data/store.o
[26/70] CXX src/03_parse/main_parse.o
[27/70] CXX src/03_parse/utilities/metaprogramming_syntax.o
[28/70] CXX src/03_parse/join.o
[29/70] CXX src/03_parse/utilities/struct_member_cursor.o
[30/70] CXX src/03_parse/select_tasks.o
[31/70] CXX src/03_parse/parse_file.o
[32/70] CXX src/03_parse/utilities/syntax_access.o
[33/70] CXX src/03_parse/utilities/binary_syntax.o
[34/70] CXX src/04_analyze/collect_symbols/data/result.o
[35/70] CXX src/04_analyze/collect_symbols/data/structures.o
[36/70] CXX src/03_parse/utilities/syntax_comparer.o
[37/70] CXX src/04_analyze/collect_symbols/collect.o
[38/70] CXX src/04_analyze/resolve_symbols/data/declarations.o
[39/70] CXX src/04_analyze/resolve_symbols/data/structures.o
[40/70] CXX src/04_analyze/collect_symbols/main_collect_symbols.o
[41/70] CXX src/04_analyze/resolve_symbols/handlers/declarations.o
[42/70] CXX src/04_analyze/collect_symbols/data/store.o
[43/70] CXX src/04_analyze/resolve_symbols/data/store.o
[44/70] CXX src/04_analyze/resolve_symbols/data/traversal.o
[45/70] CXX src/04_analyze/resolve_symbols/handlers/statements.o
[46/70] CXX src/04_analyze/resolve_symbols/handlers/expressions.o
[47/70] CXX src/04_analyze/resolve_symbols/handlers/names.o
[48/70] CXX src/04_analyze/resolve_symbols/body.o
[49/70] CXX src/04_analyze/resolve_symbols/data/result.o
[50/70] CXX src/04_analyze/resolve_symbols/main_resolve_symbols.o
[51/70] CXX src/04_analyze/resolve_symbols/utilities/declaration_lookup.o
[52/70] CXX src/04_analyze/resolve_symbols/join.o
[53/70] CXX src/04_analyze/resolve_symbols/utilities/function_lookup.o
[54/70] CXX src/04_analyze/resolve_symbols/select_tasks.o
[55/70] CXX src/04_analyze/resolve_symbols/utilities/binding_coverage.o
[56/70] CXX src/04_analyze/resolve_types/data/entry_contract.o
[57/70] CXX src/04_analyze/resolve_types/main_prepare_entry.o
[58/70] CXX src/04_analyze/resolve_symbols/utilities/resolution_validity.o
[59/70] CXX src/04_analyze/type_model/data/context.o
[60/70] CXX src/04_analyze/resolve_types/data/entry_selection.o
[61/70] CXX src/04_analyze/type_model/data/generic.o
[62/70] CXX src/04_analyze/type_model/data/definitions.o
[63/70] CXX src/04_analyze/type_model/data/catalog.o
[64/70] CXX src/04_analyze/type_model/data/lifecycle_roles.o
[65/70] CXX src/04_analyze/type_model/data/lifecycle.o
[66/70] CXX src/04_analyze/type_model/data/lifetime_policy_codec.o
[67/70] CXX src/04_analyze/type_model/data/representations.o
[68/70] CXX src/04_analyze/type_model/data/lifetime_contract.o
[69/70] CXX src/04_analyze/type_model/data/semantic_modes.o
[70/70] LINK main
Rebuilt outputs: .prism/build/app_pch.hpp.gch, .prism/build/main, .prism/build/main.o, .prism/build/probe.o, .prism/build/scpp_framework/collections.o, .prism/build/scpp_framework/exceptions.o, .prism/build/scpp_framework/filesystem.o, .prism/build/scpp_framework/json_document.o, .prism/build/scpp_framework/strings.o, .prism/build/src/01_prepare_inputs/load_runtime/main_load_runtime.o, .prism/build/src/01_prepare_inputs/load_runtime/utilities/catalog_syntax.o, .prism/build/src/01_prepare_inputs/read_sources/data/buffer.o, .prism/build/src/02_tokenize/store.o, .prism/build/src/02_tokenize/structures.o, .prism/build/src/02_tokenize/tokenize.o, .prism/build/src/03_parse/data/expression_state.o, .prism/build/src/03_parse/data/nodes.o, .prism/build/src/03_parse/data/result.o, .prism/build/src/03_parse/data/role_views.o, .prism/build/src/03_parse/data/store.o, .prism/build/src/03_parse/data/tree.o, .prism/build/src/03_parse/handlers/control_statements.o, .prism/build/src/03_parse/handlers/declarations.o, .prism/build/src/03_parse/handlers/expressions.o, .prism/build/src/03_parse/handlers/metaprogramming.o, .prism/build/src/03_parse/handlers/statements.o, .prism/build/src/03_parse/join.o, .prism/build/src/03_parse/main_parse.o, .prism/build/src/03_parse/parse_file.o, .prism/build/src/03_parse/select_tasks.o, .prism/build/src/03_parse/utilities/binary_syntax.o, .prism/build/src/03_parse/utilities/metaprogramming_syntax.o, .prism/build/src/03_parse/utilities/struct_member_cursor.o, .prism/build/src/03_parse/utilities/syntax_access.o, .prism/build/src/03_parse/utilities/syntax_comparer.o, .prism/build/src/04_analyze/collect_symbols/collect.o, .prism/build/src/04_analyze/collect_symbols/data/result.o, .prism/build/src/04_analyze/collect_symbols/data/store.o, .prism/build/src/04_analyze/collect_symbols/data/structures.o, .prism/build/src/04_analyze/collect_symbols/main_collect_symbols.o, .prism/build/src/04_analyze/resolve_symbols/body.o, .prism/build/src/04_analyze/resolve_symbols/data/declarations.o, .prism/build/src/04_analyze/resolve_symbols/data/result.o, .prism/build/src/04_analyze/resolve_symbols/data/store.o, .prism/build/src/04_analyze/resolve_symbols/data/structures.o, .prism/build/src/04_analyze/resolve_symbols/data/traversal.o, .prism/build/src/04_analyze/resolve_symbols/handlers/declarations.o, .prism/build/src/04_analyze/resolve_symbols/handlers/expressions.o, .prism/build/src/04_analyze/resolve_symbols/handlers/names.o, .prism/build/src/04_analyze/resolve_symbols/handlers/statements.o, .prism/build/src/04_analyze/resolve_symbols/join.o, .prism/build/src/04_analyze/resolve_symbols/main_resolve_symbols.o, .prism/build/src/04_analyze/resolve_symbols/select_tasks.o, .prism/build/src/04_analyze/resolve_symbols/utilities/binding_coverage.o, .prism/build/src/04_analyze/resolve_symbols/utilities/declaration_lookup.o, .prism/build/src/04_analyze/resolve_symbols/utilities/function_lookup.o, .prism/build/src/04_analyze/resolve_symbols/utilities/resolution_validity.o, .prism/build/src/04_analyze/resolve_types/data/entry_contract.o, .prism/build/src/04_analyze/resolve_types/data/entry_selection.o, .prism/build/src/04_analyze/resolve_types/main_prepare_entry.o, .prism/build/src/04_analyze/type_model/data/catalog.o, .prism/build/src/04_analyze/type_model/data/context.o, .prism/build/src/04_analyze/type_model/data/definitions.o, .prism/build/src/04_analyze/type_model/data/generic.o, .prism/build/src/04_analyze/type_model/data/lifecycle.o, .prism/build/src/04_analyze/type_model/data/lifecycle_roles.o, .prism/build/src/04_analyze/type_model/data/lifetime_contract.o, .prism/build/src/04_analyze/type_model/data/lifetime_policy_codec.o, .prism/build/src/04_analyze/type_model/data/representations.o, .prism/build/src/04_analyze/type_model/data/semantic_modes.o
Tip: set SCPP_NINJA_VERBOSE=1 to show full Ninja command lines.
Build completed: .prism/build/main
