[1/426] CXX expanded/compile/pipeline/pipeline_config_helpers.o
[2/426] CXX expanded/compile/support/pure_tdd_stage_artifacts.o
[3/426] CXX expanded/compile/support/compiler_execution_artifacts.o
[4/426] CXX expanded/compile/support/compiler_project_run_row_artifacts.o
[5/426] CXX expanded/compile/support/compiler_project_env_or_smoke_echo.o
[6/426] CXX expanded/compile/incremental/source_unit_frontend_scheduler.o
[7/426] CXX expanded/compile/incremental/resident_source_unit_frontend_states.o
[8/426] CXX expanded/compile/pipeline/compiler_project_runner.o
[9/426] CXX expanded/compile/support/structure_kernel_smoke_runner.o
[10/426] CXX expanded/compile/backend/abi_bridge/runtime_abi_bridge.o
[11/426] CXX expanded/compile/capabilities/runtime_helper_contract_readiness.o
[12/426] CXX expanded/compile/incremental/resident_daemon_file_ipc.o
[13/426] clang++ -std=c++23 -fPIC -O0 -g1 -pipe -I../../../vendor/runtime/include -I../expanded/generated -DSCPP_LANGUAGE_TARGET_PHP=1 -DSCPP_HAS_MYSQLI=0 -DSCPP_HAS_REGEX=0 -DSCPP_HAS_CURL=0 -DSCPP_HAS_TASKS=1 -DSCPP_TASKS_DEFAULT_WORKER_POOL_SIZE=0 -DSCPP_HAS_UI=0 -DSCPP_HAS_WEBVIEW=0 -DSCPP_ENABLE_CALL_DEPTH_GUARD=1 -DSCPP_MAX_CALL_DEPTH=4096 -x c++-header -MD -MF expanded-project.pch.d ../expanded/generated/__project_units.hpp -o expanded-project.pch
[14/426] CALLABLE_PART expanded_parts/__callable/compiler_profile_events_stage_backend_lowering_writes_id.o
[15/426] CALLABLE_PART expanded_parts/__callable/compiler_profile_events_stage_compiler_project_run_total_id.o
[16/426] CALLABLE_PART expanded_parts/__callable/compiler_profile_events_stage_references_contracts_id.o
[17/426] CALLABLE_PART expanded_parts/__callable/compiler_profile_events_stage_source_units_id.o
[18/426] CALLABLE_PART expanded_parts/__callable/compiler_profile_events_stage_manifest_id.o
[19/426] CALLABLE_PART expanded_parts/__callable/compiler_profile_events_stage_analysis_capability_id.o
[20/426] CALLABLE_PART expanded_parts/__callable/compiler_profile_events_stage_backend_direct_call_setup_id.o
[21/426] CALLABLE_PART expanded_parts/__callable/compiler_profile_events_stage_capability_load_probe_id.o
[22/426] CALLABLE_PART expanded_parts/__callable/compiler_profile_events_stage_frontend_symbols_id.o
[23/426] CALLABLE_PART expanded_parts/__callable/compiler_profile_events___scpp_static_accepts.o
[24/426] CALLABLE_PART expanded_parts/__callable/compiler_profile_events_stage_output_setup_id.o
[25/426] CALLABLE_PART expanded_parts/main.o
[26/426] CALLABLE_PART expanded_parts/__callable/compiler_profile_events_stage_backend_target_local_emission_id.o
[27/426] CALLABLE_PART expanded_parts/__callable/compiler_profile_events_stage_artifact_write_id.o
[28/426] CALLABLE_PART expanded_parts/__callable/compiler_profile_events_stage_frontend_source_units_id.o
[29/426] CALLABLE_PART expanded_parts/__callable/compiler_profile_events_stage_backend_entry_call_emission_id.o
[30/426] CALLABLE_PART expanded_parts/__callable/compiler_profile_events_stage_backend_target_local_match_id.o
[31/426] CALLABLE_PART expanded_parts/__callable/compiler_profile_events_stage_llvm_text_materialization_id.o
[32/426] CALLABLE_PART expanded_parts/__callable/compiler_profile_events_stage_symbol_definition_snapshots_id.o
[33/426] CALLABLE_PART expanded_parts/__callable/compiler_profile_events_stage_tokenizer_id.o
[34/426] CALLABLE_PART expanded_parts/__callable/compiler_profile_events_stage_project_symbol_index_id.o
[35/426] CALLABLE_PART expanded_parts/__callable/compiler_profile_events_stage_resident_token_snapshots_id.o
[36/426] CALLABLE_PART expanded_parts/__callable/compiler_profile_events_stage_resident_frontend_node_snapshots_id.o
[37/426] CALLABLE_PART expanded_parts/__callable/compiler_profile_events_stage_parser_frontend_model_id.o
[38/426] CALLABLE_PART expanded_parts/__callable/compiler_profile_events_stage_symbol_state_publication_id.o
[39/426] CALLABLE_PART expanded_parts/__callable/compiler_profile_events_stage_symbol_fact_publication_metrics_id.o
[40/426] CALLABLE_PART expanded_parts/__callable/compiler_profile_events_stage_function_body_ownership_snapshots_id.o
[41/426] CALLABLE_PART expanded_parts/__callable/compiler_profile_events_stage_frontend_payload_publication_metrics_id.o
[42/426] CALLABLE_PART expanded_parts/__callable/compiler_profile_events_stage_symbol_name_lookups_id.o
[43/426] CALLABLE_PART expanded_parts/__callable/compiler_profile_events_status_completed_id.o
[44/426] CALLABLE_PART expanded_parts/__callable/compiler_profile_events_now_us.o
[45/426] CALLABLE_PART expanded_parts/__callable/compiler_profile_events_append_elapsed.o
[46/426] CALLABLE_PART expanded_parts/__callable/compiler_profile_events_elapsed_us_since.o
[47/426] CALLABLE_PART expanded_parts/__callable/compiler_profile_events_append_event.o
[48/426] CALLABLE_PART expanded_parts/__callable/compiler_profile_events_status_blocked_id.o
[49/426] CALLABLE_PART expanded_parts/__callable/compiler_profile_events_stage_name.o
[50/426] CALLABLE_PART expanded_parts/__callable/token_kinds___scpp_static_accepts.o
[51/426] CALLABLE_PART expanded_parts/__callable/compiler_profile_events_status_name.o
[52/426] CALLABLE_PART expanded_parts/__callable/compiler_profile_events_debug_string.o
[53/426] CALLABLE_PART expanded_parts/__callable/token_kinds_unknown.o
[54/426] CALLABLE_PART expanded_parts/__callable/token_kinds_eof.o
[55/426] CALLABLE_PART expanded_parts/__callable/token_kinds_identifier.o
[56/426] CALLABLE_PART expanded_parts/__callable/token_kinds_keyword.o
[57/426] CALLABLE_PART expanded_parts/__callable/token_kinds_string_literal.o
[58/426] CALLABLE_PART expanded_parts/__callable/token_kinds_number.o
[59/426] CALLABLE_PART expanded_parts/__callable/token_kinds_symbol.o
[60/426] CALLABLE_PART expanded_parts/__callable/token_kinds_comment.o
[61/426] CALLABLE_PART expanded_parts/__callable/token_kinds_error.o
[62/426] CALLABLE_PART expanded_parts/__callable/token_kinds_name.o
[63/426] CALLABLE_PART expanded_parts/__callable/frontend_model_builder_declaration_kind_namespace_id.o
[64/426] CALLABLE_PART expanded_parts/__callable/frontend_model_builder___scpp_static_accepts.o
[65/426] CALLABLE_PART expanded_parts/__callable/frontend_model_builder_declaration_kind_use_function_id.o
[66/426] CALLABLE_PART expanded_parts/__callable/frontend_model_builder_declaration_kind_function_id.o
[67/426] CALLABLE_PART expanded_parts/__callable/frontend_model_builder_synthetic_script_entry_name.o
[68/426] CALLABLE_PART expanded_parts/__callable/frontend_model_builder_name_role_declaration_id.o
[69/426] CALLABLE_PART expanded_parts/__callable/frontend_model_builder_name_role_callee_id.o
[70/426] CALLABLE_PART expanded_parts/__callable/frontend_model_builder_declaration_flag_synthetic_script_entry_id.o
[71/426] CALLABLE_PART expanded_parts/__callable/frontend_model_builder_name_role_type_id.o
[72/426] CALLABLE_PART expanded_parts/__callable/frontend_model_builder_name_role_variable_id.o
[73/426] CALLABLE_PART expanded_parts/__callable/frontend_model_builder_declaration_is_synthetic_script_entry.o
[74/426] CALLABLE_PART expanded_parts/__callable/frontend_model_builder_name_role_namespace_id.o
[75/426] CALLABLE_PART expanded_parts/__callable/frontend_model_builder_statement_flag_const_binding_id.o
[76/426] CALLABLE_PART expanded_parts/__callable/frontend_model_builder_statement_flag_append_target_id.o
[77/426] CALLABLE_PART expanded_parts/__callable/frontend_model_builder_name_role_constant_id.o
[78/426] CALLABLE_PART expanded_parts/__callable/frontend_model_builder_expression_flag_by_reference_parameter_id.o
[79/426] CALLABLE_PART expanded_parts/__callable/frontend_model_builder_literal_kind_integer_id.o
[80/426] CALLABLE_PART expanded_parts/__callable/frontend_model_builder_literal_kind_bool_id.o
[81/426] CALLABLE_PART expanded_parts/__callable/frontend_model_builder_literal_kind_string_id.o
[82/426] CALLABLE_PART expanded_parts/__callable/frontend_model_builder_operator_plus_id.o
[83/426] CALLABLE_PART expanded_parts/__callable/frontend_model_builder_literal_kind_floating_id.o
[84/426] CALLABLE_PART expanded_parts/__callable/frontend_model_builder_literal_kind_null_id.o
[85/426] CALLABLE_PART expanded_parts/__callable/frontend_model_builder_literal_status_ready_id.o
[86/426] CALLABLE_PART expanded_parts/__callable/frontend_model_builder_operator_multiply_id.o
[87/426] CALLABLE_PART expanded_parts/__callable/frontend_model_builder_operator_minus_id.o
[88/426] CALLABLE_PART expanded_parts/__callable/frontend_model_builder_operator_unary_minus_id.o
[89/426] CALLABLE_PART expanded_parts/__callable/frontend_model_builder_operator_divide_id.o
[90/426] CALLABLE_PART expanded_parts/__callable/frontend_model_builder_primitive_int_type_ref_id.o
[91/426] CALLABLE_PART expanded_parts/__callable/frontend_model_builder_primitive_bool_type_ref_id.o
[92/426] CALLABLE_PART expanded_parts/__callable/frontend_model_builder_operator_modulo_id.o
[93/426] CALLABLE_PART expanded_parts/__callable/frontend_model_builder_runtime_string_type_ref_id.o
[94/426] CALLABLE_PART expanded_parts/__callable/frontend_model_builder_numeric_type_ref_accepts_decimal_literal.o
[95/426] CALLABLE_PART expanded_parts/__callable/frontend_model_builder_integer_positive_limit_for_width.o
[96/426] CALLABLE_PART expanded_parts/__callable/frontend_model_builder_numeric_type_ref_is_integer_literal_target.o
[97/426] CALLABLE_PART expanded_parts/__callable/frontend_model_builder_integer_literal_fits_type_ref.o
[98/426] CALLABLE_PART expanded_parts/__callable/frontend_model_builder_source_range_from_token.o
[99/426] CALLABLE_PART expanded_parts/__callable/frontend_model_builder_primitive_type_ref_id_for_name.o
[100/426] CALLABLE_PART expanded_parts/__callable/frontend_model_builder_source_type_ref_id_for_name.o
[101/426] CALLABLE_PART expanded_parts/__callable/frontend_model_builder_token_end_offset.o
[102/426] CALLABLE_PART expanded_parts/__callable/frontend_model_builder_source_range_from_offsets.o
[103/426] CALLABLE_PART expanded_parts/__callable/frontend_model_builder_parse_type_ref_id.o
[104/426] CALLABLE_PART expanded_parts/__callable/frontend_model_builder_expect_type_name_token.o
[105/426] CALLABLE_PART expanded_parts/__callable/frontend_model_builder_append_declaration_name.o
[106/426] CALLABLE_PART expanded_parts/__callable/frontend_model_builder_append_name.o
[107/426] CALLABLE_PART expanded_parts/__callable/frontend_model_builder_append_type_name.o
[108/426] CALLABLE_PART expanded_parts/__callable/frontend_model_builder_append_callee_name.o
[109/426] CALLABLE_PART expanded_parts/__callable/frontend_model_builder_append_variable_name.o
[110/426] CALLABLE_PART expanded_parts/__callable/frontend_model_builder_append_constant_name.o
[111/426] CALLABLE_PART expanded_parts/__callable/frontend_model_builder_append_namespace_name.o
[112/426] CALLABLE_PART expanded_parts/__callable/frontend_model_builder_expression_type_ref_or_unknown.o
[113/426] CALLABLE_PART expanded_parts/__callable/frontend_model_builder_append_identifier_expression_from_token_with_type.o
[114/426] CALLABLE_PART expanded_parts/__callable/frontend_model_builder_append_variable_expression_with_type.o
[115/426] CALLABLE_PART expanded_parts/__callable/frontend_model_builder_append_identifier_expression_with_type.o
[116/426] CALLABLE_PART expanded_parts/__callable/frontend_model_builder_append_variable_expression_from_existing_node_with_type.o
[117/426] CALLABLE_PART expanded_parts/__callable/frontend_model_builder_append_variable_expression.o
[118/426] CALLABLE_PART expanded_parts/__callable/frontend_model_builder_append_string_literal_expression.o
[119/426] CALLABLE_PART expanded_parts/__callable/frontend_model_builder_append_literal_expression_with_numeric_type.o
[120/426] CALLABLE_PART expanded_parts/__callable/frontend_model_builder_append_null_literal_expression.o
[121/426] CALLABLE_PART expanded_parts/__callable/frontend_model_builder_append_unary_minus_integer_literal_expression_with_type.o
[122/426] CALLABLE_PART expanded_parts/__callable/frontend_model_builder_consume_blocked_unary_logical_not_operand.o
[123/426] CALLABLE_PART expanded_parts/__callable/frontend_model_builder_append_unary_minus_local_expression_with_type.o
[124/426] CALLABLE_PART expanded_parts/__callable/frontend_model_builder_consume_blocked_unary_logical_not_expression.o
[125/426] CALLABLE_PART expanded_parts/__callable/frontend_model_builder_append_call_expression.o
[126/426] CALLABLE_PART expanded_parts/__callable/frontend_model_builder_at_call_argument_list_after_open_offset.o
[127/426] CALLABLE_PART expanded_parts/__callable/frontend_model_builder_at_qualified_call_expression.o
[128/426] CALLABLE_PART expanded_parts/__callable/frontend_model_builder_at_call_expression_with_argument_list.o
[129/426] CALLABLE_PART expanded_parts/__callable/frontend_model_builder_at_function_parameter.o
[130/426] CALLABLE_PART expanded_parts/__callable/frontend_model_builder_at_scalar_expression_start_at_offset.o
[131/426] CALLABLE_PART expanded_parts/__callable/frontend_model_builder_mark_expression_node_flag.o
[132/426] CALLABLE_PART expanded_parts/__callable/frontend_model_builder_append_function_parameter_expression.o
[133/426] CALLABLE_PART expanded_parts/__callable/frontend_model_builder_append_parameter_default_literal_if_present.o
[134/426] CALLABLE_PART expanded_parts/__callable/frontend_model_builder_append_binary_minus_expression_from_left_with_type.o
[135/426] CALLABLE_PART expanded_parts/__callable/frontend_model_builder_append_binary_plus_expression_from_left_with_type.o
[136/426] CALLABLE_PART expanded_parts/__callable/frontend_model_builder_append_binary_expression_from_left_with_type.o
[137/426] CALLABLE_PART expanded_parts/__callable/frontend_model_builder_append_index_access_expression_from_nodes_with_type.o
[138/426] CALLABLE_PART expanded_parts/__callable/frontend_model_builder_append_empty_initializer_expression_with_type.o
[139/426] CALLABLE_PART expanded_parts/__callable/frontend_model_builder_append_binary_expression_from_nodes_with_type.o
[140/426] CALLABLE_PART expanded_parts/__callable/frontend_model_builder_append_generated_binary_expression_from_left_with_type.o
[141/426] CALLABLE_PART expanded_parts/__callable/frontend_model_builder_append_ternary_expression_from_nodes_with_type.o
[142/426] CALLABLE_PART expanded_parts/__callable/frontend_model_builder_binary_operator_row_for_current.o
[143/426] CALLABLE_PART expanded_parts/__callable/frontend_model_builder_expression_type_ref_from_node.o
[144/426] CALLABLE_PART expanded_parts/__callable/frontend_model_builder_operator_result_type_ref_for_left.o
[145/426] CALLABLE_PART expanded_parts/__callable/frontend_model_builder_operator_rhs_type_ref_for_left.o
[146/426] CALLABLE_PART expanded_parts/__callable/frontend_model_builder_at_local_declaration.o
[147/426] CALLABLE_PART expanded_parts/__callable/frontend_model_builder_expect_const_keyword.o
[148/426] CALLABLE_PART expanded_parts/__callable/frontend_model_builder_at_const_keyword.o
[149/426] CALLABLE_PART expanded_parts/__callable/frontend_model_builder_node_is_synthetic_script_entry.o
[150/426] CALLABLE_PART expanded_parts/__callable/frontend_model_builder_at_const_declaration_statement.o
[151/426] CALLABLE_PART expanded_parts/__callable/frontend_model_builder_at_bound_identifier_expression.o
[152/426] CALLABLE_PART expanded_parts/__callable/frontend_model_builder_compound_assignment_base_operator_at_offset.o
[153/426] CALLABLE_PART expanded_parts/__callable/frontend_model_builder_at_compound_assignment_operator_after_target.o
[154/426] CALLABLE_PART expanded_parts/__callable/frontend_model_builder_at_double_symbol.o
[155/426] CALLABLE_PART expanded_parts/__callable/frontend_model_builder_at_assignment_statement.o
[156/426] CALLABLE_PART expanded_parts/__callable/frontend_model_builder_prefix_update_variable_offset.o
[157/426] CALLABLE_PART expanded_parts/__callable/frontend_model_builder_at_echo_prefix_update_statement.o
[158/426] CALLABLE_PART expanded_parts/__callable/frontend_model_builder_at_echo_postfix_update_statement.o
[159/426] CALLABLE_PART expanded_parts/__callable/frontend_model_builder_consume_prefix_update_operator.o
[160/426] CALLABLE_PART expanded_parts/__callable/frontend_model_builder_retag_expression_node_type.o
[161/426] CALLABLE_PART expanded_parts/__callable/frontend_model_builder_consume_compound_assignment_operator.o
[162/426] CALLABLE_PART expanded_parts/__callable/frontend_model_builder_parse_scalar_expression.o
[163/426] CALLABLE_PART expanded_parts/__callable/frontend_model_builder_ternary_result_type_ref.o
[164/426] CALLABLE_PART expanded_parts/__callable/frontend_model_builder_parse_scalar_primary_expression.o
[165/426] CALLABLE_PART expanded_parts/__callable/frontend_model_builder_parse_local_declaration_statement.o
[166/426] CALLABLE_PART expanded_parts/__callable/frontend_model_builder_parse_scalar_expression_with_min_precedence.o
[167/426] CALLABLE_PART expanded_parts/__callable/frontend_model_builder_parse_const_declaration_statement.o
[168/426] CALLABLE_PART expanded_parts/__callable/frontend_model_builder_parse_assignment_statement_with_terminator.o
[169/426] CALLABLE_PART expanded_parts/__callable/frontend_model_builder_append_assignment_statement_from_nodes.o
[170/426] CALLABLE_PART expanded_parts/__callable/frontend_model_builder_append_echo_statement_from_value.o
[171/426] CALLABLE_PART expanded_parts/__callable/frontend_model_builder_parse_assignment_statement.o
[172/426] CALLABLE_PART expanded_parts/__callable/frontend_model_builder_consume_optional_echo_trailing_string_argument.o
[173/426] CALLABLE_PART expanded_parts/__callable/frontend_model_builder_parse_echo_argument_expression.o
[174/426] CALLABLE_PART expanded_parts/__callable/frontend_model_builder_parse_echo_argument_list.o
[175/426] CALLABLE_PART expanded_parts/__callable/frontend_model_builder_patch_echo_argument_parent_links.o
[176/426] CALLABLE_PART expanded_parts/__callable/frontend_model_builder_parse_echo_prefix_update_statement_sequence.o
[177/426] CALLABLE_PART expanded_parts/__callable/frontend_model_builder_parse_echo_postfix_update_statement_sequence.o
[178/426] CALLABLE_PART expanded_parts/__callable/frontend_model_builder_statement_list_last_node_id.o
[179/426] CALLABLE_PART expanded_parts/__callable/frontend_model_builder_parse_echo_statement.o
[180/426] CALLABLE_PART expanded_parts/__callable/frontend_model_builder_parse_while_statement.o
[181/426] CALLABLE_PART expanded_parts/__callable/frontend_model_builder_parse_for_statement.o
[182/426] CALLABLE_PART expanded_parts/__callable/frontend_model_builder_parse_if_statement.o
[183/426] CALLABLE_PART expanded_parts/__callable/frontend_model_builder_parse_return_expression.o
[184/426] CALLABLE_PART expanded_parts/__callable/frontend_model_builder_parse_return_statement.o
[185/426] CALLABLE_PART expanded_parts/__callable/frontend_model_builder_at_call_expression_statement.o
[186/426] CALLABLE_PART expanded_parts/__callable/frontend_model_builder_parse_control_transfer_statement.o
[187/426] CALLABLE_PART expanded_parts/__callable/frontend_model_builder_parse_expression_statement.o
[188/426] CALLABLE_PART expanded_parts/__callable/frontend_model_builder_parse_statement_list_until_close.o
[189/426] CALLABLE_PART expanded_parts/__callable/frontend_model_builder_parse_body_statement.o
[190/426] CALLABLE_PART expanded_parts/__callable/frontend_model_builder_append_synthetic_literal_expression.o
[191/426] CALLABLE_PART expanded_parts/__callable/frontend_model_builder_append_synthetic_bool_literal_expression.o
[192/426] CALLABLE_PART expanded_parts/__callable/frontend_model_builder_append_implicit_return_after_statement_list.o
[193/426] CALLABLE_PART expanded_parts/__callable/frontend_model_builder_parse_statement_list_until_close_with_implicit_return.o
[194/426] CALLABLE_PART expanded_parts/__callable/frontend_model_builder_statement_node_is_return.o
[195/426] CALLABLE_PART expanded_parts/__callable/frontend_model_builder_parse_statement_list_until_eof_with_implicit_return.o
[196/426] CALLABLE_PART expanded_parts/__callable/frontend_model_builder_append_synthetic_return_literal_statement.o
[197/426] CALLABLE_PART expanded_parts/__callable/frontend_model_builder_parse_function_body.o
[198/426] CALLABLE_PART expanded_parts/__callable/frontend_model_builder_body_shape_digest_from_body_node.o
[199/426] CALLABLE_PART expanded_parts/__callable/frontend_model_builder_parse_namespace_name_range.o
[200/426] CALLABLE_PART expanded_parts/__callable/frontend_model_builder_at_namespace_declaration.o
[201/426] CALLABLE_PART expanded_parts/__callable/frontend_model_builder_record_function_parameter_local_types.o
[202/426] CALLABLE_PART expanded_parts/__callable/frontend_model_builder_at_use_keyword.o
[203/426] CALLABLE_PART expanded_parts/__callable/frontend_model_builder_expect_use_keyword.o
[204/426] CALLABLE_PART expanded_parts/__callable/frontend_model_builder_expect_namespace_keyword.o
[205/426] CALLABLE_PART expanded_parts/__callable/frontend_model_builder_at_use_function_declaration.o
[206/426] CALLABLE_PART expanded_parts/__callable/frontend_model_builder_expect_function_import_keyword.o
[207/426] CALLABLE_PART expanded_parts/__callable/frontend_model_builder_append_use_function_declaration_node.o
[208/426] CALLABLE_PART expanded_parts/__callable/frontend_model_builder_append_namespace_declaration_node.o
[209/426] CALLABLE_PART expanded_parts/__callable/frontend_model_builder_parse_use_function_declaration.o
[210/426] CALLABLE_PART expanded_parts/__callable/frontend_model_builder_parse_namespace_declaration.o
[211/426] CALLABLE_PART expanded_parts/__callable/frontend_model_builder_append_synthetic_script_entry_declaration_shell.o
[212/426] CALLABLE_PART expanded_parts/__callable/frontend_model_builder_parse_function_declaration.o
[213/426] CALLABLE_PART expanded_parts/__callable/frontend_model_builder_attach_synthetic_script_entry_body.o
[214/426] CALLABLE_PART expanded_parts/__callable/frontend_model_builder_parse_synthetic_script_entry_declaration.o
[215/426] CALLABLE_PART expanded_parts/__callable/frontend_model_builder_parse_synthetic_script_entry_declaration_until_close.o
[216/426] CALLABLE_PART expanded_parts/__callable/frontend_model_builder_capacity_at_least.o
[217/426] CALLABLE_PART expanded_parts/__callable/frontend_model_builder_apply_node_segment_policy.o
[218/426] CALLABLE_PART expanded_parts/__callable/frontend_model_builder_reserve_model_for_tokens.o
[219/426] CALLABLE_PART expanded_parts/__callable/frontend_model_builder_parse_source_unit.o
[220/426] CALLABLE_PART expanded_parts/__callable/frontend_model_tables___scpp_static_accepts.o
[221/426] CALLABLE_PART expanded_parts/__callable/frontend_model_builder_parse_source_unit_with_node_segment_policy.o
[222/426] CALLABLE_PART expanded_parts/__callable/frontend_model_tables_uint16_from_int.o
[223/426] CALLABLE_PART expanded_parts/__callable/frontend_model_tables_uint32_from_int.o
[224/426] CALLABLE_PART expanded_parts/__callable/frontend_model_tables_row_family_declaration_id.o
[225/426] CALLABLE_PART expanded_parts/__callable/frontend_model_tables_none_id.o
[226/426] CALLABLE_PART expanded_parts/__callable/frontend_model_tables_row_family_statement_id.o
[227/426] CALLABLE_PART expanded_parts/__callable/frontend_model_tables_none_kind_id.o
[228/426] CALLABLE_PART expanded_parts/__callable/frontend_model_tables_row_family_expression_id.o
[229/426] CALLABLE_PART expanded_parts/__callable/frontend_model_tables_row_family_type_syntax_id.o
[230/426] CALLABLE_PART expanded_parts/__callable/frontend_model_tables_row_kind_declaration_use_function_id.o
[231/426] CALLABLE_PART expanded_parts/__callable/frontend_model_tables_row_kind_declaration_namespace_id.o
[232/426] CALLABLE_PART expanded_parts/__callable/frontend_model_tables_row_kind_declaration_function_id.o
[233/426] CALLABLE_PART expanded_parts/__callable/frontend_model_tables_row_kind_statement_return_id.o
[234/426] CALLABLE_PART expanded_parts/__callable/frontend_model_tables_row_kind_statement_local_declaration_id.o
[235/426] CALLABLE_PART expanded_parts/__callable/frontend_model_tables_row_kind_statement_echo_id.o
[236/426] CALLABLE_PART expanded_parts/__callable/frontend_model_tables_row_kind_statement_assignment_id.o
[237/426] CALLABLE_PART expanded_parts/__callable/frontend_model_tables_row_kind_statement_expression_id.o
[238/426] CALLABLE_PART expanded_parts/__callable/frontend_model_tables_row_kind_statement_if_id.o
[239/426] CALLABLE_PART expanded_parts/__callable/frontend_model_tables_row_kind_statement_for_id.o
[240/426] CALLABLE_PART expanded_parts/__callable/frontend_model_tables_row_kind_statement_while_id.o
[241/426] CALLABLE_PART expanded_parts/__callable/frontend_model_tables_row_kind_statement_continue_id.o
[242/426] CALLABLE_PART expanded_parts/__callable/frontend_model_tables_row_kind_expression_literal_id.o
[243/426] CALLABLE_PART expanded_parts/__callable/frontend_model_tables_row_kind_statement_break_id.o
[244/426] CALLABLE_PART expanded_parts/__callable/frontend_model_tables_row_kind_expression_binary_id.o
[245/426] CALLABLE_PART expanded_parts/__callable/frontend_model_tables_row_kind_expression_variable_id.o
[246/426] CALLABLE_PART expanded_parts/__callable/frontend_model_tables_row_kind_expression_call_id.o
[247/426] CALLABLE_PART expanded_parts/__callable/frontend_model_tables_row_kind_expression_ternary_id.o
[248/426] CALLABLE_PART expanded_parts/__callable/frontend_model_tables_row_kind_expression_index_access_id.o
[249/426] CALLABLE_PART expanded_parts/__callable/frontend_model_tables_row_kind_expression_empty_initializer_id.o
[250/426] CALLABLE_PART expanded_parts/__callable/frontend_model_tables_row_kind_type_syntax_named_id.o
[251/426] CALLABLE_PART expanded_parts/__callable/frontend_model_tables_payload_kind_statement_id.o
[252/426] CALLABLE_PART expanded_parts/__callable/frontend_model_tables_payload_kind_declaration_id.o
[253/426] CALLABLE_PART expanded_parts/__callable/frontend_model_tables_payload_kind_expression_id.o
[254/426] CALLABLE_PART expanded_parts/__callable/frontend_model_tables_payload_kind_type_syntax_id.o
[255/426] CALLABLE_PART expanded_parts/__callable/frontend_model_tables_payload_kind_literal_id.o
[256/426] CALLABLE_PART expanded_parts/__callable/frontend_model_tables_payload_kind_name_id.o
[257/426] CALLABLE_PART expanded_parts/__callable/frontend_model_tables_append_source_buffer.o
[258/426] CALLABLE_PART expanded_parts/__callable/frontend_model_tables_reserve_model.o
[259/426] CALLABLE_PART expanded_parts/__callable/frontend_model_tables_append_source_range.o
[260/426] CALLABLE_PART expanded_parts/__callable/frontend_model_tables_append_node.o
[261/426] CALLABLE_PART expanded_parts/__callable/frontend_model_tables_append_source_range_ext.o
[262/426] CALLABLE_PART expanded_parts/__callable/frontend_model_tables_record_declaration_node_id.o
[263/426] CALLABLE_PART expanded_parts/__callable/frontend_model_tables_append_line_start.o
[264/426] CALLABLE_PART expanded_parts/__callable/frontend_model_tables_append_declaration_payload.o
[265/426] CALLABLE_PART expanded_parts/__callable/frontend_model_tables_ensure_declaration_node_id_slot.o
[266/426] CALLABLE_PART expanded_parts/__callable/frontend_model_tables_clear_declaration_node_id.o
[267/426] CALLABLE_PART expanded_parts/__callable/frontend_model_tables_declaration_node_id_by_payload_id.o
[268/426] CALLABLE_PART expanded_parts/__callable/frontend_model_tables_append_expression_payload.o
[269/426] CALLABLE_PART expanded_parts/__callable/frontend_model_tables_append_statement_payload.o
[270/426] CALLABLE_PART expanded_parts/__callable/frontend_model_tables_append_type_syntax_payload.o
[271/426] CALLABLE_PART expanded_parts/__callable/frontend_model_tables_append_literal_payload.o
[272/426] CALLABLE_PART expanded_parts/__callable/frontend_model_tables_has_node_id.o
[273/426] CALLABLE_PART expanded_parts/__callable/frontend_model_tables_append_name_payload.o
[274/426] CALLABLE_PART expanded_parts/__callable/frontend_model_tables_node_storage_kind_id.o
[275/426] CALLABLE_PART expanded_parts/__callable/frontend_model_tables_node_count.o
[276/426] CALLABLE_PART expanded_parts/__callable/frontend_model_tables_nodes_use_segmented.o
[277/426] CALLABLE_PART expanded_parts/__callable/frontend_model_tables_node_segment_reserved_bytes.o
[278/426] CALLABLE_PART expanded_parts/__callable/frontend_model_tables_node_segment_slack_bytes.o
[279/426] CALLABLE_PART expanded_parts/__callable/frontend_model_tables_node_segment_count.o
[280/426] CALLABLE_PART expanded_parts/__callable/frontend_model_tables_node_retained_old_generation_bytes.o
[281/426] CALLABLE_PART expanded_parts/__callable/frontend_model_tables_node_list_ref.o
[282/426] CALLABLE_PART expanded_parts/__callable/frontend_model_tables_next_node_span.o
[283/426] CALLABLE_PART expanded_parts/__callable/frontend_model_tables_first_node_span.o
[284/426] CALLABLE_PART expanded_parts/__callable/frontend_model_tables_node_by_id.o
[285/426] CALLABLE_PART expanded_parts/__callable/frontend_model_tables_node_span_is_empty.o
[286/426] CALLABLE_PART expanded_parts/__callable/frontend_model_tables_span_node_at.o
[287/426] CALLABLE_PART expanded_parts/__callable/frontend_model_tables_source_buffer_by_id.o
[288/426] CALLABLE_PART expanded_parts/__callable/frontend_model_tables_expression_by_id.o
[289/426] CALLABLE_PART expanded_parts/__callable/frontend_model_tables_statement_by_id.o
[290/426] CALLABLE_PART expanded_parts/__callable/frontend_model_tables_type_syntax_by_id.o
[291/426] CALLABLE_PART expanded_parts/__callable/frontend_model_tables_declaration_by_id.o
[292/426] CALLABLE_PART expanded_parts/__callable/frontend_model_tables_name_by_id.o
[293/426] CALLABLE_PART expanded_parts/__callable/frontend_model_tables_literal_by_id.o
[294/426] CALLABLE_PART expanded_parts/__callable/frontend_model_tables_line_start_by_index.o
[295/426] CALLABLE_PART expanded_parts/__callable/frontend_model_tables_source_range_by_id.o
[296/426] CALLABLE_PART expanded_parts/__callable/frontend_model_tables_update_expression_payload.o
[297/426] CALLABLE_PART expanded_parts/__callable/frontend_model_tables_update_declaration_payload.o
[298/426] CALLABLE_PART expanded_parts/__callable/frontend_model_tables_update_node.o
[299/426] CALLABLE_PART expanded_parts/__callable/frontend_model_tables_source_range_ext_by_id.o
[300/426] CALLABLE_PART expanded_parts/__callable/frontend_model_tables_update_statement_payload.o
[301/426] CALLABLE_PART expanded_parts/__callable/frontend_model_tables_node_equals.o
[302/426] CALLABLE_PART expanded_parts/__callable/frontend_model_tables_declaration_equals.o
[303/426] CALLABLE_PART expanded_parts/__callable/frontend_model_tables_patch_node_links.o
[304/426] CALLABLE_PART expanded_parts/__callable/frontend_model_tables_statement_equals.o
[305/426] CALLABLE_PART expanded_parts/__callable/frontend_model_tables_source_buffer_equals.o
[306/426] CALLABLE_PART expanded_parts/__callable/frontend_model_tables_expression_equals.o
[307/426] CALLABLE_PART expanded_parts/__callable/frontend_model_tables_literal_equals.o
[308/426] CALLABLE_PART expanded_parts/__callable/frontend_model_tables_type_syntax_equals.o
[309/426] CALLABLE_PART expanded_parts/__callable/frontend_model_tables_source_range_ext_equals.o
[310/426] CALLABLE_PART expanded_parts/__callable/frontend_model_tables_line_start_equals.o
[311/426] CALLABLE_PART expanded_parts/__callable/frontend_model_tables_name_equals.o
[312/426] CALLABLE_PART expanded_parts/__callable/frontend_model_tables_source_range_equals.o
[313/426] CALLABLE_PART expanded_parts/__callable/frontend_model_tables_source_buffer_debug_string.o
[314/426] CALLABLE_PART expanded_parts/__callable/frontend_model_tables_node_debug_string.o
[315/426] CALLABLE_PART expanded_parts/__callable/frontend_model_tables_declaration_debug_string.o
[316/426] CALLABLE_PART expanded_parts/__callable/frontend_model_tables_source_range_debug_string.o
[317/426] CALLABLE_PART expanded_parts/__callable/frontend_model_tables_source_range_ext_debug_string.o
[318/426] CALLABLE_PART expanded_parts/__callable/frontend_model_tables_statement_debug_string.o
[319/426] CALLABLE_PART expanded_parts/__callable/frontend_model_tables_type_syntax_debug_string.o
[320/426] CALLABLE_PART expanded_parts/__callable/frontend_model_tables_literal_debug_string.o
[321/426] CALLABLE_PART expanded_parts/__callable/frontend_model_tables_line_start_debug_string.o
[322/426] CALLABLE_PART expanded_parts/__callable/frontend_model_tables_expression_debug_string.o
[323/426] CALLABLE_PART expanded_parts/__callable/frontend_model_tables_statement_stable_hash.o
[324/426] CALLABLE_PART expanded_parts/__callable/frontend_model_tables_name_debug_string.o
[325/426] CALLABLE_PART expanded_parts/__callable/frontend_model_tables_source_buffer_stable_hash.o
[326/426] CALLABLE_PART expanded_parts/__callable/frontend_model_tables_node_stable_hash.o
[327/426] CALLABLE_PART expanded_parts/__callable/frontend_model_tables_source_range_stable_hash.o
[328/426] CALLABLE_PART expanded_parts/__callable/frontend_model_tables_source_range_ext_stable_hash.o
[329/426] CALLABLE_PART expanded_parts/__callable/frontend_model_tables_line_start_stable_hash.o
[330/426] CALLABLE_PART expanded_parts/__callable/frontend_model_tables_type_syntax_stable_hash.o
[331/426] CALLABLE_PART expanded_parts/__callable/frontend_model_tables_expression_stable_hash.o
[332/426] CALLABLE_PART expanded_parts/__callable/frontend_model_tables_literal_stable_hash.o
[333/426] CALLABLE_PART expanded_parts/__callable/frontend_model_tables_declaration_stable_hash.o
[334/426] CALLABLE_PART expanded_parts/__callable/frontend_model_tables_counters_debug_string.o
[335/426] CALLABLE_PART expanded_parts/__callable/frontend_model_tables_decrement_node_family_count.o
[336/426] CALLABLE_PART expanded_parts/__callable/frontend_model_tables_name_stable_hash.o
[337/426] CALLABLE_PART expanded_parts/__callable/frontend_model_tables_increment_node_family_count.o
[338/426] CALLABLE_PART expanded_parts/__callable/frontend_model_tables_replace_node_family_count.o
[339/426] CALLABLE_PART expanded_parts/__callable/frontend_model_tables_refresh_node_family_counts.o
[340/426] CALLABLE_PART expanded_parts/compile/model/source_units/part_0.o
[341/426] CALLABLE_PART expanded_parts/compile/model/source_units/part_1.o
[342/426] CALLABLE_PART expanded_parts/compile/model/project_symbol_index/part_2.o
[343/426] CALLABLE_PART expanded_parts/compile/model/source_units/part_2.o
[344/426] CALLABLE_PART expanded_parts/compile/model/source_units/part_4.o
[345/426] CALLABLE_PART expanded_parts/compile/model/source_units/part_3.o
[346/426] CALLABLE_PART expanded_parts/compile/model/project_symbol_index/part_3.o
[347/426] CALLABLE_PART expanded_parts/compile/model/project_symbol_index/part_4.o
[348/426] CALLABLE_PART expanded_parts/compile/incremental/resident_source_unit_frontend_payload_tables/part_0.o
[349/426] CALLABLE_PART expanded_parts/compile/model/project_symbol_index/part_1.o
[350/426] CALLABLE_PART expanded_parts/compile/model/project_symbol_index/part_0.o
[351/426] CALLABLE_PART expanded_parts/compile/incremental/resident_source_unit_frontend_payload_tables/part_1.o
[352/426] CALLABLE_PART expanded_parts/compile/incremental/resident_source_unit_frontend_payload_tables/part_2.o
[353/426] CALLABLE_PART expanded_parts/compile/incremental/resident_source_unit_frontend_payload_tables/part_3.o
[354/426] CALLABLE_PART expanded_parts/compile/incremental/resident_source_unit_frontend_payload_tables/part_6.o
[355/426] CALLABLE_PART expanded_parts/compile/incremental/resident_source_unit_frontend_payload_tables/part_5.o
[356/426] CALLABLE_PART expanded_parts/compile/incremental/resident_source_unit_frontend_payload_tables/part_10.o
[357/426] CALLABLE_PART expanded_parts/compile/incremental/resident_source_unit_frontend_payload_tables/part_9.o
[358/426] CALLABLE_PART expanded_parts/compile/incremental/resident_source_unit_frontend_payload_tables/part_8.o
[359/426] CALLABLE_PART expanded_parts/compile/incremental/resident_source_unit_frontend_payload_tables/part_4.o
[360/426] CALLABLE_PART expanded_parts/compile/incremental/resident_source_unit_frontend_payload_tables/part_7.o
[361/426] CALLABLE_PART expanded_parts/compile/incremental/resident_source_unit_frontend_payload_tables/part_11.o
[362/426] CALLABLE_PART expanded_parts/compile/incremental/resident_source_unit_frontend_payload_tables/part_14.o
[363/426] CALLABLE_PART expanded_parts/compile/incremental/resident_source_unit_frontend_payload_tables/part_13.o
[364/426] CALLABLE_PART expanded_parts/compile/incremental/resident_source_unit_frontend_payload_tables/part_12.o
[365/426] CALLABLE_PART expanded_parts/compile/incremental/resident_source_unit_frontend_payload_tables/part_16.o
[366/426] CALLABLE_PART expanded_parts/compile/incremental/resident_source_unit_frontend_payload_tables/part_15.o
[367/426] CALLABLE_PART expanded_parts/profile/gate_profile_helpers/part_0.o
[368/426] CALLABLE_PART expanded_parts/compile/incremental/resident_source_unit_frontend_payload_tables/part_17.o
[369/426] CALLABLE_PART expanded_parts/compile/support/production_mt_heartbeat/part_0.o
[370/426] CALLABLE_PART expanded_parts/compile/incremental/resident_source_unit_frontend_payload_tables/part_18.o
[371/426] CALLABLE_PART expanded_parts/compile/backend/llvm_text_from_plan/part_0.o
[372/426] CALLABLE_PART expanded_parts/compile/incremental/resident_source_unit_frontend_payload_tables/part_20.o
[373/426] CALLABLE_PART expanded_parts/compile/backend/llvm_text_from_plan/part_3.o
[374/426] CALLABLE_PART expanded_parts/compile/backend/llvm_text_from_plan/part_1.o
[375/426] CALLABLE_PART expanded_parts/compile/backend/llvm_text_from_plan/part_2.o
[376/426] CALLABLE_PART expanded_parts/compile/incremental/resident_source_unit_frontend_payload_tables/part_19.o
[377/426] CALLABLE_PART expanded_parts/compile/backend/llvm_text_from_plan/part_6.o
[378/426] CALLABLE_PART expanded_parts/compile/backend/llvm_text_from_plan/part_5.o
[379/426] CALLABLE_PART expanded_parts/compile/backend/llvm_text_from_plan/part_4.o
[380/426] CALLABLE_PART expanded_parts/compile/backend/llvm_text_from_plan/part_8.o
[381/426] CALLABLE_PART expanded_parts/compile/backend/llvm_text_from_plan/part_9.o
[382/426] CALLABLE_PART expanded_parts/compile/backend/llvm_text_from_plan/part_7.o
[383/426] CALLABLE_PART expanded_parts/compile/backend/llvm_text_from_plan/part_10.o
[384/426] CALLABLE_PART expanded_parts/compile/backend/llvm_text_from_plan/part_15.o
[385/426] CALLABLE_PART expanded_parts/compile/backend/llvm_text_from_plan/part_11.o
[386/426] CALLABLE_PART expanded_parts/compile/backend/llvm_text_from_plan/part_14.o
[387/426] CALLABLE_PART expanded_parts/compile/backend/llvm_text_from_plan/part_12.o
[388/426] CALLABLE_PART expanded_parts/compile/backend/llvm_text_from_plan/part_13.o
[389/426] CALLABLE_PART expanded_parts/compile/backend/backend_object_link_cache/part_1.o
[390/426] CALLABLE_PART expanded_parts/compile/backend/backend_object_link_cache/part_0.o
[391/426] CALLABLE_PART expanded_parts/compile/backend/backend_object_link_cache/part_3.o
[392/426] CALLABLE_PART expanded_parts/compile/backend/lowering_plan/part_0.o
[393/426] CALLABLE_PART expanded_parts/compile/backend/lowering_plan/part_1.o
[394/426] CALLABLE_PART expanded_parts/compile/backend/lowering_plan/part_2.o
[395/426] CALLABLE_PART expanded_parts/compile/backend/backend_object_link_cache/part_2.o
[396/426] CALLABLE_PART expanded_parts/compile/backend/llvm_text_from_plan/part_16.o
[397/426] CALLABLE_PART expanded_parts/compile/backend/lowering_plan/part_3.o
[398/426] CALLABLE_PART expanded_parts/compile/capabilities/storage_lifetime_readiness/part_0.o
[399/426] CALLABLE_PART expanded_parts/compile/backend/lowering_plan/part_4.o
[400/426] CALLABLE_PART expanded_parts/compile/capabilities/storage_lifetime_readiness/part_1.o
[401/426] CALLABLE_PART expanded_parts/compile/capabilities/storage_lifetime_readiness/part_2.o
[402/426] CALLABLE_PART expanded_parts/compile/capabilities/type_capability_readiness/part_0.o
[403/426] CALLABLE_PART expanded_parts/compile/capabilities/type_capability_readiness/part_1.o
[404/426] CALLABLE_PART expanded_parts/compile/capabilities/type_capability_readiness/part_4.o
[405/426] CALLABLE_PART expanded_parts/compile/capabilities/type_capability_readiness/part_5.o
[406/426] CALLABLE_PART expanded_parts/compile/capabilities/storage_lifetime_readiness/part_3.o
[407/426] CALLABLE_PART expanded_parts/compile/capabilities/type_capability_readiness/part_7.o
[408/426] CALLABLE_PART expanded_parts/compile/capabilities/type_capability_readiness/part_3.o
[409/426] CALLABLE_PART expanded_parts/compile/capabilities/type_capability_readiness/part_6.o
[410/426] CALLABLE_PART expanded_parts/compile/capabilities/type_capability_readiness/part_2.o
[411/426] CALLABLE_PART expanded_parts/compile/capabilities/type_capability_readiness/part_8.o
[412/426] CALLABLE_PART expanded_parts/compile/capabilities/type_capability_readiness/part_9.o
[413/426] CALLABLE_PART expanded_parts/compile/capabilities/type_capability_readiness/part_10.o
[414/426] CALLABLE_PART expanded_parts/compile/capabilities/type_capability_readiness/part_12.o
[415/426] CALLABLE_PART expanded_parts/compile/capabilities/type_capability_readiness/part_11.o
[416/426] CALLABLE_PART expanded_parts/compile/capabilities/type_capability_readiness/part_13.o
[417/426] CALLABLE_PART expanded_parts/compile/incremental/resident_source_unit_symbol_states/part_0.o
[418/426] CALLABLE_PART expanded_parts/compile/incremental/resident_source_unit_symbol_states/part_2.o
[419/426] CALLABLE_PART expanded_parts/compile/model/project_reference_resolution/part_1.o
[420/426] CALLABLE_PART expanded_parts/compile/model/project_reference_resolution/part_0.o
[421/426] CALLABLE_PART expanded_parts/compile/model/project_reference_resolution/part_2.o
[422/426] CALLABLE_PART expanded_parts/compile/incremental/resident_source_unit_symbol_states/part_1.o
[423/426] CALLABLE_PART expanded_parts/compile/model/project_reference_resolution/part_3.o
[424/426] CALLABLE_PART expanded_parts/compile/model/project_reference_resolution/part_4.o
[425/426] CALLABLE_PART expanded_parts/compile/model/project_reference_resolution/part_5.o
[426/426] LINK main
