Transpiled PHP files: 131, skipped unchanged: 0
Generated Ninja file: .prism/build/build.ninja
Using compiler: clang++-18 -fuse-ld=mold (gnu_like)
Using build mode: debug
Using build grouping policy: incremental (report_only)
Object cache: disabled (default disabled)
Using repo root: /tmp/scpp-json-240-probe
Resolved project dependency graph: 1 project(s)
Runtime compilation: enabled
Dependency compilation: reuse existing artifacts only
ninja: Entering directory `.prism/build'
[1/133] PCH app_pch.hpp.gch
[2/133] CXX scpp_framework/collections.o
[3/133] CXX src/03_parse/data/nodes.o
[4/133] CXX scpp_framework/exceptions.o
[5/133] CXX scpp_framework/filesystem.o
[6/133] CXX scpp_framework/json_document.o
[7/133] CXX src/03_parse/data/expression_state.o
[8/133] CXX src/01_prepare_inputs/load_runtime/main_load_runtime.o
[9/133] CXX src/01_prepare_inputs/read_sources/data/buffer.o
[10/133] CXX src/02_tokenize/store.o
[11/133] CXX main.o
[12/133] CXX scpp_framework/strings.o
[13/133] CXX src/02_tokenize/structures.o
[14/133] CXX src/02_tokenize/tokenize.o
[15/133] CXX src/01_prepare_inputs/load_runtime/utilities/catalog_syntax.o
[16/133] CXX probe.o
[17/133] CXX src/03_parse/data/role_views.o
[18/133] CXX src/03_parse/handlers/control_statements.o
[19/133] CXX src/03_parse/data/result.o
[20/133] CXX src/03_parse/data/tree.o
[21/133] CXX src/03_parse/handlers/metaprogramming.o
[22/133] CXX src/03_parse/handlers/expressions.o
[23/133] CXX src/03_parse/handlers/statements.o
[24/133] CXX src/03_parse/data/store.o
[25/133] CXX src/03_parse/main_parse.o
[26/133] CXX src/03_parse/handlers/declarations.o
[27/133] CXX fixture.o
[28/133] CXX src/03_parse/join.o
[29/133] CXX src/03_parse/utilities/metaprogramming_syntax.o
[30/133] CXX src/03_parse/parse_file.o
[31/133] CXX src/03_parse/utilities/binary_syntax.o
[32/133] CXX src/03_parse/select_tasks.o
[33/133] CXX src/03_parse/utilities/struct_member_cursor.o
[34/133] CXX src/03_parse/utilities/syntax_access.o
[35/133] CXX src/04_analyze/check_templates/data/interpretation.o
[36/133] CXX src/03_parse/utilities/syntax_comparer.o
[37/133] CXX src/04_analyze/check_bodies/utilities/decimal_range.o
[38/133] CXX src/04_analyze/check_bodies/utilities/literals.o
[39/133] CXX src/04_analyze/check_templates/data/terms.o
[40/133] CXX src/04_analyze/check_templates/data/structures.o
[41/133] CXX src/04_analyze/check_templates/body.o
[42/133] CXX src/04_analyze/check_templates/data/result.o
[43/133] CXX src/04_analyze/check_templates/join.o
[44/133] CXX src/04_analyze/check_templates/main_check_templates.o
[45/133] CXX src/04_analyze/check_templates/select_tasks.o
[46/133] CXX src/04_analyze/collect_symbols/collect.o
[47/133] CXX src/04_analyze/collect_symbols/data/provider_declaration.o
[48/133] CXX src/04_analyze/collect_symbols/data/structures.o
[49/133] CXX src/04_analyze/collect_symbols/data/result.o
[50/133] CXX src/04_analyze/instantiate/bindings.o
[51/133] CXX src/04_analyze/collect_symbols/data/store.o
[52/133] CXX src/04_analyze/collect_symbols/main_collect_symbols.o
[53/133] CXX src/04_analyze/check_templates/terms.o
[54/133] CXX src/04_analyze/instantiate/applications.o
[55/133] CXX src/04_analyze/instantiate/data/context.o
[56/133] CXX src/04_analyze/instantiate/data/applications.o
[57/133] CXX src/04_analyze/instantiate/data/members.o
[58/133] CXX src/04_analyze/instantiate/constants.o
[59/133] CXX src/04_analyze/instantiate/data/state.o
[60/133] CXX src/04_analyze/instantiate/identities.o
[61/133] CXX src/04_analyze/resolve_symbols/data/declarations.o
[62/133] CXX src/04_analyze/instantiate/members.o
[63/133] CXX src/04_analyze/instantiate/data/result.o
[64/133] CXX src/04_analyze/instantiate/data/view.o
[65/133] CXX src/04_analyze/resolve_symbols/handlers/declarations.o
[66/133] CXX src/04_analyze/resolve_symbols/data/structures.o
[67/133] CXX src/04_analyze/instantiate/member_join.o
[68/133] CXX src/04_analyze/resolve_symbols/handlers/expressions.o
[69/133] CXX src/04_analyze/instantiate/data/store.o
[70/133] CXX src/04_analyze/resolve_symbols/data/result.o
[71/133] CXX src/04_analyze/resolve_symbols/body.o
[72/133] CXX src/04_analyze/resolve_symbols/data/traversal.o
[73/133] CXX src/04_analyze/resolve_symbols/handlers/statements.o
[74/133] CXX src/04_analyze/instantiate/join.o
[75/133] CXX src/04_analyze/resolve_symbols/data/store.o
[76/133] CXX src/04_analyze/resolve_symbols/handlers/names.o
[77/133] CXX src/04_analyze/resolve_symbols/utilities/function_lookup.o
[78/133] CXX src/04_analyze/resolve_symbols/join.o
[79/133] CXX src/04_analyze/resolve_symbols/utilities/resolution_validity.o
[80/133] CXX src/04_analyze/resolve_types/data/lifecycle_bodies.o
[81/133] CXX src/04_analyze/resolve_types/data/entry_contract.o
[82/133] CXX src/04_analyze/resolve_types/data/entry_selection.o
[83/133] CXX src/04_analyze/resolve_symbols/utilities/declaration_lookup.o
[84/133] CXX src/04_analyze/resolve_symbols/main_resolve_symbols.o
[85/133] CXX src/04_analyze/resolve_symbols/select_tasks.o
[86/133] CXX src/04_analyze/resolve_types/data/records.o
[87/133] CXX src/04_analyze/resolve_types/data/result.o
[88/133] CXX src/04_analyze/resolve_types/data/signatures.o
[89/133] CXX src/04_analyze/resolve_symbols/utilities/binding_coverage.o
[90/133] CXX src/04_analyze/resolve_types/data/signature_set.o
[91/133] CXX src/04_analyze/resolve_types/definition_view.o
[92/133] CXX src/04_analyze/resolve_types/lifecycle_composition.o
[93/133] CXX src/04_analyze/resolve_types/signatures.o
[94/133] CXX src/04_analyze/resolve_types/record_definitions.o
[95/133] CXX src/04_analyze/resolve_types/main_prepare_entry.o
[96/133] CXX src/04_analyze/resolve_types/select_signatures.o
[97/133] CXX src/04_analyze/resolve_types/source_lifecycle.o
[98/133] CXX src/04_analyze/resolve_types/source_lifecycle_bodies.o
[99/133] CXX src/04_analyze/resolve_types/records.o
[100/133] CXX src/04_analyze/resolve_types/record_join.o
[101/133] CXX src/04_analyze/resolve_types/source_lifecycle_signature.o
[102/133] CXX src/04_analyze/resolve_types/signature_join.o
[103/133] CXX src/04_analyze/resolve_types/storage.o
[104/133] CXX src/04_analyze/resolve_types/utilities/annotation_types.o
[105/133] CXX src/04_analyze/resolve_types/utilities/callable_inputs.o
[106/133] CXX src/04_analyze/resolve_types/utilities/parameter_contracts.o
[107/133] CXX src/04_analyze/resolve_types/utilities/signature_validity.o
[108/133] CXX src/04_analyze/resolve_types/storage_signatures.o
[109/133] CXX src/04_analyze/type_model/data/callable_modes.o
[110/133] CXX src/04_analyze/resolve_types/utilities/type_cache.o
[111/133] CXX src/04_analyze/type_model/data/callables.o
[112/133] CXX src/04_analyze/type_model/data/context.o
[113/133] CXX src/04_analyze/type_model/data/catalog.o
[114/133] CXX src/04_analyze/type_model/data/definitions.o
[115/133] CXX src/04_analyze/type_model/data/generic.o
[116/133] CXX src/04_analyze/type_model/data/lifecycle_roles.o
[117/133] CXX src/04_analyze/type_model/data/lifecycle.o
[118/133] CXX src/04_analyze/type_model/data/native_record_layout.o
[119/133] CXX src/04_analyze/type_model/data/lifetime_policy_codec.o
[120/133] CXX src/04_analyze/type_model/data/families.o
[121/133] CXX src/04_analyze/type_model/data/lifetime_contract.o
[122/133] CXX src/04_analyze/type_model/data/resources.o
[123/133] CXX src/04_analyze/type_model/data/representations.o
[124/133] CXX src/04_analyze/type_model/data/records.o
[125/133] CXX src/04_analyze/type_model/data/semantic_calls.o
[126/133] CXX src/04_analyze/type_model/data/semantic_modes.o
[127/133] CXX src/04_analyze/type_model/data/type_record.o
[128/133] CXX src/04_analyze/type_model/data/source_families.o
[129/133] CXX src/04_analyze/type_model/result_contracts.o
[130/133] CXX src/04_analyze/type_model/data/type_references.o
[131/133] CXX src/04_analyze/type_model/data/storage.o
[132/133] CXX src/04_analyze/type_model/data/store.o
[133/133] LINK main
Rebuilt outputs: .prism/build/app_pch.hpp.gch, .prism/build/fixture.o, .prism/build/main, .prism/build/main.o, .prism/build/probe.o, .prism/build/scpp_framework/collections.o, .prism/build/scpp_framework/exceptions.o, .prism/build/scpp_framework/filesystem.o, .prism/build/scpp_framework/json_document.o, .prism/build/scpp_framework/strings.o, .prism/build/src/01_prepare_inputs/load_runtime/main_load_runtime.o, .prism/build/src/01_prepare_inputs/load_runtime/utilities/catalog_syntax.o, .prism/build/src/01_prepare_inputs/read_sources/data/buffer.o, .prism/build/src/02_tokenize/store.o, .prism/build/src/02_tokenize/structures.o, .prism/build/src/02_tokenize/tokenize.o, .prism/build/src/03_parse/data/expression_state.o, .prism/build/src/03_parse/data/nodes.o, .prism/build/src/03_parse/data/result.o, .prism/build/src/03_parse/data/role_views.o, .prism/build/src/03_parse/data/store.o, .prism/build/src/03_parse/data/tree.o, .prism/build/src/03_parse/handlers/control_statements.o, .prism/build/src/03_parse/handlers/declarations.o, .prism/build/src/03_parse/handlers/expressions.o, .prism/build/src/03_parse/handlers/metaprogramming.o, .prism/build/src/03_parse/handlers/statements.o, .prism/build/src/03_parse/join.o, .prism/build/src/03_parse/main_parse.o, .prism/build/src/03_parse/parse_file.o, .prism/build/src/03_parse/select_tasks.o, .prism/build/src/03_parse/utilities/binary_syntax.o, .prism/build/src/03_parse/utilities/metaprogramming_syntax.o, .prism/build/src/03_parse/utilities/struct_member_cursor.o, .prism/build/src/03_parse/utilities/syntax_access.o, .prism/build/src/03_parse/utilities/syntax_comparer.o, .prism/build/src/04_analyze/check_bodies/utilities/decimal_range.o, .prism/build/src/04_analyze/check_bodies/utilities/literals.o, .prism/build/src/04_analyze/check_templates/body.o, .prism/build/src/04_analyze/check_templates/data/interpretation.o, .prism/build/src/04_analyze/check_templates/data/result.o, .prism/build/src/04_analyze/check_templates/data/structures.o, .prism/build/src/04_analyze/check_templates/data/terms.o, .prism/build/src/04_analyze/check_templates/join.o, .prism/build/src/04_analyze/check_templates/main_check_templates.o, .prism/build/src/04_analyze/check_templates/select_tasks.o, .prism/build/src/04_analyze/check_templates/terms.o, .prism/build/src/04_analyze/collect_symbols/collect.o, .prism/build/src/04_analyze/collect_symbols/data/provider_declaration.o, .prism/build/src/04_analyze/collect_symbols/data/result.o, .prism/build/src/04_analyze/collect_symbols/data/store.o, .prism/build/src/04_analyze/collect_symbols/data/structures.o, .prism/build/src/04_analyze/collect_symbols/main_collect_symbols.o, .prism/build/src/04_analyze/instantiate/applications.o, .prism/build/src/04_analyze/instantiate/bindings.o, .prism/build/src/04_analyze/instantiate/constants.o, .prism/build/src/04_analyze/instantiate/data/applications.o, .prism/build/src/04_analyze/instantiate/data/context.o, .prism/build/src/04_analyze/instantiate/data/members.o, .prism/build/src/04_analyze/instantiate/data/result.o, .prism/build/src/04_analyze/instantiate/data/state.o, .prism/build/src/04_analyze/instantiate/data/store.o, .prism/build/src/04_analyze/instantiate/data/view.o, .prism/build/src/04_analyze/instantiate/identities.o, .prism/build/src/04_analyze/instantiate/join.o, .prism/build/src/04_analyze/instantiate/member_join.o, .prism/build/src/04_analyze/instantiate/members.o, .prism/build/src/04_analyze/resolve_symbols/body.o, .prism/build/src/04_analyze/resolve_symbols/data/declarations.o, .prism/build/src/04_analyze/resolve_symbols/data/result.o, .prism/build/src/04_analyze/resolve_symbols/data/store.o, .prism/build/src/04_analyze/resolve_symbols/data/structures.o, .prism/build/src/04_analyze/resolve_symbols/data/traversal.o, .prism/build/src/04_analyze/resolve_symbols/handlers/declarations.o, .prism/build/src/04_analyze/resolve_symbols/handlers/expressions.o, .prism/build/src/04_analyze/resolve_symbols/handlers/names.o, .prism/build/src/04_analyze/resolve_symbols/handlers/statements.o, .prism/build/src/04_analyze/resolve_symbols/join.o, .prism/build/src/04_analyze/resolve_symbols/main_resolve_symbols.o, .prism/build/src/04_analyze/resolve_symbols/select_tasks.o, .prism/build/src/04_analyze/resolve_symbols/utilities/binding_coverage.o, .prism/build/src/04_analyze/resolve_symbols/utilities/declaration_lookup.o, .prism/build/src/04_analyze/resolve_symbols/utilities/function_lookup.o, .prism/build/src/04_analyze/resolve_symbols/utilities/resolution_validity.o, .prism/build/src/04_analyze/resolve_types/data/entry_contract.o, .prism/build/src/04_analyze/resolve_types/data/entry_selection.o, .prism/build/src/04_analyze/resolve_types/data/lifecycle_bodies.o, .prism/build/src/04_analyze/resolve_types/data/records.o, .prism/build/src/04_analyze/resolve_types/data/result.o, .prism/build/src/04_analyze/resolve_types/data/signature_set.o, .prism/build/src/04_analyze/resolve_types/data/signatures.o, .prism/build/src/04_analyze/resolve_types/definition_view.o, .prism/build/src/04_analyze/resolve_types/lifecycle_composition.o, .prism/build/src/04_analyze/resolve_types/main_prepare_entry.o, .prism/build/src/04_analyze/resolve_types/record_definitions.o, .prism/build/src/04_analyze/resolve_types/record_join.o, .prism/build/src/04_analyze/resolve_types/records.o, .prism/build/src/04_analyze/resolve_types/select_signatures.o, .prism/build/src/04_analyze/resolve_types/signature_join.o, .prism/build/src/04_analyze/resolve_types/signatures.o, .prism/build/src/04_analyze/resolve_types/source_lifecycle.o, .prism/build/src/04_analyze/resolve_types/source_lifecycle_bodies.o, .prism/build/src/04_analyze/resolve_types/source_lifecycle_signature.o, .prism/build/src/04_analyze/resolve_types/storage.o, .prism/build/src/04_analyze/resolve_types/storage_signatures.o, .prism/build/src/04_analyze/resolve_types/utilities/annotation_types.o, .prism/build/src/04_analyze/resolve_types/utilities/callable_inputs.o, .prism/build/src/04_analyze/resolve_types/utilities/parameter_contracts.o, .prism/build/src/04_analyze/resolve_types/utilities/signature_validity.o, .prism/build/src/04_analyze/resolve_types/utilities/type_cache.o, .prism/build/src/04_analyze/type_model/data/callable_modes.o, .prism/build/src/04_analyze/type_model/data/callables.o, .prism/build/src/04_analyze/type_model/data/catalog.o, .prism/build/src/04_analyze/type_model/data/context.o, .prism/build/src/04_analyze/type_model/data/definitions.o, .prism/build/src/04_analyze/type_model/data/families.o, .prism/build/src/04_analyze/type_model/data/generic.o, .prism/build/src/04_analyze/type_model/data/lifecycle.o, .prism/build/src/04_analyze/type_model/data/lifecycle_roles.o, .prism/build/src/04_analyze/type_model/data/lifetime_contract.o, .prism/build/src/04_analyze/type_model/data/lifetime_policy_codec.o, .prism/build/src/04_analyze/type_model/data/native_record_layout.o, .prism/build/src/04_analyze/type_model/data/records.o, .prism/build/src/04_analyze/type_model/data/representations.o, .prism/build/src/04_analyze/type_model/data/resources.o, .prism/build/src/04_analyze/type_model/data/semantic_calls.o, .prism/build/src/04_analyze/type_model/data/semantic_modes.o, .prism/build/src/04_analyze/type_model/data/source_families.o, .prism/build/src/04_analyze/type_model/data/storage.o, .prism/build/src/04_analyze/type_model/data/store.o, .prism/build/src/04_analyze/type_model/data/type_record.o, .prism/build/src/04_analyze/type_model/data/type_references.o, .prism/build/src/04_analyze/type_model/result_contracts.o
Tip: set SCPP_NINJA_VERBOSE=1 to show full Ninja command lines.
Build completed: .prism/build/main
