Transpiled PHP files: 53, skipped unchanged: 0
Generated Ninja file: .prism/build/build.ninja
Using compiler: clang++-18 -fuse-ld=mold (gnu_like)
Using build mode: debug
Using build grouping policy: incremental (report_only)
Object cache: disabled (default disabled)
Using repo root: /tmp/scpp-json-240-probe
Resolved project dependency graph: 1 project(s)
Runtime compilation: enabled
Dependency compilation: reuse existing artifacts only
ninja: Entering directory `.prism/build'
[1/55] PCH app_pch.hpp.gch
[2/55] CXX scpp_framework/collections.o
[3/55] CXX src/01_prepare_inputs/load_runtime/main_load_runtime.o
[4/55] CXX src/01_prepare_inputs/read_sources/data/buffer.o
[5/55] CXX src/03_parse/data/result.o
[6/55] CXX src/02_tokenize/structures.o
[7/55] CXX src/02_tokenize/store.o
[8/55] CXX src/03_parse/data/nodes.o
[9/55] CXX src/03_parse/data/expression_state.o
[10/55] CXX scpp_framework/exceptions.o
[11/55] CXX scpp_framework/strings.o
[12/55] CXX src/02_tokenize/tokenize.o
[13/55] CXX main.o
[14/55] CXX scpp_framework/json_document.o
[15/55] CXX scpp_framework/filesystem.o
[16/55] CXX probe.o
[17/55] CXX src/01_prepare_inputs/load_runtime/utilities/catalog_syntax.o
[18/55] CXX src/03_parse/data/role_views.o
[19/55] CXX src/03_parse/handlers/control_statements.o
[20/55] CXX src/03_parse/handlers/expressions.o
[21/55] CXX src/03_parse/handlers/declarations.o
[22/55] CXX src/03_parse/data/tree.o
[23/55] CXX src/03_parse/handlers/statements.o
[24/55] CXX src/03_parse/handlers/metaprogramming.o
[25/55] CXX src/03_parse/data/store.o
[26/55] CXX src/03_parse/utilities/metaprogramming_syntax.o
[27/55] CXX src/03_parse/main_parse.o
[28/55] CXX src/03_parse/utilities/syntax_access.o
[29/55] CXX src/03_parse/utilities/binary_syntax.o
[30/55] CXX src/03_parse/utilities/struct_member_cursor.o
[31/55] CXX src/03_parse/join.o
[32/55] CXX src/04_analyze/collect_symbols/data/result.o
[33/55] CXX src/03_parse/parse_file.o
[34/55] CXX src/04_analyze/collect_symbols/collect.o
[35/55] CXX src/03_parse/select_tasks.o
[36/55] CXX src/03_parse/utilities/syntax_comparer.o
[37/55] CXX src/04_analyze/resolve_symbols/utilities/function_lookup.o
[38/55] CXX src/04_analyze/collect_symbols/data/structures.o
[39/55] CXX src/04_analyze/resolve_types/data/entry_contract.o
[40/55] CXX src/04_analyze/resolve_symbols/data/declarations.o
[41/55] CXX src/04_analyze/resolve_symbols/utilities/declaration_lookup.o
[42/55] CXX src/04_analyze/resolve_types/data/entry_selection.o
[43/55] CXX src/04_analyze/type_model/data/definitions.o
[44/55] CXX src/04_analyze/resolve_types/main_prepare_entry.o
[45/55] CXX src/04_analyze/collect_symbols/main_collect_symbols.o
[46/55] CXX src/04_analyze/collect_symbols/data/store.o
[47/55] CXX src/04_analyze/type_model/data/context.o
[48/55] CXX src/04_analyze/type_model/data/lifecycle_roles.o
[49/55] CXX src/04_analyze/type_model/data/lifecycle.o
[50/55] CXX src/04_analyze/type_model/data/lifetime_policy_codec.o
[51/55] CXX src/04_analyze/type_model/data/semantic_modes.o
[52/55] CXX src/04_analyze/type_model/data/representations.o
[53/55] CXX src/04_analyze/type_model/data/lifetime_contract.o
[54/55] CXX src/04_analyze/type_model/data/catalog.o
[55/55] LINK main
Rebuilt outputs: .prism/build/app_pch.hpp.gch, .prism/build/main, .prism/build/main.o, .prism/build/probe.o, .prism/build/scpp_framework/collections.o, .prism/build/scpp_framework/exceptions.o, .prism/build/scpp_framework/filesystem.o, .prism/build/scpp_framework/json_document.o, .prism/build/scpp_framework/strings.o, .prism/build/src/01_prepare_inputs/load_runtime/main_load_runtime.o, .prism/build/src/01_prepare_inputs/load_runtime/utilities/catalog_syntax.o, .prism/build/src/01_prepare_inputs/read_sources/data/buffer.o, .prism/build/src/02_tokenize/store.o, .prism/build/src/02_tokenize/structures.o, .prism/build/src/02_tokenize/tokenize.o, .prism/build/src/03_parse/data/expression_state.o, .prism/build/src/03_parse/data/nodes.o, .prism/build/src/03_parse/data/result.o, .prism/build/src/03_parse/data/role_views.o, .prism/build/src/03_parse/data/store.o, .prism/build/src/03_parse/data/tree.o, .prism/build/src/03_parse/handlers/control_statements.o, .prism/build/src/03_parse/handlers/declarations.o, .prism/build/src/03_parse/handlers/expressions.o, .prism/build/src/03_parse/handlers/metaprogramming.o, .prism/build/src/03_parse/handlers/statements.o, .prism/build/src/03_parse/join.o, .prism/build/src/03_parse/main_parse.o, .prism/build/src/03_parse/parse_file.o, .prism/build/src/03_parse/select_tasks.o, .prism/build/src/03_parse/utilities/binary_syntax.o, .prism/build/src/03_parse/utilities/metaprogramming_syntax.o, .prism/build/src/03_parse/utilities/struct_member_cursor.o, .prism/build/src/03_parse/utilities/syntax_access.o, .prism/build/src/03_parse/utilities/syntax_comparer.o, .prism/build/src/04_analyze/collect_symbols/collect.o, .prism/build/src/04_analyze/collect_symbols/data/result.o, .prism/build/src/04_analyze/collect_symbols/data/store.o, .prism/build/src/04_analyze/collect_symbols/data/structures.o, .prism/build/src/04_analyze/collect_symbols/main_collect_symbols.o, .prism/build/src/04_analyze/resolve_symbols/data/declarations.o, .prism/build/src/04_analyze/resolve_symbols/utilities/declaration_lookup.o, .prism/build/src/04_analyze/resolve_symbols/utilities/function_lookup.o, .prism/build/src/04_analyze/resolve_types/data/entry_contract.o, .prism/build/src/04_analyze/resolve_types/data/entry_selection.o, .prism/build/src/04_analyze/resolve_types/main_prepare_entry.o, .prism/build/src/04_analyze/type_model/data/catalog.o, .prism/build/src/04_analyze/type_model/data/context.o, .prism/build/src/04_analyze/type_model/data/definitions.o, .prism/build/src/04_analyze/type_model/data/lifecycle.o, .prism/build/src/04_analyze/type_model/data/lifecycle_roles.o, .prism/build/src/04_analyze/type_model/data/lifetime_contract.o, .prism/build/src/04_analyze/type_model/data/lifetime_policy_codec.o, .prism/build/src/04_analyze/type_model/data/representations.o, .prism/build/src/04_analyze/type_model/data/semantic_modes.o
Tip: set SCPP_NINJA_VERBOSE=1 to show full Ninja command lines.
Build completed: .prism/build/main
