Transpiled PHP files: 0, skipped unchanged: 1
Generated Ninja file: .prism/build/build.ninja
Using compiler: clang++-18 -fuse-ld=mold (gnu_like)
Using build mode: debug
Using build grouping policy: incremental (report_only)
Object cache: disabled (default disabled)
Using repo root: /tmp/scpp-2f0d667f-probe
Resolved project dependency graph: 1 project(s)
Runtime compilation: enabled
Dependency compilation: reuse existing artifacts only
ninja: Entering directory `.prism/build'
[1/2] CXX main.o
[2/2] LINK main
Rebuilt outputs: .prism/build/main, .prism/build/main.o
Tip: set SCPP_NINJA_VERBOSE=1 to show full Ninja command lines.
Build completed: .prism/build/main
{} => []
[] => []
{"0":"src"} => ["src"]
["src"] => ["src"]
{"source_folders":{},"entry":"a.phs"} => {"source_folders":[],"entry":"a.phs"}
{"source_folders":[],"entry":"a.phs"} => {"source_folders":[],"entry":"a.phs"}
{"source_folders":{"0":"src"},"entry":"a.phs"} => {"source_folders":["src"],"entry":"a.phs"}
{"source_folders":["src"],"entry":"a.phs"} => {"source_folders":["src"],"entry":"a.phs"}
