Transpiled PHP files: 190, skipped unchanged: 0
Generated Ninja file: .prism/build/build.ninja
Using compiler: clang++-18 -fuse-ld=mold (gnu_like)
Using build mode: debug
Using build grouping policy: incremental (report_only)
Object cache: disabled (default disabled)
Using repo root: /tmp/scpp-json-240-probe
Resolved project dependency graph: 1 project(s)
Runtime compilation: enabled
Dependency compilation: reuse existing artifacts only
ninja: Entering directory `.prism/build'
[1/192] PCH app_pch.hpp.gch
[2/192] CXX src/01_prepare_inputs/load_runtime/data/family_preparation.o
[3/192] CXX scpp_framework/json_document.o
[4/192] CXX scpp_framework/exceptions.o
[5/192] CXX src/01_prepare_inputs/load_runtime/data/package_context.o
[6/192] CXX src/01_prepare_inputs/load_runtime/data/runtime.o
[7/192] CXX scpp_framework/filesystem.o
[8/192] CXX src/01_prepare_inputs/load_runtime/data/package_bindings.o
[9/192] CXX scpp_framework/collections.o
[10/192] CXX src/01_prepare_inputs/load_runtime/handlers/lifecycle.o
[11/192] CXX scpp_framework/strings.o
[12/192] CXX main.o
[13/192] CXX src/01_prepare_inputs/load_runtime/data/project.o
[14/192] CXX probe.o
[15/192] CXX src/01_prepare_inputs/load_runtime/data/family_results.o
[16/192] CXX src/01_prepare_inputs/load_runtime/data/package.o
[17/192] CXX fixture.o
[18/192] CXX src/01_prepare_inputs/load_runtime/handlers/package_types.o
[19/192] CXX src/01_prepare_inputs/load_runtime/handlers/package_syntax.o
[20/192] CXX src/01_prepare_inputs/load_runtime/main_load_runtime.o
[21/192] CXX src/01_prepare_inputs/load_runtime/handlers/native_import.o
[22/192] CXX src/01_prepare_inputs/read_sources/data/buffer.o
[23/192] CXX src/01_prepare_inputs/load_runtime/handlers/type_exposure.o
[24/192] CXX src/01_prepare_inputs/load_runtime/project_import.o
[25/192] CXX src/02_tokenize/store.o
[26/192] CXX src/03_parse/data/nodes.o
[27/192] CXX src/02_tokenize/structures.o
[28/192] CXX src/01_prepare_inputs/load_runtime/handlers/resources.o
[29/192] CXX src/02_tokenize/tokenize.o
[30/192] CXX src/03_parse/data/expression_state.o
[31/192] CXX src/01_prepare_inputs/load_runtime/handlers/package_type_map.o
[32/192] CXX src/01_prepare_inputs/load_runtime/utilities/catalog_syntax.o
[33/192] CXX src/03_parse/data/result.o
[34/192] CXX src/03_parse/data/role_views.o
[35/192] CXX src/03_parse/handlers/metaprogramming.o
[36/192] CXX src/03_parse/handlers/declarations.o
[37/192] CXX src/03_parse/handlers/control_statements.o
[38/192] CXX src/03_parse/handlers/expressions.o
[39/192] CXX src/03_parse/data/store.o
[40/192] CXX src/03_parse/handlers/statements.o
[41/192] CXX src/03_parse/data/tree.o
[42/192] CXX src/03_parse/main_parse.o
[43/192] CXX src/03_parse/join.o
[44/192] CXX src/03_parse/utilities/metaprogramming_syntax.o
[45/192] CXX src/03_parse/parse_file.o
[46/192] CXX src/03_parse/select_tasks.o
[47/192] CXX src/03_parse/utilities/struct_member_cursor.o
[48/192] CXX src/03_parse/utilities/binary_syntax.o
[49/192] CXX src/03_parse/utilities/syntax_access.o
[50/192] CXX src/04_analyze/analyze_lifetimes/data/lifetimes.o
[51/192] CXX src/03_parse/utilities/syntax_comparer.o
[52/192] CXX src/04_analyze/analyze_lifetimes/handlers/statements.o
[53/192] CXX src/04_analyze/analyze_lifetimes/handlers/locals.o
[54/192] CXX src/04_analyze/analyze_lifetimes/handlers/values.o
[55/192] CXX src/04_analyze/analyze_lifetimes/data/initialization.o
[56/192] CXX src/04_analyze/analyze_lifetimes/plan_body.o
FAILED: src/04_analyze/analyze_lifetimes/plan_body.o 
clang++-18 -std=c++23 -fPIC -O0 -g -pipe -I../../../../scpp-json-240-probe/runtime/include -I../generated -DSCPP_LANGUAGE_TARGET_PHP=1 -DSCPP_HAS_MYSQLI=0 -DSCPP_HAS_REGEX=0 -DSCPP_HAS_CURL=0 -DSCPP_HAS_TASKS=0 -DSCPP_TASKS_DEFAULT_WORKER_POOL_SIZE=0 -DSCPP_HAS_UI=0 -DSCPP_HAS_WEBVIEW=0 -DSCPP_ENABLE_CALL_DEPTH_GUARD=1 -DSCPP_MAX_CALL_DEPTH=4096 -Winvalid-pch -include app_pch.hpp -include ../generated/__project_units/2667b27f7bfa3e6e.hpp -MMD -MF src/04_analyze/analyze_lifetimes/plan_body.o.d -MT src/04_analyze/analyze_lifetimes/plan_body.o -c ../generated/src/04_analyze/analyze_lifetimes/plan_body.cpp -o src/04_analyze/analyze_lifetimes/plan_body.o
../generated/src/04_analyze/analyze_lifetimes/plan_body.cpp:293:2: warning: ignoring return value of function declared with 'nodiscard' attribute [-Wunused-result]
  293 |         this->live_values.remove(id);
      |         ^~~~~~~~~~~~~~~~~~~~~~~~ ~~
../generated/src/04_analyze/analyze_lifetimes/plan_body.cpp:336:2: warning: ignoring return value of function declared with 'nodiscard' attribute [-Wunused-result]
  336 |         this->live.remove(id);
      |         ^~~~~~~~~~~~~~~~~ ~~
../generated/src/04_analyze/analyze_lifetimes/plan_body.cpp:430:14: error: no viable overloaded '='
  430 |                 this->live = mixed_t{shared_table_()};
      |                 ~~~~~~~~~~ ^ ~~~~~~~~~~~~~~~~~~~~~~~~
/tmp/lifetime-plan-native-02/phpp/.prism/build/../../../../scpp-json-240-probe/runtime/include/scpp/support/hash_t.hpp:504:10: note: candidate function not viable: no known conversion from 'mixed_t' to 'const hash_t<shared_p<Active_Local>, int_t<>>' for 1st argument
  504 |         hash_t &operator=(const hash_t &other) requires(std::copyable<T_VALUE> && std::copyable<T_KEY>) {
      |                 ^         ~~~~~~~~~~~~~~~~~~~
/tmp/lifetime-plan-native-02/phpp/.prism/build/../../../../scpp-json-240-probe/runtime/include/scpp/support/hash_t.hpp:511:10: note: candidate function not viable: no known conversion from 'mixed_t' to 'hash_t<shared_p<Active_Local>, int_t<>>' for 1st argument
  511 |         hash_t &operator=(hash_t &&) noexcept = default;
      |                 ^         ~~~~~~~~~
2 warnings and 1 error generated.
[57/192] CXX src/04_analyze/analyze_lifetimes/flow.o
../generated/src/04_analyze/analyze_lifetimes/flow.cpp:31:3: warning: ignoring return value of function declared with 'nodiscard' attribute [-Wunused-result]
   31 |                 queued.remove(id);
      |                 ^~~~~~~~~~~~~ ~~
1 warning generated.
[58/192] CXX src/04_analyze/check_bodies/data/conversions.o
[59/192] CXX src/04_analyze/analyze_lifetimes/data/plan.o
../generated/src/04_analyze/analyze_lifetimes/data/plan.cpp:172:3: warning: ignoring return value of function declared with 'nodiscard' attribute [-Wunused-result]
  172 |                 expected.remove(key);
      |                 ^~~~~~~~~~~~~~~ ~~~
1 warning generated.
[60/192] CXX src/04_analyze/check_bodies/data/dependencies.o
[61/192] CXX src/04_analyze/check_bodies/data/places.o
[62/192] CXX src/04_analyze/check_bodies/data/flow.o
[63/192] CXX src/04_analyze/check_bodies/context.o
[64/192] CXX src/04_analyze/check_bodies/data/output.o
[65/192] CXX src/04_analyze/check_bodies/data/statements.o
[66/192] CXX src/04_analyze/check_bodies/handlers/control_statements.o
[67/192] CXX src/04_analyze/check_bodies/data/traversal.o
[68/192] CXX src/04_analyze/check_bodies/data/values.o
[69/192] CXX src/04_analyze/check_bodies/body.o
[70/192] CXX src/04_analyze/check_bodies/flow.o
[71/192] CXX src/04_analyze/check_bodies/data/result.o
ninja: build stopped: subcommand failed.
