Transpiled PHP files: 125, skipped unchanged: 0
Generated Ninja file: .prism/build/build.ninja
Using compiler: clang++-18 -fuse-ld=mold (gnu_like)
Using build mode: debug
Using build grouping policy: incremental (report_only)
Object cache: disabled (default disabled)
Using repo root: /tmp/scpp-json-240-probe
Resolved project dependency graph: 1 project(s)
Runtime compilation: enabled
Dependency compilation: reuse existing artifacts only
ninja: Entering directory `.prism/build'
[1/127] PCH app_pch.hpp.gch
[2/127] CXX src/01_prepare_inputs/load_runtime/main_load_runtime.o
[3/127] CXX src/03_parse/data/nodes.o
[4/127] CXX scpp_framework/filesystem.o
[5/127] CXX src/01_prepare_inputs/read_sources/data/buffer.o
[6/127] CXX scpp_framework/json_document.o
[7/127] CXX scpp_framework/collections.o
[8/127] CXX src/03_parse/data/result.o
[9/127] CXX src/02_tokenize/store.o
[10/127] CXX src/03_parse/data/expression_state.o
[11/127] CXX src/02_tokenize/structures.o
[12/127] CXX src/02_tokenize/tokenize.o
[13/127] CXX scpp_framework/exceptions.o
[14/127] CXX scpp_framework/strings.o
[15/127] CXX main.o
[16/127] CXX src/01_prepare_inputs/load_runtime/utilities/catalog_syntax.o
[17/127] CXX src/03_parse/data/role_views.o
[18/127] CXX src/03_parse/handlers/declarations.o
[19/127] CXX src/03_parse/data/tree.o
[20/127] CXX src/03_parse/handlers/control_statements.o
[21/127] CXX src/03_parse/handlers/expressions.o
[22/127] CXX src/03_parse/utilities/metaprogramming_syntax.o
[23/127] CXX src/03_parse/main_parse.o
[24/127] CXX src/03_parse/handlers/statements.o
[25/127] CXX src/03_parse/handlers/metaprogramming.o
[26/127] CXX probe.o
[27/127] CXX src/03_parse/data/store.o
[28/127] CXX src/03_parse/utilities/binary_syntax.o
[29/127] CXX src/03_parse/utilities/struct_member_cursor.o
[30/127] CXX src/03_parse/parse_file.o
[31/127] CXX src/03_parse/join.o
[32/127] CXX src/04_analyze/check_bodies/utilities/decimal_range.o
[33/127] CXX src/03_parse/select_tasks.o
[34/127] CXX src/03_parse/utilities/syntax_access.o
[35/127] CXX src/03_parse/utilities/syntax_comparer.o
[36/127] CXX src/04_analyze/check_templates/data/interpretation.o
[37/127] CXX src/04_analyze/check_bodies/utilities/literals.o
[38/127] CXX src/04_analyze/check_templates/data/structures.o
[39/127] CXX src/04_analyze/check_templates/data/terms.o
[40/127] CXX src/04_analyze/check_templates/select_tasks.o
[41/127] CXX src/04_analyze/check_templates/join.o
[42/127] CXX src/04_analyze/check_templates/body.o
[43/127] CXX src/04_analyze/check_templates/data/result.o
[44/127] CXX src/04_analyze/collect_symbols/collect.o
[45/127] CXX src/04_analyze/check_templates/main_check_templates.o
[46/127] CXX src/04_analyze/collect_symbols/data/result.o
[47/127] CXX src/04_analyze/collect_symbols/data/structures.o
[48/127] CXX src/04_analyze/collect_symbols/data/provider_declaration.o
[49/127] CXX src/04_analyze/instantiate/bindings.o
[50/127] CXX src/04_analyze/check_templates/terms.o
[51/127] CXX src/04_analyze/instantiate/applications.o
[52/127] CXX src/04_analyze/collect_symbols/data/store.o
[53/127] CXX src/04_analyze/instantiate/data/applications.o
[54/127] CXX src/04_analyze/collect_symbols/main_collect_symbols.o
[55/127] CXX src/04_analyze/instantiate/data/members.o
[56/127] CXX src/04_analyze/instantiate/data/context.o
[57/127] CXX src/04_analyze/instantiate/data/state.o
[58/127] CXX src/04_analyze/instantiate/constants.o
[59/127] CXX src/04_analyze/instantiate/identities.o
[60/127] CXX src/04_analyze/instantiate/data/store.o
[61/127] CXX src/04_analyze/instantiate/join.o
[62/127] CXX src/04_analyze/instantiate/members.o
[63/127] CXX src/04_analyze/instantiate/data/view.o
[64/127] CXX src/04_analyze/resolve_symbols/data/declarations.o
[65/127] CXX src/04_analyze/instantiate/member_join.o
[66/127] CXX src/04_analyze/instantiate/data/result.o
[67/127] CXX src/04_analyze/resolve_symbols/data/traversal.o
[68/127] CXX src/04_analyze/resolve_symbols/handlers/declarations.o
[69/127] CXX src/04_analyze/resolve_symbols/data/store.o
[70/127] CXX src/04_analyze/resolve_symbols/data/structures.o
[71/127] CXX src/04_analyze/resolve_symbols/handlers/names.o
[72/127] CXX src/04_analyze/resolve_symbols/handlers/expressions.o
[73/127] CXX src/04_analyze/resolve_symbols/data/result.o
[74/127] CXX src/04_analyze/resolve_symbols/body.o
[75/127] CXX src/04_analyze/resolve_symbols/handlers/statements.o
[76/127] CXX src/04_analyze/resolve_symbols/utilities/declaration_lookup.o
[77/127] CXX src/04_analyze/resolve_symbols/main_resolve_symbols.o
[78/127] CXX src/04_analyze/resolve_symbols/select_tasks.o
[79/127] CXX src/04_analyze/resolve_symbols/utilities/binding_coverage.o
[80/127] CXX src/04_analyze/resolve_symbols/utilities/resolution_validity.o
[81/127] CXX src/04_analyze/resolve_symbols/join.o
[82/127] CXX src/04_analyze/resolve_types/data/lifecycle_bodies.o
[83/127] CXX src/04_analyze/resolve_symbols/utilities/function_lookup.o
[84/127] CXX src/04_analyze/resolve_types/data/entry_contract.o
[85/127] CXX src/04_analyze/resolve_types/data/records.o
[86/127] CXX src/04_analyze/resolve_types/data/entry_selection.o
[87/127] CXX src/04_analyze/resolve_types/definition_view.o
[88/127] CXX src/04_analyze/resolve_types/data/signatures.o
[89/127] CXX src/04_analyze/resolve_types/source_lifecycle_bodies.o
[90/127] CXX src/04_analyze/resolve_types/lifecycle_composition.o
[91/127] CXX src/04_analyze/resolve_types/main_prepare_entry.o
[92/127] CXX src/04_analyze/resolve_types/source_lifecycle.o
[93/127] CXX src/04_analyze/resolve_types/records.o
[94/127] CXX src/04_analyze/resolve_types/source_lifecycle_signature.o
[95/127] CXX src/04_analyze/resolve_types/utilities/annotation_types.o
[96/127] CXX src/04_analyze/resolve_types/storage_signatures.o
[97/127] CXX src/04_analyze/resolve_types/storage.o
[98/127] CXX src/04_analyze/resolve_types/signatures.o
[99/127] CXX src/04_analyze/resolve_types/utilities/callable_inputs.o
[100/127] CXX src/04_analyze/resolve_types/record_definitions.o
[101/127] CXX src/04_analyze/resolve_types/record_join.o
[102/127] CXX src/04_analyze/type_model/data/callable_modes.o
[103/127] CXX src/04_analyze/resolve_types/utilities/parameter_contracts.o
[104/127] CXX src/04_analyze/resolve_types/utilities/type_cache.o
[105/127] CXX src/04_analyze/type_model/data/context.o
[106/127] CXX src/04_analyze/type_model/data/definitions.o
[107/127] CXX src/04_analyze/type_model/data/callables.o
[108/127] CXX src/04_analyze/type_model/data/lifecycle_roles.o
[109/127] CXX src/04_analyze/type_model/data/native_record_layout.o
[110/127] CXX src/04_analyze/type_model/data/lifetime_policy_codec.o
[111/127] CXX src/04_analyze/type_model/data/generic.o
[112/127] CXX src/04_analyze/type_model/data/lifecycle.o
[113/127] CXX src/04_analyze/type_model/data/catalog.o
[114/127] CXX src/04_analyze/type_model/data/families.o
[115/127] CXX src/04_analyze/type_model/data/records.o
[116/127] CXX src/04_analyze/type_model/data/lifetime_contract.o
[117/127] CXX src/04_analyze/type_model/data/representations.o
[118/127] CXX src/04_analyze/type_model/data/semantic_calls.o
[119/127] CXX src/04_analyze/type_model/data/semantic_modes.o
[120/127] CXX src/04_analyze/type_model/data/resources.o
[121/127] CXX src/04_analyze/type_model/data/type_record.o
[122/127] CXX src/04_analyze/type_model/result_contracts.o
[123/127] CXX src/04_analyze/type_model/data/source_families.o
[124/127] CXX src/04_analyze/type_model/data/type_references.o
[125/127] CXX src/04_analyze/type_model/data/storage.o
[126/127] CXX src/04_analyze/type_model/data/store.o
[127/127] LINK main
Rebuilt outputs: .prism/build/app_pch.hpp.gch, .prism/build/main, .prism/build/main.o, .prism/build/probe.o, .prism/build/scpp_framework/collections.o, .prism/build/scpp_framework/exceptions.o, .prism/build/scpp_framework/filesystem.o, .prism/build/scpp_framework/json_document.o, .prism/build/scpp_framework/strings.o, .prism/build/src/01_prepare_inputs/load_runtime/main_load_runtime.o, .prism/build/src/01_prepare_inputs/load_runtime/utilities/catalog_syntax.o, .prism/build/src/01_prepare_inputs/read_sources/data/buffer.o, .prism/build/src/02_tokenize/store.o, .prism/build/src/02_tokenize/structures.o, .prism/build/src/02_tokenize/tokenize.o, .prism/build/src/03_parse/data/expression_state.o, .prism/build/src/03_parse/data/nodes.o, .prism/build/src/03_parse/data/result.o, .prism/build/src/03_parse/data/role_views.o, .prism/build/src/03_parse/data/store.o, .prism/build/src/03_parse/data/tree.o, .prism/build/src/03_parse/handlers/control_statements.o, .prism/build/src/03_parse/handlers/declarations.o, .prism/build/src/03_parse/handlers/expressions.o, .prism/build/src/03_parse/handlers/metaprogramming.o, .prism/build/src/03_parse/handlers/statements.o, .prism/build/src/03_parse/join.o, .prism/build/src/03_parse/main_parse.o, .prism/build/src/03_parse/parse_file.o, .prism/build/src/03_parse/select_tasks.o, .prism/build/src/03_parse/utilities/binary_syntax.o, .prism/build/src/03_parse/utilities/metaprogramming_syntax.o, .prism/build/src/03_parse/utilities/struct_member_cursor.o, .prism/build/src/03_parse/utilities/syntax_access.o, .prism/build/src/03_parse/utilities/syntax_comparer.o, .prism/build/src/04_analyze/check_bodies/utilities/decimal_range.o, .prism/build/src/04_analyze/check_bodies/utilities/literals.o, .prism/build/src/04_analyze/check_templates/body.o, .prism/build/src/04_analyze/check_templates/data/interpretation.o, .prism/build/src/04_analyze/check_templates/data/result.o, .prism/build/src/04_analyze/check_templates/data/structures.o, .prism/build/src/04_analyze/check_templates/data/terms.o, .prism/build/src/04_analyze/check_templates/join.o, .prism/build/src/04_analyze/check_templates/main_check_templates.o, .prism/build/src/04_analyze/check_templates/select_tasks.o, .prism/build/src/04_analyze/check_templates/terms.o, .prism/build/src/04_analyze/collect_symbols/collect.o, .prism/build/src/04_analyze/collect_symbols/data/provider_declaration.o, .prism/build/src/04_analyze/collect_symbols/data/result.o, .prism/build/src/04_analyze/collect_symbols/data/store.o, .prism/build/src/04_analyze/collect_symbols/data/structures.o, .prism/build/src/04_analyze/collect_symbols/main_collect_symbols.o, .prism/build/src/04_analyze/instantiate/applications.o, .prism/build/src/04_analyze/instantiate/bindings.o, .prism/build/src/04_analyze/instantiate/constants.o, .prism/build/src/04_analyze/instantiate/data/applications.o, .prism/build/src/04_analyze/instantiate/data/context.o, .prism/build/src/04_analyze/instantiate/data/members.o, .prism/build/src/04_analyze/instantiate/data/result.o, .prism/build/src/04_analyze/instantiate/data/state.o, .prism/build/src/04_analyze/instantiate/data/store.o, .prism/build/src/04_analyze/instantiate/data/view.o, .prism/build/src/04_analyze/instantiate/identities.o, .prism/build/src/04_analyze/instantiate/join.o, .prism/build/src/04_analyze/instantiate/member_join.o, .prism/build/src/04_analyze/instantiate/members.o, .prism/build/src/04_analyze/resolve_symbols/body.o, .prism/build/src/04_analyze/resolve_symbols/data/declarations.o, .prism/build/src/04_analyze/resolve_symbols/data/result.o, .prism/build/src/04_analyze/resolve_symbols/data/store.o, .prism/build/src/04_analyze/resolve_symbols/data/structures.o, .prism/build/src/04_analyze/resolve_symbols/data/traversal.o, .prism/build/src/04_analyze/resolve_symbols/handlers/declarations.o, .prism/build/src/04_analyze/resolve_symbols/handlers/expressions.o, .prism/build/src/04_analyze/resolve_symbols/handlers/names.o, .prism/build/src/04_analyze/resolve_symbols/handlers/statements.o, .prism/build/src/04_analyze/resolve_symbols/join.o, .prism/build/src/04_analyze/resolve_symbols/main_resolve_symbols.o, .prism/build/src/04_analyze/resolve_symbols/select_tasks.o, .prism/build/src/04_analyze/resolve_symbols/utilities/binding_coverage.o, .prism/build/src/04_analyze/resolve_symbols/utilities/declaration_lookup.o, .prism/build/src/04_analyze/resolve_symbols/utilities/function_lookup.o, .prism/build/src/04_analyze/resolve_symbols/utilities/resolution_validity.o, .prism/build/src/04_analyze/resolve_types/data/entry_contract.o, .prism/build/src/04_analyze/resolve_types/data/entry_selection.o, .prism/build/src/04_analyze/resolve_types/data/lifecycle_bodies.o, .prism/build/src/04_analyze/resolve_types/data/records.o, .prism/build/src/04_analyze/resolve_types/data/signatures.o, .prism/build/src/04_analyze/resolve_types/definition_view.o, .prism/build/src/04_analyze/resolve_types/lifecycle_composition.o, .prism/build/src/04_analyze/resolve_types/main_prepare_entry.o, .prism/build/src/04_analyze/resolve_types/record_definitions.o, .prism/build/src/04_analyze/resolve_types/record_join.o, .prism/build/src/04_analyze/resolve_types/records.o, .prism/build/src/04_analyze/resolve_types/signatures.o, .prism/build/src/04_analyze/resolve_types/source_lifecycle.o, .prism/build/src/04_analyze/resolve_types/source_lifecycle_bodies.o, .prism/build/src/04_analyze/resolve_types/source_lifecycle_signature.o, .prism/build/src/04_analyze/resolve_types/storage.o, .prism/build/src/04_analyze/resolve_types/storage_signatures.o, .prism/build/src/04_analyze/resolve_types/utilities/annotation_types.o, .prism/build/src/04_analyze/resolve_types/utilities/callable_inputs.o, .prism/build/src/04_analyze/resolve_types/utilities/parameter_contracts.o, .prism/build/src/04_analyze/resolve_types/utilities/type_cache.o, .prism/build/src/04_analyze/type_model/data/callable_modes.o, .prism/build/src/04_analyze/type_model/data/callables.o, .prism/build/src/04_analyze/type_model/data/catalog.o, .prism/build/src/04_analyze/type_model/data/context.o, .prism/build/src/04_analyze/type_model/data/definitions.o, .prism/build/src/04_analyze/type_model/data/families.o, .prism/build/src/04_analyze/type_model/data/generic.o, .prism/build/src/04_analyze/type_model/data/lifecycle.o, .prism/build/src/04_analyze/type_model/data/lifecycle_roles.o, .prism/build/src/04_analyze/type_model/data/lifetime_contract.o, .prism/build/src/04_analyze/type_model/data/lifetime_policy_codec.o, .prism/build/src/04_analyze/type_model/data/native_record_layout.o, .prism/build/src/04_analyze/type_model/data/records.o, .prism/build/src/04_analyze/type_model/data/representations.o, .prism/build/src/04_analyze/type_model/data/resources.o, .prism/build/src/04_analyze/type_model/data/semantic_calls.o, .prism/build/src/04_analyze/type_model/data/semantic_modes.o, .prism/build/src/04_analyze/type_model/data/source_families.o, .prism/build/src/04_analyze/type_model/data/storage.o, .prism/build/src/04_analyze/type_model/data/store.o, .prism/build/src/04_analyze/type_model/data/type_record.o, .prism/build/src/04_analyze/type_model/data/type_references.o, .prism/build/src/04_analyze/type_model/result_contracts.o
Tip: set SCPP_NINJA_VERBOSE=1 to show full Ninja command lines.
Build completed: .prism/build/main
