[1/913] CXX expanded/generated/semantic_module_api_lookup.o
[2/913] CXX expanded/generated/semantic_conversion_lookup.o
[3/913] CXX expanded/generated/semantic_callable_candidates.o
[4/913] CXX expanded/compile/backend/scalar_body_backend_collection.o
[5/913] CXX expanded/compile/backend/backend_native_execution_adapter.o
[6/913] CXX expanded/compile/support/compiler_project_env_or_smoke_echo.o
[7/913] CXX expanded/compile/backend/backend_loop_text_emission.o
[8/913] CXX expanded/compile/backend/scalar_body_statement_collection.o
[9/913] CXX expanded/compile/control_flow/control_flow_transfers.o
[10/913] CXX expanded/generated/semantic_runtime_abi_declarations.o
[11/913] CXX expanded/generated/semantic_runtime_abi_bridge.o
[12/913] CXX expanded/structure_kernel/frontend_model_kernel_counters.o
[13/913] CXX expanded/structures/artifacts/analysis_context.o
[14/913] CXX expanded/compile/control_flow/control_flow_dataflows.o
[15/913] CXX expanded/compile/support/structure_kernel_smoke_runner.o
[16/913] CXX expanded/structures/artifacts/analysis_entry_context_row.o
[17/913] CXX expanded/structures/artifacts/artifact_writer_descriptor_artifact.o
[18/913] CXX expanded/structures/artifacts/backend_sink_boundary_row.o
[19/913] CXX expanded/structures/artifacts/artifact_writer_descriptor_row.o
[20/913] CXX expanded/structures/artifacts/artifact_cache_key_row.o
[21/913] CXX expanded/generated/semantic_operator_lookup.o
[22/913] CXX expanded/structures/artifacts/debug_profile_gate_result_row.o
[23/913] CXX expanded/structures/artifacts/compiler_profile_event_row.o
[24/913] CXX expanded/structures/artifacts/debug_profile_row_count_summary.o
[25/913] CXX expanded/structures/artifacts/debug_profile_gate_result_artifact.o
[26/913] CXX expanded/structures/artifacts/incremental_callable_identity_row.o
[27/913] CXX expanded/structures/artifacts/debug_profile_stage_timing_summary.o
[28/913] CXX expanded/structures/artifacts/incremental_change_event_row.o
[29/913] CXX expanded/structures/artifacts/incremental_recompute_target_row.o
[30/913] CXX expanded/structures/artifacts/performance_memory_estimate_row.o
[31/913] CXX expanded/structures/artifacts/incremental_identity_row.o
[32/913] CXX expanded/structures/artifacts/proof_metric_row.o
[33/913] CXX expanded/structures/artifacts/incremental_transaction_step_row.o
[34/913] CXX expanded/structures/backend/backend_call_argument_row.o
[35/913] CXX expanded/structures/backend/backend_control_flow_operand_row.o
[36/913] CXX expanded/structures/backend/backend_binary_operand_row.o
[37/913] CXX expanded/structures/backend/backend_emission_decision_row.o
[38/913] CXX expanded/structures/backend/backend_emission_value_row.o
[39/913] CXX expanded/structures/backend/backend_emission_decision_artifact.o
[40/913] CXX expanded/structures/backend/backend_emission_adapter_descriptor_artifact.o
[41/913] CXX expanded/structures/backend/backend_emission_block_row.o
[42/913] CXX expanded/structures/backend/backend_emission_adapter_descriptor_row.o
[43/913] CXX expanded/structures/backend/backend_link_decision_row.o
[44/913] CXX expanded/structures/backend/backend_local_immediate_text_operand_row.o
[45/913] clang++ -std=c++23 -fPIC -O0 -g1 -pipe -I../../../vendor/runtime/include -I../expanded/generated -DSCPP_LANGUAGE_TARGET_PHP=1 -DSCPP_HAS_MYSQLI=0 -DSCPP_HAS_REGEX=0 -DSCPP_HAS_CURL=0 -DSCPP_HAS_TASKS=1 -DSCPP_TASKS_DEFAULT_WORKER_POOL_SIZE=0 -DSCPP_HAS_UI=0 -DSCPP_HAS_WEBVIEW=0 -DSCPP_ENABLE_CALL_DEPTH_GUARD=1 -DSCPP_MAX_CALL_DEPTH=4096 -x c++-header -MD -MF expanded-project.pch.d ../expanded/generated/__project_units.hpp -o expanded-project.pch
[46/913] CXX expanded/structures/backend/backend_link_cache_decision_row.o
[47/913] CXX expanded/structures/backend/backend_local_slot.o
[48/913] CXX expanded/structures/backend/backend_local_operand_row.o
[49/913] CXX expanded/structures/backend/backend_object_output_row.o
[50/913] CXX expanded/structures/backend/backend_object_cache_decision_row.o
[51/913] CXX expanded/structures/backend/backend_object_link_cache_artifact.o
[52/913] CXX expanded/structures/backend/backend_local_slots.o
[53/913] CXX expanded/structures/backend/backend_partition_execution_artifact.o
[54/913] CXX expanded/structures/backend/backend_project_link_execution_row.o
[55/913] CXX expanded/structures/backend/backend_refresh_row.o
[56/913] CXX expanded/structures/backend/backend_partition_execution_row.o
[57/913] CXX expanded/structures/backend/backend_request_authorization_artifact.o
[58/913] CXX expanded/structures/backend/backend_request_row_list.o
[59/913] CXX expanded/structures/backend/backend_stack_value.o
[60/913] CXX expanded/structures/backend/backend_request_row_span.o
[61/913] CXX expanded/structures/backend/backend_step_route_descriptor_row.o
[62/913] CXX expanded/structures/backend/backend_value_stack.o
[63/913] CXX expanded/structures/backend/backend_request_authorization_row.o
[64/913] CXX expanded/structures/backend/backend_request_list_ref.o
[65/913] CALLABLE_PART expanded_parts/main.o
[66/913] CXX expanded/structures/backend/callable_abi_readiness_artifact.o
[67/913] CXX expanded/structures/backend/backend_string_literal_operand_row.o
[68/913] CXX expanded/structures/backend/callable_abi_readiness_row.o
[69/913] CXX expanded/structures/backend/direct_call_authorization_gate_row.o
[70/913] CXX expanded/structures/backend/direct_call_authorization_gate_artifact.o
[71/913] CXX expanded/structures/backend/direct_call_backend_request_transition_row.o
[72/913] CXX expanded/structures/backend/direct_call_backend_request_transition_artifact.o
[73/913] CXX expanded/structures/backend/direct_call_lowering_adapter_descriptor_row.o
[74/913] CXX expanded/structures/backend/function_body_emission_readiness_row.o
[75/913] CXX expanded/structures/backend/direct_call_lowering_adapter_descriptor_artifact.o
[76/913] CXX expanded/structures/backend/function_body_text_emission_preflight_row.o
[77/913] CXX expanded/structures/backend/function_body_text_emission_preflight_artifact.o
[78/913] CXX expanded/structures/backend/function_definition_emission_preflight_artifact.o
[79/913] CXX expanded/structures/backend/function_definition_emission_preflight_row.o
[80/913] CXX expanded/structures/backend/function_body_emission_readiness_artifact.o
[81/913] CXX expanded/structures/backend/llvm_api_handle_map_summary_row.o
[82/913] CXX expanded/structures/backend/llvm_api_sink_preflight_row.o
[83/913] CXX expanded/structures/backend/llvm_api_toolchain_probe_artifact.o
[84/913] CXX expanded/structures/backend/llvm_api_toolchain_probe_row.o
[85/913] CXX expanded/structures/backend/llvm_function_symbol_preflight_row.o
[86/913] CXX expanded/structures/backend/local_body_lowering_route_descriptor_artifact.o
[87/913] CXX expanded/structures/backend/llvm_function_symbol_preflight_artifact.o
[88/913] CXX expanded/structures/backend/llvm_api_module_build_row.o
[89/913] CXX expanded/structures/backend/local_body_lowering_route_descriptor_row.o
[90/913] CXX expanded/structures/backend/llvm_api_sink_preflight_artifact.o
[91/913] CXX expanded/structures/backend/llvm_primitive_abi_descriptor_row.o
[92/913] CXX expanded/structures/backend/lowering_blocked_request_row.o
[93/913] CXX expanded/structures/backend/lowering_step.o
[94/913] CXX expanded/structures/backend/per_symbol_lowering_plan_artifact.o
[95/913] CXX expanded/structures/backend/lowering_plan.o
[96/913] CXX expanded/structures/backend/primitive_abi_adapter_matrix_artifact.o
[97/913] CXX expanded/structures/backend/primitive_abi_adapter_row.o
[98/913] CXX expanded/structures/backend/per_symbol_lowering_plan_row.o
[99/913] CXX expanded/structures/backend/project_symbol_body_lookup_artifact.o
[100/913] CXX expanded/structures/backend/project_symbol_body_lookup_row.o
[101/913] CXX expanded/structures/backend/runtime_abi_bridge_artifact.o
[102/913] CXX expanded/structures/capabilities/callable_signature_readiness_row.o
[103/913] CXX expanded/structures/capabilities/capability_consumer_plan.o
[104/913] CXX expanded/structures/capabilities/capability_coverage_artifact.o
[105/913] CXX expanded/structures/capabilities/capability_consumer_row.o
[106/913] CXX expanded/structures/capabilities/capability_readiness_row.o
[107/913] CXX expanded/structures/capabilities/capability_provider_row.o
[108/913] CXX expanded/structures/capabilities/condition_truthiness_policy_artifact.o
[109/913] CXX expanded/structures/capabilities/condition_truthiness_policy_row.o
[110/913] CXX expanded/structures/capabilities/contract_consumer_route_descriptor_row.o
[111/913] CXX expanded/structures/capabilities/closure_capture_policy_row.o
[112/913] CXX expanded/structures/capabilities/capability_registry_row.o
[113/913] CXX expanded/structures/capabilities/contract_consumer_row.o
[114/913] CXX expanded/structures/capabilities/contract_provider_row.o
[115/913] CXX expanded/structures/capabilities/contract_provider_route_descriptor_row.o
[116/913] CXX expanded/structures/capabilities/contract_coverage_artifact.o
[117/913] CXX expanded/structures/capabilities/feature_coverage_axis_row.o
[118/913] CXX expanded/structures/capabilities/fixed_array_literal_readiness_row.o
[119/913] CXX expanded/structures/capabilities/contract_registry_row.o
[120/913] CXX expanded/structures/capabilities/fixed_array_readiness_table.o
[121/913] CXX expanded/structures/capabilities/layout_readiness_row.o
[122/913] CXX expanded/structures/capabilities/module_drift_audit_row.o
[123/913] CXX expanded/structures/capabilities/fixed_array_index_readiness_row.o
[124/913] CXX expanded/structures/capabilities/layout_lifecycle_readiness_row.o
[125/913] CXX expanded/structures/capabilities/module_helper_surface_row.o
[126/913] CXX expanded/structures/capabilities/module_metadata_provider_row.o
[127/913] CXX expanded/structures/capabilities/module_helper_backend_blocker_row.o
[128/913] CXX expanded/structures/capabilities/provider_descriptor_row.o
[129/913] CXX expanded/structures/capabilities/object_value_layout_ownership_row.o
[130/913] CXX expanded/structures/capabilities/provider_descriptor_table.o
[131/913] CXX expanded/structures/capabilities/numeric_backend_adapter_decision_row.o
[132/913] CXX expanded/structures/capabilities/representative_feature_path_row.o
[133/913] CXX expanded/structures/capabilities/provider_trait_descriptor_row.o
[134/913] CXX expanded/structures/capabilities/runtime_helper_contract_readiness_row.o
[135/913] CXX expanded/structures/capabilities/range_adapter_contract_row.o
[136/913] CXX expanded/structures/capabilities/storage_lifetime_request_row.o
[137/913] CXX expanded/structures/capabilities/runtime_helper_contract_readiness_artifact.o
[138/913] CXX expanded/structures/capabilities/storage_lifetime_route_descriptor_row.o
[139/913] CXX expanded/structures/capabilities/type_family_descriptor_row.o
[140/913] CXX expanded/structures/capabilities/type_family_descriptor_table.o
[141/913] CXX expanded/structures/capabilities/type_trait_metadata_source_row.o
[142/913] CXX expanded/structures/capabilities/type_trait_substrate_decision_row.o
[143/913] CXX expanded/structures/capabilities/type_capability.o
[144/913] CXX expanded/structures/capabilities/wrapper_extraction_contract_row.o
[145/913] CXX expanded/structures/capabilities/type_trait_table.o
[146/913] CXX expanded/structures/capabilities/wrapper_extraction_readiness_row.o
[147/913] CXX expanded/structures/capabilities/type_trait_row.o
[148/913] CXX expanded/structures/capabilities/wrapper_output_mutation_adapter_table.o
[149/913] CXX expanded/structures/capabilities/wrapper_family_row.o
[150/913] CXX expanded/structures/capabilities/wrapper_output_mutation_adapter_row.o
[151/913] CXX expanded/structures/capabilities/wrapper_extraction_readiness_table.o
[152/913] CXX expanded/structures/capabilities/wrapper_runtime_abi_row.o
[153/913] CXX expanded/structures/capabilities/wrapper_runtime_abi_table.o
[154/913] CXX expanded/structures/control_flow/control_flow_block_row.o
[155/913] CXX expanded/structures/control_flow/control_flow_dataflow_artifact.o
[156/913] CXX expanded/structures/control_flow/control_flow_edge_row.o
[157/913] CXX expanded/structures/control_flow/control_flow_graph_artifact.o
[158/913] CXX expanded/structures/frontend/frontend_body_summary_artifact.o
[159/913] CXX expanded/structures/frontend/frontend_body_summary_row.o
[160/913] CXX expanded/structures/control_flow/control_flow_dataflow_row.o
[161/913] CXX expanded/structures/frontend/frontend_expression_payload_row.o
[162/913] CXX expanded/structures/frontend/frontend_local_binding_summary_row.o
[163/913] CXX expanded/structures/frontend/frontend_name_payload_row.o
[164/913] CXX expanded/structures/frontend/frontend_node_list.o
[165/913] CXX expanded/structures/frontend/frontend_declaration_payload_row.o
[166/913] CXX expanded/structures/frontend/frontend_literal_payload_row.o
[167/913] CXX expanded/structures/frontend/frontend_node_list_ref.o
[168/913] CXX expanded/structures/frontend/frontend_model.o
[169/913] CXX expanded/structures/frontend/frontend_node_row.o
[170/913] CXX expanded/structures/frontend/frontend_node_segment.o
[171/913] CXX expanded/structures/frontend/frontend_statement_payload_row.o
[172/913] CXX expanded/structures/frontend/frontend_type_syntax_payload_row.o
[173/913] CXX expanded/structures/frontend/frontend_node_list_owner.o
[174/913] CXX expanded/structures/frontend/frontend_node_span.o
[175/913] CXX expanded/structures/frontend/line_start_row.o
[176/913] CXX expanded/structures/frontend/phs_parser_state.o
[177/913] CXX expanded/structures/frontend/source_buffer_row.o
[178/913] CXX expanded/structures/frontend/parser_diagnostic_row.o
[179/913] CXX expanded/structures/frontend/parser_diagnostic_table.o
[180/913] CXX expanded/structures/frontend/phs_parser_cursor.o
[181/913] CXX expanded/structures/frontend/source_range_ext_row.o
[182/913] CXX expanded/structures/frontend/token_extended_length_row.o
[183/913] CXX expanded/structures/frontend/source_range_row.o
[184/913] CXX expanded/structures/frontend/token_list_ref.o
[185/913] CXX expanded/structures/frontend/source_slice.o
[186/913] CXX expanded/structures/frontend/token_row_list.o
[187/913] CXX expanded/structures/frontend/token_row.o
[188/913] CXX expanded/structures/frontend/token_row_span.o
[189/913] CXX expanded/structures/incremental/deterministic_work_order_artifact.o
[190/913] CXX expanded/structures/frontend/token_row_segment.o
[191/913] CXX expanded/structures/incremental/incremental_deferred_surface_row.o
[192/913] CXX expanded/structures/incremental/incremental_snapshot_diff_row.o
[193/913] CXX expanded/structures/frontend/token_stream.o
[194/913] CXX expanded/structures/incremental/deterministic_work_order_row.o
[195/913] CXX expanded/structures/incremental/incremental_snapshot_row.o
[196/913] CXX expanded/structures/incremental/incremental_stage_presence_row.o
[197/913] CXX expanded/structures/incremental/mt_stage_evaluation_artifact.o
[198/913] CXX expanded/structures/incremental/mt_stage_evaluation_row.o
[199/913] CXX expanded/structures/incremental/mt_stage_worker_activation_gate_row.o
[200/913] CXX expanded/structures/incremental/mt_stage_measurement_row.o
[201/913] CXX expanded/structures/incremental/mt_stage_worker_payload_transfer_strategy_row.o
[202/913] CXX expanded/structures/incremental/partition_merge_reduction_artifact.o
[203/913] CXX expanded/structures/incremental/partition_readiness_artifact.o
[204/913] CXX expanded/structures/incremental/mt_worker_segment_row.o
[205/913] CXX expanded/structures/incremental/mt_stage_worker_result_transfer_contract_row.o
[206/913] CXX expanded/structures/incremental/project_incremental_snapshot_diff_row.o
[207/913] CXX expanded/structures/incremental/partition_merge_reduction_row.o
[208/913] CXX expanded/structures/incremental/project_incremental_snapshot_diff_artifact.o
[209/913] CXX expanded/structures/incremental/resident_change_event_row.o
[210/913] CXX expanded/structures/incremental/project_incremental_snapshot_row.o
[211/913] CXX expanded/structures/incremental/partition_readiness_row.o
[212/913] CXX expanded/structures/incremental/resident_body_dependency_row.o
[213/913] CXX expanded/structures/incremental/resident_daemon_dirty_source_projection_row.o
[214/913] CXX expanded/structures/incremental/resident_daemon_loop_policy_row.o
[215/913] CXX expanded/structures/incremental/resident_daemon_request_row.o
[216/913] CXX expanded/structures/incremental/resident_daemon_ipc_artifact.o
[217/913] CXX expanded/structures/incremental/resident_daemon_session_row.o
[218/913] CXX expanded/structures/incremental/resident_daemon_response_row.o
[219/913] CXX expanded/structures/incremental/resident_daemon_source_slot_event_row.o
[220/913] CXX expanded/structures/incremental/resident_daemon_source_slot_stat_row.o
[221/913] CXX expanded/structures/incremental/resident_daemon_source_slot_scan_row.o
[222/913] CXX expanded/structures/incremental/resident_dirty_bailout_row.o
[223/913] CXX expanded/structures/incremental/resident_dirty_limit_check_row.o
[224/913] CXX expanded/structures/incremental/resident_dependency_edge_snapshot_row.o
[225/913] CXX expanded/structures/incremental/resident_dirty_budget_row.o
[226/913] CXX expanded/structures/incremental/resident_dirty_processed_row.o
[227/913] CXX expanded/structures/incremental/resident_frontend_node_list_publish_row.o
[228/913] CXX expanded/structures/incremental/resident_function_body_change_row.o
[229/913] CXX expanded/structures/incremental/resident_function_body_incremental_acceptance_row.o
[230/913] CXX expanded/structures/incremental/resident_dirty_queue_row.o
[231/913] CXX expanded/structures/incremental/resident_function_body_logical_frontend_body_span_descriptor_row.o
[232/913] CXX expanded/structures/incremental/resident_function_body_local_parse_proof_row.o
[233/913] CXX expanded/structures/incremental/resident_frontend_node_list_snapshot_row.o
[234/913] CXX expanded/structures/incremental/resident_function_body_logical_frontend_reference_candidate_row.o
[235/913] CXX expanded/structures/incremental/resident_function_body_logical_frontend_view_row.o
[236/913] CXX expanded/structures/incremental/resident_function_body_mixed_frontend_assembly_proof_row.o
[237/913] CXX expanded/structures/incremental/resident_function_body_logical_frontend_consumer_descriptor_row.o
[238/913] CXX expanded/structures/incremental/resident_function_body_parse_slice_row.o
[239/913] CXX expanded/structures/incremental/resident_function_body_publish_repoint_preflight_row.o
[240/913] CXX expanded/structures/incremental/resident_function_body_row_list_publish_result_row.o
[241/913] CXX expanded/structures/incremental/resident_function_body_snapshot_row.o
[242/913] CXX expanded/structures/incremental/resident_function_body_stable_node_remap_proof_row.o
[243/913] CXX expanded/structures/incremental/resident_function_body_summary_project_reference_row.o
[244/913] CXX expanded/structures/incremental/resident_function_body_row_list_publish_plan_row.o
[245/913] CXX expanded/structures/incremental/resident_incremental_transaction_row.o
[246/913] CXX expanded/structures/incremental/resident_incremental_file_change_row.o
[247/913] CXX expanded/structures/incremental/resident_function_body_source_unit_repoint_proof_row.o
[248/913] CXX expanded/structures/incremental/resident_function_body_work_decision_row.o
[249/913] CXX expanded/structures/incremental/resident_project_snapshot_diff_row.o
[250/913] CXX expanded/structures/incremental/resident_project_snapshot_row.o
[251/913] CXX expanded/structures/incremental/resident_project_symbol_name_lookup_row.o
[252/913] CXX expanded/structures/incremental/resident_reverse_dependency_index_ref_row.o
[253/913] CXX expanded/structures/incremental/resident_public_surface_incremental_acceptance_row.o
[254/913] CXX expanded/structures/incremental/resident_reverse_dependency_index_row.o
[255/913] CXX expanded/structures/incremental/resident_recompute_target_row.o
[256/913] CXX expanded/structures/incremental/resident_source_unit_change_row.o
[257/913] CXX expanded/structures/incremental/resident_source_unit_early_skip_decision_row.o
[258/913] CXX expanded/structures/incremental/resident_source_unit_frontend_payload_adoption_row.o
[259/913] CXX expanded/structures/incremental/resident_source_unit_frontend_payload_arena_contract_row.o
[260/913] CXX expanded/structures/incremental/resident_reverse_dependency_lookup_row.o
[261/913] CXX expanded/structures/incremental/resident_source_unit_frontend_payload_table_row.o
[262/913] CXX expanded/structures/incremental/resident_source_unit_early_skip_artifact.o
[263/913] CXX expanded/structures/incremental/resident_source_unit_frontend_task_payload_segment_adoption_publication_row.o
[264/913] CXX expanded/structures/incremental/resident_source_unit_frontend_task_payload_segment_handle_reservation_row.o
[265/913] CXX expanded/structures/incremental/resident_source_unit_frontend_task_payload_segment_handle_request_row.o
[266/913] CXX expanded/structures/incremental/resident_source_unit_frontend_task_segment_handle_row.o
[267/913] CXX expanded/structures/incremental/resident_source_unit_frontend_task_payload_segment_materialization_row.o
[268/913] CXX expanded/structures/incremental/resident_source_unit_frontend_payload_transfer_contract_row.o
[269/913] CXX expanded/structures/incremental/resident_source_unit_frontend_state_row.o
[270/913] CXX expanded/structures/incremental/resident_source_unit_frontend_work_decision_row.o
[271/913] CXX expanded/structures/incremental/resident_symbol_definition_change_row.o
[272/913] CXX expanded/structures/incremental/resident_source_unit_snapshot_row.o
[273/913] CXX expanded/structures/incremental/resident_symbol_definition_snapshot_row.o
[274/913] CXX expanded/structures/incremental/resident_source_unit_symbol_state_row.o
[275/913] CXX expanded/structures/incremental/resident_token_list_snapshot_row.o
[276/913] CXX expanded/structures/incremental/resident_transaction_step_row.o
[277/913] CXX expanded/structures/incremental/scheduler_api_artifact.o
[278/913] CXX expanded/structures/incremental/resident_token_list_publish_row.o
[279/913] CXX expanded/structures/incremental/scheduler_task_row.o
[280/913] CXX expanded/structures/incremental/source_unit_frontend_dispatch_decision_row.o
[281/913] CXX expanded/structures/incremental/scheduler_session_row.o
[282/913] CXX expanded/structures/incremental/scheduler_worker_row.o
[283/913] CXX expanded/structures/incremental/source_unit_frontend_worker_payload_carrier_install_row.o
[284/913] CXX expanded/structures/incremental/source_unit_frontend_worker_payload_carrier_contract_row.o
[285/913] CXX expanded/structures/incremental/source_unit_frontend_worker_activation_gate_row.o
[286/913] CXX expanded/structures/incremental/source_unit_frontend_worker_payload_install_preflight_row.o
[287/913] CXX expanded/structures/incremental/source_unit_frontend_worker_payload_production_install_row.o
[288/913] CXX expanded/structures/incremental/source_unit_frontend_worker_payload_replacement_materializer_row.o
[289/913] CXX expanded/structures/incremental/source_unit_frontend_worker_payload_production_swap_row.o
[290/913] CXX expanded/structures/model/primitive_type_ref_spelling_descriptor_row.o
[291/913] CXX expanded/structures/model/type_arg_row.o
[292/913] CXX expanded/structures/model/type_ref_row.o
[293/913] CXX expanded/structures/model/primitive_type_ref_descriptor_row.o
[294/913] CXX expanded/structures/model/frontend_row_kind_descriptor.o
[295/913] CXX expanded/structures/operations/feature_operation_route_descriptor_row.o
[296/913] CXX expanded/structures/operations/operation_blocked_reason_route_row.o
[297/913] CXX expanded/structures/operations/operation_contract.o
[298/913] CXX expanded/structures/operations/operation_readiness.o
[299/913] CXX expanded/structures/operations/take_candidate_row.o
[300/913] CXX expanded/structures/model/type_ref_table.o
[301/913] CXX expanded/structures/pipeline/compiler_project_run_row.o
[302/913] CXX expanded/structures/pipeline/project_manifest.o
[303/913] CXX expanded/structures/pipeline/pipeline_config.o
[304/913] CXX expanded/structures/operations/take_candidate_table.o
[305/913] CXX expanded/structures/pipeline/project_manifest_source_row.o
[306/913] CXX expanded/structures/pipeline/pipeline_batch_config.o
[307/913] CXX expanded/structures/project/project_callable_contract_row.o
[308/913] CXX expanded/structures/project/project_dependency_graph.o
[309/913] CXX expanded/structures/project/project_dependency_graph_edge_row.o
[310/913] CXX expanded/structures/project/project_callable_contract_artifact.o
[311/913] CXX expanded/structures/project/project_dirty_fanout_row.o
[312/913] CXX expanded/structures/project/project_dependency_graph_node_row.o
[313/913] CXX expanded/structures/project/project_reference_actual_argument_row.o
[314/913] CXX expanded/structures/project/project_dirty_reuse_projection_row.o
[315/913] CXX expanded/structures/project/project_frontend_model.o
[316/913] CXX expanded/structures/project/project_reference_resolution.o
[317/913] CXX expanded/structures/project/project_symbol_index.o
[318/913] CXX expanded/structures/project/project_reference_resolution_row.o
[319/913] CXX expanded/structures/project/project_frontend_source_row.o
[320/913] CXX expanded/structures/project/project_symbol_function_import_row.o
[321/913] CXX expanded/structures/project/project_symbol_index_row.o
[322/913] CXX expanded/structures/project/project_symbol_parameter_row.o
[323/913] CXX expanded/structures/project/source_unit_table.o
[324/913] CXX expanded/structures/project/source_read_table.o
[325/913] CXX expanded/structures/project/source_unit_table_row.o
[326/913] CXX expanded/structures/support/artifact_write_record.o
[327/913] CXX expanded/structures/project/source_read_result_row.o
[328/913] CXX expanded/structures/project/source_read_descriptor_row.o
[329/913] CXX expanded/__callable/backend_module_composition_locations.o
[330/913] CXX expanded/__callable/llvm_text_from_plan_locations.o
[331/913] CXX expanded/structures/support/artifact_write_report_record.o
[332/913] CXX expanded/structures/support/row_list_publish_result.o
[333/913] CALLABLE_PART expanded_parts/__callable/prepare_outputs_group_0.o
[334/913] CALLABLE_PART expanded_parts/__callable/analysis_context_group_0.o
[335/913] CXX expanded/structures/pipeline/compiler_project_run_report.o
[336/913] CALLABLE_PART expanded_parts/__callable/analysis_context_group_1.o
[337/913] CALLABLE_PART expanded_parts/__callable/analysis_context_identity_group_0.o
[338/913] CALLABLE_PART expanded_parts/__callable/llvm_abi_declarations_group_0.o
[339/913] CALLABLE_PART expanded_parts/__callable/runtime_abi_bridge_group_1.o
[340/913] CALLABLE_PART expanded_parts/__callable/runtime_abi_bridge_group_2.o
[341/913] CALLABLE_PART expanded_parts/__callable/llvm_abi_call_lowering_group_0.o
[342/913] CALLABLE_PART expanded_parts/__callable/string_runtime_abi_group_1.o
[343/913] CALLABLE_PART expanded_parts/__callable/runtime_helper_effects_group_0.o
[344/913] CALLABLE_PART expanded_parts/__callable/backend_emission_adapter_routes_group_0.o
[345/913] CALLABLE_PART expanded_parts/__callable/runtime_abi_bridge_group_0.o
[346/913] CALLABLE_PART expanded_parts/__callable/string_runtime_abi_group_0.o
[347/913] CALLABLE_PART expanded_parts/__callable/backend_emission_decisions_group_0.o
[348/913] CALLABLE_PART expanded_parts/__callable/backend_emission_adapter_routes_group_1.o
[349/913] CALLABLE_PART expanded_parts/__callable/backend_emission_decisions_group_2.o
[350/913] CALLABLE_PART expanded_parts/__callable/backend_emission_adapter_routes_group_2.o
[351/913] CALLABLE_PART expanded_parts/__callable/backend_emission_decisions_group_1.o
[352/913] CALLABLE_PART expanded_parts/__callable/backend_emission_decisions_group_3.o
[353/913] CALLABLE_PART expanded_parts/__callable/backend_emission_decisions_group_6.o
[354/913] CALLABLE_PART expanded_parts/__callable/backend_emission_decisions_group_4.o
[355/913] CALLABLE_PART expanded_parts/__callable/backend_emission_decisions_group_5.o
[356/913] CALLABLE_PART expanded_parts/__callable/backend_loop_text_emission_group_0.o
[357/913] CALLABLE_PART expanded_parts/__callable/backend_module_composition_group_0.o
[358/913] CALLABLE_PART expanded_parts/__callable/backend_native_execution_adapter_group_1.o
[359/913] CALLABLE_PART expanded_parts/__callable/backend_object_link_cache_group_0.o
[360/913] CALLABLE_PART expanded_parts/__callable/backend_native_execution_adapter_group_0.o
[361/913] CALLABLE_PART expanded_parts/__callable/backend_object_link_cache_group_1.o
[362/913] CALLABLE_PART expanded_parts/__callable/backend_object_link_cache_group_3.o
[363/913] CALLABLE_PART expanded_parts/__callable/backend_object_link_cache_group_6.o
[364/913] CALLABLE_PART expanded_parts/__callable/backend_partition_readiness_group_0.o
[365/913] CALLABLE_PART expanded_parts/__callable/backend_object_link_cache_group_2.o
[366/913] CALLABLE_PART expanded_parts/__callable/backend_object_link_cache_group_4.o
[367/913] CALLABLE_PART expanded_parts/__callable/backend_preflight_requests_group_0.o
[368/913] CALLABLE_PART expanded_parts/__callable/backend_partition_readiness_group_1.o
[369/913] CALLABLE_PART expanded_parts/__callable/backend_partition_readiness_group_2.o
[370/913] CALLABLE_PART expanded_parts/__callable/backend_object_link_cache_group_5.o
[371/913] CALLABLE_PART expanded_parts/__callable/backend_preflight_requests_group_2.o
[372/913] CALLABLE_PART expanded_parts/__callable/backend_preflight_requests_group_1.o
[373/913] CALLABLE_PART expanded_parts/__callable/backend_preflight_requests_group_3.o
[374/913] CALLABLE_PART expanded_parts/__callable/backend_preflight_requests_group_5.o
[375/913] CALLABLE_PART expanded_parts/__callable/backend_preflight_requests_group_7.o
[376/913] CALLABLE_PART expanded_parts/__callable/backend_preflight_requests_group_4.o
[377/913] CALLABLE_PART expanded_parts/__callable/backend_preflight_requests_group_8.o
[378/913] CALLABLE_PART expanded_parts/__callable/backend_preflight_requests_group_9.o
[379/913] CALLABLE_PART expanded_parts/__callable/backend_preflight_requests_group_6.o
[380/913] CALLABLE_PART expanded_parts/__callable/backend_preflight_requests_group_11.o
[381/913] CALLABLE_PART expanded_parts/__callable/backend_preflight_requests_group_10.o
[382/913] CALLABLE_PART expanded_parts/__callable/backend_preflight_requests_group_14.o
[383/913] CALLABLE_PART expanded_parts/__callable/backend_preflight_requests_group_13.o
[384/913] CALLABLE_PART expanded_parts/__callable/backend_preflight_requests_group_15.o
[385/913] CALLABLE_PART expanded_parts/__callable/backend_preflight_requests_group_16.o
[386/913] CALLABLE_PART expanded_parts/__callable/backend_preflight_requests_group_12.o
[387/913] CALLABLE_PART expanded_parts/__callable/backend_preflight_requests_group_17.o
[388/913] CALLABLE_PART expanded_parts/__callable/compiler_entry_backend_group_2.o
[389/913] CALLABLE_PART expanded_parts/__callable/llvm_api_sink_preflight_group_0.o
[390/913] CALLABLE_PART expanded_parts/__callable/llvm_api_sink_preflight_group_1.o
[391/913] CALLABLE_PART expanded_parts/__callable/llvm_api_toolchain_probe_group_0.o
[392/913] CALLABLE_PART expanded_parts/__callable/compiler_entry_backend_group_0.o
[393/913] CALLABLE_PART expanded_parts/__callable/llvm_api_sink_preflight_group_2.o
[394/913] CALLABLE_PART expanded_parts/__callable/llvm_api_sink_preflight_group_3.o
[395/913] CALLABLE_PART expanded_parts/__callable/llvm_api_toolchain_probe_group_2.o
[396/913] CALLABLE_PART expanded_parts/__callable/llvm_text_from_plan_group_0.o
[397/913] CALLABLE_PART expanded_parts/__callable/llvm_api_toolchain_probe_group_1.o
[398/913] CALLABLE_PART expanded_parts/__callable/compiler_entry_backend_group_1.o
[399/913] CALLABLE_PART expanded_parts/__callable/llvm_text_from_plan_group_1.o
[400/913] CALLABLE_PART expanded_parts/__callable/llvm_text_from_plan_group_5.o
[401/913] CALLABLE_PART expanded_parts/__callable/llvm_text_from_plan_group_4.o
[402/913] CALLABLE_PART expanded_parts/__callable/llvm_text_from_plan_group_2.o
[403/913] CALLABLE_PART expanded_parts/__callable/llvm_text_from_plan_group_7.o
[404/913] CALLABLE_PART expanded_parts/__callable/llvm_text_from_plan_group_6.o
[405/913] CALLABLE_PART expanded_parts/__callable/llvm_text_from_plan_group_3.o
[406/913] CALLABLE_PART expanded_parts/__callable/llvm_text_from_plan_group_9.o
[407/913] CALLABLE_PART expanded_parts/__callable/llvm_text_from_plan_group_10.o
[408/913] CALLABLE_PART expanded_parts/__callable/llvm_text_from_plan_group_11.o
[409/913] CALLABLE_PART expanded_parts/__callable/llvm_text_from_plan_group_12.o
[410/913] CALLABLE_PART expanded_parts/__callable/llvm_text_from_plan_group_13.o
[411/913] CALLABLE_PART expanded_parts/__callable/llvm_text_from_plan_group_8.o
[412/913] CALLABLE_PART expanded_parts/__callable/llvm_text_from_plan_group_16.o
[413/913] CALLABLE_PART expanded_parts/__callable/llvm_text_from_plan_group_15.o
[414/913] CALLABLE_PART expanded_parts/__callable/llvm_text_from_plan_group_14.o
[415/913] CALLABLE_PART expanded_parts/__callable/llvm_text_from_plan_group_17.o
[416/913] CALLABLE_PART expanded_parts/__callable/llvm_text_from_plan_group_18.o
[417/913] CALLABLE_PART expanded_parts/__callable/llvm_text_from_plan_group_19.o
[418/913] CALLABLE_PART expanded_parts/__callable/llvm_text_from_plan_group_22.o
[419/913] CALLABLE_PART expanded_parts/__callable/llvm_text_from_plan_group_21.o
[420/913] CALLABLE_PART expanded_parts/__callable/llvm_text_from_plan_group_20.o
[421/913] CALLABLE_PART expanded_parts/__callable/local_body_lowering_group_0.o
[422/913] CALLABLE_PART expanded_parts/__callable/llvm_text_from_plan_group_24.o
[423/913] CALLABLE_PART expanded_parts/__callable/local_body_lowering_group_1.o
[424/913] CALLABLE_PART expanded_parts/__callable/local_body_lowering_group_2.o
[425/913] CALLABLE_PART expanded_parts/__callable/local_body_lowering_routes_group_1.o
[426/913] CALLABLE_PART expanded_parts/__callable/llvm_text_from_plan_group_23.o
[427/913] CALLABLE_PART expanded_parts/__callable/local_body_lowering_routes_group_0.o
[428/913] CALLABLE_PART expanded_parts/__callable/lowering_plan_group_0.o
[429/913] CALLABLE_PART expanded_parts/__callable/lowering_plan_group_1.o
[430/913] CALLABLE_PART expanded_parts/__callable/lowering_plan_group_3.o
[431/913] CALLABLE_PART expanded_parts/__callable/lowering_plan_group_4.o
[432/913] CALLABLE_PART expanded_parts/__callable/lowering_plan_group_6.o
[433/913] CALLABLE_PART expanded_parts/__callable/lowering_plan_group_2.o
[434/913] CALLABLE_PART expanded_parts/__callable/lowering_plan_group_5.o
[435/913] CALLABLE_PART expanded_parts/__callable/primitive_abi_adapter_matrix_group_0.o
[436/913] CALLABLE_PART expanded_parts/__callable/primitive_abi_adapter_matrix_group_2.o
[437/913] CALLABLE_PART expanded_parts/__callable/primitive_abi_adapter_matrix_group_3.o
[438/913] CALLABLE_PART expanded_parts/__callable/primitive_abi_adapter_matrix_group_1.o
[439/913] CALLABLE_PART expanded_parts/__callable/primitive_abi_adapter_matrix_group_4.o
[440/913] CALLABLE_PART expanded_parts/__callable/lowering_plan_group_7.o
[441/913] CALLABLE_PART expanded_parts/__callable/scalar_body_backend_collection_group_0.o
[442/913] CALLABLE_PART expanded_parts/__callable/scalar_body_statement_collection_group_0.o
[443/913] CALLABLE_PART expanded_parts/__callable/runtime_helper_contract_readiness_group_2.o
[444/913] CALLABLE_PART expanded_parts/__callable/scalar_body_statement_collection_group_1.o
[445/913] CALLABLE_PART expanded_parts/__callable/capability_consumer_plans_group_0.o
[446/913] CALLABLE_PART expanded_parts/__callable/scalar_loop_backend_requests_group_0.o
[447/913] CALLABLE_PART expanded_parts/__callable/storage_lifetime_readiness_group_1.o
[448/913] CALLABLE_PART expanded_parts/__callable/runtime_helper_contract_readiness_group_1.o
[449/913] CALLABLE_PART expanded_parts/__callable/storage_lifetime_readiness_group_0.o
[450/913] CALLABLE_PART expanded_parts/__callable/storage_lifetime_readiness_group_3.o
[451/913] CALLABLE_PART expanded_parts/__callable/storage_lifetime_readiness_group_2.o
[452/913] CALLABLE_PART expanded_parts/__callable/runtime_helper_contract_readiness_group_0.o
[453/913] CALLABLE_PART expanded_parts/__callable/storage_lifetime_readiness_group_4.o
[454/913] CALLABLE_PART expanded_parts/__callable/storage_lifetime_readiness_group_5.o
[455/913] CALLABLE_PART expanded_parts/__callable/type_capability_readiness_group_0.o
[456/913] CALLABLE_PART expanded_parts/__callable/storage_lifetime_readiness_group_7.o
[457/913] CALLABLE_PART expanded_parts/__callable/storage_lifetime_readiness_group_6.o
[458/913] CALLABLE_PART expanded_parts/__callable/type_capability_readiness_group_2.o
[459/913] CALLABLE_PART expanded_parts/__callable/type_capability_readiness_group_3.o
[460/913] CALLABLE_PART expanded_parts/__callable/type_capability_readiness_group_1.o
[461/913] CALLABLE_PART expanded_parts/__callable/type_capability_readiness_group_4.o
[462/913] CALLABLE_PART expanded_parts/__callable/type_capability_readiness_group_7.o
[463/913] CALLABLE_PART expanded_parts/__callable/type_capability_readiness_group_6.o
[464/913] CALLABLE_PART expanded_parts/__callable/type_capability_readiness_group_5.o
[465/913] CALLABLE_PART expanded_parts/__callable/type_capability_readiness_group_8.o
[466/913] CALLABLE_PART expanded_parts/__callable/type_capability_readiness_group_9.o
[467/913] CALLABLE_PART expanded_parts/__callable/type_capability_readiness_group_10.o
[468/913] CALLABLE_PART expanded_parts/__callable/type_capability_readiness_group_11.o
[469/913] CALLABLE_PART expanded_parts/__callable/type_capability_readiness_group_15.o
[470/913] CALLABLE_PART expanded_parts/__callable/type_capability_readiness_group_14.o
[471/913] CALLABLE_PART expanded_parts/__callable/type_capability_readiness_group_13.o
[472/913] CALLABLE_PART expanded_parts/__callable/type_capability_readiness_group_12.o
[473/913] CALLABLE_PART expanded_parts/__callable/type_capability_readiness_group_16.o
[474/913] CALLABLE_PART expanded_parts/__callable/type_capability_readiness_group_17.o
[475/913] CALLABLE_PART expanded_parts/__callable/type_capability_readiness_group_22.o
[476/913] CALLABLE_PART expanded_parts/__callable/type_capability_readiness_group_21.o
[477/913] CALLABLE_PART expanded_parts/__callable/type_capability_readiness_group_20.o
[478/913] CALLABLE_PART expanded_parts/__callable/type_capability_readiness_group_18.o
[479/913] CALLABLE_PART expanded_parts/__callable/type_capability_readiness_group_23.o
[480/913] CALLABLE_PART expanded_parts/__callable/type_capability_readiness_group_19.o
[481/913] CALLABLE_PART expanded_parts/__callable/type_traits_group_1.o
[482/913] CALLABLE_PART expanded_parts/__callable/type_traits_group_0.o
[483/913] CALLABLE_PART expanded_parts/__callable/type_traits_group_3.o
[484/913] CALLABLE_PART expanded_parts/__callable/type_traits_group_2.o
[485/913] CALLABLE_PART expanded_parts/__callable/type_traits_group_4.o
[486/913] CALLABLE_PART expanded_parts/__callable/type_traits_group_5.o
[487/913] CALLABLE_PART expanded_parts/__callable/control_flow_dataflows_group_0.o
[488/913] CALLABLE_PART expanded_parts/__callable/type_traits_group_6.o
[489/913] CALLABLE_PART expanded_parts/__callable/control_flow_dataflows_group_2.o
[490/913] CALLABLE_PART expanded_parts/__callable/control_flow_dataflows_group_1.o
[491/913] CALLABLE_PART expanded_parts/__callable/control_flow_dataflows_group_4.o
[492/913] CALLABLE_PART expanded_parts/__callable/control_flow_dataflows_group_3.o
[493/913] CALLABLE_PART expanded_parts/__callable/control_flow_graphs_group_1.o
[494/913] CALLABLE_PART expanded_parts/__callable/control_flow_graphs_group_0.o
[495/913] CALLABLE_PART expanded_parts/__callable/control_flow_graphs_group_3.o
[496/913] CALLABLE_PART expanded_parts/__callable/control_flow_transfers_group_0.o
[497/913] CALLABLE_PART expanded_parts/__callable/control_flow_graphs_group_2.o
[498/913] CALLABLE_PART expanded_parts/__callable/frontend_model_builder_group_0.o
[499/913] CALLABLE_PART expanded_parts/__callable/control_flow_transfers_group_1.o
[500/913] CALLABLE_PART expanded_parts/__callable/frontend_model_builder_group_1.o
[501/913] CALLABLE_PART expanded_parts/__callable/frontend_model_builder_group_2.o
[502/913] CALLABLE_PART expanded_parts/__callable/frontend_model_builder_group_4.o
[503/913] CALLABLE_PART expanded_parts/__callable/frontend_model_builder_group_3.o
[504/913] CALLABLE_PART expanded_parts/__callable/frontend_model_builder_group_5.o
[505/913] CALLABLE_PART expanded_parts/__callable/frontend_model_builder_group_6.o
[506/913] CALLABLE_PART expanded_parts/__callable/frontend_model_builder_group_7.o
[507/913] CALLABLE_PART expanded_parts/__callable/frontend_model_builder_group_8.o
[508/913] CALLABLE_PART expanded_parts/__callable/frontend_model_builder_group_9.o
[509/913] CALLABLE_PART expanded_parts/__callable/frontend_model_builder_group_11.o
[510/913] CALLABLE_PART expanded_parts/__callable/frontend_model_builder_group_12.o
[511/913] CALLABLE_PART expanded_parts/__callable/frontend_model_builder_group_16.o
[512/913] CALLABLE_PART expanded_parts/__callable/frontend_model_builder_group_10.o
[513/913] CALLABLE_PART expanded_parts/__callable/frontend_model_builder_group_13.o
[514/913] CALLABLE_PART expanded_parts/__callable/frontend_model_builder_group_15.o
[515/913] CALLABLE_PART expanded_parts/__callable/frontend_model_builder_group_14.o
[516/913] CALLABLE_PART expanded_parts/__callable/frontend_model_builder_group_18.o
[517/913] CALLABLE_PART expanded_parts/__callable/frontend_model_builder_group_17.o
[518/913] CALLABLE_PART expanded_parts/__callable/parser_cursor_group_0.o
[519/913] CALLABLE_PART expanded_parts/__callable/frontend_model_builder_group_19.o
[520/913] CALLABLE_PART expanded_parts/__callable/parser_diagnostics_group_0.o
[521/913] CALLABLE_PART expanded_parts/__callable/parser_diagnostics_group_1.o
[522/913] CALLABLE_PART expanded_parts/__callable/phs_tokenizer_group_0.o
[523/913] CALLABLE_PART expanded_parts/__callable/phs_tokenizer_group_2.o
[524/913] CALLABLE_PART expanded_parts/__callable/token_kinds_group_0.o
[525/913] CALLABLE_PART expanded_parts/__callable/parser_state_group_1.o
[526/913] CALLABLE_PART expanded_parts/__callable/parser_state_group_0.o
[527/913] CALLABLE_PART expanded_parts/__callable/phs_tokenizer_group_1.o
[528/913] CALLABLE_PART expanded_parts/__callable/deterministic_work_ordering_group_1.o
[529/913] CALLABLE_PART expanded_parts/__callable/mt_stage_evaluation_group_0.o
[530/913] CALLABLE_PART expanded_parts/__callable/deterministic_work_ordering_group_0.o
[531/913] CALLABLE_PART expanded_parts/__callable/mt_stage_evaluation_group_3.o
[532/913] CALLABLE_PART expanded_parts/__callable/partition_merge_reductions_group_1.o
[533/913] CALLABLE_PART expanded_parts/__callable/partition_merge_reductions_group_2.o
[534/913] CALLABLE_PART expanded_parts/__callable/mt_stage_evaluation_group_1.o
[535/913] CALLABLE_PART expanded_parts/__callable/partition_readiness_group_0.o
[536/913] CALLABLE_PART expanded_parts/__callable/mt_stage_evaluation_group_2.o
[537/913] CALLABLE_PART expanded_parts/__callable/partition_merge_reductions_group_3.o
[538/913] CALLABLE_PART expanded_parts/__callable/partition_merge_reductions_group_0.o
[539/913] CALLABLE_PART expanded_parts/__callable/mt_stage_evaluation_group_4.o
[540/913] CALLABLE_PART expanded_parts/__callable/partition_readiness_group_2.o
[541/913] CALLABLE_PART expanded_parts/__callable/partition_readiness_group_1.o
[542/913] CALLABLE_PART expanded_parts/__callable/partition_readiness_group_3.o
[543/913] CALLABLE_PART expanded_parts/__callable/partition_readiness_group_5.o
[544/913] CALLABLE_PART expanded_parts/__callable/partition_readiness_group_4.o
[545/913] CALLABLE_PART expanded_parts/__callable/resident_change_events_group_0.o
[546/913] CALLABLE_PART expanded_parts/__callable/resident_change_events_group_1.o
[547/913] CALLABLE_PART expanded_parts/__callable/resident_body_dependencies_group_0.o
[548/913] CALLABLE_PART expanded_parts/__callable/resident_daemon_file_ipc_group_1.o
[549/913] CALLABLE_PART expanded_parts/__callable/resident_daemon_file_ipc_group_0.o
[550/913] CALLABLE_PART expanded_parts/__callable/resident_change_events_group_2.o
[551/913] CALLABLE_PART expanded_parts/__callable/resident_daemon_file_ipc_group_3.o
[552/913] CALLABLE_PART expanded_parts/__callable/resident_daemon_file_ipc_group_4.o
[553/913] CALLABLE_PART expanded_parts/__callable/resident_daemon_file_ipc_group_2.o
[554/913] CALLABLE_PART expanded_parts/__callable/resident_daemon_file_ipc_group_5.o
[555/913] CALLABLE_PART expanded_parts/__callable/resident_daemon_file_ipc_group_11.o
[556/913] CALLABLE_PART expanded_parts/__callable/resident_daemon_file_ipc_group_10.o
[557/913] CALLABLE_PART expanded_parts/__callable/resident_daemon_file_ipc_group_6.o
[558/913] CALLABLE_PART expanded_parts/__callable/resident_daemon_file_ipc_group_9.o
[559/913] CALLABLE_PART expanded_parts/__callable/resident_daemon_file_ipc_group_7.o
[560/913] CALLABLE_PART expanded_parts/__callable/resident_daemon_file_ipc_group_8.o
[561/913] CALLABLE_PART expanded_parts/__callable/resident_definition_granularity_group_0.o
[562/913] CALLABLE_PART expanded_parts/__callable/resident_daemon_incremental_proof_group_0.o
[563/913] CALLABLE_PART expanded_parts/__callable/resident_definition_granularity_group_1.o
[564/913] CALLABLE_PART expanded_parts/__callable/resident_definition_granularity_group_4.o
[565/913] CALLABLE_PART expanded_parts/__callable/resident_definition_granularity_group_2.o
[566/913] CALLABLE_PART expanded_parts/__callable/resident_definition_granularity_group_5.o
[567/913] CALLABLE_PART expanded_parts/__callable/resident_definition_granularity_group_3.o
[568/913] CALLABLE_PART expanded_parts/__callable/resident_dependency_edges_group_0.o
[569/913] CALLABLE_PART expanded_parts/__callable/resident_dirty_propagation_group_1.o
[570/913] CALLABLE_PART expanded_parts/__callable/resident_dirty_propagation_group_0.o
[571/913] CALLABLE_PART expanded_parts/__callable/resident_definition_granularity_group_6.o
[572/913] CALLABLE_PART expanded_parts/__callable/resident_dirty_propagation_group_2.o
[573/913] CALLABLE_PART expanded_parts/__callable/resident_dirty_propagation_group_3.o
[574/913] CALLABLE_PART expanded_parts/__callable/resident_dirty_propagation_group_4.o
[575/913] CALLABLE_PART expanded_parts/__callable/resident_dirty_propagation_group_6.o
[576/913] CALLABLE_PART expanded_parts/__callable/resident_dirty_propagation_group_5.o
[577/913] CALLABLE_PART expanded_parts/__callable/resident_function_body_incremental_acceptance_group_0.o
[578/913] CALLABLE_PART expanded_parts/__callable/resident_function_body_incremental_acceptance_group_3.o
[579/913] CALLABLE_PART expanded_parts/__callable/resident_function_body_incremental_acceptance_group_2.o
[580/913] CALLABLE_PART expanded_parts/__callable/resident_frontend_node_lists_group_0.o
[581/913] CALLABLE_PART expanded_parts/__callable/resident_function_body_local_parse_proofs_group_0.o
[582/913] CALLABLE_PART expanded_parts/__callable/resident_function_body_incremental_acceptance_group_1.o
[583/913] CALLABLE_PART expanded_parts/__callable/resident_frontend_node_lists_group_1.o
[584/913] CALLABLE_PART expanded_parts/__callable/resident_function_body_local_parse_proofs_group_1.o
[585/913] CALLABLE_PART expanded_parts/__callable/resident_function_body_logical_frontend_consumer_descriptors_group_0.o
[586/913] CALLABLE_PART expanded_parts/__callable/resident_function_body_logical_frontend_consumer_descriptors_group_1.o
[587/913] CALLABLE_PART expanded_parts/__callable/resident_function_body_logical_frontend_consumer_descriptors_group_3.o
[588/913] CALLABLE_PART expanded_parts/__callable/resident_function_body_logical_frontend_consumer_descriptors_group_2.o
[589/913] CALLABLE_PART expanded_parts/__callable/resident_function_body_logical_frontend_reference_candidates_group_0.o
[590/913] CALLABLE_PART expanded_parts/__callable/resident_function_body_logical_frontend_reference_candidates_group_1.o
[591/913] CALLABLE_PART expanded_parts/__callable/resident_function_body_mixed_frontend_assembly_proofs_group_1.o
[592/913] CALLABLE_PART expanded_parts/__callable/resident_function_body_mixed_frontend_assembly_proofs_group_2.o
[593/913] CALLABLE_PART expanded_parts/__callable/resident_function_body_logical_frontend_views_group_0.o
[594/913] CALLABLE_PART expanded_parts/__callable/resident_function_body_mixed_frontend_assembly_proofs_group_0.o
[595/913] CALLABLE_PART expanded_parts/__callable/resident_function_body_ownership_group_1.o
[596/913] CALLABLE_PART expanded_parts/__callable/resident_function_body_logical_frontend_views_group_1.o
[597/913] CALLABLE_PART expanded_parts/__callable/resident_function_body_ownership_group_0.o
[598/913] CALLABLE_PART expanded_parts/__callable/resident_function_body_ownership_group_4.o
[599/913] CALLABLE_PART expanded_parts/__callable/resident_function_body_ownership_group_2.o
[600/913] CALLABLE_PART expanded_parts/__callable/resident_function_body_parse_slices_group_0.o
[601/913] CALLABLE_PART expanded_parts/__callable/resident_function_body_ownership_group_3.o
[602/913] CALLABLE_PART expanded_parts/__callable/resident_function_body_publish_repoint_preflights_group_1.o
[603/913] CALLABLE_PART expanded_parts/__callable/resident_function_body_row_list_publish_plans_group_0.o
[604/913] CALLABLE_PART expanded_parts/__callable/resident_function_body_publish_repoint_preflights_group_0.o
[605/913] CALLABLE_PART expanded_parts/__callable/resident_function_body_parse_slices_group_1.o
[606/913] CALLABLE_PART expanded_parts/__callable/resident_function_body_row_list_publish_plans_group_2.o
[607/913] CALLABLE_PART expanded_parts/__callable/resident_function_body_row_list_publish_results_group_0.o
[608/913] CALLABLE_PART expanded_parts/__callable/resident_function_body_row_list_publish_results_group_2.o
[609/913] CALLABLE_PART expanded_parts/__callable/resident_function_body_row_list_publish_plans_group_1.o
[610/913] CALLABLE_PART expanded_parts/__callable/resident_function_body_source_unit_repoint_proofs_group_0.o
[611/913] CALLABLE_PART expanded_parts/__callable/resident_function_body_row_list_publish_results_group_1.o
[612/913] CALLABLE_PART expanded_parts/__callable/resident_function_body_source_unit_repoint_proofs_group_1.o
[613/913] CALLABLE_PART expanded_parts/__callable/resident_function_body_stable_node_remap_proofs_group_0.o
[614/913] CALLABLE_PART expanded_parts/__callable/resident_function_body_stable_node_remap_proofs_group_1.o
[615/913] CALLABLE_PART expanded_parts/__callable/resident_function_body_work_decisions_group_0.o
[616/913] CALLABLE_PART expanded_parts/__callable/resident_function_body_summary_project_references_group_1.o
[617/913] CALLABLE_PART expanded_parts/__callable/resident_function_body_summary_project_references_group_0.o
[618/913] CALLABLE_PART expanded_parts/__callable/resident_function_body_work_decisions_group_1.o
[619/913] CALLABLE_PART expanded_parts/__callable/resident_project_symbol_name_lookups_group_0.o
[620/913] CALLABLE_PART expanded_parts/__callable/resident_function_body_work_decisions_group_2.o
[621/913] CALLABLE_PART expanded_parts/__callable/resident_public_surface_incremental_acceptance_group_0.o
[622/913] CALLABLE_PART expanded_parts/__callable/resident_public_surface_incremental_acceptance_group_1.o
[623/913] CALLABLE_PART expanded_parts/__callable/resident_function_body_work_decisions_group_3.o
[624/913] CALLABLE_PART expanded_parts/__callable/resident_project_symbol_name_lookups_group_1.o
[625/913] CALLABLE_PART expanded_parts/__callable/resident_public_surface_incremental_acceptance_group_3.o
[626/913] CALLABLE_PART expanded_parts/__callable/resident_recompute_targets_group_1.o
[627/913] CALLABLE_PART expanded_parts/__callable/resident_public_surface_incremental_acceptance_group_2.o
[628/913] CALLABLE_PART expanded_parts/__callable/resident_recompute_targets_group_0.o
[629/913] CALLABLE_PART expanded_parts/__callable/resident_reverse_dependencies_group_0.o
[630/913] CALLABLE_PART expanded_parts/__callable/resident_recompute_targets_group_2.o
[631/913] CALLABLE_PART expanded_parts/__callable/resident_reverse_dependencies_group_1.o
[632/913] CALLABLE_PART expanded_parts/__callable/resident_reverse_dependency_indexes_group_0.o
[633/913] CALLABLE_PART expanded_parts/__callable/resident_reverse_dependency_indexes_group_1.o
[634/913] CALLABLE_PART expanded_parts/__callable/resident_source_unit_frontend_payload_tables_group_0.o
[635/913] CALLABLE_PART expanded_parts/__callable/resident_source_unit_frontend_payload_tables_group_1.o
[636/913] CALLABLE_PART expanded_parts/__callable/resident_source_unit_frontend_payload_tables_group_2.o
[637/913] CALLABLE_PART expanded_parts/__callable/resident_source_unit_frontend_payload_tables_group_3.o
[638/913] CALLABLE_PART expanded_parts/__callable/resident_source_unit_frontend_payload_tables_group_4.o
[639/913] CALLABLE_PART expanded_parts/__callable/resident_source_unit_frontend_payload_tables_group_5.o
[640/913] CALLABLE_PART expanded_parts/__callable/resident_source_unit_frontend_payload_tables_group_6.o
[641/913] CALLABLE_PART expanded_parts/__callable/resident_source_unit_frontend_payload_tables_group_11.o
[642/913] CALLABLE_PART expanded_parts/__callable/resident_source_unit_frontend_payload_tables_group_10.o
[643/913] CALLABLE_PART expanded_parts/__callable/resident_source_unit_frontend_payload_tables_group_9.o
[644/913] CALLABLE_PART expanded_parts/__callable/resident_source_unit_frontend_payload_tables_group_7.o
[645/913] CALLABLE_PART expanded_parts/__callable/resident_source_unit_frontend_payload_tables_group_8.o
[646/913] CALLABLE_PART expanded_parts/__callable/resident_source_unit_frontend_payload_tables_group_13.o
[647/913] CALLABLE_PART expanded_parts/__callable/resident_source_unit_frontend_payload_tables_group_12.o
[648/913] CALLABLE_PART expanded_parts/__callable/resident_source_unit_frontend_payload_tables_group_14.o
[649/913] CALLABLE_PART expanded_parts/__callable/resident_source_unit_frontend_payload_tables_group_16.o
[650/913] CALLABLE_PART expanded_parts/__callable/resident_source_unit_frontend_payload_tables_group_17.o
[651/913] CALLABLE_PART expanded_parts/__callable/resident_source_unit_frontend_payload_tables_group_15.o
[652/913] CALLABLE_PART expanded_parts/__callable/resident_source_unit_frontend_payload_tables_group_20.o
[653/913] CALLABLE_PART expanded_parts/__callable/resident_source_unit_frontend_payload_tables_group_19.o
[654/913] CALLABLE_PART expanded_parts/__callable/resident_source_unit_frontend_payload_tables_group_21.o
[655/913] CALLABLE_PART expanded_parts/__callable/resident_source_unit_frontend_payload_tables_group_23.o
[656/913] CALLABLE_PART expanded_parts/__callable/resident_source_unit_frontend_payload_tables_group_18.o
[657/913] CALLABLE_PART expanded_parts/__callable/resident_source_unit_frontend_payload_tables_group_24.o
[658/913] CALLABLE_PART expanded_parts/__callable/resident_source_unit_frontend_payload_tables_group_22.o
[659/913] CALLABLE_PART expanded_parts/__callable/resident_source_unit_frontend_payload_tables_group_28.o
[660/913] CALLABLE_PART expanded_parts/__callable/resident_source_unit_frontend_payload_tables_group_27.o
[661/913] CALLABLE_PART expanded_parts/__callable/resident_source_unit_frontend_payload_tables_group_26.o
[662/913] CALLABLE_PART expanded_parts/__callable/resident_source_unit_frontend_payload_tables_group_25.o
[663/913] CALLABLE_PART expanded_parts/__callable/resident_source_unit_frontend_payload_tables_group_29.o
[664/913] CALLABLE_PART expanded_parts/__callable/resident_source_unit_frontend_payload_tables_group_31.o
[665/913] CALLABLE_PART expanded_parts/__callable/resident_source_unit_frontend_states_group_0.o
[666/913] CALLABLE_PART expanded_parts/__callable/resident_source_unit_symbol_states_group_0.o
[667/913] CALLABLE_PART expanded_parts/__callable/resident_source_unit_frontend_states_group_3.o
[668/913] CALLABLE_PART expanded_parts/__callable/resident_source_unit_frontend_states_group_1.o
[669/913] CALLABLE_PART expanded_parts/__callable/resident_source_unit_symbol_states_group_1.o
[670/913] CALLABLE_PART expanded_parts/__callable/resident_source_unit_frontend_states_group_2.o
[671/913] CALLABLE_PART expanded_parts/__callable/resident_source_unit_frontend_payload_tables_group_30.o
[672/913] CALLABLE_PART expanded_parts/__callable/resident_source_unit_symbol_states_group_2.o
[673/913] CALLABLE_PART expanded_parts/__callable/resident_source_unit_symbol_states_group_3.o
[674/913] CALLABLE_PART expanded_parts/__callable/resident_source_unit_symbol_states_group_4.o
[675/913] CALLABLE_PART expanded_parts/__callable/resident_token_lists_group_0.o
[676/913] CALLABLE_PART expanded_parts/__callable/resident_transactions_group_0.o
[677/913] CALLABLE_PART expanded_parts/__callable/resident_transactions_group_2.o
[678/913] CALLABLE_PART expanded_parts/__callable/resident_transactions_group_1.o
[679/913] CALLABLE_PART expanded_parts/__callable/resident_token_lists_group_1.o
[680/913] CALLABLE_PART expanded_parts/__callable/scheduler_api_group_1.o
[681/913] CALLABLE_PART expanded_parts/__callable/scheduler_api_group_3.o
[682/913] CALLABLE_PART expanded_parts/__callable/scheduler_api_group_0.o
[683/913] CALLABLE_PART expanded_parts/__callable/source_unit_early_skip_group_0.o
[684/913] CALLABLE_PART expanded_parts/__callable/source_unit_early_skip_group_1.o
[685/913] CALLABLE_PART expanded_parts/__callable/scheduler_api_group_4.o
[686/913] CALLABLE_PART expanded_parts/__callable/source_unit_early_skip_group_2.o
[687/913] CALLABLE_PART expanded_parts/__callable/scheduler_api_group_2.o
[688/913] CALLABLE_PART expanded_parts/__callable/source_unit_frontend_scheduler_group_2.o
[689/913] CALLABLE_PART expanded_parts/__callable/source_unit_frontend_scheduler_group_3.o
[690/913] CALLABLE_PART expanded_parts/__callable/source_unit_frontend_scheduler_group_1.o
[691/913] CALLABLE_PART expanded_parts/__callable/source_unit_early_skip_group_3.o
[692/913] CALLABLE_PART expanded_parts/__callable/source_unit_frontend_work_decisions_group_0.o
[693/913] CALLABLE_PART expanded_parts/__callable/source_unit_frontend_work_decisions_group_2.o
[694/913] CALLABLE_PART expanded_parts/__callable/source_unit_frontend_work_decisions_group_1.o
[695/913] CALLABLE_PART expanded_parts/__callable/dependency_graph_identity_group_0.o
[696/913] CALLABLE_PART expanded_parts/__callable/source_unit_frontend_scheduler_group_0.o
[697/913] CALLABLE_PART expanded_parts/__callable/frontend_body_summaries_group_1.o
[698/913] CALLABLE_PART expanded_parts/__callable/callable_contract_identity_group_0.o
[699/913] CALLABLE_PART expanded_parts/__callable/frontend_body_summaries_group_0.o
[700/913] CALLABLE_PART expanded_parts/__callable/frontend_body_summaries_group_2.o
[701/913] CALLABLE_PART expanded_parts/__callable/project_callable_contracts_group_0.o
[702/913] CALLABLE_PART expanded_parts/__callable/frontend_body_summaries_group_4.o
[703/913] CALLABLE_PART expanded_parts/__callable/frontend_body_summaries_group_3.o
[704/913] CALLABLE_PART expanded_parts/__callable/project_callable_contracts_group_3.o
[705/913] CALLABLE_PART expanded_parts/__callable/project_callable_contracts_group_1.o
[706/913] CALLABLE_PART expanded_parts/__callable/project_callable_contracts_group_2.o
[707/913] CALLABLE_PART expanded_parts/__callable/project_dependency_graph_group_0.o
[708/913] CALLABLE_PART expanded_parts/__callable/project_dependency_graph_group_2.o
[709/913] CALLABLE_PART expanded_parts/__callable/project_dependency_graph_group_1.o
[710/913] CALLABLE_PART expanded_parts/__callable/project_reference_resolution_group_1.o
[711/913] CALLABLE_PART expanded_parts/__callable/project_dependency_graph_group_5.o
[712/913] CALLABLE_PART expanded_parts/__callable/project_reference_resolution_group_2.o
[713/913] CALLABLE_PART expanded_parts/__callable/project_reference_resolution_group_0.o
[714/913] CALLABLE_PART expanded_parts/__callable/project_dependency_graph_group_3.o
[715/913] CALLABLE_PART expanded_parts/__callable/project_reference_resolution_group_4.o
[716/913] CALLABLE_PART expanded_parts/__callable/project_reference_resolution_group_3.o
[717/913] CALLABLE_PART expanded_parts/__callable/project_reference_resolution_group_5.o
[718/913] CALLABLE_PART expanded_parts/__callable/project_dependency_graph_group_4.o
[719/913] CALLABLE_PART expanded_parts/__callable/project_reference_resolution_group_6.o
[720/913] CALLABLE_PART expanded_parts/__callable/project_reference_resolution_group_7.o
[721/913] CALLABLE_PART expanded_parts/__callable/project_reference_resolution_group_8.o
[722/913] CALLABLE_PART expanded_parts/__callable/project_reference_resolution_group_9.o
[723/913] CALLABLE_PART expanded_parts/__callable/project_symbol_index_group_0.o
[724/913] CALLABLE_PART expanded_parts/__callable/project_symbol_index_group_5.o
[725/913] CALLABLE_PART expanded_parts/__callable/project_symbol_index_group_1.o
[726/913] CALLABLE_PART expanded_parts/__callable/project_symbol_identity_group_0.o
[727/913] CALLABLE_PART expanded_parts/__callable/project_symbol_index_group_3.o
[728/913] CALLABLE_PART expanded_parts/__callable/project_symbol_index_group_7.o
[729/913] CALLABLE_PART expanded_parts/__callable/project_symbol_index_group_2.o
[730/913] CALLABLE_PART expanded_parts/__callable/project_symbol_index_group_6.o
[731/913] CALLABLE_PART expanded_parts/__callable/project_symbol_index_group_8.o
[732/913] CALLABLE_PART expanded_parts/__callable/project_symbol_index_group_4.o
[733/913] CALLABLE_PART expanded_parts/__callable/reference_identity_group_0.o
[734/913] CALLABLE_PART expanded_parts/__callable/source_buffers_group_0.o
[735/913] CALLABLE_PART expanded_parts/__callable/source_identity_group_0.o
[736/913] CALLABLE_PART expanded_parts/__callable/source_identity_group_1.o
[737/913] CALLABLE_PART expanded_parts/__callable/source_units_group_2.o
[738/913] CALLABLE_PART expanded_parts/__callable/source_units_group_0.o
[739/913] CALLABLE_PART expanded_parts/__callable/source_units_group_1.o
[740/913] CALLABLE_PART expanded_parts/__callable/source_units_group_3.o
[741/913] CALLABLE_PART expanded_parts/__callable/source_units_group_5.o
[742/913] CALLABLE_PART expanded_parts/__callable/type_refs_group_0.o
[743/913] CALLABLE_PART expanded_parts/__callable/source_units_group_4.o
[744/913] CALLABLE_PART expanded_parts/__callable/type_ref_identity_group_0.o
[745/913] CALLABLE_PART expanded_parts/__callable/source_units_group_6.o
[746/913] CALLABLE_PART expanded_parts/__callable/source_units_group_8.o
[747/913] CALLABLE_PART expanded_parts/__callable/type_refs_group_1.o
[748/913] CALLABLE_PART expanded_parts/__callable/source_units_group_7.o
[749/913] CALLABLE_PART expanded_parts/__callable/type_refs_group_2.o
[750/913] CALLABLE_PART expanded_parts/__callable/type_refs_group_3.o
[751/913] CALLABLE_PART expanded_parts/__callable/type_refs_group_4.o
[752/913] CALLABLE_PART expanded_parts/__callable/type_refs_group_5.o
[753/913] CALLABLE_PART expanded_parts/__callable/operation_readiness_group_0.o
[754/913] CALLABLE_PART expanded_parts/__callable/operation_readiness_group_1.o
[755/913] CALLABLE_PART expanded_parts/__callable/type_refs_group_7.o
[756/913] CALLABLE_PART expanded_parts/__callable/type_refs_group_6.o
[757/913] CALLABLE_PART expanded_parts/__callable/operation_readiness_group_2.o
[758/913] CALLABLE_PART expanded_parts/__callable/type_refs_group_8.o
[759/913] CALLABLE_PART expanded_parts/__callable/operation_readiness_group_3.o
[760/913] CALLABLE_PART expanded_parts/__callable/operation_readiness_group_6.o
[761/913] CALLABLE_PART expanded_parts/__callable/operation_readiness_group_4.o
[762/913] CALLABLE_PART expanded_parts/__callable/operation_readiness_group_7.o
[763/913] CALLABLE_PART expanded_parts/__callable/operation_readiness_group_8.o
[764/913] CALLABLE_PART expanded_parts/__callable/operation_readiness_group_5.o
[765/913] CALLABLE_PART expanded_parts/__callable/compiler_pipeline_runner_group_0.o
[766/913] CALLABLE_PART expanded_parts/__callable/operation_readiness_group_9.o
[767/913] CALLABLE_PART expanded_parts/__callable/compiler_project_runner_group_0.o
[768/913] CALLABLE_PART expanded_parts/__callable/pipeline_config_helpers_group_1.o
[769/913] CALLABLE_PART expanded_parts/__callable/pipeline_config_helpers_group_0.o
[770/913] CALLABLE_PART expanded_parts/__callable/compiler_project_runner_group_2.o
[771/913] CALLABLE_PART expanded_parts/__callable/project_manifest_group_0.o
[772/913] CALLABLE_PART expanded_parts/__callable/semantic_body_capability_consumers_group_0.o
[773/913] CALLABLE_PART expanded_parts/__callable/artifact_writes_group_1.o
[774/913] CALLABLE_PART expanded_parts/__callable/compiler_project_runner_group_1.o
[775/913] CALLABLE_PART expanded_parts/__callable/project_manifest_group_1.o
[776/913] CALLABLE_PART expanded_parts/__callable/artifact_writes_group_2.o
[777/913] CALLABLE_PART expanded_parts/__callable/compiler_execution_artifacts_group_0.o
[778/913] CALLABLE_PART expanded_parts/__callable/artifact_writes_group_0.o
[779/913] CALLABLE_PART expanded_parts/__callable/compiler_export_artifacts_group_0.o
[780/913] CALLABLE_PART expanded_parts/__callable/compiler_profile_events_group_0.o
[781/913] CALLABLE_PART expanded_parts/__callable/compiler_profile_events_group_1.o
[782/913] CALLABLE_PART expanded_parts/__callable/debug_profile_gate_results_group_0.o
[783/913] CALLABLE_PART expanded_parts/__callable/compiler_profile_events_group_2.o
[784/913] CALLABLE_PART expanded_parts/__callable/mt_publication_metrics_group_0.o
[785/913] CALLABLE_PART expanded_parts/__callable/output_paths_group_0.o
[786/913] CALLABLE_PART expanded_parts/__callable/performance_memory_estimates_group_2.o
[787/913] CALLABLE_PART expanded_parts/__callable/compiler_project_run_row_artifacts_group_0.o
[788/913] CALLABLE_PART expanded_parts/__callable/debug_profile_gate_results_group_1.o
[789/913] CALLABLE_PART expanded_parts/__callable/performance_memory_estimates_group_0.o
[790/913] CALLABLE_PART expanded_parts/__callable/performance_memory_estimates_group_3.o
[791/913] CALLABLE_PART expanded_parts/__callable/performance_memory_estimates_group_1.o
[792/913] CALLABLE_PART expanded_parts/__callable/production_mt_heartbeat_group_0.o
[793/913] CALLABLE_PART expanded_parts/__callable/proof_metrics_group_0.o
[794/913] CALLABLE_PART expanded_parts/__callable/production_mt_heartbeat_group_1.o
[795/913] CALLABLE_PART expanded_parts/__callable/proof_metrics_group_1.o
[796/913] CALLABLE_PART expanded_parts/__callable/proof_metrics_group_3.o
[797/913] CALLABLE_PART expanded_parts/__callable/proof_metrics_group_2.o
[798/913] CALLABLE_PART expanded_parts/__callable/proof_metrics_group_4.o
[799/913] CALLABLE_PART expanded_parts/__callable/proof_metrics_group_5.o
[800/913] CALLABLE_PART expanded_parts/__callable/proof_metrics_group_7.o
[801/913] CALLABLE_PART expanded_parts/__callable/proof_metrics_group_6.o
[802/913] CALLABLE_PART expanded_parts/__callable/proof_metrics_group_8.o
[803/913] CALLABLE_PART expanded_parts/__callable/proof_metrics_group_10.o
[804/913] CALLABLE_PART expanded_parts/__callable/proof_metrics_group_9.o
[805/913] CALLABLE_PART expanded_parts/__callable/proof_metrics_group_12.o
[806/913] CALLABLE_PART expanded_parts/__callable/proof_metrics_group_11.o
[807/913] CALLABLE_PART expanded_parts/__callable/proof_metrics_group_15.o
[808/913] CALLABLE_PART expanded_parts/__callable/proof_metrics_group_14.o
[809/913] CALLABLE_PART expanded_parts/__callable/proof_metrics_group_16.o
[810/913] CALLABLE_PART expanded_parts/__callable/proof_metrics_group_13.o
[811/913] CALLABLE_PART expanded_parts/__callable/proof_metrics_group_17.o
[812/913] CALLABLE_PART expanded_parts/__callable/proof_metrics_group_19.o
[813/913] CALLABLE_PART expanded_parts/__callable/proof_metrics_group_20.o
[814/913] CALLABLE_PART expanded_parts/__callable/proof_metrics_group_18.o
[815/913] CALLABLE_PART expanded_parts/__callable/proof_metrics_group_21.o
[816/913] CALLABLE_PART expanded_parts/__callable/proof_metrics_group_23.o
[817/913] CALLABLE_PART expanded_parts/__callable/proof_metrics_group_22.o
[818/913] CALLABLE_PART expanded_parts/__callable/proof_metrics_group_25.o
[819/913] CALLABLE_PART expanded_parts/__callable/proof_metrics_group_27.o
[820/913] CALLABLE_PART expanded_parts/__callable/proof_metrics_group_24.o
[821/913] CALLABLE_PART expanded_parts/__callable/proof_metrics_group_28.o
[822/913] CALLABLE_PART expanded_parts/__callable/proof_metrics_group_26.o
[823/913] CALLABLE_PART expanded_parts/__callable/proof_metrics_group_29.o
[824/913] CALLABLE_PART expanded_parts/__callable/proof_metrics_group_30.o
[825/913] CALLABLE_PART expanded_parts/__callable/proof_metrics_group_32.o
[826/913] CALLABLE_PART expanded_parts/__callable/proof_metrics_group_31.o
[827/913] CALLABLE_PART expanded_parts/__callable/proof_metrics_group_33.o
[828/913] CALLABLE_PART expanded_parts/__callable/proof_metrics_group_34.o
[829/913] CALLABLE_PART expanded_parts/__callable/proof_metrics_group_36.o
[830/913] CALLABLE_PART expanded_parts/__callable/proof_metrics_group_37.o
[831/913] CALLABLE_PART expanded_parts/__callable/proof_metrics_group_38.o
[832/913] CALLABLE_PART expanded_parts/__callable/proof_metrics_group_35.o
[833/913] CALLABLE_PART expanded_parts/__callable/proof_metrics_group_39.o
[834/913] CALLABLE_PART expanded_parts/__callable/proof_metrics_group_41.o
[835/913] CALLABLE_PART expanded_parts/__callable/proof_metrics_group_40.o
[836/913] CALLABLE_PART expanded_parts/__callable/proof_metrics_group_42.o
[837/913] CALLABLE_PART expanded_parts/__callable/proof_metrics_group_44.o
[838/913] CALLABLE_PART expanded_parts/__callable/proof_metrics_group_45.o
[839/913] CALLABLE_PART expanded_parts/__callable/proof_metrics_group_46.o
[840/913] CALLABLE_PART expanded_parts/__callable/proof_metrics_group_43.o
[841/913] CALLABLE_PART expanded_parts/__callable/pure_tdd_stage_artifacts_group_1.o
[842/913] CALLABLE_PART expanded_parts/__callable/resident_snapshots_group_0.o
[843/913] CALLABLE_PART expanded_parts/__callable/resident_snapshots_group_1.o
[844/913] CALLABLE_PART expanded_parts/__callable/gate_result_debug_helpers_group_0.o
[845/913] CALLABLE_PART expanded_parts/__callable/source_files_group_0.o
[846/913] CALLABLE_PART expanded_parts/__callable/semantic_callable_candidates_group_1.o
[847/913] CALLABLE_PART expanded_parts/__callable/pure_tdd_stage_artifacts_group_0.o
[848/913] CALLABLE_PART expanded_parts/__callable/semantic_conversion_lookup_group_0.o
[849/913] CALLABLE_PART expanded_parts/__callable/semantic_conversion_lookup_group_1.o
[850/913] CALLABLE_PART expanded_parts/__callable/semantic_lookup_manifest_generated_group_1.o
[851/913] CALLABLE_PART expanded_parts/__callable/semantic_callable_candidates_group_0.o
[852/913] CALLABLE_PART expanded_parts/__callable/semantic_module_api_lookup_group_0.o
[853/913] CALLABLE_PART expanded_parts/__callable/semantic_conversion_lookup_group_2.o
[854/913] CALLABLE_PART expanded_parts/__callable/semantic_module_api_lookup_group_1.o
[855/913] CALLABLE_PART expanded_parts/__callable/semantic_lookup_manifest_generated_group_0.o
[856/913] CALLABLE_PART expanded_parts/__callable/semantic_module_api_lookup_group_3.o
[857/913] CALLABLE_PART expanded_parts/__callable/semantic_operator_lookup_group_2.o
[858/913] CALLABLE_PART expanded_parts/__callable/semantic_module_api_lookup_group_2.o
[859/913] CALLABLE_PART expanded_parts/__callable/semantic_operator_lookup_group_5.o
[860/913] CALLABLE_PART expanded_parts/__callable/semantic_operator_lookup_group_3.o
[861/913] CALLABLE_PART expanded_parts/__callable/semantic_runtime_abi_bridge_group_0.o
[862/913] CALLABLE_PART expanded_parts/__callable/semantic_operator_lookup_group_1.o
[863/913] CALLABLE_PART expanded_parts/__callable/semantic_runtime_abi_bridge_group_1.o
[864/913] CALLABLE_PART expanded_parts/__callable/semantic_operator_lookup_group_0.o
[865/913] CALLABLE_PART expanded_parts/__callable/semantic_runtime_abi_bridge_group_2.o
[866/913] CALLABLE_PART expanded_parts/__callable/semantic_operator_lookup_group_4.o
[867/913] CALLABLE_PART expanded_parts/__callable/semantic_type_ref_providers_group_0.o
[868/913] CALLABLE_PART expanded_parts/__callable/semantic_runtime_abi_bridge_group_4.o
[869/913] CALLABLE_PART expanded_parts/__callable/semantic_runtime_abi_declarations_group_2.o
[870/913] CALLABLE_PART expanded_parts/__callable/semantic_runtime_abi_bridge_group_3.o
[871/913] CALLABLE_PART expanded_parts/__callable/semantic_runtime_abi_declarations_group_1.o
[872/913] CALLABLE_PART expanded_parts/__callable/semantic_runtime_abi_bridge_group_5.o
[873/913] CALLABLE_PART expanded_parts/__callable/semantic_type_ref_providers_group_1.o
[874/913] CALLABLE_PART expanded_parts/__callable/semantic_type_ref_providers_group_3.o
[875/913] CALLABLE_PART expanded_parts/__callable/semantic_runtime_abi_declarations_group_0.o
[876/913] CALLABLE_PART expanded_parts/__callable/gate_result_inspection_helpers_group_0.o
[877/913] CALLABLE_PART expanded_parts/__callable/semantic_type_ref_providers_group_2.o
[878/913] CALLABLE_PART expanded_parts/__callable/gate_profile_helpers_group_0.o
[879/913] CALLABLE_PART expanded_parts/__callable/frontend_model_tables_group_0.o
[880/913] CALLABLE_PART expanded_parts/__callable/backend_request_row_lists_group_0.o
[881/913] CALLABLE_PART expanded_parts/__callable/backend_request_row_lists_group_1.o
[882/913] CALLABLE_PART expanded_parts/__callable/frontend_model_tables_group_2.o
[883/913] CALLABLE_PART expanded_parts/__callable/frontend_model_tables_group_4.o
[884/913] CALLABLE_PART expanded_parts/__callable/frontend_model_tables_group_3.o
[885/913] CALLABLE_PART expanded_parts/__callable/frontend_model_tables_group_5.o
[886/913] CALLABLE_PART expanded_parts/__callable/frontend_model_tables_group_1.o
[887/913] CALLABLE_PART expanded_parts/__callable/frontend_model_tables_group_7.o
[888/913] CALLABLE_PART expanded_parts/__callable/frontend_model_tables_group_6.o
[889/913] CALLABLE_PART expanded_parts/__callable/frontend_node_lists_group_2.o
[890/913] CALLABLE_PART expanded_parts/__callable/frontend_node_lists_group_1.o
[891/913] CALLABLE_PART expanded_parts/__callable/frontend_model_tables_group_8.o
[892/913] CALLABLE_PART expanded_parts/__callable/frontend_node_lists_group_0.o
[893/913] CALLABLE_PART expanded_parts/__callable/frontend_node_lists_group_3.o
[894/913] CALLABLE_PART expanded_parts/__callable/row_segment_policy_group_0.o
[895/913] CALLABLE_PART expanded_parts/__callable/structure_row_ids_group_1.o
[896/913] CALLABLE_PART expanded_parts/__callable/row_segment_policy_group_1.o
[897/913] CALLABLE_PART expanded_parts/__callable/structure_row_ids_group_0.o
[898/913] CALLABLE_PART expanded_parts/__callable/token_row_lists_group_1.o
[899/913] CALLABLE_PART expanded_parts/__callable/token_row_lists_group_0.o
[900/913] CALLABLE_PART expanded_parts/__callable/token_row_lists_group_2.o
[901/913] CALLABLE_PART expanded_parts/compile/model/source_units/part_0.o
[902/913] CALLABLE_PART expanded_parts/__callable/token_tables_group_1.o
[903/913] CALLABLE_PART expanded_parts/__callable/token_tables_group_0.o
[904/913] CALLABLE_PART expanded_parts/compile/backend/llvm_text_from_plan/part_0.o
[905/913] CALLABLE_PART expanded_parts/__callable/token_tables_group_2.o
[906/913] CALLABLE_PART expanded_parts/compile/backend/backend_object_link_cache/part_0.o
[907/913] CALLABLE_PART expanded_parts/__callable/token_tables_group_3.o
[908/913] CALLABLE_PART expanded_parts/compile/incremental/resident_source_unit_frontend_payload_tables/part_0.o
[909/913] CALLABLE_PART expanded_parts/compile/backend/lowering_plan/part_0.o
[910/913] CALLABLE_PART expanded_parts/compile/capabilities/storage_lifetime_readiness/part_0.o
[911/913] CALLABLE_PART expanded_parts/compile/capabilities/type_capability_readiness/part_0.o
[912/913] CALLABLE_PART expanded_parts/compile/model/project_reference_resolution/part_0.o
[913/913] LINK main
