[1/585] CXX expanded/__callable/backend_module_composition_locations.o
[2/585] CXX expanded/__callable/llvm_text_from_plan_locations.o
[3/585] CXX expanded/compile/backend/backend_loop_text_emission.o
[4/585] clang++ -std=c++23 -fPIC -O0 -g1 -pipe -I../../../vendor/runtime/include -I../expanded/generated -DSCPP_LANGUAGE_TARGET_PHP=1 -DSCPP_HAS_MYSQLI=0 -DSCPP_HAS_REGEX=0 -DSCPP_HAS_CURL=0 -DSCPP_HAS_TASKS=1 -DSCPP_TASKS_DEFAULT_WORKER_POOL_SIZE=0 -DSCPP_HAS_UI=0 -DSCPP_HAS_WEBVIEW=0 -DSCPP_ENABLE_CALL_DEPTH_GUARD=1 -DSCPP_MAX_CALL_DEPTH=4096 -x c++-header -MD -MF expanded-project.pch.d ../expanded/generated/__project_units.hpp -o expanded-project.pch
[5/585] CALLABLE_PART expanded_parts/__callable/runtime_abi_bridge_group_1.o
[6/585] CALLABLE_PART expanded_parts/__callable/runtime_abi_bridge_group_0.o
[7/585] CALLABLE_PART expanded_parts/__callable/string_runtime_abi_group_0.o
[8/585] CALLABLE_PART expanded_parts/__callable/llvm_abi_call_lowering_group_0.o
[9/585] CALLABLE_PART expanded_parts/__callable/prepare_outputs_group_0.o
[10/585] CALLABLE_PART expanded_parts/__callable/runtime_helper_effects_group_0.o
[11/585] CALLABLE_PART expanded_parts/__callable/analysis_context_identity_group_0.o
[12/585] CALLABLE_PART expanded_parts/__callable/runtime_abi_bridge_group_2.o
[13/585] CALLABLE_PART expanded_parts/__callable/analysis_context_group_0.o
[14/585] CALLABLE_PART expanded_parts/__callable/analysis_context_group_1.o
[15/585] CALLABLE_PART expanded_parts/__callable/llvm_abi_declarations_group_0.o
[16/585] CALLABLE_PART expanded_parts/main.o
[17/585] CALLABLE_PART expanded_parts/__callable/backend_emission_adapter_routes_group_0.o
[18/585] CALLABLE_PART expanded_parts/__callable/string_runtime_abi_group_1.o
[19/585] CALLABLE_PART expanded_parts/__callable/backend_emission_adapter_routes_group_1.o
[20/585] CALLABLE_PART expanded_parts/__callable/backend_emission_adapter_routes_group_2.o
[21/585] CALLABLE_PART expanded_parts/__callable/backend_emission_decisions_group_6.o
[22/585] CALLABLE_PART expanded_parts/__callable/backend_emission_decisions_group_1.o
[23/585] CALLABLE_PART expanded_parts/__callable/backend_emission_decisions_group_0.o
[24/585] CALLABLE_PART expanded_parts/__callable/backend_emission_decisions_group_2.o
[25/585] CALLABLE_PART expanded_parts/__callable/backend_emission_decisions_group_4.o
[26/585] CALLABLE_PART expanded_parts/__callable/backend_emission_decisions_group_5.o
[27/585] CALLABLE_PART expanded_parts/__callable/backend_emission_decisions_group_3.o
[28/585] CALLABLE_PART expanded_parts/__callable/backend_loop_text_emission_group_0.o
[29/585] CALLABLE_PART expanded_parts/__callable/backend_module_composition_group_0.o
[30/585] CALLABLE_PART expanded_parts/__callable/backend_native_execution_adapter_group_0.o
[31/585] CALLABLE_PART expanded_parts/__callable/backend_native_execution_adapter_group_1.o
[32/585] CALLABLE_PART expanded_parts/__callable/backend_object_link_cache_group_0.o
[33/585] CALLABLE_PART expanded_parts/__callable/backend_object_link_cache_group_1.o
[34/585] CALLABLE_PART expanded_parts/__callable/backend_object_link_cache_group_2.o
[35/585] CALLABLE_PART expanded_parts/__callable/backend_object_link_cache_group_6.o
[36/585] CALLABLE_PART expanded_parts/__callable/backend_object_link_cache_group_3.o
[37/585] CALLABLE_PART expanded_parts/__callable/backend_object_link_cache_group_4.o
[38/585] CALLABLE_PART expanded_parts/__callable/backend_partition_readiness_group_0.o
[39/585] CALLABLE_PART expanded_parts/__callable/backend_object_link_cache_group_5.o
[40/585] CALLABLE_PART expanded_parts/__callable/backend_partition_readiness_group_1.o
[41/585] CALLABLE_PART expanded_parts/__callable/backend_preflight_requests_group_0.o
[42/585] CALLABLE_PART expanded_parts/__callable/backend_preflight_requests_group_2.o
[43/585] CALLABLE_PART expanded_parts/__callable/backend_partition_readiness_group_2.o
[44/585] CALLABLE_PART expanded_parts/__callable/backend_preflight_requests_group_1.o
[45/585] CALLABLE_PART expanded_parts/__callable/backend_preflight_requests_group_6.o
[46/585] CALLABLE_PART expanded_parts/__callable/backend_preflight_requests_group_4.o
[47/585] CALLABLE_PART expanded_parts/__callable/backend_preflight_requests_group_3.o
[48/585] CALLABLE_PART expanded_parts/__callable/backend_preflight_requests_group_9.o
[49/585] CALLABLE_PART expanded_parts/__callable/backend_preflight_requests_group_5.o
[50/585] CALLABLE_PART expanded_parts/__callable/backend_preflight_requests_group_7.o
[51/585] CALLABLE_PART expanded_parts/__callable/backend_preflight_requests_group_8.o
[52/585] CALLABLE_PART expanded_parts/__callable/backend_preflight_requests_group_10.o
[53/585] CALLABLE_PART expanded_parts/__callable/backend_preflight_requests_group_11.o
[54/585] CALLABLE_PART expanded_parts/__callable/backend_preflight_requests_group_14.o
[55/585] CALLABLE_PART expanded_parts/__callable/backend_preflight_requests_group_12.o
[56/585] CALLABLE_PART expanded_parts/__callable/backend_preflight_requests_group_13.o
[57/585] CALLABLE_PART expanded_parts/__callable/backend_preflight_requests_group_15.o
[58/585] CALLABLE_PART expanded_parts/__callable/backend_preflight_requests_group_16.o
[59/585] CALLABLE_PART expanded_parts/__callable/backend_preflight_requests_group_17.o
[60/585] CALLABLE_PART expanded_parts/__callable/llvm_api_sink_preflight_group_0.o
[61/585] CALLABLE_PART expanded_parts/__callable/compiler_entry_backend_group_2.o
[62/585] CALLABLE_PART expanded_parts/__callable/compiler_entry_backend_group_0.o
[63/585] CALLABLE_PART expanded_parts/__callable/llvm_api_sink_preflight_group_1.o
[64/585] CALLABLE_PART expanded_parts/__callable/compiler_entry_backend_group_1.o
[65/585] CALLABLE_PART expanded_parts/__callable/llvm_api_sink_preflight_group_2.o
[66/585] CALLABLE_PART expanded_parts/__callable/llvm_api_toolchain_probe_group_0.o
[67/585] CALLABLE_PART expanded_parts/__callable/llvm_api_sink_preflight_group_3.o
[68/585] CALLABLE_PART expanded_parts/__callable/llvm_api_toolchain_probe_group_2.o
[69/585] CALLABLE_PART expanded_parts/__callable/llvm_text_from_plan_group_0.o
[70/585] CALLABLE_PART expanded_parts/__callable/llvm_text_from_plan_group_1.o
[71/585] CALLABLE_PART expanded_parts/__callable/llvm_api_toolchain_probe_group_1.o
[72/585] CALLABLE_PART expanded_parts/__callable/llvm_text_from_plan_group_2.o
[73/585] CALLABLE_PART expanded_parts/__callable/llvm_text_from_plan_group_6.o
[74/585] CALLABLE_PART expanded_parts/__callable/llvm_text_from_plan_group_4.o
[75/585] CALLABLE_PART expanded_parts/__callable/llvm_text_from_plan_group_3.o
[76/585] CALLABLE_PART expanded_parts/__callable/llvm_text_from_plan_group_5.o
[77/585] CALLABLE_PART expanded_parts/__callable/llvm_text_from_plan_group_7.o
[78/585] CALLABLE_PART expanded_parts/__callable/llvm_text_from_plan_group_9.o
[79/585] CALLABLE_PART expanded_parts/__callable/llvm_text_from_plan_group_8.o
[80/585] CALLABLE_PART expanded_parts/__callable/llvm_text_from_plan_group_10.o
[81/585] CALLABLE_PART expanded_parts/__callable/llvm_text_from_plan_group_11.o
[82/585] CALLABLE_PART expanded_parts/__callable/llvm_text_from_plan_group_13.o
[83/585] CALLABLE_PART expanded_parts/__callable/llvm_text_from_plan_group_12.o
[84/585] CALLABLE_PART expanded_parts/__callable/llvm_text_from_plan_group_14.o
[85/585] CALLABLE_PART expanded_parts/__callable/llvm_text_from_plan_group_15.o
[86/585] CALLABLE_PART expanded_parts/__callable/llvm_text_from_plan_group_19.o
[87/585] CALLABLE_PART expanded_parts/__callable/llvm_text_from_plan_group_17.o
[88/585] CALLABLE_PART expanded_parts/__callable/llvm_text_from_plan_group_18.o
[89/585] CALLABLE_PART expanded_parts/__callable/llvm_text_from_plan_group_16.o
[90/585] CALLABLE_PART expanded_parts/__callable/llvm_text_from_plan_group_21.o
[91/585] CALLABLE_PART expanded_parts/__callable/llvm_text_from_plan_group_22.o
[92/585] CALLABLE_PART expanded_parts/__callable/llvm_text_from_plan_group_20.o
[93/585] CALLABLE_PART expanded_parts/__callable/local_body_lowering_group_2.o
[94/585] CALLABLE_PART expanded_parts/__callable/llvm_text_from_plan_group_23.o
[95/585] CALLABLE_PART expanded_parts/__callable/local_body_lowering_group_0.o
[96/585] CALLABLE_PART expanded_parts/__callable/local_body_lowering_group_1.o
[97/585] CALLABLE_PART expanded_parts/__callable/local_body_lowering_routes_group_0.o
[98/585] CALLABLE_PART expanded_parts/__callable/llvm_text_from_plan_group_24.o
[99/585] CALLABLE_PART expanded_parts/__callable/lowering_plan_group_0.o
[100/585] CALLABLE_PART expanded_parts/__callable/lowering_plan_group_1.o
[101/585] CALLABLE_PART expanded_parts/__callable/local_body_lowering_routes_group_1.o
[102/585] CALLABLE_PART expanded_parts/__callable/lowering_plan_group_3.o
[103/585] CALLABLE_PART expanded_parts/__callable/lowering_plan_group_2.o
[104/585] CALLABLE_PART expanded_parts/__callable/lowering_plan_group_4.o
[105/585] CALLABLE_PART expanded_parts/__callable/primitive_abi_adapter_matrix_group_2.o
[106/585] CALLABLE_PART expanded_parts/__callable/primitive_abi_adapter_matrix_group_0.o
[107/585] CALLABLE_PART expanded_parts/__callable/lowering_plan_group_5.o
[108/585] CALLABLE_PART expanded_parts/__callable/lowering_plan_group_6.o
[109/585] CALLABLE_PART expanded_parts/__callable/primitive_abi_adapter_matrix_group_3.o
[110/585] CALLABLE_PART expanded_parts/__callable/primitive_abi_adapter_matrix_group_4.o
[111/585] CALLABLE_PART expanded_parts/__callable/lowering_plan_group_7.o
[112/585] CALLABLE_PART expanded_parts/__callable/primitive_abi_adapter_matrix_group_1.o
[113/585] CALLABLE_PART expanded_parts/__callable/scalar_body_backend_collection_group_0.o
[114/585] CALLABLE_PART expanded_parts/__callable/scalar_body_statement_collection_group_1.o
[115/585] CALLABLE_PART expanded_parts/__callable/scalar_loop_backend_requests_group_0.o
[116/585] CALLABLE_PART expanded_parts/__callable/scalar_body_statement_collection_group_0.o
[117/585] CALLABLE_PART expanded_parts/__callable/storage_lifetime_readiness_group_0.o
[118/585] CALLABLE_PART expanded_parts/__callable/runtime_helper_contract_readiness_group_2.o
[119/585] CALLABLE_PART expanded_parts/__callable/runtime_helper_contract_readiness_group_0.o
[120/585] CALLABLE_PART expanded_parts/__callable/storage_lifetime_readiness_group_2.o
[121/585] CALLABLE_PART expanded_parts/__callable/capability_consumer_plans_group_0.o
[122/585] CALLABLE_PART expanded_parts/__callable/storage_lifetime_readiness_group_1.o
[123/585] CALLABLE_PART expanded_parts/__callable/storage_lifetime_readiness_group_3.o
[124/585] CALLABLE_PART expanded_parts/__callable/runtime_helper_contract_readiness_group_1.o
[125/585] CALLABLE_PART expanded_parts/__callable/storage_lifetime_readiness_group_5.o
[126/585] CALLABLE_PART expanded_parts/__callable/storage_lifetime_readiness_group_4.o
[127/585] CALLABLE_PART expanded_parts/__callable/storage_lifetime_readiness_group_7.o
[128/585] CALLABLE_PART expanded_parts/__callable/storage_lifetime_readiness_group_6.o
[129/585] CALLABLE_PART expanded_parts/__callable/type_capability_readiness_group_1.o
[130/585] CALLABLE_PART expanded_parts/__callable/type_capability_readiness_group_3.o
[131/585] CALLABLE_PART expanded_parts/__callable/type_capability_readiness_group_0.o
[132/585] CALLABLE_PART expanded_parts/__callable/type_capability_readiness_group_2.o
[133/585] CALLABLE_PART expanded_parts/__callable/type_capability_readiness_group_4.o
[134/585] CALLABLE_PART expanded_parts/__callable/type_capability_readiness_group_7.o
[135/585] CALLABLE_PART expanded_parts/__callable/type_capability_readiness_group_5.o
[136/585] CALLABLE_PART expanded_parts/__callable/type_capability_readiness_group_6.o
[137/585] CALLABLE_PART expanded_parts/__callable/type_capability_readiness_group_8.o
[138/585] CALLABLE_PART expanded_parts/__callable/type_capability_readiness_group_9.o
[139/585] CALLABLE_PART expanded_parts/__callable/type_capability_readiness_group_10.o
[140/585] CALLABLE_PART expanded_parts/__callable/type_capability_readiness_group_11.o
[141/585] CALLABLE_PART expanded_parts/__callable/type_capability_readiness_group_16.o
[142/585] CALLABLE_PART expanded_parts/__callable/type_capability_readiness_group_15.o
[143/585] CALLABLE_PART expanded_parts/__callable/type_capability_readiness_group_12.o
[144/585] CALLABLE_PART expanded_parts/__callable/type_capability_readiness_group_14.o
[145/585] CALLABLE_PART expanded_parts/__callable/type_capability_readiness_group_13.o
[146/585] CALLABLE_PART expanded_parts/__callable/type_capability_readiness_group_21.o
[147/585] CALLABLE_PART expanded_parts/__callable/type_capability_readiness_group_17.o
[148/585] CALLABLE_PART expanded_parts/__callable/type_capability_readiness_group_20.o
[149/585] CALLABLE_PART expanded_parts/__callable/type_capability_readiness_group_19.o
[150/585] CALLABLE_PART expanded_parts/__callable/type_capability_readiness_group_18.o
[151/585] CALLABLE_PART expanded_parts/__callable/type_capability_readiness_group_22.o
[152/585] CALLABLE_PART expanded_parts/__callable/type_capability_readiness_group_23.o
[153/585] CALLABLE_PART expanded_parts/__callable/type_traits_group_0.o
[154/585] CALLABLE_PART expanded_parts/__callable/type_traits_group_2.o
[155/585] CALLABLE_PART expanded_parts/__callable/type_traits_group_1.o
[156/585] CALLABLE_PART expanded_parts/__callable/type_traits_group_6.o
[157/585] CALLABLE_PART expanded_parts/__callable/type_traits_group_3.o
[158/585] CALLABLE_PART expanded_parts/__callable/type_traits_group_4.o
[159/585] CALLABLE_PART expanded_parts/__callable/type_traits_group_5.o
[160/585] CALLABLE_PART expanded_parts/__callable/control_flow_dataflows_group_0.o
[161/585] CALLABLE_PART expanded_parts/__callable/control_flow_dataflows_group_1.o
[162/585] CALLABLE_PART expanded_parts/__callable/control_flow_dataflows_group_2.o
[163/585] CALLABLE_PART expanded_parts/__callable/control_flow_dataflows_group_4.o
[164/585] CALLABLE_PART expanded_parts/__callable/control_flow_graphs_group_1.o
[165/585] CALLABLE_PART expanded_parts/__callable/control_flow_dataflows_group_3.o
[166/585] CALLABLE_PART expanded_parts/__callable/control_flow_graphs_group_0.o
[167/585] CALLABLE_PART expanded_parts/__callable/control_flow_graphs_group_2.o
[168/585] CALLABLE_PART expanded_parts/__callable/control_flow_transfers_group_1.o
[169/585] CALLABLE_PART expanded_parts/__callable/frontend_model_builder_group_0.o
[170/585] CALLABLE_PART expanded_parts/__callable/control_flow_transfers_group_0.o
[171/585] CALLABLE_PART expanded_parts/__callable/frontend_model_builder_group_1.o
[172/585] CALLABLE_PART expanded_parts/__callable/control_flow_graphs_group_3.o
[173/585] CALLABLE_PART expanded_parts/__callable/frontend_model_builder_group_2.o
[174/585] CALLABLE_PART expanded_parts/__callable/frontend_model_builder_group_3.o
[175/585] CALLABLE_PART expanded_parts/__callable/frontend_model_builder_group_4.o
[176/585] CALLABLE_PART expanded_parts/__callable/frontend_model_builder_group_6.o
[177/585] CALLABLE_PART expanded_parts/__callable/frontend_model_builder_group_10.o
[178/585] CALLABLE_PART expanded_parts/__callable/frontend_model_builder_group_5.o
[179/585] CALLABLE_PART expanded_parts/__callable/frontend_model_builder_group_8.o
[180/585] CALLABLE_PART expanded_parts/__callable/frontend_model_builder_group_12.o
[181/585] CALLABLE_PART expanded_parts/__callable/frontend_model_builder_group_13.o
[182/585] CALLABLE_PART expanded_parts/__callable/frontend_model_builder_group_9.o
[183/585] CALLABLE_PART expanded_parts/__callable/frontend_model_builder_group_7.o
[184/585] CALLABLE_PART expanded_parts/__callable/frontend_model_builder_group_11.o
[185/585] CALLABLE_PART expanded_parts/__callable/frontend_model_builder_group_14.o
[186/585] CALLABLE_PART expanded_parts/__callable/frontend_model_builder_group_15.o
[187/585] CALLABLE_PART expanded_parts/__callable/frontend_model_builder_group_17.o
[188/585] CALLABLE_PART expanded_parts/__callable/parser_diagnostics_group_1.o
[189/585] CALLABLE_PART expanded_parts/__callable/parser_state_group_1.o
[190/585] CALLABLE_PART expanded_parts/__callable/frontend_model_builder_group_16.o
[191/585] CALLABLE_PART expanded_parts/__callable/parser_cursor_group_0.o
[192/585] CALLABLE_PART expanded_parts/__callable/parser_diagnostics_group_0.o
[193/585] CALLABLE_PART expanded_parts/__callable/phs_tokenizer_group_0.o
[194/585] CALLABLE_PART expanded_parts/__callable/frontend_model_builder_group_19.o
[195/585] CALLABLE_PART expanded_parts/__callable/frontend_model_builder_group_18.o
[196/585] CALLABLE_PART expanded_parts/__callable/parser_state_group_0.o
[197/585] CALLABLE_PART expanded_parts/__callable/phs_tokenizer_group_2.o
[198/585] CALLABLE_PART expanded_parts/__callable/phs_tokenizer_group_1.o
[199/585] CALLABLE_PART expanded_parts/__callable/token_kinds_group_0.o
[200/585] CALLABLE_PART expanded_parts/__callable/mt_stage_evaluation_group_0.o
[201/585] CALLABLE_PART expanded_parts/__callable/deterministic_work_ordering_group_0.o
[202/585] CALLABLE_PART expanded_parts/__callable/deterministic_work_ordering_group_1.o
[203/585] CALLABLE_PART expanded_parts/__callable/mt_stage_evaluation_group_3.o
[204/585] CALLABLE_PART expanded_parts/__callable/mt_stage_evaluation_group_4.o
[205/585] CALLABLE_PART expanded_parts/__callable/mt_stage_evaluation_group_1.o
[206/585] CALLABLE_PART expanded_parts/__callable/mt_stage_evaluation_group_2.o
[207/585] CALLABLE_PART expanded_parts/__callable/partition_merge_reductions_group_1.o
[208/585] CALLABLE_PART expanded_parts/__callable/partition_merge_reductions_group_0.o
[209/585] CALLABLE_PART expanded_parts/__callable/partition_merge_reductions_group_3.o
[210/585] CALLABLE_PART expanded_parts/__callable/partition_readiness_group_0.o
[211/585] CALLABLE_PART expanded_parts/__callable/partition_readiness_group_1.o
[212/585] CALLABLE_PART expanded_parts/__callable/partition_readiness_group_2.o
[213/585] CALLABLE_PART expanded_parts/__callable/partition_merge_reductions_group_2.o
[214/585] CALLABLE_PART expanded_parts/__callable/partition_readiness_group_5.o
[215/585] CALLABLE_PART expanded_parts/__callable/resident_body_dependencies_group_0.o
[216/585] CALLABLE_PART expanded_parts/__callable/partition_readiness_group_3.o
[217/585] CALLABLE_PART expanded_parts/__callable/resident_change_events_group_0.o
[218/585] CALLABLE_PART expanded_parts/__callable/partition_readiness_group_4.o
[219/585] CALLABLE_PART expanded_parts/__callable/resident_change_events_group_1.o
[220/585] CALLABLE_PART expanded_parts/__callable/resident_daemon_file_ipc_group_0.o
[221/585] CALLABLE_PART expanded_parts/__callable/resident_daemon_file_ipc_group_1.o
[222/585] CALLABLE_PART expanded_parts/__callable/resident_daemon_file_ipc_group_4.o
[223/585] CALLABLE_PART expanded_parts/__callable/resident_change_events_group_2.o
[224/585] CALLABLE_PART expanded_parts/__callable/resident_daemon_file_ipc_group_3.o
[225/585] CALLABLE_PART expanded_parts/__callable/resident_daemon_file_ipc_group_2.o
[226/585] CALLABLE_PART expanded_parts/__callable/resident_daemon_file_ipc_group_6.o
[227/585] CALLABLE_PART expanded_parts/__callable/resident_daemon_file_ipc_group_5.o
[228/585] CALLABLE_PART expanded_parts/__callable/resident_daemon_file_ipc_group_7.o
[229/585] CALLABLE_PART expanded_parts/__callable/resident_daemon_file_ipc_group_8.o
[230/585] CALLABLE_PART expanded_parts/__callable/resident_daemon_file_ipc_group_10.o
[231/585] CALLABLE_PART expanded_parts/__callable/resident_daemon_file_ipc_group_9.o
[232/585] CALLABLE_PART expanded_parts/__callable/resident_daemon_file_ipc_group_11.o
[233/585] CALLABLE_PART expanded_parts/__callable/resident_definition_granularity_group_0.o
[234/585] CALLABLE_PART expanded_parts/__callable/resident_daemon_incremental_proof_group_0.o
[235/585] CALLABLE_PART expanded_parts/__callable/resident_definition_granularity_group_2.o
[236/585] CALLABLE_PART expanded_parts/__callable/resident_definition_granularity_group_3.o
[237/585] CALLABLE_PART expanded_parts/__callable/resident_definition_granularity_group_1.o
[238/585] CALLABLE_PART expanded_parts/__callable/resident_dirty_propagation_group_0.o
[239/585] CALLABLE_PART expanded_parts/__callable/resident_definition_granularity_group_4.o
[240/585] CALLABLE_PART expanded_parts/__callable/resident_definition_granularity_group_6.o
[241/585] CALLABLE_PART expanded_parts/__callable/resident_dependency_edges_group_0.o
[242/585] CALLABLE_PART expanded_parts/__callable/resident_dirty_propagation_group_2.o
[243/585] CALLABLE_PART expanded_parts/__callable/resident_dirty_propagation_group_1.o
[244/585] CALLABLE_PART expanded_parts/__callable/resident_definition_granularity_group_5.o
[245/585] CALLABLE_PART expanded_parts/__callable/resident_dirty_propagation_group_4.o
[246/585] CALLABLE_PART expanded_parts/__callable/resident_dirty_propagation_group_5.o
[247/585] CALLABLE_PART expanded_parts/__callable/resident_dirty_propagation_group_3.o
[248/585] CALLABLE_PART expanded_parts/__callable/resident_frontend_node_lists_group_0.o
[249/585] CALLABLE_PART expanded_parts/__callable/resident_function_body_incremental_acceptance_group_0.o
[250/585] CALLABLE_PART expanded_parts/__callable/resident_dirty_propagation_group_6.o
[251/585] CALLABLE_PART expanded_parts/__callable/resident_function_body_incremental_acceptance_group_3.o
[252/585] CALLABLE_PART expanded_parts/__callable/resident_frontend_node_lists_group_1.o
[253/585] CALLABLE_PART expanded_parts/__callable/resident_function_body_incremental_acceptance_group_2.o
[254/585] CALLABLE_PART expanded_parts/__callable/resident_function_body_local_parse_proofs_group_0.o
[255/585] CALLABLE_PART expanded_parts/__callable/resident_function_body_incremental_acceptance_group_1.o
[256/585] CALLABLE_PART expanded_parts/__callable/resident_function_body_logical_frontend_consumer_descriptors_group_0.o
[257/585] CALLABLE_PART expanded_parts/__callable/resident_function_body_local_parse_proofs_group_1.o
[258/585] CALLABLE_PART expanded_parts/__callable/resident_function_body_logical_frontend_consumer_descriptors_group_1.o
[259/585] CALLABLE_PART expanded_parts/__callable/resident_function_body_logical_frontend_consumer_descriptors_group_2.o
[260/585] CALLABLE_PART expanded_parts/__callable/resident_function_body_logical_frontend_reference_candidates_group_0.o
[261/585] CALLABLE_PART expanded_parts/__callable/resident_function_body_logical_frontend_reference_candidates_group_1.o
[262/585] CALLABLE_PART expanded_parts/__callable/resident_function_body_logical_frontend_consumer_descriptors_group_3.o
[263/585] CALLABLE_PART expanded_parts/__callable/resident_function_body_logical_frontend_views_group_0.o
[264/585] CALLABLE_PART expanded_parts/__callable/resident_function_body_mixed_frontend_assembly_proofs_group_0.o
[265/585] CALLABLE_PART expanded_parts/__callable/resident_function_body_logical_frontend_views_group_1.o
[266/585] CALLABLE_PART expanded_parts/__callable/resident_function_body_mixed_frontend_assembly_proofs_group_2.o
[267/585] CALLABLE_PART expanded_parts/__callable/resident_function_body_mixed_frontend_assembly_proofs_group_1.o
[268/585] CALLABLE_PART expanded_parts/__callable/resident_function_body_ownership_group_1.o
[269/585] CALLABLE_PART expanded_parts/__callable/resident_function_body_ownership_group_2.o
[270/585] CALLABLE_PART expanded_parts/__callable/resident_function_body_ownership_group_0.o
[271/585] CALLABLE_PART expanded_parts/__callable/resident_function_body_ownership_group_3.o
[272/585] CALLABLE_PART expanded_parts/__callable/resident_function_body_ownership_group_4.o
[273/585] CALLABLE_PART expanded_parts/__callable/resident_function_body_parse_slices_group_1.o
[274/585] CALLABLE_PART expanded_parts/__callable/resident_function_body_parse_slices_group_0.o
[275/585] CALLABLE_PART expanded_parts/__callable/resident_function_body_publish_repoint_preflights_group_0.o
[276/585] CALLABLE_PART expanded_parts/__callable/resident_function_body_publish_repoint_preflights_group_1.o
[277/585] CALLABLE_PART expanded_parts/__callable/resident_function_body_row_list_publish_plans_group_0.o
[278/585] CALLABLE_PART expanded_parts/__callable/resident_function_body_row_list_publish_plans_group_1.o
[279/585] CALLABLE_PART expanded_parts/__callable/resident_function_body_row_list_publish_plans_group_2.o
[280/585] CALLABLE_PART expanded_parts/__callable/resident_function_body_row_list_publish_results_group_0.o
[281/585] CALLABLE_PART expanded_parts/__callable/resident_function_body_source_unit_repoint_proofs_group_0.o
[282/585] CALLABLE_PART expanded_parts/__callable/resident_function_body_row_list_publish_results_group_1.o
[283/585] CALLABLE_PART expanded_parts/__callable/resident_function_body_source_unit_repoint_proofs_group_1.o
[284/585] CALLABLE_PART expanded_parts/__callable/resident_function_body_summary_project_references_group_0.o
[285/585] CALLABLE_PART expanded_parts/__callable/resident_function_body_row_list_publish_results_group_2.o
[286/585] CALLABLE_PART expanded_parts/__callable/resident_function_body_stable_node_remap_proofs_group_1.o
[287/585] CALLABLE_PART expanded_parts/__callable/resident_function_body_stable_node_remap_proofs_group_0.o
[288/585] CALLABLE_PART expanded_parts/__callable/resident_function_body_work_decisions_group_0.o
[289/585] CALLABLE_PART expanded_parts/__callable/resident_function_body_summary_project_references_group_1.o
[290/585] CALLABLE_PART expanded_parts/__callable/resident_function_body_work_decisions_group_2.o
[291/585] CALLABLE_PART expanded_parts/__callable/resident_function_body_work_decisions_group_1.o
[292/585] CALLABLE_PART expanded_parts/__callable/resident_project_symbol_name_lookups_group_0.o
[293/585] CALLABLE_PART expanded_parts/__callable/resident_project_symbol_name_lookups_group_1.o
[294/585] CALLABLE_PART expanded_parts/__callable/resident_function_body_work_decisions_group_3.o
[295/585] CALLABLE_PART expanded_parts/__callable/resident_public_surface_incremental_acceptance_group_0.o
[296/585] CALLABLE_PART expanded_parts/__callable/resident_public_surface_incremental_acceptance_group_1.o
[297/585] CALLABLE_PART expanded_parts/__callable/resident_public_surface_incremental_acceptance_group_3.o
[298/585] CALLABLE_PART expanded_parts/__callable/resident_recompute_targets_group_0.o
[299/585] CALLABLE_PART expanded_parts/__callable/resident_public_surface_incremental_acceptance_group_2.o
[300/585] CALLABLE_PART expanded_parts/__callable/resident_recompute_targets_group_1.o
[301/585] CALLABLE_PART expanded_parts/__callable/resident_recompute_targets_group_2.o
[302/585] CALLABLE_PART expanded_parts/__callable/resident_reverse_dependencies_group_0.o
[303/585] CALLABLE_PART expanded_parts/__callable/resident_reverse_dependencies_group_1.o
[304/585] CALLABLE_PART expanded_parts/__callable/resident_reverse_dependency_indexes_group_1.o
[305/585] CALLABLE_PART expanded_parts/__callable/resident_reverse_dependency_indexes_group_0.o
[306/585] CALLABLE_PART expanded_parts/__callable/resident_source_unit_frontend_payload_tables_group_1.o
[307/585] CALLABLE_PART expanded_parts/__callable/resident_source_unit_frontend_payload_tables_group_0.o
[308/585] CALLABLE_PART expanded_parts/__callable/resident_source_unit_frontend_payload_tables_group_2.o
[309/585] CALLABLE_PART expanded_parts/__callable/resident_source_unit_frontend_payload_tables_group_3.o
[310/585] CALLABLE_PART expanded_parts/__callable/resident_source_unit_frontend_payload_tables_group_4.o
[311/585] CALLABLE_PART expanded_parts/__callable/resident_source_unit_frontend_payload_tables_group_6.o
[312/585] CALLABLE_PART expanded_parts/__callable/resident_source_unit_frontend_payload_tables_group_5.o
[313/585] CALLABLE_PART expanded_parts/__callable/resident_source_unit_frontend_payload_tables_group_7.o
[314/585] CALLABLE_PART expanded_parts/__callable/resident_source_unit_frontend_payload_tables_group_11.o
[315/585] CALLABLE_PART expanded_parts/__callable/resident_source_unit_frontend_payload_tables_group_10.o
[316/585] CALLABLE_PART expanded_parts/__callable/resident_source_unit_frontend_payload_tables_group_9.o
[317/585] CALLABLE_PART expanded_parts/__callable/resident_source_unit_frontend_payload_tables_group_8.o
[318/585] CALLABLE_PART expanded_parts/__callable/resident_source_unit_frontend_payload_tables_group_13.o
[319/585] CALLABLE_PART expanded_parts/__callable/resident_source_unit_frontend_payload_tables_group_14.o
[320/585] CALLABLE_PART expanded_parts/__callable/resident_source_unit_frontend_payload_tables_group_12.o
[321/585] CALLABLE_PART expanded_parts/__callable/resident_source_unit_frontend_payload_tables_group_15.o
[322/585] CALLABLE_PART expanded_parts/__callable/resident_source_unit_frontend_payload_tables_group_17.o
[323/585] CALLABLE_PART expanded_parts/__callable/resident_source_unit_frontend_payload_tables_group_16.o
[324/585] CALLABLE_PART expanded_parts/__callable/resident_source_unit_frontend_payload_tables_group_19.o
[325/585] CALLABLE_PART expanded_parts/__callable/resident_source_unit_frontend_payload_tables_group_20.o
[326/585] CALLABLE_PART expanded_parts/__callable/resident_source_unit_frontend_payload_tables_group_21.o
[327/585] CALLABLE_PART expanded_parts/__callable/resident_source_unit_frontend_payload_tables_group_18.o
[328/585] CALLABLE_PART expanded_parts/__callable/resident_source_unit_frontend_payload_tables_group_22.o
[329/585] CALLABLE_PART expanded_parts/__callable/resident_source_unit_frontend_payload_tables_group_23.o
[330/585] CALLABLE_PART expanded_parts/__callable/resident_source_unit_frontend_payload_tables_group_27.o
[331/585] CALLABLE_PART expanded_parts/__callable/resident_source_unit_frontend_payload_tables_group_24.o
[332/585] CALLABLE_PART expanded_parts/__callable/resident_source_unit_frontend_payload_tables_group_26.o
[333/585] CALLABLE_PART expanded_parts/__callable/resident_source_unit_frontend_payload_tables_group_25.o
[334/585] CALLABLE_PART expanded_parts/__callable/resident_source_unit_frontend_payload_tables_group_31.o
[335/585] CALLABLE_PART expanded_parts/__callable/resident_source_unit_frontend_payload_tables_group_29.o
[336/585] CALLABLE_PART expanded_parts/__callable/resident_source_unit_frontend_payload_tables_group_28.o
[337/585] CALLABLE_PART expanded_parts/__callable/resident_source_unit_frontend_states_group_1.o
[338/585] CALLABLE_PART expanded_parts/__callable/resident_source_unit_frontend_states_group_3.o
[339/585] CALLABLE_PART expanded_parts/__callable/resident_source_unit_frontend_payload_tables_group_30.o
[340/585] CALLABLE_PART expanded_parts/__callable/resident_source_unit_frontend_states_group_0.o
[341/585] CALLABLE_PART expanded_parts/__callable/resident_source_unit_frontend_states_group_2.o
[342/585] CALLABLE_PART expanded_parts/__callable/resident_source_unit_symbol_states_group_0.o
[343/585] CALLABLE_PART expanded_parts/__callable/resident_source_unit_symbol_states_group_1.o
[344/585] CALLABLE_PART expanded_parts/__callable/resident_source_unit_symbol_states_group_2.o
[345/585] CALLABLE_PART expanded_parts/__callable/resident_source_unit_symbol_states_group_4.o
[346/585] CALLABLE_PART expanded_parts/__callable/resident_transactions_group_0.o
[347/585] CALLABLE_PART expanded_parts/__callable/resident_token_lists_group_1.o
[348/585] CALLABLE_PART expanded_parts/__callable/resident_token_lists_group_0.o
[349/585] CALLABLE_PART expanded_parts/__callable/resident_source_unit_symbol_states_group_3.o
[350/585] CALLABLE_PART expanded_parts/__callable/resident_transactions_group_2.o
[351/585] CALLABLE_PART expanded_parts/__callable/scheduler_api_group_0.o
[352/585] CALLABLE_PART expanded_parts/__callable/resident_transactions_group_1.o
[353/585] CALLABLE_PART expanded_parts/__callable/scheduler_api_group_2.o
[354/585] CALLABLE_PART expanded_parts/__callable/scheduler_api_group_1.o
[355/585] CALLABLE_PART expanded_parts/__callable/scheduler_api_group_4.o
[356/585] CALLABLE_PART expanded_parts/__callable/scheduler_api_group_3.o
[357/585] CALLABLE_PART expanded_parts/__callable/source_unit_early_skip_group_1.o
[358/585] CALLABLE_PART expanded_parts/__callable/source_unit_early_skip_group_2.o
[359/585] CALLABLE_PART expanded_parts/__callable/source_unit_early_skip_group_0.o
[360/585] CALLABLE_PART expanded_parts/__callable/source_unit_early_skip_group_3.o
[361/585] CALLABLE_PART expanded_parts/__callable/source_unit_frontend_scheduler_group_0.o
[362/585] CALLABLE_PART expanded_parts/__callable/source_unit_frontend_scheduler_group_2.o
[363/585] CALLABLE_PART expanded_parts/__callable/source_unit_frontend_scheduler_group_1.o
[364/585] CALLABLE_PART expanded_parts/__callable/source_unit_frontend_work_decisions_group_0.o
[365/585] CALLABLE_PART expanded_parts/__callable/source_unit_frontend_scheduler_group_3.o
[366/585] CALLABLE_PART expanded_parts/__callable/source_unit_frontend_work_decisions_group_1.o
[367/585] CALLABLE_PART expanded_parts/__callable/source_unit_frontend_work_decisions_group_2.o
[368/585] CALLABLE_PART expanded_parts/__callable/callable_contract_identity_group_0.o
[369/585] CALLABLE_PART expanded_parts/__callable/dependency_graph_identity_group_0.o
[370/585] CALLABLE_PART expanded_parts/__callable/frontend_body_summaries_group_0.o
[371/585] CALLABLE_PART expanded_parts/__callable/frontend_body_summaries_group_1.o
[372/585] CALLABLE_PART expanded_parts/__callable/frontend_body_summaries_group_3.o
[373/585] CALLABLE_PART expanded_parts/__callable/frontend_body_summaries_group_4.o
[374/585] CALLABLE_PART expanded_parts/__callable/project_callable_contracts_group_0.o
[375/585] CALLABLE_PART expanded_parts/__callable/frontend_body_summaries_group_2.o
[376/585] CALLABLE_PART expanded_parts/__callable/project_callable_contracts_group_1.o
[377/585] CALLABLE_PART expanded_parts/__callable/project_callable_contracts_group_2.o
[378/585] CALLABLE_PART expanded_parts/__callable/project_dependency_graph_group_0.o
[379/585] CALLABLE_PART expanded_parts/__callable/project_dependency_graph_group_2.o
[380/585] CALLABLE_PART expanded_parts/__callable/project_callable_contracts_group_3.o
[381/585] CALLABLE_PART expanded_parts/__callable/project_dependency_graph_group_1.o
[382/585] CALLABLE_PART expanded_parts/__callable/project_dependency_graph_group_3.o
[383/585] CALLABLE_PART expanded_parts/__callable/project_dependency_graph_group_5.o
[384/585] CALLABLE_PART expanded_parts/__callable/project_reference_resolution_group_0.o
[385/585] CALLABLE_PART expanded_parts/__callable/project_dependency_graph_group_4.o
[386/585] CALLABLE_PART expanded_parts/__callable/project_reference_resolution_group_1.o
[387/585] CALLABLE_PART expanded_parts/__callable/project_reference_resolution_group_2.o
[388/585] CALLABLE_PART expanded_parts/__callable/project_reference_resolution_group_3.o
[389/585] CALLABLE_PART expanded_parts/__callable/project_reference_resolution_group_4.o
[390/585] CALLABLE_PART expanded_parts/__callable/project_reference_resolution_group_5.o
[391/585] CALLABLE_PART expanded_parts/__callable/project_reference_resolution_group_6.o
[392/585] CALLABLE_PART expanded_parts/__callable/project_reference_resolution_group_9.o
[393/585] CALLABLE_PART expanded_parts/__callable/project_reference_resolution_group_7.o
[394/585] CALLABLE_PART expanded_parts/__callable/project_symbol_identity_group_0.o
[395/585] CALLABLE_PART expanded_parts/__callable/project_reference_resolution_group_8.o
[396/585] CALLABLE_PART expanded_parts/__callable/project_symbol_index_group_0.o
[397/585] CALLABLE_PART expanded_parts/__callable/project_symbol_index_group_5.o
[398/585] CALLABLE_PART expanded_parts/__callable/project_symbol_index_group_1.o
[399/585] CALLABLE_PART expanded_parts/__callable/project_symbol_index_group_4.o
[400/585] CALLABLE_PART expanded_parts/__callable/project_symbol_index_group_2.o
[401/585] CALLABLE_PART expanded_parts/__callable/project_symbol_index_group_3.o
[402/585] CALLABLE_PART expanded_parts/__callable/project_symbol_index_group_6.o
[403/585] CALLABLE_PART expanded_parts/__callable/project_symbol_index_group_7.o
[404/585] CALLABLE_PART expanded_parts/__callable/reference_identity_group_0.o
[405/585] CALLABLE_PART expanded_parts/__callable/source_buffers_group_0.o
[406/585] CALLABLE_PART expanded_parts/__callable/project_symbol_index_group_8.o
[407/585] CALLABLE_PART expanded_parts/__callable/source_identity_group_0.o
[408/585] CALLABLE_PART expanded_parts/__callable/source_identity_group_1.o
[409/585] CALLABLE_PART expanded_parts/__callable/source_units_group_1.o
[410/585] CALLABLE_PART expanded_parts/__callable/source_units_group_0.o
[411/585] CALLABLE_PART expanded_parts/__callable/source_units_group_3.o
[412/585] CALLABLE_PART expanded_parts/__callable/source_units_group_2.o
[413/585] CALLABLE_PART expanded_parts/__callable/source_units_group_8.o
[414/585] CALLABLE_PART expanded_parts/__callable/source_units_group_4.o
[415/585] CALLABLE_PART expanded_parts/__callable/type_ref_identity_group_0.o
[416/585] CALLABLE_PART expanded_parts/__callable/type_refs_group_0.o
[417/585] CALLABLE_PART expanded_parts/__callable/source_units_group_5.o
[418/585] CALLABLE_PART expanded_parts/__callable/type_refs_group_2.o
[419/585] CALLABLE_PART expanded_parts/__callable/source_units_group_7.o
[420/585] CALLABLE_PART expanded_parts/__callable/type_refs_group_1.o
[421/585] CALLABLE_PART expanded_parts/__callable/type_refs_group_3.o
[422/585] CALLABLE_PART expanded_parts/__callable/source_units_group_6.o
[423/585] CALLABLE_PART expanded_parts/__callable/type_refs_group_4.o
[424/585] CALLABLE_PART expanded_parts/__callable/type_refs_group_5.o
[425/585] CALLABLE_PART expanded_parts/__callable/operation_readiness_group_1.o
[426/585] CALLABLE_PART expanded_parts/__callable/type_refs_group_8.o
[427/585] CALLABLE_PART expanded_parts/__callable/type_refs_group_7.o
[428/585] CALLABLE_PART expanded_parts/__callable/operation_readiness_group_2.o
[429/585] CALLABLE_PART expanded_parts/__callable/type_refs_group_6.o
[430/585] CALLABLE_PART expanded_parts/__callable/operation_readiness_group_0.o
[431/585] CALLABLE_PART expanded_parts/__callable/operation_readiness_group_4.o
[432/585] CALLABLE_PART expanded_parts/__callable/operation_readiness_group_3.o
[433/585] CALLABLE_PART expanded_parts/__callable/operation_readiness_group_5.o
[434/585] CALLABLE_PART expanded_parts/__callable/operation_readiness_group_6.o
[435/585] CALLABLE_PART expanded_parts/__callable/operation_readiness_group_8.o
[436/585] CALLABLE_PART expanded_parts/__callable/operation_readiness_group_7.o
[437/585] CALLABLE_PART expanded_parts/__callable/compiler_pipeline_runner_group_0.o
[438/585] CALLABLE_PART expanded_parts/__callable/compiler_project_runner_group_0.o
[439/585] CALLABLE_PART expanded_parts/__callable/operation_readiness_group_9.o
[440/585] CALLABLE_PART expanded_parts/__callable/compiler_project_runner_group_2.o
[441/585] CALLABLE_PART expanded_parts/__callable/pipeline_config_helpers_group_1.o
[442/585] CALLABLE_PART expanded_parts/__callable/project_manifest_group_1.o
[443/585] CALLABLE_PART expanded_parts/__callable/pipeline_config_helpers_group_0.o
[444/585] CALLABLE_PART expanded_parts/__callable/compiler_project_runner_group_1.o
[445/585] CALLABLE_PART expanded_parts/__callable/semantic_body_capability_consumers_group_0.o
[446/585] CALLABLE_PART expanded_parts/__callable/project_manifest_group_0.o
[447/585] CALLABLE_PART expanded_parts/__callable/artifact_writes_group_0.o
[448/585] CALLABLE_PART expanded_parts/__callable/artifact_writes_group_1.o
[449/585] CALLABLE_PART expanded_parts/__callable/compiler_profile_events_group_0.o
[450/585] CALLABLE_PART expanded_parts/__callable/artifact_writes_group_2.o
[451/585] CALLABLE_PART expanded_parts/__callable/compiler_execution_artifacts_group_0.o
[452/585] CALLABLE_PART expanded_parts/__callable/compiler_export_artifacts_group_0.o
[453/585] CALLABLE_PART expanded_parts/__callable/compiler_profile_events_group_1.o
[454/585] CALLABLE_PART expanded_parts/__callable/debug_profile_gate_results_group_0.o
[455/585] CALLABLE_PART expanded_parts/__callable/compiler_profile_events_group_2.o
[456/585] CALLABLE_PART expanded_parts/__callable/output_paths_group_0.o
[457/585] CALLABLE_PART expanded_parts/__callable/compiler_project_run_row_artifacts_group_0.o
[458/585] CALLABLE_PART expanded_parts/__callable/performance_memory_estimates_group_0.o
[459/585] CALLABLE_PART expanded_parts/__callable/debug_profile_gate_results_group_1.o
[460/585] CALLABLE_PART expanded_parts/__callable/mt_publication_metrics_group_0.o
[461/585] CALLABLE_PART expanded_parts/__callable/performance_memory_estimates_group_2.o
[462/585] CALLABLE_PART expanded_parts/__callable/performance_memory_estimates_group_3.o
[463/585] CALLABLE_PART expanded_parts/__callable/production_mt_heartbeat_group_0.o
[464/585] CALLABLE_PART expanded_parts/__callable/performance_memory_estimates_group_1.o
[465/585] CALLABLE_PART expanded_parts/__callable/proof_metrics_group_0.o
[466/585] CALLABLE_PART expanded_parts/__callable/proof_metrics_group_1.o
[467/585] CALLABLE_PART expanded_parts/__callable/production_mt_heartbeat_group_1.o
[468/585] CALLABLE_PART expanded_parts/__callable/proof_metrics_group_2.o
[469/585] CALLABLE_PART expanded_parts/__callable/proof_metrics_group_3.o
[470/585] CALLABLE_PART expanded_parts/__callable/proof_metrics_group_4.o
[471/585] CALLABLE_PART expanded_parts/__callable/proof_metrics_group_6.o
[472/585] CALLABLE_PART expanded_parts/__callable/proof_metrics_group_5.o
[473/585] CALLABLE_PART expanded_parts/__callable/proof_metrics_group_7.o
[474/585] CALLABLE_PART expanded_parts/__callable/proof_metrics_group_9.o
[475/585] CALLABLE_PART expanded_parts/__callable/proof_metrics_group_8.o
[476/585] CALLABLE_PART expanded_parts/__callable/proof_metrics_group_10.o
[477/585] CALLABLE_PART expanded_parts/__callable/proof_metrics_group_11.o
[478/585] CALLABLE_PART expanded_parts/__callable/proof_metrics_group_13.o
[479/585] CALLABLE_PART expanded_parts/__callable/proof_metrics_group_12.o
[480/585] CALLABLE_PART expanded_parts/__callable/proof_metrics_group_15.o
[481/585] CALLABLE_PART expanded_parts/__callable/proof_metrics_group_17.o
[482/585] CALLABLE_PART expanded_parts/__callable/proof_metrics_group_16.o
[483/585] CALLABLE_PART expanded_parts/__callable/proof_metrics_group_14.o
[484/585] CALLABLE_PART expanded_parts/__callable/proof_metrics_group_18.o
[485/585] CALLABLE_PART expanded_parts/__callable/proof_metrics_group_19.o
[486/585] CALLABLE_PART expanded_parts/__callable/proof_metrics_group_21.o
[487/585] CALLABLE_PART expanded_parts/__callable/proof_metrics_group_22.o
[488/585] CALLABLE_PART expanded_parts/__callable/proof_metrics_group_20.o
[489/585] CALLABLE_PART expanded_parts/__callable/proof_metrics_group_23.o
[490/585] CALLABLE_PART expanded_parts/__callable/proof_metrics_group_25.o
[491/585] CALLABLE_PART expanded_parts/__callable/proof_metrics_group_24.o
[492/585] CALLABLE_PART expanded_parts/__callable/proof_metrics_group_26.o
[493/585] CALLABLE_PART expanded_parts/__callable/proof_metrics_group_27.o
[494/585] CALLABLE_PART expanded_parts/__callable/proof_metrics_group_31.o
[495/585] CALLABLE_PART expanded_parts/__callable/proof_metrics_group_29.o
[496/585] CALLABLE_PART expanded_parts/__callable/proof_metrics_group_28.o
[497/585] CALLABLE_PART expanded_parts/__callable/proof_metrics_group_30.o
[498/585] CALLABLE_PART expanded_parts/__callable/proof_metrics_group_32.o
[499/585] CALLABLE_PART expanded_parts/__callable/proof_metrics_group_33.o
[500/585] CALLABLE_PART expanded_parts/__callable/proof_metrics_group_35.o
[501/585] CALLABLE_PART expanded_parts/__callable/proof_metrics_group_34.o
[502/585] CALLABLE_PART expanded_parts/__callable/proof_metrics_group_37.o
[503/585] CALLABLE_PART expanded_parts/__callable/proof_metrics_group_36.o
[504/585] CALLABLE_PART expanded_parts/__callable/proof_metrics_group_39.o
[505/585] CALLABLE_PART expanded_parts/__callable/proof_metrics_group_38.o
[506/585] CALLABLE_PART expanded_parts/__callable/proof_metrics_group_40.o
[507/585] CALLABLE_PART expanded_parts/__callable/proof_metrics_group_44.o
[508/585] CALLABLE_PART expanded_parts/__callable/proof_metrics_group_41.o
[509/585] CALLABLE_PART expanded_parts/__callable/proof_metrics_group_43.o
[510/585] CALLABLE_PART expanded_parts/__callable/proof_metrics_group_42.o
[511/585] CALLABLE_PART expanded_parts/__callable/pure_tdd_stage_artifacts_group_1.o
[512/585] CALLABLE_PART expanded_parts/__callable/proof_metrics_group_45.o
[513/585] CALLABLE_PART expanded_parts/__callable/proof_metrics_group_46.o
[514/585] CALLABLE_PART expanded_parts/__callable/resident_snapshots_group_0.o
[515/585] CALLABLE_PART expanded_parts/__callable/pure_tdd_stage_artifacts_group_0.o
[516/585] CALLABLE_PART expanded_parts/__callable/gate_result_debug_helpers_group_0.o
[517/585] CALLABLE_PART expanded_parts/__callable/source_files_group_0.o
[518/585] CALLABLE_PART expanded_parts/__callable/resident_snapshots_group_1.o
[519/585] CALLABLE_PART expanded_parts/__callable/semantic_callable_candidates_group_0.o
[520/585] CALLABLE_PART expanded_parts/__callable/semantic_conversion_lookup_group_0.o
[521/585] CALLABLE_PART expanded_parts/__callable/semantic_conversion_lookup_group_2.o
[522/585] CALLABLE_PART expanded_parts/__callable/semantic_lookup_manifest_generated_group_0.o
[523/585] CALLABLE_PART expanded_parts/__callable/semantic_callable_candidates_group_1.o
[524/585] CALLABLE_PART expanded_parts/__callable/semantic_conversion_lookup_group_1.o
[525/585] CALLABLE_PART expanded_parts/__callable/semantic_module_api_lookup_group_0.o
[526/585] CALLABLE_PART expanded_parts/__callable/semantic_lookup_manifest_generated_group_1.o
[527/585] CALLABLE_PART expanded_parts/__callable/semantic_module_api_lookup_group_1.o
[528/585] CALLABLE_PART expanded_parts/__callable/semantic_operator_lookup_group_0.o
[529/585] CALLABLE_PART expanded_parts/__callable/semantic_operator_lookup_group_1.o
[530/585] CALLABLE_PART expanded_parts/__callable/semantic_module_api_lookup_group_3.o
[531/585] CALLABLE_PART expanded_parts/__callable/semantic_runtime_abi_bridge_group_1.o
[532/585] CALLABLE_PART expanded_parts/__callable/semantic_runtime_abi_bridge_group_0.o
[533/585] CALLABLE_PART expanded_parts/__callable/semantic_operator_lookup_group_4.o
[534/585] CALLABLE_PART expanded_parts/__callable/semantic_operator_lookup_group_3.o
[535/585] CALLABLE_PART expanded_parts/__callable/semantic_operator_lookup_group_5.o
[536/585] CALLABLE_PART expanded_parts/__callable/semantic_module_api_lookup_group_2.o
[537/585] CALLABLE_PART expanded_parts/__callable/semantic_operator_lookup_group_2.o
[538/585] CALLABLE_PART expanded_parts/__callable/semantic_runtime_abi_bridge_group_2.o
[539/585] CALLABLE_PART expanded_parts/__callable/semantic_runtime_abi_bridge_group_3.o
[540/585] CALLABLE_PART expanded_parts/__callable/semantic_runtime_abi_bridge_group_4.o
[541/585] CALLABLE_PART expanded_parts/__callable/semantic_runtime_abi_declarations_group_0.o
[542/585] CALLABLE_PART expanded_parts/__callable/semantic_type_ref_providers_group_0.o
[543/585] CALLABLE_PART expanded_parts/__callable/semantic_runtime_abi_declarations_group_1.o
[544/585] CALLABLE_PART expanded_parts/__callable/semantic_runtime_abi_declarations_group_2.o
[545/585] CALLABLE_PART expanded_parts/__callable/semantic_runtime_abi_bridge_group_5.o
[546/585] CALLABLE_PART expanded_parts/__callable/semantic_type_ref_providers_group_2.o
[547/585] CALLABLE_PART expanded_parts/__callable/semantic_type_ref_providers_group_1.o
[548/585] CALLABLE_PART expanded_parts/__callable/semantic_type_ref_providers_group_3.o
[549/585] CALLABLE_PART expanded_parts/__callable/gate_result_inspection_helpers_group_0.o
[550/585] CALLABLE_PART expanded_parts/__callable/gate_profile_helpers_group_0.o
[551/585] CALLABLE_PART expanded_parts/__callable/backend_request_row_lists_group_0.o
[552/585] CALLABLE_PART expanded_parts/__callable/backend_request_row_lists_group_1.o
[553/585] CALLABLE_PART expanded_parts/__callable/frontend_model_tables_group_0.o
[554/585] CALLABLE_PART expanded_parts/__callable/frontend_model_tables_group_1.o
[555/585] CALLABLE_PART expanded_parts/__callable/frontend_model_tables_group_3.o
[556/585] CALLABLE_PART expanded_parts/__callable/frontend_model_tables_group_2.o
[557/585] CALLABLE_PART expanded_parts/__callable/frontend_model_tables_group_5.o
[558/585] CALLABLE_PART expanded_parts/__callable/frontend_model_tables_group_7.o
[559/585] CALLABLE_PART expanded_parts/__callable/frontend_model_tables_group_4.o
[560/585] CALLABLE_PART expanded_parts/__callable/frontend_model_tables_group_6.o
[561/585] CALLABLE_PART expanded_parts/__callable/frontend_node_lists_group_1.o
[562/585] CALLABLE_PART expanded_parts/__callable/frontend_model_tables_group_8.o
[563/585] CALLABLE_PART expanded_parts/__callable/frontend_node_lists_group_2.o
[564/585] CALLABLE_PART expanded_parts/__callable/structure_row_ids_group_0.o
[565/585] CALLABLE_PART expanded_parts/__callable/frontend_node_lists_group_0.o
[566/585] CALLABLE_PART expanded_parts/__callable/frontend_node_lists_group_3.o
[567/585] CALLABLE_PART expanded_parts/__callable/row_segment_policy_group_1.o
[568/585] CALLABLE_PART expanded_parts/__callable/token_row_lists_group_0.o
[569/585] CALLABLE_PART expanded_parts/__callable/structure_row_ids_group_1.o
[570/585] CALLABLE_PART expanded_parts/__callable/row_segment_policy_group_0.o
[571/585] CALLABLE_PART expanded_parts/__callable/token_row_lists_group_2.o
[572/585] CALLABLE_PART expanded_parts/__callable/token_row_lists_group_1.o
[573/585] CALLABLE_PART expanded_parts/__callable/token_tables_group_1.o
[574/585] CALLABLE_PART expanded_parts/__callable/token_tables_group_0.o
[575/585] CALLABLE_PART expanded_parts/compile/model/source_units/part_0.o
[576/585] CALLABLE_PART expanded_parts/__callable/token_tables_group_3.o
[577/585] CALLABLE_PART expanded_parts/__callable/token_tables_group_2.o
[578/585] CALLABLE_PART expanded_parts/compile/incremental/resident_source_unit_frontend_payload_tables/part_0.o
[579/585] CALLABLE_PART expanded_parts/compile/backend/backend_object_link_cache/part_0.o
[580/585] CALLABLE_PART expanded_parts/compile/backend/lowering_plan/part_0.o
[581/585] CALLABLE_PART expanded_parts/compile/backend/llvm_text_from_plan/part_0.o
[582/585] CALLABLE_PART expanded_parts/compile/capabilities/storage_lifetime_readiness/part_0.o
[583/585] CALLABLE_PART expanded_parts/compile/capabilities/type_capability_readiness/part_0.o
[584/585] CALLABLE_PART expanded_parts/compile/model/project_reference_resolution/part_0.o
[585/585] LINK main
