Transpiled PHP files: 36, skipped unchanged: 0
Generated Ninja file: .prism/build/build.ninja
Using compiler: clang++-18 -fuse-ld=mold (gnu_like)
Using build mode: debug
Using build grouping policy: incremental (report_only)
Object cache: disabled (default disabled)
Using repo root: /tmp/scpp-json-240-probe
Resolved project dependency graph: 1 project(s)
Runtime compilation: enabled
Dependency compilation: reuse existing artifacts only
ninja: Entering directory `.prism/build'
[1/38] PCH app_pch.hpp.gch
[2/38] CXX scpp_framework/collections.o
[3/38] CXX scpp_framework/filesystem.o
[4/38] CXX src/04_analyze/type_model/data/callable_modes.o
[5/38] CXX src/04_analyze/type_model/data/context.o
[6/38] CXX src/04_analyze/resolve_types/data/lifecycle_bodies.o
[7/38] CXX src/04_analyze/type_model/data/definitions.o
[8/38] CXX src/04_analyze/resolve_types/utilities/type_cache.o
[9/38] CXX scpp_framework/exceptions.o
[10/38] CXX main.o
[11/38] CXX scpp_framework/strings.o
[12/38] CXX scpp_framework/json_document.o
[13/38] CXX src/04_analyze/type_model/data/callables.o
[14/38] CXX src/04_analyze/type_model/data/catalog.o
[15/38] CXX src/04_analyze/resolve_types/lifecycle_composition.o
[16/38] CXX probe.o
[17/38] CXX src/01_prepare_inputs/load_runtime/utilities/catalog_syntax.o
[18/38] CXX src/04_analyze/type_model/data/lifetime_policy_codec.o
[19/38] CXX src/04_analyze/type_model/data/lifecycle_roles.o
[20/38] CXX src/04_analyze/type_model/data/representations.o
[21/38] CXX src/04_analyze/type_model/data/native_record_layout.o
[22/38] CXX src/04_analyze/type_model/data/lifecycle.o
[23/38] CXX src/04_analyze/type_model/data/semantic_modes.o
[24/38] CXX src/04_analyze/type_model/data/records.o
[25/38] CXX src/04_analyze/type_model/data/lifetime_contract.o
[26/38] CXX src/04_analyze/type_model/data/semantic_calls.o
[27/38] CXX src/04_analyze/type_model/data/type_record.o
[28/38] CXX src/04_analyze/type_model/data/resources.o
[29/38] CXX src/05_generate_code/prepare_backend/data/configuration.o
[30/38] CXX src/04_analyze/type_model/result_contracts.o
[31/38] CXX src/04_analyze/type_model/data/type_references.o
[32/38] CXX src/04_analyze/type_model/data/storage.o
[33/38] CXX src/05_generate_code/prepare_backend/data/layout_capture.o
[34/38] CXX src/04_analyze/type_model/data/store.o
[35/38] CXX src/05_generate_code/prepare_backend/utilities/layout_ids.o
[36/38] CXX src/05_generate_code/prepare_backend/data/layout.o
[37/38] CXX src/05_generate_code/prepare_backend/layout_capture.o
[38/38] LINK main
Rebuilt outputs: .prism/build/app_pch.hpp.gch, .prism/build/main, .prism/build/main.o, .prism/build/probe.o, .prism/build/scpp_framework/collections.o, .prism/build/scpp_framework/exceptions.o, .prism/build/scpp_framework/filesystem.o, .prism/build/scpp_framework/json_document.o, .prism/build/scpp_framework/strings.o, .prism/build/src/01_prepare_inputs/load_runtime/utilities/catalog_syntax.o, .prism/build/src/04_analyze/resolve_types/data/lifecycle_bodies.o, .prism/build/src/04_analyze/resolve_types/lifecycle_composition.o, .prism/build/src/04_analyze/resolve_types/utilities/type_cache.o, .prism/build/src/04_analyze/type_model/data/callable_modes.o, .prism/build/src/04_analyze/type_model/data/callables.o, .prism/build/src/04_analyze/type_model/data/catalog.o, .prism/build/src/04_analyze/type_model/data/context.o, .prism/build/src/04_analyze/type_model/data/definitions.o, .prism/build/src/04_analyze/type_model/data/lifecycle.o, .prism/build/src/04_analyze/type_model/data/lifecycle_roles.o, .prism/build/src/04_analyze/type_model/data/lifetime_contract.o, .prism/build/src/04_analyze/type_model/data/lifetime_policy_codec.o, .prism/build/src/04_analyze/type_model/data/native_record_layout.o, .prism/build/src/04_analyze/type_model/data/records.o, .prism/build/src/04_analyze/type_model/data/representations.o, .prism/build/src/04_analyze/type_model/data/resources.o, .prism/build/src/04_analyze/type_model/data/semantic_calls.o, .prism/build/src/04_analyze/type_model/data/semantic_modes.o, .prism/build/src/04_analyze/type_model/data/storage.o, .prism/build/src/04_analyze/type_model/data/store.o, .prism/build/src/04_analyze/type_model/data/type_record.o, .prism/build/src/04_analyze/type_model/data/type_references.o, .prism/build/src/04_analyze/type_model/result_contracts.o, .prism/build/src/05_generate_code/prepare_backend/data/configuration.o, .prism/build/src/05_generate_code/prepare_backend/data/layout.o, .prism/build/src/05_generate_code/prepare_backend/data/layout_capture.o, .prism/build/src/05_generate_code/prepare_backend/layout_capture.o, .prism/build/src/05_generate_code/prepare_backend/utilities/layout_ids.o
Tip: set SCPP_NINJA_VERBOSE=1 to show full Ninja command lines.
Build completed: .prism/build/main
