Transpiled PHP files: 155, skipped unchanged: 0
Generated Ninja file: .prism/build/build.ninja
Using compiler: clang++-18 -fuse-ld=mold (gnu_like)
Using build mode: debug
Using build grouping policy: incremental (report_only)
Object cache: disabled (default disabled)
Using repo root: /tmp/scpp-json-240-probe
Resolved project dependency graph: 1 project(s)
Runtime compilation: enabled
Dependency compilation: reuse existing artifacts only
ninja: Entering directory `.prism/build'
[1/157] PCH app_pch.hpp.gch
[2/157] CXX fixture.o
[3/157] CXX scpp_framework/exceptions.o
[4/157] CXX scpp_framework/json_document.o
[5/157] CXX src/01_prepare_inputs/load_runtime/data/family_preparation.o
[6/157] CXX scpp_framework/collections.o
[7/157] CXX src/01_prepare_inputs/load_runtime/data/package_bindings.o
[8/157] CXX scpp_framework/filesystem.o
[9/157] CXX probe.o
[10/157] CXX src/01_prepare_inputs/load_runtime/data/project.o
[11/157] CXX main.o
[12/157] CXX scpp_framework/strings.o
[13/157] CXX src/01_prepare_inputs/load_runtime/data/package_context.o
[14/157] CXX src/01_prepare_inputs/load_runtime/data/runtime.o
[15/157] CXX src/01_prepare_inputs/load_runtime/handlers/lifecycle.o
[16/157] CXX src/01_prepare_inputs/load_runtime/data/family_results.o
[17/157] CXX src/01_prepare_inputs/load_runtime/data/package.o
[18/157] CXX src/01_prepare_inputs/load_runtime/handlers/native_import.o
[19/157] CXX src/01_prepare_inputs/load_runtime/main_load_runtime.o
[20/157] CXX src/01_prepare_inputs/load_runtime/handlers/package_syntax.o
[21/157] CXX src/02_tokenize/store.o
[22/157] CXX src/01_prepare_inputs/load_runtime/handlers/package_types.o
[23/157] CXX src/01_prepare_inputs/load_runtime/handlers/type_exposure.o
[24/157] CXX src/01_prepare_inputs/load_runtime/project_import.o
[25/157] CXX src/01_prepare_inputs/read_sources/data/buffer.o
[26/157] CXX src/02_tokenize/structures.o
[27/157] CXX src/03_parse/data/expression_state.o
[28/157] CXX src/03_parse/data/nodes.o
[29/157] CXX src/02_tokenize/tokenize.o
[30/157] CXX src/01_prepare_inputs/load_runtime/handlers/resources.o
[31/157] CXX src/01_prepare_inputs/load_runtime/utilities/catalog_syntax.o
[32/157] CXX src/03_parse/data/result.o
[33/157] CXX src/01_prepare_inputs/load_runtime/handlers/package_type_map.o
[34/157] CXX src/03_parse/handlers/control_statements.o
[35/157] CXX src/03_parse/data/role_views.o
[36/157] CXX src/03_parse/handlers/statements.o
[37/157] CXX src/03_parse/handlers/declarations.o
[38/157] CXX src/03_parse/data/store.o
[39/157] CXX src/03_parse/data/tree.o
[40/157] CXX src/03_parse/handlers/expressions.o
[41/157] CXX src/03_parse/handlers/metaprogramming.o
[42/157] CXX src/03_parse/utilities/struct_member_cursor.o
[43/157] CXX src/03_parse/utilities/metaprogramming_syntax.o
[44/157] CXX src/03_parse/main_parse.o
[45/157] CXX src/03_parse/select_tasks.o
[46/157] CXX src/03_parse/join.o
[47/157] CXX src/03_parse/utilities/binary_syntax.o
[48/157] CXX src/03_parse/parse_file.o
[49/157] CXX src/03_parse/utilities/syntax_access.o
[50/157] CXX src/03_parse/utilities/syntax_comparer.o
[51/157] CXX src/04_analyze/check_templates/data/interpretation.o
[52/157] CXX src/04_analyze/check_bodies/utilities/literals.o
[53/157] CXX src/04_analyze/check_templates/data/structures.o
[54/157] CXX src/04_analyze/check_bodies/utilities/decimal_range.o
[55/157] CXX src/04_analyze/check_templates/data/terms.o
[56/157] CXX src/04_analyze/check_templates/data/result.o
[57/157] CXX src/04_analyze/check_templates/body.o
[58/157] CXX src/04_analyze/check_templates/select_tasks.o
[59/157] CXX src/04_analyze/collect_symbols/collect.o
[60/157] CXX src/04_analyze/check_templates/join.o
[61/157] CXX src/04_analyze/check_templates/main_check_templates.o
[62/157] CXX src/04_analyze/collect_symbols/data/result.o
[63/157] CXX src/04_analyze/collect_symbols/data/provider_declaration.o
[64/157] CXX src/04_analyze/collect_symbols/data/structures.o
[65/157] CXX src/04_analyze/check_templates/terms.o
[66/157] CXX src/04_analyze/instantiate/bindings.o
[67/157] CXX src/04_analyze/instantiate/applications.o
[68/157] CXX src/04_analyze/collect_symbols/data/store.o
[69/157] CXX src/04_analyze/instantiate/data/members.o
[70/157] CXX src/04_analyze/instantiate/data/context.o
[71/157] CXX src/04_analyze/collect_symbols/main_collect_symbols.o
[72/157] CXX src/04_analyze/instantiate/constants.o
[73/157] CXX src/04_analyze/instantiate/data/applications.o
[74/157] CXX src/04_analyze/instantiate/data/state.o
[75/157] CXX src/04_analyze/instantiate/members.o
[76/157] CXX src/04_analyze/instantiate/data/result.o
[77/157] CXX src/04_analyze/instantiate/identities.o
[78/157] CXX src/04_analyze/resolve_symbols/data/declarations.o
[79/157] CXX src/04_analyze/resolve_symbols/data/structures.o
[80/157] CXX src/04_analyze/instantiate/data/store.o
[81/157] CXX src/04_analyze/instantiate/data/view.o
[82/157] CXX src/04_analyze/instantiate/join.o
[83/157] CXX src/04_analyze/instantiate/policy.o
[84/157] CXX src/04_analyze/instantiate/member_join.o
[85/157] CXX src/04_analyze/resolve_symbols/data/traversal.o
[86/157] CXX src/04_analyze/resolve_symbols/data/store.o
[87/157] CXX src/04_analyze/resolve_symbols/handlers/declarations.o
[88/157] CXX src/04_analyze/resolve_symbols/data/result.o
[89/157] CXX src/04_analyze/resolve_symbols/handlers/expressions.o
[90/157] CXX src/04_analyze/resolve_symbols/handlers/names.o
[91/157] CXX src/04_analyze/resolve_symbols/handlers/statements.o
[92/157] CXX src/04_analyze/resolve_symbols/body.o
[93/157] CXX src/04_analyze/resolve_symbols/utilities/declaration_lookup.o
[94/157] CXX src/04_analyze/resolve_symbols/main_resolve_symbols.o
[95/157] CXX src/04_analyze/resolve_types/data/entry_contract.o
[96/157] CXX src/04_analyze/resolve_symbols/utilities/function_lookup.o
[97/157] CXX src/04_analyze/resolve_symbols/utilities/resolution_validity.o
[98/157] CXX src/04_analyze/resolve_symbols/select_tasks.o
[99/157] CXX src/04_analyze/resolve_symbols/join.o
[100/157] CXX src/04_analyze/resolve_symbols/utilities/binding_coverage.o
[101/157] CXX src/04_analyze/resolve_types/data/export_identity.o
[102/157] CXX src/04_analyze/resolve_types/data/lifecycle_bodies.o
[103/157] CXX src/04_analyze/resolve_types/data/records.o
[104/157] CXX src/04_analyze/resolve_types/data/entry_selection.o
[105/157] CXX src/04_analyze/resolve_types/data/result.o
[106/157] CXX src/04_analyze/resolve_types/data/signatures.o
[107/157] CXX src/04_analyze/resolve_types/data/signature_set.o
[108/157] CXX src/04_analyze/resolve_types/main_prepare_entry.o
[109/157] CXX src/04_analyze/resolve_types/select_signatures.o
[110/157] CXX src/04_analyze/resolve_types/lifecycle_composition.o
[111/157] CXX src/04_analyze/resolve_types/definition_view.o
[112/157] CXX src/04_analyze/resolve_types/data/type_resolution.o
[113/157] CXX src/04_analyze/resolve_types/source_lifecycle_bodies.o
[114/157] CXX src/04_analyze/resolve_types/source_lifecycle.o
[115/157] CXX src/04_analyze/resolve_types/record_definitions.o
[116/157] CXX src/04_analyze/resolve_types/record_join.o
[117/157] CXX src/04_analyze/resolve_types/storage.o
[118/157] CXX src/04_analyze/resolve_types/records.o
[119/157] CXX src/04_analyze/resolve_types/signatures.o
[120/157] CXX src/04_analyze/resolve_types/source_lifecycle_signature.o
[121/157] CXX src/04_analyze/resolve_types/storage_signatures.o
[122/157] CXX src/04_analyze/resolve_types/signature_join.o
[123/157] CXX src/04_analyze/resolve_types/utilities/annotation_types.o
[124/157] CXX src/04_analyze/resolve_types/utilities/type_cache.o
[125/157] CXX src/04_analyze/type_model/callable_contracts.o
[126/157] CXX src/04_analyze/resolve_types/utilities/parameter_contracts.o
[127/157] CXX src/04_analyze/type_model/data/callable_modes.o
[128/157] CXX src/04_analyze/resolve_types/utilities/signature_validity.o
[129/157] CXX src/04_analyze/resolve_types/utilities/callable_inputs.o
[130/157] CXX src/04_analyze/type_model/data/definitions.o
[131/157] CXX src/04_analyze/type_model/data/callables.o
[132/157] CXX src/04_analyze/type_model/data/generic.o
[133/157] CXX src/04_analyze/type_model/data/context.o
[134/157] CXX src/04_analyze/type_model/data/catalog.o
[135/157] CXX src/04_analyze/type_model/data/lifecycle_roles.o
[136/157] CXX src/04_analyze/type_model/data/families.o
[137/157] CXX src/04_analyze/type_model/data/lifecycle.o
[138/157] CXX src/04_analyze/type_model/data/lifetime_policy_codec.o
[139/157] CXX src/04_analyze/type_model/data/native_record_layout.o
[140/157] CXX src/04_analyze/type_model/data/lifetime_contract.o
[141/157] CXX src/04_analyze/type_model/data/records.o
[142/157] CXX src/04_analyze/type_model/data/semantic_modes.o
[143/157] CXX src/04_analyze/type_model/data/semantic_calls.o
[144/157] CXX src/04_analyze/type_model/data/resources.o
[145/157] CXX src/04_analyze/type_model/data/type_record.o
[146/157] CXX src/04_analyze/type_model/result_contracts.o
[147/157] CXX src/04_analyze/type_model/data/representations.o
[148/157] CXX src/04_analyze/type_model/data/source_families.o
[149/157] CXX src/05_generate_code/prepare_backend/data/abi.o
[150/157] CXX src/04_analyze/type_model/data/storage.o
[151/157] CXX src/05_generate_code/prepare_backend/data/configuration.o
[152/157] CXX src/04_analyze/type_model/data/type_references.o
[153/157] CXX src/05_generate_code/prepare_backend/data/layout.o
[154/157] CXX src/04_analyze/type_model/data/store.o
[155/157] CXX src/compile/data/native_project.o
[156/157] CXX src/05_generate_code/prepare_backend/data/source_exports.o
[157/157] LINK main
Rebuilt outputs: .prism/build/app_pch.hpp.gch, .prism/build/fixture.o, .prism/build/main, .prism/build/main.o, .prism/build/probe.o, .prism/build/scpp_framework/collections.o, .prism/build/scpp_framework/exceptions.o, .prism/build/scpp_framework/filesystem.o, .prism/build/scpp_framework/json_document.o, .prism/build/scpp_framework/strings.o, .prism/build/src/01_prepare_inputs/load_runtime/data/family_preparation.o, .prism/build/src/01_prepare_inputs/load_runtime/data/family_results.o, .prism/build/src/01_prepare_inputs/load_runtime/data/package.o, .prism/build/src/01_prepare_inputs/load_runtime/data/package_bindings.o, .prism/build/src/01_prepare_inputs/load_runtime/data/package_context.o, .prism/build/src/01_prepare_inputs/load_runtime/data/project.o, .prism/build/src/01_prepare_inputs/load_runtime/data/runtime.o, .prism/build/src/01_prepare_inputs/load_runtime/handlers/lifecycle.o, .prism/build/src/01_prepare_inputs/load_runtime/handlers/native_import.o, .prism/build/src/01_prepare_inputs/load_runtime/handlers/package_syntax.o, .prism/build/src/01_prepare_inputs/load_runtime/handlers/package_type_map.o, .prism/build/src/01_prepare_inputs/load_runtime/handlers/package_types.o, .prism/build/src/01_prepare_inputs/load_runtime/handlers/resources.o, .prism/build/src/01_prepare_inputs/load_runtime/handlers/type_exposure.o, .prism/build/src/01_prepare_inputs/load_runtime/main_load_runtime.o, .prism/build/src/01_prepare_inputs/load_runtime/project_import.o, .prism/build/src/01_prepare_inputs/load_runtime/utilities/catalog_syntax.o, .prism/build/src/01_prepare_inputs/read_sources/data/buffer.o, .prism/build/src/02_tokenize/store.o, .prism/build/src/02_tokenize/structures.o, .prism/build/src/02_tokenize/tokenize.o, .prism/build/src/03_parse/data/expression_state.o, .prism/build/src/03_parse/data/nodes.o, .prism/build/src/03_parse/data/result.o, .prism/build/src/03_parse/data/role_views.o, .prism/build/src/03_parse/data/store.o, .prism/build/src/03_parse/data/tree.o, .prism/build/src/03_parse/handlers/control_statements.o, .prism/build/src/03_parse/handlers/declarations.o, .prism/build/src/03_parse/handlers/expressions.o, .prism/build/src/03_parse/handlers/metaprogramming.o, .prism/build/src/03_parse/handlers/statements.o, .prism/build/src/03_parse/join.o, .prism/build/src/03_parse/main_parse.o, .prism/build/src/03_parse/parse_file.o, .prism/build/src/03_parse/select_tasks.o, .prism/build/src/03_parse/utilities/binary_syntax.o, .prism/build/src/03_parse/utilities/metaprogramming_syntax.o, .prism/build/src/03_parse/utilities/struct_member_cursor.o, .prism/build/src/03_parse/utilities/syntax_access.o, .prism/build/src/03_parse/utilities/syntax_comparer.o, .prism/build/src/04_analyze/check_bodies/utilities/decimal_range.o, .prism/build/src/04_analyze/check_bodies/utilities/literals.o, .prism/build/src/04_analyze/check_templates/body.o, .prism/build/src/04_analyze/check_templates/data/interpretation.o, .prism/build/src/04_analyze/check_templates/data/result.o, .prism/build/src/04_analyze/check_templates/data/structures.o, .prism/build/src/04_analyze/check_templates/data/terms.o, .prism/build/src/04_analyze/check_templates/join.o, .prism/build/src/04_analyze/check_templates/main_check_templates.o, .prism/build/src/04_analyze/check_templates/select_tasks.o, .prism/build/src/04_analyze/check_templates/terms.o, .prism/build/src/04_analyze/collect_symbols/collect.o, .prism/build/src/04_analyze/collect_symbols/data/provider_declaration.o, .prism/build/src/04_analyze/collect_symbols/data/result.o, .prism/build/src/04_analyze/collect_symbols/data/store.o, .prism/build/src/04_analyze/collect_symbols/data/structures.o, .prism/build/src/04_analyze/collect_symbols/main_collect_symbols.o, .prism/build/src/04_analyze/instantiate/applications.o, .prism/build/src/04_analyze/instantiate/bindings.o, .prism/build/src/04_analyze/instantiate/constants.o, .prism/build/src/04_analyze/instantiate/data/applications.o, .prism/build/src/04_analyze/instantiate/data/context.o, .prism/build/src/04_analyze/instantiate/data/members.o, .prism/build/src/04_analyze/instantiate/data/result.o, .prism/build/src/04_analyze/instantiate/data/state.o, .prism/build/src/04_analyze/instantiate/data/store.o, .prism/build/src/04_analyze/instantiate/data/view.o, .prism/build/src/04_analyze/instantiate/identities.o, .prism/build/src/04_analyze/instantiate/join.o, .prism/build/src/04_analyze/instantiate/member_join.o, .prism/build/src/04_analyze/instantiate/members.o, .prism/build/src/04_analyze/instantiate/policy.o, .prism/build/src/04_analyze/resolve_symbols/body.o, .prism/build/src/04_analyze/resolve_symbols/data/declarations.o, .prism/build/src/04_analyze/resolve_symbols/data/result.o, .prism/build/src/04_analyze/resolve_symbols/data/store.o, .prism/build/src/04_analyze/resolve_symbols/data/structures.o, .prism/build/src/04_analyze/resolve_symbols/data/traversal.o, .prism/build/src/04_analyze/resolve_symbols/handlers/declarations.o, .prism/build/src/04_analyze/resolve_symbols/handlers/expressions.o, .prism/build/src/04_analyze/resolve_symbols/handlers/names.o, .prism/build/src/04_analyze/resolve_symbols/handlers/statements.o, .prism/build/src/04_analyze/resolve_symbols/join.o, .prism/build/src/04_analyze/resolve_symbols/main_resolve_symbols.o, .prism/build/src/04_analyze/resolve_symbols/select_tasks.o, .prism/build/src/04_analyze/resolve_symbols/utilities/binding_coverage.o, .prism/build/src/04_analyze/resolve_symbols/utilities/declaration_lookup.o, .prism/build/src/04_analyze/resolve_symbols/utilities/function_lookup.o, .prism/build/src/04_analyze/resolve_symbols/utilities/resolution_validity.o, .prism/build/src/04_analyze/resolve_types/data/entry_contract.o, .prism/build/src/04_analyze/resolve_types/data/entry_selection.o, .prism/build/src/04_analyze/resolve_types/data/export_identity.o, .prism/build/src/04_analyze/resolve_types/data/lifecycle_bodies.o, .prism/build/src/04_analyze/resolve_types/data/records.o, .prism/build/src/04_analyze/resolve_types/data/result.o, .prism/build/src/04_analyze/resolve_types/data/signature_set.o, .prism/build/src/04_analyze/resolve_types/data/signatures.o, .prism/build/src/04_analyze/resolve_types/data/type_resolution.o, .prism/build/src/04_analyze/resolve_types/definition_view.o, .prism/build/src/04_analyze/resolve_types/lifecycle_composition.o, .prism/build/src/04_analyze/resolve_types/main_prepare_entry.o, .prism/build/src/04_analyze/resolve_types/record_definitions.o, .prism/build/src/04_analyze/resolve_types/record_join.o, .prism/build/src/04_analyze/resolve_types/records.o, .prism/build/src/04_analyze/resolve_types/select_signatures.o, .prism/build/src/04_analyze/resolve_types/signature_join.o, .prism/build/src/04_analyze/resolve_types/signatures.o, .prism/build/src/04_analyze/resolve_types/source_lifecycle.o, .prism/build/src/04_analyze/resolve_types/source_lifecycle_bodies.o, .prism/build/src/04_analyze/resolve_types/source_lifecycle_signature.o, .prism/build/src/04_analyze/resolve_types/storage.o, .prism/build/src/04_analyze/resolve_types/storage_signatures.o, .prism/build/src/04_analyze/resolve_types/utilities/annotation_types.o, .prism/build/src/04_analyze/resolve_types/utilities/callable_inputs.o, .prism/build/src/04_analyze/resolve_types/utilities/parameter_contracts.o, .prism/build/src/04_analyze/resolve_types/utilities/signature_validity.o, .prism/build/src/04_analyze/resolve_types/utilities/type_cache.o, .prism/build/src/04_analyze/type_model/callable_contracts.o, .prism/build/src/04_analyze/type_model/data/callable_modes.o, .prism/build/src/04_analyze/type_model/data/callables.o, .prism/build/src/04_analyze/type_model/data/catalog.o, .prism/build/src/04_analyze/type_model/data/context.o, .prism/build/src/04_analyze/type_model/data/definitions.o, .prism/build/src/04_analyze/type_model/data/families.o, .prism/build/src/04_analyze/type_model/data/generic.o, .prism/build/src/04_analyze/type_model/data/lifecycle.o, .prism/build/src/04_analyze/type_model/data/lifecycle_roles.o, .prism/build/src/04_analyze/type_model/data/lifetime_contract.o, .prism/build/src/04_analyze/type_model/data/lifetime_policy_codec.o, .prism/build/src/04_analyze/type_model/data/native_record_layout.o, .prism/build/src/04_analyze/type_model/data/records.o, .prism/build/src/04_analyze/type_model/data/representations.o, .prism/build/src/04_analyze/type_model/data/resources.o, .prism/build/src/04_analyze/type_model/data/semantic_calls.o, .prism/build/src/04_analyze/type_model/data/semantic_modes.o, .prism/build/src/04_analyze/type_model/data/source_families.o, .prism/build/src/04_analyze/type_model/data/storage.o, .prism/build/src/04_analyze/type_model/data/store.o, .prism/build/src/04_analyze/type_model/data/type_record.o, .prism/build/src/04_analyze/type_model/data/type_references.o, .prism/build/src/04_analyze/type_model/result_contracts.o, .prism/build/src/05_generate_code/prepare_backend/data/abi.o, .prism/build/src/05_generate_code/prepare_backend/data/configuration.o, .prism/build/src/05_generate_code/prepare_backend/data/layout.o, .prism/build/src/05_generate_code/prepare_backend/data/source_exports.o, .prism/build/src/compile/data/native_project.o
Tip: set SCPP_NINJA_VERBOSE=1 to show full Ninja command lines.
Build completed: .prism/build/main
