Transpiled PHP files: 187, skipped unchanged: 0
Generated Ninja file: .prism/build/build.ninja
Using compiler: clang++-18 -fuse-ld=mold (gnu_like)
Using build mode: debug
Using build grouping policy: incremental (report_only)
Object cache: disabled (default disabled)
Using repo root: /tmp/scpp-json-240-probe
Resolved project dependency graph: 1 project(s)
Runtime compilation: enabled
Dependency compilation: reuse existing artifacts only
ninja: Entering directory `.prism/build'
[1/189] PCH app_pch.hpp.gch
[2/189] CXX src/01_prepare_inputs/load_runtime/data/family_preparation.o
[3/189] CXX scpp_framework/collections.o
[4/189] CXX scpp_framework/exceptions.o
[5/189] CXX scpp_framework/json_document.o
[6/189] CXX src/01_prepare_inputs/load_runtime/data/runtime.o
[7/189] CXX src/01_prepare_inputs/load_runtime/data/package_context.o
[8/189] CXX src/01_prepare_inputs/load_runtime/data/package_bindings.o
[9/189] CXX scpp_framework/filesystem.o
[10/189] CXX main.o
[11/189] CXX src/01_prepare_inputs/load_runtime/data/project.o
[12/189] CXX scpp_framework/strings.o
[13/189] CXX src/01_prepare_inputs/load_runtime/data/family_results.o
[14/189] CXX src/01_prepare_inputs/load_runtime/handlers/lifecycle.o
[15/189] CXX src/01_prepare_inputs/load_runtime/data/package.o
[16/189] CXX probe.o
../generated/probe.cpp:154:3: warning: ignoring return value of function declared with 'nodiscard' attribute [-Wunused-result]
  154 |                 signatures.remove(own);
      |                 ^~~~~~~~~~~~~~~~~ ~~~
1 warning generated.
[17/189] CXX src/01_prepare_inputs/load_runtime/handlers/native_import.o
[18/189] CXX src/01_prepare_inputs/load_runtime/handlers/type_exposure.o
[19/189] CXX src/01_prepare_inputs/load_runtime/handlers/package_syntax.o
[20/189] CXX src/01_prepare_inputs/load_runtime/handlers/package_types.o
[21/189] CXX src/01_prepare_inputs/read_sources/data/buffer.o
[22/189] CXX src/01_prepare_inputs/load_runtime/project_import.o
[23/189] CXX src/01_prepare_inputs/load_runtime/handlers/resources.o
[24/189] CXX src/02_tokenize/store.o
[25/189] CXX src/03_parse/data/expression_state.o
[26/189] CXX fixture.o
[27/189] CXX src/02_tokenize/structures.o
[28/189] CXX src/01_prepare_inputs/load_runtime/main_load_runtime.o
[29/189] CXX src/02_tokenize/tokenize.o
[30/189] CXX src/01_prepare_inputs/load_runtime/utilities/catalog_syntax.o
[31/189] CXX src/03_parse/data/nodes.o
[32/189] CXX src/01_prepare_inputs/load_runtime/handlers/package_type_map.o
[33/189] CXX src/03_parse/data/role_views.o
[34/189] CXX src/03_parse/data/result.o
[35/189] CXX src/03_parse/data/tree.o
[36/189] CXX src/03_parse/handlers/expressions.o
[37/189] CXX src/03_parse/handlers/control_statements.o
[38/189] CXX src/03_parse/handlers/declarations.o
[39/189] CXX src/03_parse/data/store.o
[40/189] CXX src/03_parse/handlers/metaprogramming.o
[41/189] CXX src/03_parse/handlers/statements.o
[42/189] CXX src/03_parse/main_parse.o
[43/189] CXX src/03_parse/join.o
[44/189] CXX src/03_parse/utilities/metaprogramming_syntax.o
[45/189] CXX src/03_parse/parse_file.o
[46/189] CXX src/03_parse/select_tasks.o
[47/189] CXX src/03_parse/utilities/syntax_comparer.o
[48/189] CXX src/03_parse/utilities/syntax_access.o
[49/189] CXX src/03_parse/utilities/binary_syntax.o
[50/189] CXX src/03_parse/utilities/struct_member_cursor.o
[51/189] CXX src/04_analyze/check_bodies/data/flow.o
[52/189] CXX src/04_analyze/check_bodies/data/conversions.o
[53/189] CXX src/04_analyze/check_bodies/data/dependencies.o
[54/189] CXX src/04_analyze/check_bodies/data/places.o
[55/189] CXX src/04_analyze/check_bodies/context.o
[56/189] CXX src/04_analyze/check_bodies/data/statements.o
[57/189] CXX src/04_analyze/check_bodies/data/store.o
[58/189] CXX src/04_analyze/check_bodies/data/output.o
[59/189] CXX src/04_analyze/check_bodies/data/traversal.o
[60/189] CXX src/04_analyze/check_bodies/handlers/expressions.o
[61/189] CXX src/04_analyze/check_bodies/flow.o
[62/189] CXX src/04_analyze/check_bodies/handlers/control_statements.o
[63/189] CXX src/04_analyze/check_bodies/body.o
[64/189] CXX src/04_analyze/check_bodies/handlers/places.o
[65/189] CXX src/04_analyze/check_bodies/data/result.o
[66/189] CXX src/04_analyze/check_bodies/data/values.o
[67/189] CXX src/04_analyze/check_bodies/handlers/writes.o
[68/189] CXX src/04_analyze/check_bodies/handlers/statements.o
[69/189] CXX src/04_analyze/check_bodies/join.o
[70/189] CXX src/04_analyze/check_bodies/main_check_bodies.o
[71/189] CXX src/04_analyze/check_bodies/utilities/decimal_range.o
[72/189] CXX src/04_analyze/check_bodies/utilities/conversions.o
[73/189] CXX src/04_analyze/check_bodies/select_tasks.o
[74/189] CXX src/04_analyze/check_bodies/utilities/operations.o
[75/189] CXX src/04_analyze/check_bodies/utilities/body_validity.o
[76/189] CXX src/04_analyze/check_bodies/utilities/byte_literals.o
[77/189] CXX src/04_analyze/check_bodies/utilities/flow_graph.o
[78/189] CXX src/04_analyze/check_bodies/utilities/evaluation.o
[79/189] CXX src/04_analyze/check_templates/data/interpretation.o
[80/189] CXX src/04_analyze/check_bodies/utilities/literals.o
[81/189] CXX src/04_analyze/check_templates/data/result.o
[82/189] CXX src/04_analyze/check_templates/data/terms.o
[83/189] CXX src/04_analyze/check_templates/body.o
[84/189] CXX src/04_analyze/check_templates/data/structures.o
[85/189] CXX src/04_analyze/check_templates/main_check_templates.o
[86/189] CXX src/04_analyze/check_templates/join.o
[87/189] CXX src/04_analyze/collect_symbols/data/result.o
[88/189] CXX src/04_analyze/instantiate/applications.o
[89/189] CXX src/04_analyze/collect_symbols/data/structures.o
[90/189] CXX src/04_analyze/collect_symbols/data/provider_declaration.o
[91/189] CXX src/04_analyze/check_templates/select_tasks.o
[92/189] CXX src/04_analyze/collect_symbols/collect.o
[93/189] CXX src/04_analyze/instantiate/bindings.o
[94/189] CXX src/04_analyze/collect_symbols/data/store.o
[95/189] CXX src/04_analyze/collect_symbols/main_collect_symbols.o
[96/189] CXX src/04_analyze/check_templates/terms.o
[97/189] CXX src/04_analyze/instantiate/data/context.o
[98/189] CXX src/04_analyze/instantiate/data/members.o
[99/189] CXX src/04_analyze/instantiate/constants.o
[100/189] CXX src/04_analyze/instantiate/data/applications.o
[101/189] CXX src/04_analyze/instantiate/members.o
[102/189] CXX src/04_analyze/instantiate/data/state.o
[103/189] CXX src/04_analyze/instantiate/identities.o
[104/189] CXX src/04_analyze/instantiate/member_join.o
[105/189] CXX src/04_analyze/instantiate/join.o
[106/189] CXX src/04_analyze/resolve_symbols/data/declarations.o
[107/189] CXX src/04_analyze/resolve_symbols/data/structures.o
[108/189] CXX src/04_analyze/resolve_symbols/data/store.o
[109/189] CXX src/04_analyze/instantiate/data/store.o
[110/189] CXX src/04_analyze/instantiate/data/result.o
[111/189] CXX src/04_analyze/resolve_symbols/handlers/expressions.o
[112/189] CXX src/04_analyze/resolve_symbols/handlers/declarations.o
[113/189] CXX src/04_analyze/instantiate/data/view.o
[114/189] CXX src/04_analyze/resolve_symbols/handlers/names.o
[115/189] CXX src/04_analyze/resolve_symbols/data/result.o
[116/189] CXX src/04_analyze/resolve_symbols/data/traversal.o
[117/189] CXX src/04_analyze/resolve_symbols/handlers/statements.o
[118/189] CXX src/04_analyze/resolve_symbols/body.o
[119/189] CXX src/04_analyze/resolve_symbols/join.o
[120/189] CXX src/04_analyze/resolve_symbols/select_tasks.o
[121/189] CXX src/04_analyze/resolve_symbols/utilities/function_lookup.o
[122/189] CXX src/04_analyze/resolve_types/construction_types.o
[123/189] CXX src/04_analyze/resolve_symbols/utilities/resolution_validity.o
[124/189] CXX src/04_analyze/resolve_symbols/main_resolve_symbols.o
[125/189] CXX src/04_analyze/resolve_symbols/utilities/declaration_lookup.o
[126/189] CXX src/04_analyze/resolve_types/data/lifecycle_bodies.o
[127/189] CXX src/04_analyze/resolve_symbols/utilities/binding_coverage.o
[128/189] CXX src/04_analyze/resolve_types/data/entry_selection.o
[129/189] CXX src/04_analyze/resolve_types/data/entry_contract.o
[130/189] CXX src/04_analyze/resolve_types/data/records.o
[131/189] CXX src/04_analyze/resolve_types/data/export_identity.o
[132/189] CXX src/04_analyze/resolve_types/data/signature_set.o
[133/189] CXX src/04_analyze/resolve_types/data/result.o
[134/189] CXX src/04_analyze/resolve_types/data/locals.o
[135/189] CXX src/04_analyze/resolve_types/data/signatures.o
[136/189] CXX src/04_analyze/resolve_types/main_prepare_entry.o
[137/189] CXX src/04_analyze/resolve_types/definition_view.o
[138/189] CXX src/04_analyze/resolve_types/locals.o
[139/189] CXX src/04_analyze/resolve_types/local_join.o
[140/189] CXX src/04_analyze/resolve_types/select_signatures.o
[141/189] CXX src/04_analyze/resolve_types/lifecycle_composition.o
[142/189] CXX src/04_analyze/resolve_types/signatures.o
[143/189] CXX src/04_analyze/resolve_types/record_join.o
[144/189] CXX src/04_analyze/resolve_types/source_lifecycle.o
[145/189] CXX src/04_analyze/resolve_types/data/type_resolution.o
[146/189] CXX src/04_analyze/resolve_types/records.o
[147/189] CXX src/04_analyze/resolve_types/source_lifecycle_bodies.o
[148/189] CXX src/04_analyze/resolve_types/source_lifecycle_signature.o
[149/189] CXX src/04_analyze/resolve_types/record_definitions.o
[150/189] CXX src/04_analyze/resolve_types/signature_join.o
[151/189] CXX src/04_analyze/resolve_types/storage.o
[152/189] CXX src/04_analyze/resolve_types/utilities/parameter_contracts.o
[153/189] CXX src/04_analyze/resolve_types/utilities/local_type_validity.o
[154/189] CXX src/04_analyze/resolve_types/utilities/type_cache.o
[155/189] CXX src/04_analyze/resolve_types/utilities/callable_inputs.o
[156/189] CXX src/04_analyze/resolve_types/utilities/signature_validity.o
[157/189] CXX src/04_analyze/type_model/callable_contracts.o
[158/189] CXX src/04_analyze/resolve_types/storage_signatures.o
[159/189] CXX src/04_analyze/resolve_types/utilities/annotation_types.o
[160/189] CXX src/04_analyze/type_model/data/callable_modes.o
[161/189] CXX src/04_analyze/type_model/data/context.o
[162/189] CXX src/04_analyze/type_model/data/callables.o
[163/189] CXX src/04_analyze/type_model/data/definitions.o
[164/189] CXX src/04_analyze/type_model/data/generic.o
[165/189] CXX src/04_analyze/type_model/data/lifecycle.o
[166/189] CXX src/04_analyze/type_model/data/families.o
[167/189] CXX src/04_analyze/type_model/data/catalog.o
[168/189] CXX src/04_analyze/type_model/data/lifetime_contract.o
[169/189] CXX src/04_analyze/type_model/data/lifecycle_roles.o
[170/189] CXX src/04_analyze/type_model/data/operations.o
[171/189] CXX src/04_analyze/type_model/data/lifetime_policy_codec.o
[172/189] CXX src/04_analyze/type_model/data/records.o
[173/189] CXX src/04_analyze/type_model/data/semantic_modes.o
[174/189] CXX src/04_analyze/type_model/data/native_record_layout.o
[175/189] CXX src/04_analyze/type_model/data/resources.o
[176/189] CXX src/04_analyze/type_model/data/representations.o
[177/189] CXX src/04_analyze/type_model/data/semantic_calls.o
[178/189] CXX src/04_analyze/type_model/data/type_record.o
[179/189] CXX src/04_analyze/type_model/data/storage.o
[180/189] CXX src/04_analyze/type_model/data/source_families.o
[181/189] CXX src/04_analyze/type_model/result_contracts.o
[182/189] CXX src/05_generate_code/prepare_backend/data/abi.o
[183/189] CXX src/04_analyze/type_model/data/type_references.o
[184/189] CXX src/05_generate_code/prepare_backend/data/configuration.o
[185/189] CXX src/04_analyze/type_model/data/store.o
[186/189] CXX src/05_generate_code/prepare_backend/data/layout.o
[187/189] CXX src/05_generate_code/prepare_backend/data/source_exports.o
[188/189] CXX src/compile/data/native_project.o
[189/189] LINK main
Rebuilt outputs: .prism/build/app_pch.hpp.gch, .prism/build/fixture.o, .prism/build/main, .prism/build/main.o, .prism/build/probe.o, .prism/build/scpp_framework/collections.o, .prism/build/scpp_framework/exceptions.o, .prism/build/scpp_framework/filesystem.o, .prism/build/scpp_framework/json_document.o, .prism/build/scpp_framework/strings.o, .prism/build/src/01_prepare_inputs/load_runtime/data/family_preparation.o, .prism/build/src/01_prepare_inputs/load_runtime/data/family_results.o, .prism/build/src/01_prepare_inputs/load_runtime/data/package.o, .prism/build/src/01_prepare_inputs/load_runtime/data/package_bindings.o, .prism/build/src/01_prepare_inputs/load_runtime/data/package_context.o, .prism/build/src/01_prepare_inputs/load_runtime/data/project.o, .prism/build/src/01_prepare_inputs/load_runtime/data/runtime.o, .prism/build/src/01_prepare_inputs/load_runtime/handlers/lifecycle.o, .prism/build/src/01_prepare_inputs/load_runtime/handlers/native_import.o, .prism/build/src/01_prepare_inputs/load_runtime/handlers/package_syntax.o, .prism/build/src/01_prepare_inputs/load_runtime/handlers/package_type_map.o, .prism/build/src/01_prepare_inputs/load_runtime/handlers/package_types.o, .prism/build/src/01_prepare_inputs/load_runtime/handlers/resources.o, .prism/build/src/01_prepare_inputs/load_runtime/handlers/type_exposure.o, .prism/build/src/01_prepare_inputs/load_runtime/main_load_runtime.o, .prism/build/src/01_prepare_inputs/load_runtime/project_import.o, .prism/build/src/01_prepare_inputs/load_runtime/utilities/catalog_syntax.o, .prism/build/src/01_prepare_inputs/read_sources/data/buffer.o, .prism/build/src/02_tokenize/store.o, .prism/build/src/02_tokenize/structures.o, .prism/build/src/02_tokenize/tokenize.o, .prism/build/src/03_parse/data/expression_state.o, .prism/build/src/03_parse/data/nodes.o, .prism/build/src/03_parse/data/result.o, .prism/build/src/03_parse/data/role_views.o, .prism/build/src/03_parse/data/store.o, .prism/build/src/03_parse/data/tree.o, .prism/build/src/03_parse/handlers/control_statements.o, .prism/build/src/03_parse/handlers/declarations.o, .prism/build/src/03_parse/handlers/expressions.o, .prism/build/src/03_parse/handlers/metaprogramming.o, .prism/build/src/03_parse/handlers/statements.o, .prism/build/src/03_parse/join.o, .prism/build/src/03_parse/main_parse.o, .prism/build/src/03_parse/parse_file.o, .prism/build/src/03_parse/select_tasks.o, .prism/build/src/03_parse/utilities/binary_syntax.o, .prism/build/src/03_parse/utilities/metaprogramming_syntax.o, .prism/build/src/03_parse/utilities/struct_member_cursor.o, .prism/build/src/03_parse/utilities/syntax_access.o, .prism/build/src/03_parse/utilities/syntax_comparer.o, .prism/build/src/04_analyze/check_bodies/body.o, .prism/build/src/04_analyze/check_bodies/context.o, .prism/build/src/04_analyze/check_bodies/data/conversions.o, .prism/build/src/04_analyze/check_bodies/data/dependencies.o, .prism/build/src/04_analyze/check_bodies/data/flow.o, .prism/build/src/04_analyze/check_bodies/data/output.o, .prism/build/src/04_analyze/check_bodies/data/places.o, .prism/build/src/04_analyze/check_bodies/data/result.o, .prism/build/src/04_analyze/check_bodies/data/statements.o, .prism/build/src/04_analyze/check_bodies/data/store.o, .prism/build/src/04_analyze/check_bodies/data/traversal.o, .prism/build/src/04_analyze/check_bodies/data/values.o, .prism/build/src/04_analyze/check_bodies/flow.o, .prism/build/src/04_analyze/check_bodies/handlers/control_statements.o, .prism/build/src/04_analyze/check_bodies/handlers/expressions.o, .prism/build/src/04_analyze/check_bodies/handlers/places.o, .prism/build/src/04_analyze/check_bodies/handlers/statements.o, .prism/build/src/04_analyze/check_bodies/handlers/writes.o, .prism/build/src/04_analyze/check_bodies/join.o, .prism/build/src/04_analyze/check_bodies/main_check_bodies.o, .prism/build/src/04_analyze/check_bodies/select_tasks.o, .prism/build/src/04_analyze/check_bodies/utilities/body_validity.o, .prism/build/src/04_analyze/check_bodies/utilities/byte_literals.o, .prism/build/src/04_analyze/check_bodies/utilities/conversions.o, .prism/build/src/04_analyze/check_bodies/utilities/decimal_range.o, .prism/build/src/04_analyze/check_bodies/utilities/evaluation.o, .prism/build/src/04_analyze/check_bodies/utilities/flow_graph.o, .prism/build/src/04_analyze/check_bodies/utilities/literals.o, .prism/build/src/04_analyze/check_bodies/utilities/operations.o, .prism/build/src/04_analyze/check_templates/body.o, .prism/build/src/04_analyze/check_templates/data/interpretation.o, .prism/build/src/04_analyze/check_templates/data/result.o, .prism/build/src/04_analyze/check_templates/data/structures.o, .prism/build/src/04_analyze/check_templates/data/terms.o, .prism/build/src/04_analyze/check_templates/join.o, .prism/build/src/04_analyze/check_templates/main_check_templates.o, .prism/build/src/04_analyze/check_templates/select_tasks.o, .prism/build/src/04_analyze/check_templates/terms.o, .prism/build/src/04_analyze/collect_symbols/collect.o, .prism/build/src/04_analyze/collect_symbols/data/provider_declaration.o, .prism/build/src/04_analyze/collect_symbols/data/result.o, .prism/build/src/04_analyze/collect_symbols/data/store.o, .prism/build/src/04_analyze/collect_symbols/data/structures.o, .prism/build/src/04_analyze/collect_symbols/main_collect_symbols.o, .prism/build/src/04_analyze/instantiate/applications.o, .prism/build/src/04_analyze/instantiate/bindings.o, .prism/build/src/04_analyze/instantiate/constants.o, .prism/build/src/04_analyze/instantiate/data/applications.o, .prism/build/src/04_analyze/instantiate/data/context.o, .prism/build/src/04_analyze/instantiate/data/members.o, .prism/build/src/04_analyze/instantiate/data/result.o, .prism/build/src/04_analyze/instantiate/data/state.o, .prism/build/src/04_analyze/instantiate/data/store.o, .prism/build/src/04_analyze/instantiate/data/view.o, .prism/build/src/04_analyze/instantiate/identities.o, .prism/build/src/04_analyze/instantiate/join.o, .prism/build/src/04_analyze/instantiate/member_join.o, .prism/build/src/04_analyze/instantiate/members.o, .prism/build/src/04_analyze/resolve_symbols/body.o, .prism/build/src/04_analyze/resolve_symbols/data/declarations.o, .prism/build/src/04_analyze/resolve_symbols/data/result.o, .prism/build/src/04_analyze/resolve_symbols/data/store.o, .prism/build/src/04_analyze/resolve_symbols/data/structures.o, .prism/build/src/04_analyze/resolve_symbols/data/traversal.o, .prism/build/src/04_analyze/resolve_symbols/handlers/declarations.o, .prism/build/src/04_analyze/resolve_symbols/handlers/expressions.o, .prism/build/src/04_analyze/resolve_symbols/handlers/names.o, .prism/build/src/04_analyze/resolve_symbols/handlers/statements.o, .prism/build/src/04_analyze/resolve_symbols/join.o, .prism/build/src/04_analyze/resolve_symbols/main_resolve_symbols.o, .prism/build/src/04_analyze/resolve_symbols/select_tasks.o, .prism/build/src/04_analyze/resolve_symbols/utilities/binding_coverage.o, .prism/build/src/04_analyze/resolve_symbols/utilities/declaration_lookup.o, .prism/build/src/04_analyze/resolve_symbols/utilities/function_lookup.o, .prism/build/src/04_analyze/resolve_symbols/utilities/resolution_validity.o, .prism/build/src/04_analyze/resolve_types/construction_types.o, .prism/build/src/04_analyze/resolve_types/data/entry_contract.o, .prism/build/src/04_analyze/resolve_types/data/entry_selection.o, .prism/build/src/04_analyze/resolve_types/data/export_identity.o, .prism/build/src/04_analyze/resolve_types/data/lifecycle_bodies.o, .prism/build/src/04_analyze/resolve_types/data/locals.o, .prism/build/src/04_analyze/resolve_types/data/records.o, .prism/build/src/04_analyze/resolve_types/data/result.o, .prism/build/src/04_analyze/resolve_types/data/signature_set.o, .prism/build/src/04_analyze/resolve_types/data/signatures.o, .prism/build/src/04_analyze/resolve_types/data/type_resolution.o, .prism/build/src/04_analyze/resolve_types/definition_view.o, .prism/build/src/04_analyze/resolve_types/lifecycle_composition.o, .prism/build/src/04_analyze/resolve_types/local_join.o, .prism/build/src/04_analyze/resolve_types/locals.o, .prism/build/src/04_analyze/resolve_types/main_prepare_entry.o, .prism/build/src/04_analyze/resolve_types/record_definitions.o, .prism/build/src/04_analyze/resolve_types/record_join.o, .prism/build/src/04_analyze/resolve_types/records.o, .prism/build/src/04_analyze/resolve_types/select_signatures.o, .prism/build/src/04_analyze/resolve_types/signature_join.o, .prism/build/src/04_analyze/resolve_types/signatures.o, .prism/build/src/04_analyze/resolve_types/source_lifecycle.o, .prism/build/src/04_analyze/resolve_types/source_lifecycle_bodies.o, .prism/build/src/04_analyze/resolve_types/source_lifecycle_signature.o, .prism/build/src/04_analyze/resolve_types/storage.o, .prism/build/src/04_analyze/resolve_types/storage_signatures.o, .prism/build/src/04_analyze/resolve_types/utilities/annotation_types.o, .prism/build/src/04_analyze/resolve_types/utilities/callable_inputs.o, .prism/build/src/04_analyze/resolve_types/utilities/local_type_validity.o, .prism/build/src/04_analyze/resolve_types/utilities/parameter_contracts.o, .prism/build/src/04_analyze/resolve_types/utilities/signature_validity.o, .prism/build/src/04_analyze/resolve_types/utilities/type_cache.o, .prism/build/src/04_analyze/type_model/callable_contracts.o, .prism/build/src/04_analyze/type_model/data/callable_modes.o, .prism/build/src/04_analyze/type_model/data/callables.o, .prism/build/src/04_analyze/type_model/data/catalog.o, .prism/build/src/04_analyze/type_model/data/context.o, .prism/build/src/04_analyze/type_model/data/definitions.o, .prism/build/src/04_analyze/type_model/data/families.o, .prism/build/src/04_analyze/type_model/data/generic.o, .prism/build/src/04_analyze/type_model/data/lifecycle.o, .prism/build/src/04_analyze/type_model/data/lifecycle_roles.o, .prism/build/src/04_analyze/type_model/data/lifetime_contract.o, .prism/build/src/04_analyze/type_model/data/lifetime_policy_codec.o, .prism/build/src/04_analyze/type_model/data/native_record_layout.o, .prism/build/src/04_analyze/type_model/data/operations.o, .prism/build/src/04_analyze/type_model/data/records.o, .prism/build/src/04_analyze/type_model/data/representations.o, .prism/build/src/04_analyze/type_model/data/resources.o, .prism/build/src/04_analyze/type_model/data/semantic_calls.o, .prism/build/src/04_analyze/type_model/data/semantic_modes.o, .prism/build/src/04_analyze/type_model/data/source_families.o, .prism/build/src/04_analyze/type_model/data/storage.o, .prism/build/src/04_analyze/type_model/data/store.o, .prism/build/src/04_analyze/type_model/data/type_record.o, .prism/build/src/04_analyze/type_model/data/type_references.o, .prism/build/src/04_analyze/type_model/result_contracts.o, .prism/build/src/05_generate_code/prepare_backend/data/abi.o, .prism/build/src/05_generate_code/prepare_backend/data/configuration.o, .prism/build/src/05_generate_code/prepare_backend/data/layout.o, .prism/build/src/05_generate_code/prepare_backend/data/source_exports.o, .prism/build/src/compile/data/native_project.o
Tip: set SCPP_NINJA_VERBOSE=1 to show full Ninja command lines.
Build completed: .prism/build/main
