Transpiled PHP files: 158, skipped unchanged: 0
Generated Ninja file: .prism/build/build.ninja
Using compiler: clang++-18 -fuse-ld=mold (gnu_like)
Using build mode: debug
Using build grouping policy: incremental (report_only)
Object cache: disabled (default disabled)
Using repo root: /tmp/scpp-json-240-probe
Resolved project dependency graph: 1 project(s)
Runtime compilation: enabled
Dependency compilation: reuse existing artifacts only
ninja: Entering directory `.prism/build'
[1/160] PCH app_pch.hpp.gch
[2/160] CXX src/01_prepare_inputs/load_runtime/data/family_preparation.o
[3/160] CXX src/01_prepare_inputs/load_runtime/data/runtime.o
[4/160] CXX src/01_prepare_inputs/load_runtime/data/project.o
[5/160] CXX scpp_framework/collections.o
[6/160] CXX src/01_prepare_inputs/load_runtime/data/package_context.o
[7/160] CXX scpp_framework/filesystem.o
[8/160] CXX src/01_prepare_inputs/load_runtime/data/package_bindings.o
[9/160] CXX src/01_prepare_inputs/load_runtime/handlers/lifecycle.o
[10/160] CXX scpp_framework/exceptions.o
[11/160] CXX src/01_prepare_inputs/load_runtime/data/family_results.o
[12/160] CXX scpp_framework/json_document.o
[13/160] CXX main.o
[14/160] CXX scpp_framework/strings.o
[15/160] CXX probe.o
[16/160] CXX src/01_prepare_inputs/load_runtime/data/package.o
[17/160] CXX src/01_prepare_inputs/load_runtime/handlers/native_import.o
[18/160] CXX src/01_prepare_inputs/load_runtime/handlers/package_types.o
[19/160] CXX src/01_prepare_inputs/read_sources/data/buffer.o
[20/160] CXX src/02_tokenize/structures.o
[21/160] CXX src/01_prepare_inputs/load_runtime/handlers/package_syntax.o
[22/160] CXX src/01_prepare_inputs/load_runtime/main_load_runtime.o
[23/160] CXX src/01_prepare_inputs/load_runtime/project_import.o
[24/160] CXX src/01_prepare_inputs/load_runtime/handlers/type_exposure.o
[25/160] CXX fixture.o
[26/160] CXX src/02_tokenize/store.o
[27/160] CXX src/01_prepare_inputs/load_runtime/handlers/resources.o
[28/160] CXX src/03_parse/data/expression_state.o
[29/160] CXX src/02_tokenize/tokenize.o
[30/160] CXX src/03_parse/data/nodes.o
[31/160] CXX src/01_prepare_inputs/load_runtime/handlers/package_type_map.o
[32/160] CXX src/01_prepare_inputs/load_runtime/utilities/catalog_syntax.o
[33/160] CXX src/03_parse/data/result.o
[34/160] CXX src/03_parse/data/role_views.o
[35/160] CXX src/03_parse/handlers/control_statements.o
[36/160] CXX src/03_parse/data/tree.o
[37/160] CXX src/03_parse/handlers/metaprogramming.o
[38/160] CXX src/03_parse/handlers/declarations.o
[39/160] CXX src/03_parse/handlers/statements.o
[40/160] CXX src/03_parse/data/store.o
[41/160] CXX src/03_parse/main_parse.o
[42/160] CXX src/03_parse/handlers/expressions.o
[43/160] CXX src/03_parse/utilities/binary_syntax.o
[44/160] CXX src/03_parse/select_tasks.o
[45/160] CXX src/03_parse/join.o
[46/160] CXX src/03_parse/utilities/metaprogramming_syntax.o
[47/160] CXX src/03_parse/parse_file.o
[48/160] CXX src/03_parse/utilities/syntax_access.o
[49/160] CXX src/04_analyze/check_bodies/utilities/decimal_range.o
[50/160] CXX src/04_analyze/check_bodies/utilities/literals.o
[51/160] CXX src/03_parse/utilities/struct_member_cursor.o
[52/160] CXX src/04_analyze/check_templates/data/interpretation.o
[53/160] CXX src/03_parse/utilities/syntax_comparer.o
[54/160] CXX src/04_analyze/check_templates/data/structures.o
[55/160] CXX src/04_analyze/check_templates/data/result.o
[56/160] CXX src/04_analyze/check_templates/body.o
[57/160] CXX src/04_analyze/check_templates/join.o
[58/160] CXX src/04_analyze/check_templates/data/terms.o
[59/160] CXX src/04_analyze/collect_symbols/data/result.o
[60/160] CXX src/04_analyze/check_templates/select_tasks.o
[61/160] CXX src/04_analyze/collect_symbols/collect.o
[62/160] CXX src/04_analyze/check_templates/main_check_templates.o
[63/160] CXX src/04_analyze/collect_symbols/data/structures.o
[64/160] CXX src/04_analyze/instantiate/bindings.o
[65/160] CXX src/04_analyze/check_templates/terms.o
[66/160] CXX src/04_analyze/collect_symbols/data/provider_declaration.o
[67/160] CXX src/04_analyze/instantiate/applications.o
[68/160] CXX src/04_analyze/collect_symbols/data/store.o
[69/160] CXX src/04_analyze/instantiate/data/applications.o
[70/160] CXX src/04_analyze/instantiate/constants.o
[71/160] CXX src/04_analyze/instantiate/data/context.o
[72/160] CXX src/04_analyze/collect_symbols/main_collect_symbols.o
[73/160] CXX src/04_analyze/instantiate/data/members.o
[74/160] CXX src/04_analyze/instantiate/data/state.o
[75/160] CXX src/04_analyze/instantiate/data/result.o
[76/160] CXX src/04_analyze/instantiate/identities.o
[77/160] CXX src/04_analyze/resolve_symbols/data/structures.o
[78/160] CXX src/04_analyze/instantiate/members.o
[79/160] CXX src/04_analyze/resolve_symbols/handlers/declarations.o
[80/160] CXX src/04_analyze/resolve_symbols/data/declarations.o
[81/160] CXX src/04_analyze/instantiate/data/store.o
[82/160] CXX src/04_analyze/instantiate/member_join.o
[83/160] CXX src/04_analyze/instantiate/data/view.o
[84/160] CXX src/04_analyze/instantiate/join.o
[85/160] CXX src/04_analyze/resolve_symbols/data/store.o
[86/160] CXX src/04_analyze/resolve_symbols/handlers/expressions.o
[87/160] CXX src/04_analyze/resolve_symbols/handlers/names.o
[88/160] CXX src/04_analyze/resolve_symbols/data/traversal.o
[89/160] CXX src/04_analyze/resolve_symbols/body.o
[90/160] CXX src/04_analyze/resolve_symbols/data/result.o
[91/160] CXX src/04_analyze/resolve_symbols/handlers/statements.o
[92/160] CXX src/04_analyze/resolve_symbols/utilities/declaration_lookup.o
[93/160] CXX src/04_analyze/resolve_symbols/utilities/resolution_validity.o
[94/160] CXX src/04_analyze/resolve_symbols/main_resolve_symbols.o
[95/160] CXX src/04_analyze/resolve_symbols/utilities/function_lookup.o
[96/160] CXX src/04_analyze/resolve_symbols/select_tasks.o
[97/160] CXX src/04_analyze/resolve_types/data/lifecycle_bodies.o
[98/160] CXX src/04_analyze/resolve_types/data/entry_selection.o
[99/160] CXX src/04_analyze/resolve_symbols/join.o
[100/160] CXX src/04_analyze/resolve_types/data/entry_contract.o
[101/160] CXX src/04_analyze/resolve_symbols/utilities/binding_coverage.o
[102/160] CXX src/04_analyze/resolve_types/data/locals.o
[103/160] CXX src/04_analyze/resolve_types/data/export_identity.o
[104/160] CXX src/04_analyze/resolve_types/data/records.o
[105/160] CXX src/04_analyze/resolve_types/data/result.o
[106/160] CXX src/04_analyze/resolve_types/data/signatures.o
[107/160] CXX src/04_analyze/resolve_types/definition_view.o
[108/160] CXX src/04_analyze/resolve_types/data/signature_set.o
[109/160] CXX src/04_analyze/resolve_types/lifecycle_composition.o
[110/160] CXX src/04_analyze/resolve_types/locals.o
[111/160] CXX src/04_analyze/resolve_types/main_prepare_entry.o
[112/160] CXX src/04_analyze/resolve_types/select_signatures.o
[113/160] CXX src/04_analyze/resolve_types/record_definitions.o
[114/160] CXX src/04_analyze/resolve_types/source_lifecycle.o
[115/160] CXX src/04_analyze/resolve_types/data/type_resolution.o
[116/160] CXX src/04_analyze/resolve_types/records.o
[117/160] CXX src/04_analyze/resolve_types/signatures.o
[118/160] CXX src/04_analyze/resolve_types/record_join.o
[119/160] CXX src/04_analyze/resolve_types/local_join.o
[120/160] CXX src/04_analyze/resolve_types/source_lifecycle_bodies.o
[121/160] CXX src/04_analyze/resolve_types/source_lifecycle_signature.o
[122/160] CXX src/04_analyze/resolve_types/signature_join.o
[123/160] CXX src/04_analyze/resolve_types/storage.o
[124/160] CXX src/04_analyze/resolve_types/storage_signatures.o
[125/160] CXX src/04_analyze/resolve_types/utilities/local_type_validity.o
[126/160] CXX src/04_analyze/resolve_types/utilities/signature_validity.o
[127/160] CXX src/04_analyze/resolve_types/utilities/type_cache.o
[128/160] CXX src/04_analyze/resolve_types/utilities/parameter_contracts.o
[129/160] CXX src/04_analyze/resolve_types/utilities/annotation_types.o
[130/160] CXX src/04_analyze/type_model/data/callable_modes.o
[131/160] CXX src/04_analyze/resolve_types/utilities/callable_inputs.o
[132/160] CXX src/04_analyze/type_model/callable_contracts.o
[133/160] CXX src/04_analyze/type_model/data/callables.o
[134/160] CXX src/04_analyze/type_model/data/context.o
[135/160] CXX src/04_analyze/type_model/data/catalog.o
[136/160] CXX src/04_analyze/type_model/data/definitions.o
[137/160] CXX src/04_analyze/type_model/data/lifecycle.o
[138/160] CXX src/04_analyze/type_model/data/lifecycle_roles.o
[139/160] CXX src/04_analyze/type_model/data/generic.o
[140/160] CXX src/04_analyze/type_model/data/families.o
[141/160] CXX src/04_analyze/type_model/data/lifetime_policy_codec.o
[142/160] CXX src/04_analyze/type_model/data/native_record_layout.o
[143/160] CXX src/04_analyze/type_model/data/records.o
[144/160] CXX src/04_analyze/type_model/data/representations.o
[145/160] CXX src/04_analyze/type_model/data/lifetime_contract.o
[146/160] CXX src/04_analyze/type_model/data/semantic_modes.o
[147/160] CXX src/04_analyze/type_model/data/resources.o
[148/160] CXX src/04_analyze/type_model/data/semantic_calls.o
[149/160] CXX src/04_analyze/type_model/data/source_families.o
[150/160] CXX src/04_analyze/type_model/data/type_record.o
[151/160] CXX src/04_analyze/type_model/result_contracts.o
[152/160] CXX src/04_analyze/type_model/data/storage.o
[153/160] CXX src/04_analyze/type_model/data/type_references.o
[154/160] CXX src/05_generate_code/prepare_backend/data/abi.o
[155/160] CXX src/05_generate_code/prepare_backend/data/configuration.o
[156/160] CXX src/04_analyze/type_model/data/store.o
[157/160] CXX src/05_generate_code/prepare_backend/data/layout.o
[158/160] CXX src/compile/data/native_project.o
[159/160] CXX src/05_generate_code/prepare_backend/data/source_exports.o
[160/160] LINK main
Rebuilt outputs: .prism/build/app_pch.hpp.gch, .prism/build/fixture.o, .prism/build/main, .prism/build/main.o, .prism/build/probe.o, .prism/build/scpp_framework/collections.o, .prism/build/scpp_framework/exceptions.o, .prism/build/scpp_framework/filesystem.o, .prism/build/scpp_framework/json_document.o, .prism/build/scpp_framework/strings.o, .prism/build/src/01_prepare_inputs/load_runtime/data/family_preparation.o, .prism/build/src/01_prepare_inputs/load_runtime/data/family_results.o, .prism/build/src/01_prepare_inputs/load_runtime/data/package.o, .prism/build/src/01_prepare_inputs/load_runtime/data/package_bindings.o, .prism/build/src/01_prepare_inputs/load_runtime/data/package_context.o, .prism/build/src/01_prepare_inputs/load_runtime/data/project.o, .prism/build/src/01_prepare_inputs/load_runtime/data/runtime.o, .prism/build/src/01_prepare_inputs/load_runtime/handlers/lifecycle.o, .prism/build/src/01_prepare_inputs/load_runtime/handlers/native_import.o, .prism/build/src/01_prepare_inputs/load_runtime/handlers/package_syntax.o, .prism/build/src/01_prepare_inputs/load_runtime/handlers/package_type_map.o, .prism/build/src/01_prepare_inputs/load_runtime/handlers/package_types.o, .prism/build/src/01_prepare_inputs/load_runtime/handlers/resources.o, .prism/build/src/01_prepare_inputs/load_runtime/handlers/type_exposure.o, .prism/build/src/01_prepare_inputs/load_runtime/main_load_runtime.o, .prism/build/src/01_prepare_inputs/load_runtime/project_import.o, .prism/build/src/01_prepare_inputs/load_runtime/utilities/catalog_syntax.o, .prism/build/src/01_prepare_inputs/read_sources/data/buffer.o, .prism/build/src/02_tokenize/store.o, .prism/build/src/02_tokenize/structures.o, .prism/build/src/02_tokenize/tokenize.o, .prism/build/src/03_parse/data/expression_state.o, .prism/build/src/03_parse/data/nodes.o, .prism/build/src/03_parse/data/result.o, .prism/build/src/03_parse/data/role_views.o, .prism/build/src/03_parse/data/store.o, .prism/build/src/03_parse/data/tree.o, .prism/build/src/03_parse/handlers/control_statements.o, .prism/build/src/03_parse/handlers/declarations.o, .prism/build/src/03_parse/handlers/expressions.o, .prism/build/src/03_parse/handlers/metaprogramming.o, .prism/build/src/03_parse/handlers/statements.o, .prism/build/src/03_parse/join.o, .prism/build/src/03_parse/main_parse.o, .prism/build/src/03_parse/parse_file.o, .prism/build/src/03_parse/select_tasks.o, .prism/build/src/03_parse/utilities/binary_syntax.o, .prism/build/src/03_parse/utilities/metaprogramming_syntax.o, .prism/build/src/03_parse/utilities/struct_member_cursor.o, .prism/build/src/03_parse/utilities/syntax_access.o, .prism/build/src/03_parse/utilities/syntax_comparer.o, .prism/build/src/04_analyze/check_bodies/utilities/decimal_range.o, .prism/build/src/04_analyze/check_bodies/utilities/literals.o, .prism/build/src/04_analyze/check_templates/body.o, .prism/build/src/04_analyze/check_templates/data/interpretation.o, .prism/build/src/04_analyze/check_templates/data/result.o, .prism/build/src/04_analyze/check_templates/data/structures.o, .prism/build/src/04_analyze/check_templates/data/terms.o, .prism/build/src/04_analyze/check_templates/join.o, .prism/build/src/04_analyze/check_templates/main_check_templates.o, .prism/build/src/04_analyze/check_templates/select_tasks.o, .prism/build/src/04_analyze/check_templates/terms.o, .prism/build/src/04_analyze/collect_symbols/collect.o, .prism/build/src/04_analyze/collect_symbols/data/provider_declaration.o, .prism/build/src/04_analyze/collect_symbols/data/result.o, .prism/build/src/04_analyze/collect_symbols/data/store.o, .prism/build/src/04_analyze/collect_symbols/data/structures.o, .prism/build/src/04_analyze/collect_symbols/main_collect_symbols.o, .prism/build/src/04_analyze/instantiate/applications.o, .prism/build/src/04_analyze/instantiate/bindings.o, .prism/build/src/04_analyze/instantiate/constants.o, .prism/build/src/04_analyze/instantiate/data/applications.o, .prism/build/src/04_analyze/instantiate/data/context.o, .prism/build/src/04_analyze/instantiate/data/members.o, .prism/build/src/04_analyze/instantiate/data/result.o, .prism/build/src/04_analyze/instantiate/data/state.o, .prism/build/src/04_analyze/instantiate/data/store.o, .prism/build/src/04_analyze/instantiate/data/view.o, .prism/build/src/04_analyze/instantiate/identities.o, .prism/build/src/04_analyze/instantiate/join.o, .prism/build/src/04_analyze/instantiate/member_join.o, .prism/build/src/04_analyze/instantiate/members.o, .prism/build/src/04_analyze/resolve_symbols/body.o, .prism/build/src/04_analyze/resolve_symbols/data/declarations.o, .prism/build/src/04_analyze/resolve_symbols/data/result.o, .prism/build/src/04_analyze/resolve_symbols/data/store.o, .prism/build/src/04_analyze/resolve_symbols/data/structures.o, .prism/build/src/04_analyze/resolve_symbols/data/traversal.o, .prism/build/src/04_analyze/resolve_symbols/handlers/declarations.o, .prism/build/src/04_analyze/resolve_symbols/handlers/expressions.o, .prism/build/src/04_analyze/resolve_symbols/handlers/names.o, .prism/build/src/04_analyze/resolve_symbols/handlers/statements.o, .prism/build/src/04_analyze/resolve_symbols/join.o, .prism/build/src/04_analyze/resolve_symbols/main_resolve_symbols.o, .prism/build/src/04_analyze/resolve_symbols/select_tasks.o, .prism/build/src/04_analyze/resolve_symbols/utilities/binding_coverage.o, .prism/build/src/04_analyze/resolve_symbols/utilities/declaration_lookup.o, .prism/build/src/04_analyze/resolve_symbols/utilities/function_lookup.o, .prism/build/src/04_analyze/resolve_symbols/utilities/resolution_validity.o, .prism/build/src/04_analyze/resolve_types/data/entry_contract.o, .prism/build/src/04_analyze/resolve_types/data/entry_selection.o, .prism/build/src/04_analyze/resolve_types/data/export_identity.o, .prism/build/src/04_analyze/resolve_types/data/lifecycle_bodies.o, .prism/build/src/04_analyze/resolve_types/data/locals.o, .prism/build/src/04_analyze/resolve_types/data/records.o, .prism/build/src/04_analyze/resolve_types/data/result.o, .prism/build/src/04_analyze/resolve_types/data/signature_set.o, .prism/build/src/04_analyze/resolve_types/data/signatures.o, .prism/build/src/04_analyze/resolve_types/data/type_resolution.o, .prism/build/src/04_analyze/resolve_types/definition_view.o, .prism/build/src/04_analyze/resolve_types/lifecycle_composition.o, .prism/build/src/04_analyze/resolve_types/local_join.o, .prism/build/src/04_analyze/resolve_types/locals.o, .prism/build/src/04_analyze/resolve_types/main_prepare_entry.o, .prism/build/src/04_analyze/resolve_types/record_definitions.o, .prism/build/src/04_analyze/resolve_types/record_join.o, .prism/build/src/04_analyze/resolve_types/records.o, .prism/build/src/04_analyze/resolve_types/select_signatures.o, .prism/build/src/04_analyze/resolve_types/signature_join.o, .prism/build/src/04_analyze/resolve_types/signatures.o, .prism/build/src/04_analyze/resolve_types/source_lifecycle.o, .prism/build/src/04_analyze/resolve_types/source_lifecycle_bodies.o, .prism/build/src/04_analyze/resolve_types/source_lifecycle_signature.o, .prism/build/src/04_analyze/resolve_types/storage.o, .prism/build/src/04_analyze/resolve_types/storage_signatures.o, .prism/build/src/04_analyze/resolve_types/utilities/annotation_types.o, .prism/build/src/04_analyze/resolve_types/utilities/callable_inputs.o, .prism/build/src/04_analyze/resolve_types/utilities/local_type_validity.o, .prism/build/src/04_analyze/resolve_types/utilities/parameter_contracts.o, .prism/build/src/04_analyze/resolve_types/utilities/signature_validity.o, .prism/build/src/04_analyze/resolve_types/utilities/type_cache.o, .prism/build/src/04_analyze/type_model/callable_contracts.o, .prism/build/src/04_analyze/type_model/data/callable_modes.o, .prism/build/src/04_analyze/type_model/data/callables.o, .prism/build/src/04_analyze/type_model/data/catalog.o, .prism/build/src/04_analyze/type_model/data/context.o, .prism/build/src/04_analyze/type_model/data/definitions.o, .prism/build/src/04_analyze/type_model/data/families.o, .prism/build/src/04_analyze/type_model/data/generic.o, .prism/build/src/04_analyze/type_model/data/lifecycle.o, .prism/build/src/04_analyze/type_model/data/lifecycle_roles.o, .prism/build/src/04_analyze/type_model/data/lifetime_contract.o, .prism/build/src/04_analyze/type_model/data/lifetime_policy_codec.o, .prism/build/src/04_analyze/type_model/data/native_record_layout.o, .prism/build/src/04_analyze/type_model/data/records.o, .prism/build/src/04_analyze/type_model/data/representations.o, .prism/build/src/04_analyze/type_model/data/resources.o, .prism/build/src/04_analyze/type_model/data/semantic_calls.o, .prism/build/src/04_analyze/type_model/data/semantic_modes.o, .prism/build/src/04_analyze/type_model/data/source_families.o, .prism/build/src/04_analyze/type_model/data/storage.o, .prism/build/src/04_analyze/type_model/data/store.o, .prism/build/src/04_analyze/type_model/data/type_record.o, .prism/build/src/04_analyze/type_model/data/type_references.o, .prism/build/src/04_analyze/type_model/result_contracts.o, .prism/build/src/05_generate_code/prepare_backend/data/abi.o, .prism/build/src/05_generate_code/prepare_backend/data/configuration.o, .prism/build/src/05_generate_code/prepare_backend/data/layout.o, .prism/build/src/05_generate_code/prepare_backend/data/source_exports.o, .prism/build/src/compile/data/native_project.o
Tip: set SCPP_NINJA_VERBOSE=1 to show full Ninja command lines.
Build completed: .prism/build/main
