Transpiled PHP files: 5, skipped unchanged: 0
Generated Ninja file: .prism/build/build.ninja
Using compiler: clang++-18 -fuse-ld=mold (gnu_like)
Using build mode: debug
Using build grouping policy: incremental (report_only)
Object cache: disabled (default disabled)
Using repo root: /tmp/scpp-v0.1.76-probe
Resolved project dependency graph: 1 project(s)
Runtime compilation: enabled
Dependency compilation: reuse existing artifacts only
ninja: Entering directory `.prism/build'
[1/7] PCH app_pch.hpp.gch
[2/7] CXX src/compile/state.o
[3/7] CXX src/02_tokenize/structures.o
[4/7] CXX src/compile/step.o
[5/7] CXX src/01_prepare_inputs/read_sources/utilities/path_syntax.o
[6/7] CXX main.o
[7/7] LINK main
Rebuilt outputs: .prism/build/app_pch.hpp.gch, .prism/build/main, .prism/build/main.o, .prism/build/src/01_prepare_inputs/read_sources/utilities/path_syntax.o, .prism/build/src/02_tokenize/structures.o, .prism/build/src/compile/state.o, .prism/build/src/compile/step.o
Tip: set SCPP_NINJA_VERBOSE=1 to show full Ninja command lines.
Build completed: .prism/build/main
initial=0
shared=1
next=0
previous=1
rebound=0
retained=1
default=1
0:0
token-shared=1
7:3
independent=1
created=1
finished=1
a/b
a/b
/x
/x
a/
0
0
1
1
0
0
0
0
0
1
0
1
0
1
1
1
0
0
0
0
1
1
0
0
0
0
