Transpiled PHP files: 40, skipped unchanged: 0
Generated Ninja file: .prism/build/build.ninja
Using compiler: clang++-18 -fuse-ld=mold (gnu_like)
Using build mode: debug
Using build grouping policy: incremental (report_only)
Object cache: disabled (default disabled)
Using repo root: /tmp/scpp-json-240-probe
Resolved project dependency graph: 1 project(s)
Runtime compilation: enabled
Dependency compilation: reuse existing artifacts only
ninja: Entering directory `.prism/build'
[1/42] PCH app_pch.hpp.gch
[2/42] CXX src/04_analyze/resolve_types/data/lifecycle_bodies.o
[3/42] CXX scpp_framework/collections.o
[4/42] CXX scpp_framework/exceptions.o
[5/42] CXX src/04_analyze/type_model/data/context.o
[6/42] CXX src/04_analyze/resolve_types/utilities/type_cache.o
[7/42] CXX scpp_framework/strings.o
[8/42] CXX src/04_analyze/type_model/data/callable_modes.o
[9/42] CXX scpp_framework/filesystem.o
[10/42] CXX src/04_analyze/type_model/data/callables.o
[11/42] CXX src/04_analyze/resolve_types/lifecycle_composition.o
[12/42] CXX scpp_framework/json_document.o
[13/42] CXX main.o
[14/42] CXX src/04_analyze/type_model/data/catalog.o
[15/42] CXX src/04_analyze/type_model/data/definitions.o
[16/42] CXX src/01_prepare_inputs/load_runtime/utilities/catalog_syntax.o
[17/42] CXX src/04_analyze/type_model/data/lifecycle.o
[18/42] CXX src/04_analyze/type_model/data/lifecycle_roles.o
[19/42] CXX src/04_analyze/type_model/data/lifetime_policy_codec.o
[20/42] CXX src/04_analyze/type_model/data/native_record_layout.o
[21/42] CXX src/04_analyze/type_model/data/type_record.o
[22/42] CXX src/04_analyze/type_model/data/semantic_modes.o
[23/42] CXX src/04_analyze/type_model/data/semantic_calls.o
[24/42] CXX probe.o
[25/42] CXX src/04_analyze/type_model/data/resources.o
[26/42] CXX src/04_analyze/type_model/data/representations.o
[27/42] CXX src/04_analyze/type_model/data/records.o
[28/42] CXX src/04_analyze/type_model/data/lifetime_contract.o
[29/42] CXX src/04_analyze/type_model/data/type_references.o
[30/42] CXX src/04_analyze/type_model/result_contracts.o
[31/42] CXX src/04_analyze/type_model/data/storage.o
[32/42] CXX src/05_generate_code/prepare_backend/data/configuration.o
[33/42] CXX src/04_analyze/type_model/data/store.o
[34/42] CXX src/05_generate_code/prepare_backend/data/layout_capture.o
[35/42] CXX src/05_generate_code/prepare_backend/layout_selection.o
[36/42] CXX src/05_generate_code/prepare_backend/utilities/layout_ids.o
[37/42] CXX src/05_generate_code/prepare_backend/data/layout.o
[38/42] CXX src/05_generate_code/prepare_backend/utilities/layout_order.o
[39/42] CXX src/05_generate_code/prepare_backend/utilities/llvm_storage.o
[40/42] CXX src/05_generate_code/prepare_backend/layout_capture.o
[41/42] CXX src/05_generate_code/prepare_backend/layout_join.o
[42/42] LINK main
Rebuilt outputs: .prism/build/app_pch.hpp.gch, .prism/build/main, .prism/build/main.o, .prism/build/probe.o, .prism/build/scpp_framework/collections.o, .prism/build/scpp_framework/exceptions.o, .prism/build/scpp_framework/filesystem.o, .prism/build/scpp_framework/json_document.o, .prism/build/scpp_framework/strings.o, .prism/build/src/01_prepare_inputs/load_runtime/utilities/catalog_syntax.o, .prism/build/src/04_analyze/resolve_types/data/lifecycle_bodies.o, .prism/build/src/04_analyze/resolve_types/lifecycle_composition.o, .prism/build/src/04_analyze/resolve_types/utilities/type_cache.o, .prism/build/src/04_analyze/type_model/data/callable_modes.o, .prism/build/src/04_analyze/type_model/data/callables.o, .prism/build/src/04_analyze/type_model/data/catalog.o, .prism/build/src/04_analyze/type_model/data/context.o, .prism/build/src/04_analyze/type_model/data/definitions.o, .prism/build/src/04_analyze/type_model/data/lifecycle.o, .prism/build/src/04_analyze/type_model/data/lifecycle_roles.o, .prism/build/src/04_analyze/type_model/data/lifetime_contract.o, .prism/build/src/04_analyze/type_model/data/lifetime_policy_codec.o, .prism/build/src/04_analyze/type_model/data/native_record_layout.o, .prism/build/src/04_analyze/type_model/data/records.o, .prism/build/src/04_analyze/type_model/data/representations.o, .prism/build/src/04_analyze/type_model/data/resources.o, .prism/build/src/04_analyze/type_model/data/semantic_calls.o, .prism/build/src/04_analyze/type_model/data/semantic_modes.o, .prism/build/src/04_analyze/type_model/data/storage.o, .prism/build/src/04_analyze/type_model/data/store.o, .prism/build/src/04_analyze/type_model/data/type_record.o, .prism/build/src/04_analyze/type_model/data/type_references.o, .prism/build/src/04_analyze/type_model/result_contracts.o, .prism/build/src/05_generate_code/prepare_backend/data/configuration.o, .prism/build/src/05_generate_code/prepare_backend/data/layout.o, .prism/build/src/05_generate_code/prepare_backend/data/layout_capture.o, .prism/build/src/05_generate_code/prepare_backend/layout_capture.o, .prism/build/src/05_generate_code/prepare_backend/layout_join.o, .prism/build/src/05_generate_code/prepare_backend/layout_selection.o, .prism/build/src/05_generate_code/prepare_backend/utilities/layout_ids.o, .prism/build/src/05_generate_code/prepare_backend/utilities/layout_order.o, .prism/build/src/05_generate_code/prepare_backend/utilities/llvm_storage.o
Tip: set SCPP_NINJA_VERBOSE=1 to show full Ninja command lines.
Build completed: .prism/build/main
