Transpiled PHP files: 19, skipped unchanged: 0
Generated Ninja file: .prism/build/build.ninja
Using compiler: clang++-18 -fuse-ld=mold (gnu_like)
Using build mode: debug
Using build grouping policy: incremental (report_only)
Object cache: disabled (default disabled)
Using repo root: /tmp/scpp-v0.1.76-probe
Resolved project dependency graph: 1 project(s)
Runtime compilation: enabled
Dependency compilation: reuse existing artifacts only
ninja: Entering directory `.prism/build'
[1/21] PCH app_pch.hpp.gch
[2/21] CXX src/03_parse/data/tree.o
[3/21] CXX src/03_parse/data/nodes.o
[4/21] CXX src/01_prepare_inputs/read_sources/data/source_json.o
[5/21] CXX src/02_tokenize/structures.o
[6/21] CXX src/03_parse/data/structures.o
[7/21] CXX src/03_parse/data/role_views.o
[8/21] CXX scpp_framework/exceptions.o
[9/21] CXX src/01_prepare_inputs/read_sources/data/read_tasks.o
[10/21] CXX src/01_prepare_inputs/read_sources/data/buffer.o
[11/21] CXX src/05_generate_code/prepare_backend/data/configuration.o
[12/21] CXX src/04_analyze/check_bodies/utilities/decimal_range.o
[13/21] CXX src/01_prepare_inputs/read_sources/utilities/path_syntax.o
[14/21] CXX src/01_prepare_inputs/read_sources/data/structures.o
[15/21] CXX scpp_framework/strings.o
[16/21] CXX src/01_prepare_inputs/read_sources/data/store.o
[17/21] CXX src/compile/state.o
[18/21] CXX src/05_generate_code/prepare_backend/data/tools.o
[19/21] CXX src/compile/step.o
[20/21] CXX main.o
[21/21] LINK main
Rebuilt outputs: .prism/build/app_pch.hpp.gch, .prism/build/main, .prism/build/main.o, .prism/build/scpp_framework/exceptions.o, .prism/build/scpp_framework/strings.o, .prism/build/src/01_prepare_inputs/read_sources/data/buffer.o, .prism/build/src/01_prepare_inputs/read_sources/data/read_tasks.o, .prism/build/src/01_prepare_inputs/read_sources/data/source_json.o, .prism/build/src/01_prepare_inputs/read_sources/data/store.o, .prism/build/src/01_prepare_inputs/read_sources/data/structures.o, .prism/build/src/01_prepare_inputs/read_sources/utilities/path_syntax.o, .prism/build/src/02_tokenize/structures.o, .prism/build/src/03_parse/data/nodes.o, .prism/build/src/03_parse/data/role_views.o, .prism/build/src/03_parse/data/structures.o, .prism/build/src/03_parse/data/tree.o, .prism/build/src/04_analyze/check_bodies/utilities/decimal_range.o, .prism/build/src/05_generate_code/prepare_backend/data/configuration.o, .prism/build/src/05_generate_code/prepare_backend/data/tools.o, .prism/build/src/compile/state.o, .prism/build/src/compile/step.o
Tip: set SCPP_NINJA_VERBOSE=1 to show full Ninja command lines.
Build completed: .prism/build/main
initial=0
shared=1
next=0
previous=1
rebound=0
retained=1
default=1
0:0
token-shared=1
7:3
independent=1
created=1
finished=1
a/b
a/b
/x
/x
a/
0
0
1
1
0
0
0
0
0
1
0
1
0
1
1
1
0
0
0
0
1
1
0
0
0
0
0
1
cdef::
byte=1
4:2:2
node-default=1
0:0:0:0
12:9:3
10:2
node-independent=1
1:2:3:4
5:6:7
8:9
1:2:0
2:3
4:5:0
6:7
8:0
9:10
11:12:13
reference-absent=1
reference-present=1
6
reference-taken=1
reference-kind=1
cursor-default=1
0:0:0:0
21:20:1
operator=1
10:90
30:31:0
0:2
1:/source.phs:100:4
snapshot-shared=1
snapshot-version=1
snapshot-bytes=1
1
0:0:0
4:4
4:9
1:2
snapshot-distinct=1
0
1
0
0
1
1
0
0
1
0
0
1
0
0
1
0
0
1
0
0
1
0
0
1
0
0
1
0
0
1
0
0
1
0
0
0
195:169:-1:-1
Backend configuration requires explicit backend, target, layout, ABI and runtime identities
backend:runtime
outer:9
cause-shared=1
cause:7
rethrow-shared=1
handler escape
range
0:no-cause
tool-ir=1
tool-path=1
tool-alias=1
tool-distinct=1
tool-config=1
tool-config-version=1
0:0
/bin/link tool:link-v1:link-v2
sub/é file.phs:100:7
42:/root/sub/é file.phs:100:7
read-alias=1
read-distinct=1
42:101:9:100:7
0:0:0
folder-recursive=1
empty-present=1
0:recursive
selected-present=1
3:4:/root:sub:1:é.phs:2
folder-selected=1
1:2
folder-reset=1
buffer-absent=1
state-unchanged=1
pending=1
buffer-present=1
buffer-identity=1
state-deleted=1
-1:pending
37:12:0:0:0
entry-shared
tombstone-retained
owner-new:changed-new:clean-shared
buffer-present:buffer-shared
old-pending:accepted-clear:0:100
old-unchanged
repeat-shared
Unknown source file ID
Invalid source folder index
Entry file is removed
Duplicate source path: /src/a.phs
37
Invalid or duplicate source file ID
"\u00e9\ud83d\ude00\/\"\\\n"
{"folders":[{"path":"src","resolved_path":"\/src"},{"path":"extra","resolved_path":"","file_names":[]}],"files":[{"id":37,"top_folder_index":0,"path":"\/src\/a.phs","relative_path":"a.phs","mtime":0,"size":0,"change_state":"unchanged","needs_recompile":false},{"id":12,"top_folder_index":0,"path":"\/src\/b.phs","relative_path":"","mtime":0,"size":0,"change_state":"unchanged","needs_recompile":false},{"id":99,"top_folder_index":-1,"path":"\/src\/gone.phs","relative_path":"","mtime":0,"size":0,"change_state":"deleted","needs_recompile":false}],"removed_file_ids":[],"entry_file_id":37}
{"folders":[],"files":[],"removed_file_ids":[],"entry_file_id":0}
Cannot export sources: Malformed UTF-8 characters, possibly incorrectly encoded
