Transpiled PHP files: 21, skipped unchanged: 0
Generated Ninja file: .prism/build/build.ninja
Using compiler: clang++-18 -fuse-ld=mold (gnu_like)
Using build mode: debug
Using build grouping policy: incremental (report_only)
Object cache: disabled (default disabled)
Using repo root: /tmp/scpp-json-240-probe
Resolved project dependency graph: 1 project(s)
Runtime compilation: enabled
Dependency compilation: reuse existing artifacts only
ninja: Entering directory `.prism/build'
[1/23] PCH app_pch.hpp.gch
[2/23] CXX src/04_analyze/type_model/data/lifecycle_roles.o
[3/23] CXX scpp_framework/collections.o
[4/23] CXX src/04_analyze/type_model/data/definitions.o
[5/23] CXX scpp_framework/strings.o
[6/23] CXX scpp_framework/json_document.o
[7/23] CXX scpp_framework/filesystem.o
[8/23] CXX src/04_analyze/resolve_types/utilities/type_cache.o
[9/23] CXX scpp_framework/exceptions.o
[10/23] CXX src/04_analyze/type_model/data/context.o
[11/23] CXX main.o
[12/23] CXX src/04_analyze/type_model/data/lifecycle.o
[13/23] CXX src/04_analyze/type_model/data/lifetime_policy_codec.o
[14/23] CXX probe.o
[15/23] CXX src/01_prepare_inputs/load_runtime/utilities/catalog_syntax.o
[16/23] CXX src/04_analyze/type_model/data/lifetime_contract.o
[17/23] CXX src/04_analyze/type_model/data/catalog.o
[18/23] CXX src/04_analyze/type_model/data/representations.o
[19/23] CXX src/04_analyze/type_model/data/type_record.o
[20/23] CXX src/04_analyze/type_model/data/semantic_modes.o
[21/23] CXX src/04_analyze/type_model/result_contracts.o
[22/23] CXX src/04_analyze/type_model/data/store.o
[23/23] LINK main
Rebuilt outputs: .prism/build/app_pch.hpp.gch, .prism/build/main, .prism/build/main.o, .prism/build/probe.o, .prism/build/scpp_framework/collections.o, .prism/build/scpp_framework/exceptions.o, .prism/build/scpp_framework/filesystem.o, .prism/build/scpp_framework/json_document.o, .prism/build/scpp_framework/strings.o, .prism/build/src/01_prepare_inputs/load_runtime/utilities/catalog_syntax.o, .prism/build/src/04_analyze/resolve_types/utilities/type_cache.o, .prism/build/src/04_analyze/type_model/data/catalog.o, .prism/build/src/04_analyze/type_model/data/context.o, .prism/build/src/04_analyze/type_model/data/definitions.o, .prism/build/src/04_analyze/type_model/data/lifecycle.o, .prism/build/src/04_analyze/type_model/data/lifecycle_roles.o, .prism/build/src/04_analyze/type_model/data/lifetime_contract.o, .prism/build/src/04_analyze/type_model/data/lifetime_policy_codec.o, .prism/build/src/04_analyze/type_model/data/representations.o, .prism/build/src/04_analyze/type_model/data/semantic_modes.o, .prism/build/src/04_analyze/type_model/data/store.o, .prism/build/src/04_analyze/type_model/data/type_record.o, .prism/build/src/04_analyze/type_model/result_contracts.o
Tip: set SCPP_NINJA_VERBOSE=1 to show full Ninja command lines.
Build completed: .prism/build/main
