[1/79] CXX minimal/__callable/compiler_entry_backend_locations.o
[2/79] CXX minimal/compile/control_flow/control_flow_dataflows.o
[3/79] CXX minimal/__callable/control_flow_dataflows_locations.o
[4/79] CXX minimal/__callable/llvm_api_sink_preflight_locations.o
[5/79] CXX minimal/compile/backend/scalar_body_statement_collection.o
[6/79] CXX minimal/__callable/scalar_body_statement_collection_locations.o
[7/79] CXX minimal/__callable/backend_emission_decisions_locations.o
[8/79] CXX minimal/__callable/lowering_plan_locations.o
[9/79] CXX minimal/__callable/runtime_abi_bridge_locations.o
[10/79] CXX minimal/__callable/backend_preflight_requests_locations.o
[11/79] CXX minimal/__callable/llvm_text_from_plan_locations.o
[12/79] CXX minimal/__callable/runtime_helper_contract_readiness_locations.o
[13/79] CXX minimal/__callable/resident_daemon_file_ipc_locations.o
[14/79] CXX minimal/__callable/control_flow_transfers_locations.o
[15/79] CXX minimal/__callable/source_unit_early_skip_locations.o
[16/79] CALLABLE_PART minimal_parts/__callable/runtime_abi_bridge_group_2.o
[17/79] CXX minimal/__callable/partition_readiness_locations.o
[18/79] CALLABLE_PART minimal_parts/__callable/analysis_context_identity_group_0.o
[19/79] CALLABLE_PART minimal_parts/__callable/backend_emission_decisions_group_6.o
[20/79] CALLABLE_PART minimal_parts/__callable/backend_preflight_requests_group_16.o
[21/79] CALLABLE_PART minimal_parts/__callable/runtime_abi_bridge_group_1.o
[22/79] CALLABLE_PART minimal_parts/__callable/backend_preflight_requests_group_17.o
[23/79] CALLABLE_PART minimal_parts/__callable/backend_preflight_requests_group_15.o
[24/79] CALLABLE_PART minimal_parts/__callable/backend_emission_decisions_group_5.o
[25/79] CALLABLE_PART minimal_parts/__callable/llvm_api_sink_preflight_group_3.o
[26/79] CALLABLE_PART minimal_parts/__callable/llvm_api_sink_preflight_group_2.o
[27/79] CALLABLE_PART minimal_parts/__callable/llvm_text_from_plan_group_3.o
[28/79] CALLABLE_PART minimal_parts/__callable/llvm_text_from_plan_group_2.o
[29/79] CALLABLE_PART minimal_parts/__callable/llvm_text_from_plan_group_10.o
[30/79] CALLABLE_PART minimal_parts/__callable/llvm_text_from_plan_group_15.o
[31/79] CALLABLE_PART minimal_parts/__callable/llvm_text_from_plan_group_11.o
[32/79] CALLABLE_PART minimal_parts/__callable/llvm_text_from_plan_group_18.o
[33/79] CALLABLE_PART minimal_parts/__callable/llvm_text_from_plan_group_14.o
[34/79] CALLABLE_PART minimal_parts/__callable/llvm_text_from_plan_group_17.o
[35/79] CALLABLE_PART minimal_parts/__callable/compiler_entry_backend_group_1.o
[36/79] CALLABLE_PART minimal_parts/__callable/llvm_text_from_plan_group_16.o
[37/79] CALLABLE_PART minimal_parts/__callable/llvm_text_from_plan_group_25.o
[38/79] CALLABLE_PART minimal_parts/__callable/llvm_text_from_plan_group_26.o
[39/79] CALLABLE_PART minimal_parts/__callable/llvm_text_from_plan_group_27.o
[40/79] CALLABLE_PART minimal_parts/__callable/lowering_plan_group_4.o
[41/79] CALLABLE_PART minimal_parts/__callable/scalar_body_statement_collection_group_0.o
[42/79] CALLABLE_PART minimal_parts/__callable/local_body_lowering_group_1.o
[43/79] CALLABLE_PART minimal_parts/__callable/lowering_plan_group_5.o
[44/79] CALLABLE_PART minimal_parts/__callable/runtime_helper_contract_readiness_group_1.o
[45/79] CALLABLE_PART minimal_parts/__callable/runtime_helper_contract_readiness_group_2.o
[46/79] CALLABLE_PART minimal_parts/__callable/control_flow_dataflows_group_2.o
[47/79] CALLABLE_PART minimal_parts/__callable/control_flow_dataflows_group_1.o
[48/79] CALLABLE_PART minimal_parts/__callable/control_flow_dataflows_group_3.o
[49/79] CALLABLE_PART minimal_parts/__callable/control_flow_dataflows_group_4.o
[50/79] CALLABLE_PART minimal_parts/__callable/partition_readiness_group_5.o
[51/79] CALLABLE_PART minimal_parts/__callable/resident_daemon_file_ipc_group_9.o
[52/79] CALLABLE_PART minimal_parts/__callable/resident_daemon_file_ipc_group_11.o
[53/79] CALLABLE_PART minimal_parts/__callable/resident_daemon_file_ipc_group_5.o
[54/79] CALLABLE_PART minimal_parts/__callable/control_flow_transfers_group_1.o
[55/79] CALLABLE_PART minimal_parts/__callable/resident_daemon_file_ipc_group_10.o
[56/79] CALLABLE_PART minimal_parts/__callable/resident_function_body_summary_project_references_group_0.o
[57/79] CALLABLE_PART minimal_parts/__callable/resident_function_body_row_list_publish_results_group_2.o
[58/79] CALLABLE_PART minimal_parts/__callable/resident_daemon_incremental_proof_group_0.o
[59/79] CALLABLE_PART minimal_parts/__callable/resident_source_unit_frontend_payload_tables_group_4.o
[60/79] CALLABLE_PART minimal_parts/__callable/resident_function_body_parse_slices_group_1.o
[61/79] CALLABLE_PART minimal_parts/__callable/resident_function_body_local_parse_proofs_group_1.o
[62/79] CALLABLE_PART minimal_parts/__callable/resident_source_unit_frontend_payload_tables_group_5.o
[63/79] CALLABLE_PART minimal_parts/__callable/resident_source_unit_frontend_payload_tables_group_6.o
[64/79] CALLABLE_PART minimal_parts/__callable/resident_source_unit_symbol_states_group_2.o
[65/79] CALLABLE_PART minimal_parts/__callable/resident_source_unit_frontend_payload_tables_group_7.o
[66/79] CALLABLE_PART minimal_parts/__callable/resident_source_unit_frontend_payload_tables_group_8.o
[67/79] CALLABLE_PART minimal_parts/__callable/source_units_group_1.o
[68/79] CALLABLE_PART minimal_parts/__callable/source_unit_early_skip_group_3.o
[69/79] CALLABLE_PART minimal_parts/__callable/source_units_group_2.o
[70/79] CALLABLE_PART minimal_parts/__callable/resident_source_unit_frontend_payload_tables_group_30.o
[71/79] CALLABLE_PART minimal_parts/__callable/source_units_group_3.o
[72/79] CALLABLE_PART minimal_parts/__callable/resident_source_unit_symbol_states_group_3.o
[73/79] CALLABLE_PART minimal_parts/__callable/source_units_group_4.o
[74/79] CALLABLE_PART minimal_parts/__callable/source_units_group_5.o
[75/79] CALLABLE_PART minimal_parts/__callable/source_units_group_6.o
[76/79] CALLABLE_PART minimal_parts/__callable/source_units_group_8.o
[77/79] CALLABLE_PART minimal_parts/__callable/source_units_group_7.o
[78/79] CALLABLE_PART minimal_parts/__callable/compiler_project_runner_group_1.o
[79/79] LINK minimal-main
