Transpiled PHP files: 19, skipped unchanged: 0
Generated Ninja file: .prism/build/build.ninja
Using compiler: clang++-18 -fuse-ld=mold (gnu_like)
Using build mode: debug
Using build grouping policy: incremental (report_only)
Object cache: disabled (default disabled)
Using repo root: /tmp/scpp-json-240-probe
Resolved project dependency graph: 1 project(s)
Runtime compilation: enabled
Dependency compilation: reuse existing artifacts only
ninja: Entering directory `.prism/build'
[1/21] PCH app_pch.hpp.gch
[2/21] CXX scpp_framework/collections.o
[3/21] CXX scpp_framework/exceptions.o
[4/21] CXX src/04_analyze/type_model/data/generic.o
[5/21] CXX src/04_analyze/type_model/data/lifecycle.o
[6/21] CXX src/04_analyze/type_model/data/semantic_calls.o
[7/21] CXX src/04_analyze/type_model/data/semantic_modes.o
[8/21] CXX src/04_analyze/type_model/data/lifecycle_roles.o
[9/21] CXX src/04_analyze/type_model/data/representations.o
[10/21] CXX scpp_framework/strings.o
[11/21] CXX src/04_analyze/type_model/data/lifetime_contract.o
[12/21] CXX scpp_framework/json_document.o
[13/21] CXX main.o
[14/21] CXX scpp_framework/filesystem.o
[15/21] CXX src/04_analyze/type_model/data/resources.o
[16/21] CXX src/04_analyze/type_model/data/families.o
[17/21] CXX probe.o
[18/21] CXX src/04_analyze/type_model/data/type_references.o
[19/21] CXX src/04_analyze/type_model/data/source_families.o
[20/21] CXX src/04_analyze/type_model/family_contracts.o
[21/21] LINK main
Rebuilt outputs: .prism/build/app_pch.hpp.gch, .prism/build/main, .prism/build/main.o, .prism/build/probe.o, .prism/build/scpp_framework/collections.o, .prism/build/scpp_framework/exceptions.o, .prism/build/scpp_framework/filesystem.o, .prism/build/scpp_framework/json_document.o, .prism/build/scpp_framework/strings.o, .prism/build/src/04_analyze/type_model/data/families.o, .prism/build/src/04_analyze/type_model/data/generic.o, .prism/build/src/04_analyze/type_model/data/lifecycle.o, .prism/build/src/04_analyze/type_model/data/lifecycle_roles.o, .prism/build/src/04_analyze/type_model/data/lifetime_contract.o, .prism/build/src/04_analyze/type_model/data/representations.o, .prism/build/src/04_analyze/type_model/data/resources.o, .prism/build/src/04_analyze/type_model/data/semantic_calls.o, .prism/build/src/04_analyze/type_model/data/semantic_modes.o, .prism/build/src/04_analyze/type_model/data/source_families.o, .prism/build/src/04_analyze/type_model/data/type_references.o, .prism/build/src/04_analyze/type_model/family_contracts.o
Tip: set SCPP_NINJA_VERBOSE=1 to show full Ninja command lines.
Build completed: .prism/build/main
