Transpiled PHP files: 47, skipped unchanged: 0
Generated Ninja file: .prism/build/build.ninja
Using compiler: clang++-18 -fuse-ld=mold (gnu_like)
Using build mode: debug
Using build grouping policy: incremental (report_only)
Object cache: disabled (default disabled)
Using repo root: /tmp/scpp-json-240-probe
Resolved project dependency graph: 1 project(s)
Runtime compilation: enabled
Dependency compilation: reuse existing artifacts only
ninja: Entering directory `.prism/build'
[1/49] PCH app_pch.hpp.gch
[2/49] CXX src/03_parse/data/result.o
[3/49] CXX scpp_framework/collections.o
[4/49] CXX src/02_tokenize/store.o
[5/49] CXX src/01_prepare_inputs/read_sources/data/buffer.o
[6/49] CXX src/03_parse/data/expression_state.o
[7/49] CXX src/03_parse/data/role_views.o
[8/49] CXX src/03_parse/data/nodes.o
[9/49] CXX scpp_framework/exceptions.o
[10/49] CXX src/02_tokenize/tokenize.o
[11/49] CXX src/02_tokenize/structures.o
[12/49] CXX scpp_framework/json_document.o
[13/49] CXX scpp_framework/strings.o
[14/49] CXX scpp_framework/filesystem.o
[15/49] CXX probe.o
[16/49] CXX src/03_parse/data/store.o
[17/49] CXX main.o
[18/49] CXX src/03_parse/handlers/control_statements.o
[19/49] CXX src/03_parse/data/tree.o
[20/49] CXX src/03_parse/handlers/statements.o
[21/49] CXX src/03_parse/utilities/metaprogramming_syntax.o
[22/49] CXX src/03_parse/handlers/declarations.o
[23/49] CXX src/03_parse/handlers/metaprogramming.o
[24/49] CXX src/03_parse/handlers/expressions.o
[25/49] CXX src/04_analyze/check_bodies/utilities/decimal_range.o
[26/49] CXX src/03_parse/main_parse.o
[27/49] CXX src/03_parse/utilities/syntax_access.o
[28/49] CXX src/03_parse/utilities/syntax_comparer.o
[29/49] CXX src/03_parse/utilities/struct_member_cursor.o
[30/49] CXX src/03_parse/utilities/binary_syntax.o
[31/49] CXX src/03_parse/select_tasks.o
[32/49] CXX src/03_parse/parse_file.o
[33/49] CXX src/04_analyze/check_bodies/utilities/literals.o
[34/49] CXX src/03_parse/join.o
[35/49] CXX src/04_analyze/collect_symbols/data/structures.o
[36/49] CXX src/04_analyze/collect_symbols/data/result.o
[37/49] CXX src/04_analyze/collect_symbols/collect.o
[38/49] CXX src/04_analyze/instantiate/data/context.o
[39/49] CXX src/04_analyze/type_model/data/definitions.o
[40/49] CXX src/04_analyze/collect_symbols/data/store.o
[41/49] CXX src/04_analyze/type_model/data/lifecycle_roles.o
[42/49] CXX src/04_analyze/type_model/data/native_record_layout.o
[43/49] CXX src/04_analyze/collect_symbols/main_collect_symbols.o
[44/49] CXX src/04_analyze/type_model/data/lifecycle.o
[45/49] CXX src/04_analyze/type_model/data/semantic_modes.o
[46/49] CXX src/04_analyze/type_model/data/lifetime_contract.o
[47/49] CXX src/04_analyze/type_model/data/representations.o
[48/49] CXX src/04_analyze/type_model/data/resources.o
[49/49] LINK main
Rebuilt outputs: .prism/build/app_pch.hpp.gch, .prism/build/main, .prism/build/main.o, .prism/build/probe.o, .prism/build/scpp_framework/collections.o, .prism/build/scpp_framework/exceptions.o, .prism/build/scpp_framework/filesystem.o, .prism/build/scpp_framework/json_document.o, .prism/build/scpp_framework/strings.o, .prism/build/src/01_prepare_inputs/read_sources/data/buffer.o, .prism/build/src/02_tokenize/store.o, .prism/build/src/02_tokenize/structures.o, .prism/build/src/02_tokenize/tokenize.o, .prism/build/src/03_parse/data/expression_state.o, .prism/build/src/03_parse/data/nodes.o, .prism/build/src/03_parse/data/result.o, .prism/build/src/03_parse/data/role_views.o, .prism/build/src/03_parse/data/store.o, .prism/build/src/03_parse/data/tree.o, .prism/build/src/03_parse/handlers/control_statements.o, .prism/build/src/03_parse/handlers/declarations.o, .prism/build/src/03_parse/handlers/expressions.o, .prism/build/src/03_parse/handlers/metaprogramming.o, .prism/build/src/03_parse/handlers/statements.o, .prism/build/src/03_parse/join.o, .prism/build/src/03_parse/main_parse.o, .prism/build/src/03_parse/parse_file.o, .prism/build/src/03_parse/select_tasks.o, .prism/build/src/03_parse/utilities/binary_syntax.o, .prism/build/src/03_parse/utilities/metaprogramming_syntax.o, .prism/build/src/03_parse/utilities/struct_member_cursor.o, .prism/build/src/03_parse/utilities/syntax_access.o, .prism/build/src/03_parse/utilities/syntax_comparer.o, .prism/build/src/04_analyze/check_bodies/utilities/decimal_range.o, .prism/build/src/04_analyze/check_bodies/utilities/literals.o, .prism/build/src/04_analyze/collect_symbols/collect.o, .prism/build/src/04_analyze/collect_symbols/data/result.o, .prism/build/src/04_analyze/collect_symbols/data/store.o, .prism/build/src/04_analyze/collect_symbols/data/structures.o, .prism/build/src/04_analyze/collect_symbols/main_collect_symbols.o, .prism/build/src/04_analyze/instantiate/data/context.o, .prism/build/src/04_analyze/type_model/data/definitions.o, .prism/build/src/04_analyze/type_model/data/lifecycle.o, .prism/build/src/04_analyze/type_model/data/lifecycle_roles.o, .prism/build/src/04_analyze/type_model/data/lifetime_contract.o, .prism/build/src/04_analyze/type_model/data/native_record_layout.o, .prism/build/src/04_analyze/type_model/data/representations.o, .prism/build/src/04_analyze/type_model/data/resources.o, .prism/build/src/04_analyze/type_model/data/semantic_modes.o
Tip: set SCPP_NINJA_VERBOSE=1 to show full Ninja command lines.
Build completed: .prism/build/main
