[["local_read",12,7,0]]
[["local_borrow",12,7,0]]
[["local_read",12,7,0],["local_read",12,7,0]]
[["local_borrow",12,7,0],["local_borrow",12,7,0]]
[["local_read",12,7,0],"Location access was already selected by another consumer"]
[["local_borrow",12,7,0],"Location access was already selected by another consumer"]
[["local_read",12,7,0]]
["Location access was already selected by another consumer"]
[["local_read",12,7,0],["local_read",12,7,0]]
["Location access was already selected by another consumer","Location access was already selected by another consumer"]
[["local_read",12,7,0],"Location access was already selected by another consumer"]
["Location access was already selected by another consumer",["local_read",12,7,0]]
["Location access was already selected by another consumer"]
[["local_borrow",12,7,0]]
["Location access was already selected by another consumer","Location access was already selected by another consumer"]
[["local_borrow",12,7,0],["local_borrow",12,7,0]]
["Location access was already selected by another consumer",["local_borrow",12,7,0]]
[["local_borrow",12,7,0],"Location access was already selected by another consumer"]
[["integer_literal",12,7,0]]
[["integer_literal",12,7,0]]
[["integer_literal",12,7,0],["integer_literal",12,7,0]]
[["integer_literal",12,7,0],["integer_literal",12,7,0]]
[["integer_literal",12,7,0],["integer_literal",12,7,0]]
[["integer_literal",12,7,0],["integer_literal",12,7,0]]
