Transpiled PHP files: 102, skipped unchanged: 0
Generated Ninja file: .prism/build/build.ninja
Using compiler: clang++-18 -fuse-ld=mold (gnu_like)
Using build mode: debug
Using build grouping policy: incremental (report_only)
Object cache: disabled (default disabled)
Using repo root: /tmp/scpp-json-240-probe
Resolved project dependency graph: 1 project(s)
Runtime compilation: enabled
Dependency compilation: reuse existing artifacts only
ninja: Entering directory `.prism/build'
[1/104] PCH app_pch.hpp.gch
[2/104] CXX src/01_prepare_inputs/read_sources/data/buffer.o
[3/104] CXX src/03_parse/data/result.o
[4/104] CXX src/01_prepare_inputs/load_runtime/main_load_runtime.o
[5/104] CXX src/02_tokenize/store.o
[6/104] CXX scpp_framework/exceptions.o
[7/104] CXX src/02_tokenize/structures.o
[8/104] CXX src/03_parse/data/expression_state.o
[9/104] CXX src/02_tokenize/tokenize.o
[10/104] CXX scpp_framework/collections.o
[11/104] CXX probe.o
FAILED: probe.o 
clang++-18 -std=c++23 -fPIC -O0 -g -pipe -I../../../../scpp-json-240-probe/runtime/include -I../generated -DSCPP_LANGUAGE_TARGET_PHP=1 -DSCPP_HAS_MYSQLI=0 -DSCPP_HAS_REGEX=0 -DSCPP_HAS_CURL=0 -DSCPP_HAS_TASKS=0 -DSCPP_TASKS_DEFAULT_WORKER_POOL_SIZE=0 -DSCPP_HAS_UI=0 -DSCPP_HAS_WEBVIEW=0 -DSCPP_ENABLE_CALL_DEPTH_GUARD=1 -DSCPP_MAX_CALL_DEPTH=4096 -Winvalid-pch -include app_pch.hpp -include ../generated/__project_units/70967084076e3f7b.hpp -MMD -MF probe.o.d -MT probe.o -c ../generated/probe.cpp -o probe.o
../generated/probe.cpp:61:19: error: no viable overloaded '='
   61 |         state->constants = mixed_t{shared_table_()};
      |         ~~~~~~~~~~~~~~~~ ^ ~~~~~~~~~~~~~~~~~~~~~~~~
/tmp/instance-registry-native-02/phpp/.prism/build/../../../../scpp-json-240-probe/runtime/include/scpp/support/hash_t.hpp:504:10: note: candidate function not viable: no known conversion from 'mixed_t' to 'const hash_t<shared_p<Template_Argument>, int_t<>>' for 1st argument
  504 |         hash_t &operator=(const hash_t &other) requires(std::copyable<T_VALUE> && std::copyable<T_KEY>) {
      |                 ^         ~~~~~~~~~~~~~~~~~~~
/tmp/instance-registry-native-02/phpp/.prism/build/../../../../scpp-json-240-probe/runtime/include/scpp/support/hash_t.hpp:511:10: note: candidate function not viable: no known conversion from 'mixed_t' to 'hash_t<shared_p<Template_Argument>, int_t<>>' for 1st argument
  511 |         hash_t &operator=(hash_t &&) noexcept = default;
      |                 ^         ~~~~~~~~~
../generated/probe.cpp:127:20: error: no viable overloaded '='
  127 |         escaped->contexts = mixed_t{shared_table_()};
      |         ~~~~~~~~~~~~~~~~~ ^ ~~~~~~~~~~~~~~~~~~~~~~~~
/tmp/instance-registry-native-02/phpp/.prism/build/../../../../scpp-json-240-probe/runtime/include/scpp/support/hash_t.hpp:504:10: note: candidate function not viable: no known conversion from 'mixed_t' to 'const hash_t<shared_p<Instance_Context>, int_t<>>' for 1st argument
  504 |         hash_t &operator=(const hash_t &other) requires(std::copyable<T_VALUE> && std::copyable<T_KEY>) {
      |                 ^         ~~~~~~~~~~~~~~~~~~~
/tmp/instance-registry-native-02/phpp/.prism/build/../../../../scpp-json-240-probe/runtime/include/scpp/support/hash_t.hpp:511:10: note: candidate function not viable: no known conversion from 'mixed_t' to 'hash_t<shared_p<Instance_Context>, int_t<>>' for 1st argument
  511 |         hash_t &operator=(hash_t &&) noexcept = default;
      |                 ^         ~~~~~~~~~
../generated/probe.cpp:128:21: error: no viable overloaded '='
  128 |         escaped->constants = mixed_t{shared_table_()};
      |         ~~~~~~~~~~~~~~~~~~ ^ ~~~~~~~~~~~~~~~~~~~~~~~~
/tmp/instance-registry-native-02/phpp/.prism/build/../../../../scpp-json-240-probe/runtime/include/scpp/support/hash_t.hpp:504:10: note: candidate function not viable: no known conversion from 'mixed_t' to 'const hash_t<shared_p<Template_Argument>, int_t<>>' for 1st argument
  504 |         hash_t &operator=(const hash_t &other) requires(std::copyable<T_VALUE> && std::copyable<T_KEY>) {
      |                 ^         ~~~~~~~~~~~~~~~~~~~
/tmp/instance-registry-native-02/phpp/.prism/build/../../../../scpp-json-240-probe/runtime/include/scpp/support/hash_t.hpp:511:10: note: candidate function not viable: no known conversion from 'mixed_t' to 'hash_t<shared_p<Template_Argument>, int_t<>>' for 1st argument
  511 |         hash_t &operator=(hash_t &&) noexcept = default;
      |                 ^         ~~~~~~~~~
../generated/probe.cpp:227:11: error: no viable overloaded '='
  227 |         contexts = mixed_t{shared_table_()};
      |         ~~~~~~~~ ^ ~~~~~~~~~~~~~~~~~~~~~~~~
/tmp/instance-registry-native-02/phpp/.prism/build/../../../../scpp-json-240-probe/runtime/include/scpp/vector_t.hpp:22:7: note: candidate function (the implicit copy assignment operator) not viable: no known conversion from 'mixed_t' to 'const vector_t<shared_p<Instance_Context>>' for 1st argument
   22 | class vector_t final {
      |       ^~~~~~~~
/tmp/instance-registry-native-02/phpp/.prism/build/../../../../scpp-json-240-probe/runtime/include/scpp/vector_t.hpp:22:7: note: candidate function (the implicit move assignment operator) not viable: no known conversion from 'mixed_t' to 'vector_t<shared_p<Instance_Context>>' for 1st argument
   22 | class vector_t final {
      |       ^~~~~~~~
../generated/probe.cpp:233:27: error: no viable overloaded '='
  233 |         exposed->source_bindings = mixed_t{shared_table_()};
      |         ~~~~~~~~~~~~~~~~~~~~~~~~ ^ ~~~~~~~~~~~~~~~~~~~~~~~~
/tmp/instance-registry-native-02/phpp/.prism/build/../../../../scpp-json-240-probe/runtime/include/scpp/support/hash_t.hpp:504:10: note: candidate function not viable: no known conversion from 'mixed_t' to 'const hash_t<shared_p<Symbol_Resolution>, int_t<>>' for 1st argument
  504 |         hash_t &operator=(const hash_t &other) requires(std::copyable<T_VALUE> && std::copyable<T_KEY>) {
      |                 ^         ~~~~~~~~~~~~~~~~~~~
/tmp/instance-registry-native-02/phpp/.prism/build/../../../../scpp-json-240-probe/runtime/include/scpp/support/hash_t.hpp:511:10: note: candidate function not viable: no known conversion from 'mixed_t' to 'hash_t<shared_p<Symbol_Resolution>, int_t<>>' for 1st argument
  511 |         hash_t &operator=(hash_t &&) noexcept = default;
      |                 ^         ~~~~~~~~~
5 errors generated.
[12/104] CXX src/03_parse/data/nodes.o
[13/104] CXX scpp_framework/strings.o
[14/104] CXX main.o
[15/104] CXX scpp_framework/json_document.o
[16/104] CXX scpp_framework/filesystem.o
[17/104] CXX src/01_prepare_inputs/load_runtime/utilities/catalog_syntax.o
[18/104] CXX src/03_parse/handlers/control_statements.o
[19/104] CXX src/03_parse/data/role_views.o
[20/104] CXX src/03_parse/handlers/declarations.o
[21/104] CXX src/03_parse/handlers/statements.o
[22/104] CXX src/03_parse/handlers/expressions.o
[23/104] CXX src/03_parse/handlers/metaprogramming.o
[24/104] CXX src/03_parse/data/tree.o
[25/104] CXX src/03_parse/data/store.o
[26/104] CXX src/03_parse/join.o
ninja: build stopped: subcommand failed.
