Transpiled PHP files: 44, skipped unchanged: 0
Generated Ninja file: .prism/build/build.ninja
Using compiler: clang++-18 -fuse-ld=mold (gnu_like)
Using build mode: debug
Using build grouping policy: incremental (report_only)
Object cache: disabled (default disabled)
Using repo root: /tmp/scpp-json-240-probe
Resolved project dependency graph: 1 project(s)
Runtime compilation: enabled
Dependency compilation: reuse existing artifacts only
ninja: Entering directory `.prism/build'
[1/46] PCH app_pch.hpp.gch
[2/46] CXX src/04_analyze/resolve_types/data/lifecycle_bodies.o
[3/46] CXX src/04_analyze/type_model/data/context.o
[4/46] CXX scpp_framework/collections.o
[5/46] CXX scpp_framework/exceptions.o
[6/46] CXX scpp_framework/filesystem.o
[7/46] CXX src/04_analyze/type_model/data/callable_modes.o
[8/46] CXX scpp_framework/strings.o
[9/46] CXX src/04_analyze/resolve_types/utilities/type_cache.o
[10/46] CXX main.o
[11/46] CXX scpp_framework/json_document.o
[12/46] CXX src/04_analyze/type_model/data/catalog.o
[13/46] CXX src/04_analyze/type_model/data/definitions.o
[14/46] CXX src/04_analyze/type_model/data/callables.o
[15/46] CXX src/04_analyze/resolve_types/lifecycle_composition.o
[16/46] CXX src/01_prepare_inputs/load_runtime/utilities/catalog_syntax.o
[17/46] CXX probe.o
[18/46] CXX src/04_analyze/type_model/data/lifecycle_roles.o
[19/46] CXX src/04_analyze/type_model/data/lifetime_policy_codec.o
[20/46] CXX src/04_analyze/type_model/data/lifecycle.o
[21/46] CXX src/04_analyze/type_model/data/semantic_calls.o
[22/46] CXX src/04_analyze/type_model/data/representations.o
[23/46] CXX src/04_analyze/type_model/data/native_record_layout.o
[24/46] CXX src/04_analyze/type_model/data/lifetime_contract.o
[25/46] CXX src/04_analyze/type_model/data/semantic_modes.o
[26/46] CXX src/04_analyze/type_model/data/records.o
[27/46] CXX src/04_analyze/type_model/result_contracts.o
[28/46] CXX src/04_analyze/type_model/data/type_record.o
[29/46] CXX src/04_analyze/type_model/data/resources.o
[30/46] CXX src/04_analyze/type_model/data/storage.o
[31/46] CXX src/05_generate_code/prepare_backend/data/configuration.o
[32/46] CXX src/04_analyze/type_model/data/type_references.o
[33/46] CXX src/05_generate_code/prepare_backend/data/layout_capture.o
[34/46] CXX src/05_generate_code/prepare_backend/utilities/llvm_text.o
[35/46] CXX src/05_generate_code/prepare_backend/data/layout_witness.o
[36/46] CXX src/05_generate_code/prepare_backend/layout_selection.o
[37/46] CXX src/05_generate_code/prepare_backend/data/layout.o
[38/46] CXX src/04_analyze/type_model/data/store.o
[39/46] CXX src/05_generate_code/prepare_backend/utilities/layout_ids.o
[40/46] CXX src/05_generate_code/prepare_backend/layout_measurement.o
[41/46] CXX src/05_generate_code/prepare_backend/native_layout.o
[42/46] CXX src/05_generate_code/prepare_backend/layout_capture.o
[43/46] CXX src/05_generate_code/prepare_backend/utilities/layout_order.o
[44/46] CXX src/05_generate_code/prepare_backend/utilities/llvm_storage.o
[45/46] CXX src/05_generate_code/prepare_backend/utilities/layout_facts.o
[46/46] LINK main
Rebuilt outputs: .prism/build/app_pch.hpp.gch, .prism/build/main, .prism/build/main.o, .prism/build/probe.o, .prism/build/scpp_framework/collections.o, .prism/build/scpp_framework/exceptions.o, .prism/build/scpp_framework/filesystem.o, .prism/build/scpp_framework/json_document.o, .prism/build/scpp_framework/strings.o, .prism/build/src/01_prepare_inputs/load_runtime/utilities/catalog_syntax.o, .prism/build/src/04_analyze/resolve_types/data/lifecycle_bodies.o, .prism/build/src/04_analyze/resolve_types/lifecycle_composition.o, .prism/build/src/04_analyze/resolve_types/utilities/type_cache.o, .prism/build/src/04_analyze/type_model/data/callable_modes.o, .prism/build/src/04_analyze/type_model/data/callables.o, .prism/build/src/04_analyze/type_model/data/catalog.o, .prism/build/src/04_analyze/type_model/data/context.o, .prism/build/src/04_analyze/type_model/data/definitions.o, .prism/build/src/04_analyze/type_model/data/lifecycle.o, .prism/build/src/04_analyze/type_model/data/lifecycle_roles.o, .prism/build/src/04_analyze/type_model/data/lifetime_contract.o, .prism/build/src/04_analyze/type_model/data/lifetime_policy_codec.o, .prism/build/src/04_analyze/type_model/data/native_record_layout.o, .prism/build/src/04_analyze/type_model/data/records.o, .prism/build/src/04_analyze/type_model/data/representations.o, .prism/build/src/04_analyze/type_model/data/resources.o, .prism/build/src/04_analyze/type_model/data/semantic_calls.o, .prism/build/src/04_analyze/type_model/data/semantic_modes.o, .prism/build/src/04_analyze/type_model/data/storage.o, .prism/build/src/04_analyze/type_model/data/store.o, .prism/build/src/04_analyze/type_model/data/type_record.o, .prism/build/src/04_analyze/type_model/data/type_references.o, .prism/build/src/04_analyze/type_model/result_contracts.o, .prism/build/src/05_generate_code/prepare_backend/data/configuration.o, .prism/build/src/05_generate_code/prepare_backend/data/layout.o, .prism/build/src/05_generate_code/prepare_backend/data/layout_capture.o, .prism/build/src/05_generate_code/prepare_backend/data/layout_witness.o, .prism/build/src/05_generate_code/prepare_backend/layout_capture.o, .prism/build/src/05_generate_code/prepare_backend/layout_measurement.o, .prism/build/src/05_generate_code/prepare_backend/layout_selection.o, .prism/build/src/05_generate_code/prepare_backend/native_layout.o, .prism/build/src/05_generate_code/prepare_backend/utilities/layout_facts.o, .prism/build/src/05_generate_code/prepare_backend/utilities/layout_ids.o, .prism/build/src/05_generate_code/prepare_backend/utilities/layout_order.o, .prism/build/src/05_generate_code/prepare_backend/utilities/llvm_storage.o, .prism/build/src/05_generate_code/prepare_backend/utilities/llvm_text.o
Tip: set SCPP_NINJA_VERBOSE=1 to show full Ninja command lines.
Build completed: .prism/build/main
