[1/583] CXX expanded/structures/capabilities/provider_trait_descriptor_row.o
[2/583] clang++ -std=c++23 -fPIC -O0 -g1 -pipe -I../../../vendor/runtime/include -I../expanded/generated -DSCPP_LANGUAGE_TARGET_PHP=1 -DSCPP_HAS_MYSQLI=0 -DSCPP_HAS_REGEX=0 -DSCPP_HAS_CURL=0 -DSCPP_HAS_TASKS=1 -DSCPP_TASKS_DEFAULT_WORKER_POOL_SIZE=0 -DSCPP_HAS_UI=0 -DSCPP_HAS_WEBVIEW=0 -DSCPP_ENABLE_CALL_DEPTH_GUARD=1 -DSCPP_MAX_CALL_DEPTH=4096 -x c++-header -MD -MF expanded-project.pch.d ../expanded/generated/__project_units.hpp -o expanded-project.pch
[3/583] CALLABLE_PART expanded_parts/__callable/prepare_outputs_group_0.o
[4/583] CALLABLE_PART expanded_parts/__callable/runtime_helper_effects_group_0.o
[5/583] CALLABLE_PART expanded_parts/__callable/llvm_abi_call_lowering_group_0.o
[6/583] CALLABLE_PART expanded_parts/__callable/runtime_abi_bridge_group_2.o
[7/583] CALLABLE_PART expanded_parts/__callable/string_runtime_abi_group_0.o
[8/583] CALLABLE_PART expanded_parts/__callable/analysis_context_identity_group_0.o
[9/583] CALLABLE_PART expanded_parts/__callable/llvm_abi_declarations_group_0.o
[10/583] CALLABLE_PART expanded_parts/__callable/analysis_context_group_0.o
[11/583] CALLABLE_PART expanded_parts/__callable/runtime_abi_bridge_group_0.o
[12/583] CALLABLE_PART expanded_parts/__callable/runtime_abi_bridge_group_1.o
[13/583] CALLABLE_PART expanded_parts/__callable/analysis_context_group_1.o
[14/583] CALLABLE_PART expanded_parts/main.o
[15/583] CALLABLE_PART expanded_parts/__callable/backend_emission_adapter_routes_group_0.o
[16/583] CALLABLE_PART expanded_parts/__callable/backend_emission_decisions_group_1.o
[17/583] CALLABLE_PART expanded_parts/__callable/string_runtime_abi_group_1.o
[18/583] CALLABLE_PART expanded_parts/__callable/backend_emission_decisions_group_0.o
[19/583] CALLABLE_PART expanded_parts/__callable/backend_emission_adapter_routes_group_1.o
[20/583] CALLABLE_PART expanded_parts/__callable/backend_emission_adapter_routes_group_2.o
[21/583] CALLABLE_PART expanded_parts/__callable/backend_emission_decisions_group_2.o
[22/583] CALLABLE_PART expanded_parts/__callable/backend_emission_decisions_group_6.o
[23/583] CALLABLE_PART expanded_parts/__callable/backend_emission_decisions_group_3.o
[24/583] CALLABLE_PART expanded_parts/__callable/backend_emission_decisions_group_4.o
[25/583] CALLABLE_PART expanded_parts/__callable/backend_emission_decisions_group_5.o
[26/583] CALLABLE_PART expanded_parts/__callable/backend_loop_text_emission_group_0.o
[27/583] CALLABLE_PART expanded_parts/__callable/backend_native_execution_adapter_group_1.o
[28/583] CALLABLE_PART expanded_parts/__callable/backend_object_link_cache_group_0.o
[29/583] CALLABLE_PART expanded_parts/__callable/backend_native_execution_adapter_group_0.o
[30/583] CALLABLE_PART expanded_parts/__callable/backend_object_link_cache_group_1.o
[31/583] CALLABLE_PART expanded_parts/__callable/backend_module_composition_group_0.o
[32/583] CALLABLE_PART expanded_parts/__callable/backend_object_link_cache_group_2.o
[33/583] CALLABLE_PART expanded_parts/__callable/backend_object_link_cache_group_6.o
[34/583] CALLABLE_PART expanded_parts/__callable/backend_partition_readiness_group_0.o
[35/583] CALLABLE_PART expanded_parts/__callable/backend_object_link_cache_group_3.o
[36/583] CALLABLE_PART expanded_parts/__callable/backend_object_link_cache_group_5.o
[37/583] CALLABLE_PART expanded_parts/__callable/backend_object_link_cache_group_4.o
[38/583] CALLABLE_PART expanded_parts/__callable/backend_partition_readiness_group_1.o
[39/583] CALLABLE_PART expanded_parts/__callable/backend_preflight_requests_group_0.o
[40/583] CALLABLE_PART expanded_parts/__callable/backend_preflight_requests_group_1.o
[41/583] CALLABLE_PART expanded_parts/__callable/backend_partition_readiness_group_2.o
[42/583] CALLABLE_PART expanded_parts/__callable/backend_preflight_requests_group_2.o
[43/583] CALLABLE_PART expanded_parts/__callable/backend_preflight_requests_group_3.o
[44/583] CALLABLE_PART expanded_parts/__callable/backend_preflight_requests_group_4.o
[45/583] CALLABLE_PART expanded_parts/__callable/backend_preflight_requests_group_5.o
[46/583] CALLABLE_PART expanded_parts/__callable/backend_preflight_requests_group_6.o
[47/583] CALLABLE_PART expanded_parts/__callable/backend_preflight_requests_group_7.o
[48/583] CALLABLE_PART expanded_parts/__callable/backend_preflight_requests_group_9.o
[49/583] CALLABLE_PART expanded_parts/__callable/backend_preflight_requests_group_8.o
[50/583] CALLABLE_PART expanded_parts/__callable/backend_preflight_requests_group_10.o
[51/583] CALLABLE_PART expanded_parts/__callable/backend_preflight_requests_group_14.o
[52/583] CALLABLE_PART expanded_parts/__callable/backend_preflight_requests_group_11.o
[53/583] CALLABLE_PART expanded_parts/__callable/backend_preflight_requests_group_13.o
[54/583] CALLABLE_PART expanded_parts/__callable/backend_preflight_requests_group_17.o
[55/583] CALLABLE_PART expanded_parts/__callable/backend_preflight_requests_group_12.o
[56/583] CALLABLE_PART expanded_parts/__callable/backend_preflight_requests_group_15.o
[57/583] CALLABLE_PART expanded_parts/__callable/backend_preflight_requests_group_16.o
[58/583] CALLABLE_PART expanded_parts/__callable/compiler_entry_backend_group_0.o
[59/583] CALLABLE_PART expanded_parts/__callable/compiler_entry_backend_group_2.o
[60/583] CALLABLE_PART expanded_parts/__callable/llvm_api_sink_preflight_group_0.o
[61/583] CALLABLE_PART expanded_parts/__callable/llvm_api_sink_preflight_group_1.o
[62/583] CALLABLE_PART expanded_parts/__callable/compiler_entry_backend_group_1.o
[63/583] CALLABLE_PART expanded_parts/__callable/llvm_api_sink_preflight_group_3.o
[64/583] CALLABLE_PART expanded_parts/__callable/llvm_api_toolchain_probe_group_0.o
[65/583] CALLABLE_PART expanded_parts/__callable/llvm_api_toolchain_probe_group_2.o
[66/583] CALLABLE_PART expanded_parts/__callable/llvm_text_from_plan_group_0.o
[67/583] CALLABLE_PART expanded_parts/__callable/llvm_api_sink_preflight_group_2.o
[68/583] CALLABLE_PART expanded_parts/__callable/llvm_api_toolchain_probe_group_1.o
[69/583] CALLABLE_PART expanded_parts/__callable/llvm_text_from_plan_group_1.o
[70/583] CALLABLE_PART expanded_parts/__callable/llvm_text_from_plan_group_2.o
[71/583] CALLABLE_PART expanded_parts/__callable/llvm_text_from_plan_group_3.o
[72/583] CALLABLE_PART expanded_parts/__callable/llvm_text_from_plan_group_4.o
[73/583] CALLABLE_PART expanded_parts/__callable/llvm_text_from_plan_group_5.o
[74/583] CALLABLE_PART expanded_parts/__callable/llvm_text_from_plan_group_6.o
[75/583] CALLABLE_PART expanded_parts/__callable/llvm_text_from_plan_group_7.o
[76/583] CALLABLE_PART expanded_parts/__callable/llvm_text_from_plan_group_10.o
[77/583] CALLABLE_PART expanded_parts/__callable/llvm_text_from_plan_group_11.o
[78/583] CALLABLE_PART expanded_parts/__callable/llvm_text_from_plan_group_9.o
[79/583] CALLABLE_PART expanded_parts/__callable/llvm_text_from_plan_group_8.o
[80/583] CALLABLE_PART expanded_parts/__callable/llvm_text_from_plan_group_12.o
[81/583] CALLABLE_PART expanded_parts/__callable/llvm_text_from_plan_group_13.o
[82/583] CALLABLE_PART expanded_parts/__callable/llvm_text_from_plan_group_15.o
[83/583] CALLABLE_PART expanded_parts/__callable/llvm_text_from_plan_group_14.o
[84/583] CALLABLE_PART expanded_parts/__callable/llvm_text_from_plan_group_16.o
[85/583] CALLABLE_PART expanded_parts/__callable/llvm_text_from_plan_group_17.o
[86/583] CALLABLE_PART expanded_parts/__callable/llvm_text_from_plan_group_18.o
[87/583] CALLABLE_PART expanded_parts/__callable/llvm_text_from_plan_group_19.o
[88/583] CALLABLE_PART expanded_parts/__callable/llvm_text_from_plan_group_22.o
[89/583] CALLABLE_PART expanded_parts/__callable/llvm_text_from_plan_group_21.o
[90/583] CALLABLE_PART expanded_parts/__callable/llvm_text_from_plan_group_24.o
[91/583] CALLABLE_PART expanded_parts/__callable/local_body_lowering_group_0.o
[92/583] CALLABLE_PART expanded_parts/__callable/llvm_text_from_plan_group_20.o
[93/583] CALLABLE_PART expanded_parts/__callable/llvm_text_from_plan_group_23.o
[94/583] CALLABLE_PART expanded_parts/__callable/local_body_lowering_group_1.o
[95/583] CALLABLE_PART expanded_parts/__callable/local_body_lowering_group_2.o
[96/583] CALLABLE_PART expanded_parts/__callable/local_body_lowering_routes_group_1.o
[97/583] CALLABLE_PART expanded_parts/__callable/local_body_lowering_routes_group_0.o
[98/583] CALLABLE_PART expanded_parts/__callable/lowering_plan_group_0.o
[99/583] CALLABLE_PART expanded_parts/__callable/lowering_plan_group_1.o
[100/583] CALLABLE_PART expanded_parts/__callable/lowering_plan_group_3.o
[101/583] CALLABLE_PART expanded_parts/__callable/lowering_plan_group_4.o
[102/583] CALLABLE_PART expanded_parts/__callable/lowering_plan_group_2.o
[103/583] CALLABLE_PART expanded_parts/__callable/lowering_plan_group_6.o
[104/583] CALLABLE_PART expanded_parts/__callable/primitive_abi_adapter_matrix_group_0.o
[105/583] CALLABLE_PART expanded_parts/__callable/lowering_plan_group_5.o
[106/583] CALLABLE_PART expanded_parts/__callable/primitive_abi_adapter_matrix_group_1.o
[107/583] CALLABLE_PART expanded_parts/__callable/lowering_plan_group_7.o
[108/583] CALLABLE_PART expanded_parts/__callable/primitive_abi_adapter_matrix_group_2.o
[109/583] CALLABLE_PART expanded_parts/__callable/primitive_abi_adapter_matrix_group_3.o
[110/583] CALLABLE_PART expanded_parts/__callable/primitive_abi_adapter_matrix_group_4.o
[111/583] CALLABLE_PART expanded_parts/__callable/scalar_body_backend_collection_group_0.o
[112/583] CALLABLE_PART expanded_parts/__callable/scalar_body_statement_collection_group_0.o
[113/583] CALLABLE_PART expanded_parts/__callable/scalar_loop_backend_requests_group_0.o
[114/583] CALLABLE_PART expanded_parts/__callable/scalar_body_statement_collection_group_1.o
[115/583] CALLABLE_PART expanded_parts/__callable/capability_consumer_plans_group_0.o
[116/583] CALLABLE_PART expanded_parts/__callable/runtime_helper_contract_readiness_group_0.o
[117/583] CALLABLE_PART expanded_parts/__callable/runtime_helper_contract_readiness_group_1.o
[118/583] CALLABLE_PART expanded_parts/__callable/runtime_helper_contract_readiness_group_2.o
[119/583] CALLABLE_PART expanded_parts/__callable/storage_lifetime_readiness_group_0.o
[120/583] CALLABLE_PART expanded_parts/__callable/storage_lifetime_readiness_group_1.o
[121/583] CALLABLE_PART expanded_parts/__callable/storage_lifetime_readiness_group_2.o
[122/583] CALLABLE_PART expanded_parts/__callable/storage_lifetime_readiness_group_3.o
[123/583] CALLABLE_PART expanded_parts/__callable/storage_lifetime_readiness_group_4.o
[124/583] CALLABLE_PART expanded_parts/__callable/storage_lifetime_readiness_group_5.o
[125/583] CALLABLE_PART expanded_parts/__callable/type_capability_readiness_group_1.o
[126/583] CALLABLE_PART expanded_parts/__callable/storage_lifetime_readiness_group_7.o
[127/583] CALLABLE_PART expanded_parts/__callable/type_capability_readiness_group_0.o
[128/583] CALLABLE_PART expanded_parts/__callable/storage_lifetime_readiness_group_6.o
[129/583] CALLABLE_PART expanded_parts/__callable/type_capability_readiness_group_2.o
[130/583] CALLABLE_PART expanded_parts/__callable/type_capability_readiness_group_3.o
[131/583] CALLABLE_PART expanded_parts/__callable/type_capability_readiness_group_4.o
[132/583] CALLABLE_PART expanded_parts/__callable/type_capability_readiness_group_5.o
[133/583] CALLABLE_PART expanded_parts/__callable/type_capability_readiness_group_6.o
[134/583] CALLABLE_PART expanded_parts/__callable/type_capability_readiness_group_7.o
[135/583] CALLABLE_PART expanded_parts/__callable/type_capability_readiness_group_8.o
[136/583] CALLABLE_PART expanded_parts/__callable/type_capability_readiness_group_9.o
[137/583] CALLABLE_PART expanded_parts/__callable/type_capability_readiness_group_10.o
[138/583] CALLABLE_PART expanded_parts/__callable/type_capability_readiness_group_11.o
[139/583] CALLABLE_PART expanded_parts/__callable/type_capability_readiness_group_14.o
[140/583] CALLABLE_PART expanded_parts/__callable/type_capability_readiness_group_12.o
[141/583] CALLABLE_PART expanded_parts/__callable/type_capability_readiness_group_13.o
[142/583] CALLABLE_PART expanded_parts/__callable/type_capability_readiness_group_15.o
[143/583] CALLABLE_PART expanded_parts/__callable/type_capability_readiness_group_16.o
[144/583] CALLABLE_PART expanded_parts/__callable/type_capability_readiness_group_17.o
[145/583] CALLABLE_PART expanded_parts/__callable/type_capability_readiness_group_21.o
[146/583] CALLABLE_PART expanded_parts/__callable/type_capability_readiness_group_22.o
[147/583] CALLABLE_PART expanded_parts/__callable/type_capability_readiness_group_20.o
[148/583] CALLABLE_PART expanded_parts/__callable/type_capability_readiness_group_18.o
[149/583] CALLABLE_PART expanded_parts/__callable/type_capability_readiness_group_23.o
[150/583] CALLABLE_PART expanded_parts/__callable/type_traits_group_0.o
[151/583] CALLABLE_PART expanded_parts/__callable/type_traits_group_1.o
[152/583] CALLABLE_PART expanded_parts/__callable/type_traits_group_2.o
[153/583] CALLABLE_PART expanded_parts/__callable/type_capability_readiness_group_19.o
[154/583] CALLABLE_PART expanded_parts/__callable/type_traits_group_3.o
[155/583] CALLABLE_PART expanded_parts/__callable/type_traits_group_4.o
[156/583] CALLABLE_PART expanded_parts/__callable/type_traits_group_5.o
[157/583] CALLABLE_PART expanded_parts/__callable/control_flow_dataflows_group_0.o
[158/583] CALLABLE_PART expanded_parts/__callable/type_traits_group_6.o
[159/583] CALLABLE_PART expanded_parts/__callable/control_flow_dataflows_group_2.o
[160/583] CALLABLE_PART expanded_parts/__callable/control_flow_graphs_group_0.o
[161/583] CALLABLE_PART expanded_parts/__callable/control_flow_dataflows_group_1.o
[162/583] CALLABLE_PART expanded_parts/__callable/control_flow_dataflows_group_3.o
[163/583] CALLABLE_PART expanded_parts/__callable/control_flow_dataflows_group_4.o
[164/583] CALLABLE_PART expanded_parts/__callable/control_flow_graphs_group_1.o
[165/583] CALLABLE_PART expanded_parts/__callable/control_flow_graphs_group_2.o
[166/583] CALLABLE_PART expanded_parts/__callable/control_flow_graphs_group_3.o
[167/583] CALLABLE_PART expanded_parts/__callable/control_flow_transfers_group_0.o
[168/583] CALLABLE_PART expanded_parts/__callable/frontend_model_builder_group_0.o
[169/583] CALLABLE_PART expanded_parts/__callable/frontend_model_builder_group_1.o
[170/583] CALLABLE_PART expanded_parts/__callable/control_flow_transfers_group_1.o
[171/583] CALLABLE_PART expanded_parts/__callable/frontend_model_builder_group_3.o
[172/583] CALLABLE_PART expanded_parts/__callable/frontend_model_builder_group_4.o
[173/583] CALLABLE_PART expanded_parts/__callable/frontend_model_builder_group_2.o
[174/583] CALLABLE_PART expanded_parts/__callable/frontend_model_builder_group_5.o
[175/583] CALLABLE_PART expanded_parts/__callable/frontend_model_builder_group_6.o
[176/583] CALLABLE_PART expanded_parts/__callable/frontend_model_builder_group_7.o
[177/583] CALLABLE_PART expanded_parts/__callable/frontend_model_builder_group_8.o
[178/583] CALLABLE_PART expanded_parts/__callable/frontend_model_builder_group_9.o
[179/583] CALLABLE_PART expanded_parts/__callable/frontend_model_builder_group_10.o
[180/583] CALLABLE_PART expanded_parts/__callable/frontend_model_builder_group_11.o
[181/583] CALLABLE_PART expanded_parts/__callable/frontend_model_builder_group_12.o
[182/583] CALLABLE_PART expanded_parts/__callable/frontend_model_builder_group_13.o
[183/583] CALLABLE_PART expanded_parts/__callable/frontend_model_builder_group_15.o
[184/583] CALLABLE_PART expanded_parts/__callable/frontend_model_builder_group_14.o
[185/583] CALLABLE_PART expanded_parts/__callable/frontend_model_builder_group_17.o
[186/583] CALLABLE_PART expanded_parts/__callable/frontend_model_builder_group_16.o
[187/583] CALLABLE_PART expanded_parts/__callable/frontend_model_builder_group_18.o
[188/583] CALLABLE_PART expanded_parts/__callable/frontend_model_builder_group_19.o
[189/583] CALLABLE_PART expanded_parts/__callable/parser_cursor_group_0.o
[190/583] CALLABLE_PART expanded_parts/__callable/parser_diagnostics_group_0.o
[191/583] CALLABLE_PART expanded_parts/__callable/parser_diagnostics_group_1.o
[192/583] CALLABLE_PART expanded_parts/__callable/parser_state_group_1.o
[193/583] CALLABLE_PART expanded_parts/__callable/phs_tokenizer_group_0.o
[194/583] CALLABLE_PART expanded_parts/__callable/parser_state_group_0.o
[195/583] CALLABLE_PART expanded_parts/__callable/phs_tokenizer_group_2.o
[196/583] CALLABLE_PART expanded_parts/__callable/token_kinds_group_0.o
[197/583] CALLABLE_PART expanded_parts/__callable/deterministic_work_ordering_group_0.o
[198/583] CALLABLE_PART expanded_parts/__callable/deterministic_work_ordering_group_1.o
[199/583] CALLABLE_PART expanded_parts/__callable/phs_tokenizer_group_1.o
[200/583] CALLABLE_PART expanded_parts/__callable/mt_stage_evaluation_group_1.o
[201/583] CALLABLE_PART expanded_parts/__callable/mt_stage_evaluation_group_0.o
[202/583] CALLABLE_PART expanded_parts/__callable/mt_stage_evaluation_group_2.o
[203/583] CALLABLE_PART expanded_parts/__callable/mt_stage_evaluation_group_3.o
[204/583] CALLABLE_PART expanded_parts/__callable/mt_stage_evaluation_group_4.o
[205/583] CALLABLE_PART expanded_parts/__callable/partition_merge_reductions_group_3.o
[206/583] CALLABLE_PART expanded_parts/__callable/partition_merge_reductions_group_1.o
[207/583] CALLABLE_PART expanded_parts/__callable/partition_merge_reductions_group_0.o
[208/583] CALLABLE_PART expanded_parts/__callable/partition_readiness_group_0.o
[209/583] CALLABLE_PART expanded_parts/__callable/partition_merge_reductions_group_2.o
[210/583] CALLABLE_PART expanded_parts/__callable/partition_readiness_group_2.o
[211/583] CALLABLE_PART expanded_parts/__callable/partition_readiness_group_1.o
[212/583] CALLABLE_PART expanded_parts/__callable/partition_readiness_group_3.o
[213/583] CALLABLE_PART expanded_parts/__callable/partition_readiness_group_4.o
[214/583] CALLABLE_PART expanded_parts/__callable/partition_readiness_group_5.o
[215/583] CALLABLE_PART expanded_parts/__callable/resident_body_dependencies_group_0.o
[216/583] CALLABLE_PART expanded_parts/__callable/resident_change_events_group_0.o
[217/583] CALLABLE_PART expanded_parts/__callable/resident_change_events_group_1.o
[218/583] CALLABLE_PART expanded_parts/__callable/resident_daemon_file_ipc_group_1.o
[219/583] CALLABLE_PART expanded_parts/__callable/resident_daemon_file_ipc_group_0.o
[220/583] CALLABLE_PART expanded_parts/__callable/resident_change_events_group_2.o
[221/583] CALLABLE_PART expanded_parts/__callable/resident_daemon_file_ipc_group_4.o
[222/583] CALLABLE_PART expanded_parts/__callable/resident_daemon_file_ipc_group_3.o
[223/583] CALLABLE_PART expanded_parts/__callable/resident_daemon_file_ipc_group_2.o
[224/583] CALLABLE_PART expanded_parts/__callable/resident_daemon_file_ipc_group_5.o
[225/583] CALLABLE_PART expanded_parts/__callable/resident_daemon_file_ipc_group_6.o
[226/583] CALLABLE_PART expanded_parts/__callable/resident_daemon_file_ipc_group_7.o
[227/583] CALLABLE_PART expanded_parts/__callable/resident_daemon_file_ipc_group_9.o
[228/583] CALLABLE_PART expanded_parts/__callable/resident_daemon_file_ipc_group_8.o
[229/583] CALLABLE_PART expanded_parts/__callable/resident_daemon_file_ipc_group_11.o
[230/583] CALLABLE_PART expanded_parts/__callable/resident_daemon_file_ipc_group_10.o
[231/583] CALLABLE_PART expanded_parts/__callable/resident_definition_granularity_group_0.o
[232/583] CALLABLE_PART expanded_parts/__callable/resident_daemon_incremental_proof_group_0.o
[233/583] CALLABLE_PART expanded_parts/__callable/resident_definition_granularity_group_1.o
[234/583] CALLABLE_PART expanded_parts/__callable/resident_definition_granularity_group_2.o
[235/583] CALLABLE_PART expanded_parts/__callable/resident_definition_granularity_group_4.o
[236/583] CALLABLE_PART expanded_parts/__callable/resident_definition_granularity_group_5.o
[237/583] CALLABLE_PART expanded_parts/__callable/resident_definition_granularity_group_3.o
[238/583] CALLABLE_PART expanded_parts/__callable/resident_definition_granularity_group_6.o
[239/583] CALLABLE_PART expanded_parts/__callable/resident_dependency_edges_group_0.o
[240/583] CALLABLE_PART expanded_parts/__callable/resident_dirty_propagation_group_0.o
[241/583] CALLABLE_PART expanded_parts/__callable/resident_dirty_propagation_group_1.o
[242/583] CALLABLE_PART expanded_parts/__callable/resident_dirty_propagation_group_2.o
[243/583] CALLABLE_PART expanded_parts/__callable/resident_dirty_propagation_group_4.o
[244/583] CALLABLE_PART expanded_parts/__callable/resident_dirty_propagation_group_3.o
[245/583] CALLABLE_PART expanded_parts/__callable/resident_dirty_propagation_group_6.o
[246/583] CALLABLE_PART expanded_parts/__callable/resident_frontend_node_lists_group_0.o
[247/583] CALLABLE_PART expanded_parts/__callable/resident_dirty_propagation_group_5.o
[248/583] CALLABLE_PART expanded_parts/__callable/resident_frontend_node_lists_group_1.o
[249/583] CALLABLE_PART expanded_parts/__callable/resident_function_body_incremental_acceptance_group_0.o
[250/583] CALLABLE_PART expanded_parts/__callable/resident_function_body_incremental_acceptance_group_3.o
[251/583] CALLABLE_PART expanded_parts/__callable/resident_function_body_incremental_acceptance_group_2.o
[252/583] CALLABLE_PART expanded_parts/__callable/resident_function_body_local_parse_proofs_group_0.o
[253/583] CALLABLE_PART expanded_parts/__callable/resident_function_body_incremental_acceptance_group_1.o
[254/583] CALLABLE_PART expanded_parts/__callable/resident_function_body_local_parse_proofs_group_1.o
[255/583] CALLABLE_PART expanded_parts/__callable/resident_function_body_logical_frontend_consumer_descriptors_group_0.o
[256/583] CALLABLE_PART expanded_parts/__callable/resident_function_body_logical_frontend_consumer_descriptors_group_1.o
[257/583] CALLABLE_PART expanded_parts/__callable/resident_function_body_logical_frontend_consumer_descriptors_group_2.o
[258/583] CALLABLE_PART expanded_parts/__callable/resident_function_body_logical_frontend_consumer_descriptors_group_3.o
[259/583] CALLABLE_PART expanded_parts/__callable/resident_function_body_logical_frontend_reference_candidates_group_0.o
[260/583] CALLABLE_PART expanded_parts/__callable/resident_function_body_logical_frontend_views_group_0.o
[261/583] CALLABLE_PART expanded_parts/__callable/resident_function_body_logical_frontend_reference_candidates_group_1.o
[262/583] CALLABLE_PART expanded_parts/__callable/resident_function_body_mixed_frontend_assembly_proofs_group_0.o
[263/583] CALLABLE_PART expanded_parts/__callable/resident_function_body_logical_frontend_views_group_1.o
[264/583] CALLABLE_PART expanded_parts/__callable/resident_function_body_mixed_frontend_assembly_proofs_group_2.o
[265/583] CALLABLE_PART expanded_parts/__callable/resident_function_body_mixed_frontend_assembly_proofs_group_1.o
[266/583] CALLABLE_PART expanded_parts/__callable/resident_function_body_ownership_group_0.o
[267/583] CALLABLE_PART expanded_parts/__callable/resident_function_body_ownership_group_1.o
[268/583] CALLABLE_PART expanded_parts/__callable/resident_function_body_ownership_group_4.o
[269/583] CALLABLE_PART expanded_parts/__callable/resident_function_body_ownership_group_3.o
[270/583] CALLABLE_PART expanded_parts/__callable/resident_function_body_ownership_group_2.o
[271/583] CALLABLE_PART expanded_parts/__callable/resident_function_body_parse_slices_group_0.o
[272/583] CALLABLE_PART expanded_parts/__callable/resident_function_body_publish_repoint_preflights_group_0.o
[273/583] CALLABLE_PART expanded_parts/__callable/resident_function_body_parse_slices_group_1.o
[274/583] CALLABLE_PART expanded_parts/__callable/resident_function_body_publish_repoint_preflights_group_1.o
[275/583] CALLABLE_PART expanded_parts/__callable/resident_function_body_row_list_publish_plans_group_0.o
[276/583] CALLABLE_PART expanded_parts/__callable/resident_function_body_row_list_publish_plans_group_2.o
[277/583] CALLABLE_PART expanded_parts/__callable/resident_function_body_row_list_publish_plans_group_1.o
[278/583] CALLABLE_PART expanded_parts/__callable/resident_function_body_row_list_publish_results_group_0.o
[279/583] CALLABLE_PART expanded_parts/__callable/resident_function_body_row_list_publish_results_group_2.o
[280/583] CALLABLE_PART expanded_parts/__callable/resident_function_body_stable_node_remap_proofs_group_0.o
[281/583] CALLABLE_PART expanded_parts/__callable/resident_function_body_source_unit_repoint_proofs_group_1.o
[282/583] CALLABLE_PART expanded_parts/__callable/resident_function_body_source_unit_repoint_proofs_group_0.o
[283/583] CALLABLE_PART expanded_parts/__callable/resident_function_body_row_list_publish_results_group_1.o
[284/583] CALLABLE_PART expanded_parts/__callable/resident_function_body_summary_project_references_group_0.o
[285/583] CALLABLE_PART expanded_parts/__callable/resident_function_body_stable_node_remap_proofs_group_1.o
[286/583] CALLABLE_PART expanded_parts/__callable/resident_function_body_work_decisions_group_0.o
[287/583] CALLABLE_PART expanded_parts/__callable/resident_function_body_summary_project_references_group_1.o
[288/583] CALLABLE_PART expanded_parts/__callable/resident_function_body_work_decisions_group_1.o
[289/583] CALLABLE_PART expanded_parts/__callable/resident_function_body_work_decisions_group_2.o
[290/583] CALLABLE_PART expanded_parts/__callable/resident_function_body_work_decisions_group_3.o
[291/583] CALLABLE_PART expanded_parts/__callable/resident_public_surface_incremental_acceptance_group_0.o
[292/583] CALLABLE_PART expanded_parts/__callable/resident_recompute_targets_group_0.o
[293/583] CALLABLE_PART expanded_parts/__callable/resident_project_symbol_name_lookups_group_0.o
[294/583] CALLABLE_PART expanded_parts/__callable/resident_project_symbol_name_lookups_group_1.o
[295/583] CALLABLE_PART expanded_parts/__callable/resident_public_surface_incremental_acceptance_group_3.o
[296/583] CALLABLE_PART expanded_parts/__callable/resident_public_surface_incremental_acceptance_group_2.o
[297/583] CALLABLE_PART expanded_parts/__callable/resident_public_surface_incremental_acceptance_group_1.o
[298/583] CALLABLE_PART expanded_parts/__callable/resident_recompute_targets_group_1.o
[299/583] CALLABLE_PART expanded_parts/__callable/resident_reverse_dependencies_group_1.o
[300/583] CALLABLE_PART expanded_parts/__callable/resident_recompute_targets_group_2.o
[301/583] CALLABLE_PART expanded_parts/__callable/resident_reverse_dependencies_group_0.o
[302/583] CALLABLE_PART expanded_parts/__callable/resident_source_unit_frontend_payload_tables_group_0.o
[303/583] CALLABLE_PART expanded_parts/__callable/resident_source_unit_frontend_payload_tables_group_1.o
[304/583] CALLABLE_PART expanded_parts/__callable/resident_reverse_dependency_indexes_group_1.o
[305/583] CALLABLE_PART expanded_parts/__callable/resident_reverse_dependency_indexes_group_0.o
[306/583] CALLABLE_PART expanded_parts/__callable/resident_source_unit_frontend_payload_tables_group_2.o
[307/583] CALLABLE_PART expanded_parts/__callable/resident_source_unit_frontend_payload_tables_group_3.o
[308/583] CALLABLE_PART expanded_parts/__callable/resident_source_unit_frontend_payload_tables_group_4.o
[309/583] CALLABLE_PART expanded_parts/__callable/resident_source_unit_frontend_payload_tables_group_5.o
[310/583] CALLABLE_PART expanded_parts/__callable/resident_source_unit_frontend_payload_tables_group_7.o
[311/583] CALLABLE_PART expanded_parts/__callable/resident_source_unit_frontend_payload_tables_group_6.o
[312/583] CALLABLE_PART expanded_parts/__callable/resident_source_unit_frontend_payload_tables_group_9.o
[313/583] CALLABLE_PART expanded_parts/__callable/resident_source_unit_frontend_payload_tables_group_8.o
[314/583] CALLABLE_PART expanded_parts/__callable/resident_source_unit_frontend_payload_tables_group_11.o
[315/583] CALLABLE_PART expanded_parts/__callable/resident_source_unit_frontend_payload_tables_group_10.o
[316/583] CALLABLE_PART expanded_parts/__callable/resident_source_unit_frontend_payload_tables_group_13.o
[317/583] CALLABLE_PART expanded_parts/__callable/resident_source_unit_frontend_payload_tables_group_12.o
[318/583] CALLABLE_PART expanded_parts/__callable/resident_source_unit_frontend_payload_tables_group_14.o
[319/583] CALLABLE_PART expanded_parts/__callable/resident_source_unit_frontend_payload_tables_group_15.o
[320/583] CALLABLE_PART expanded_parts/__callable/resident_source_unit_frontend_payload_tables_group_16.o
[321/583] CALLABLE_PART expanded_parts/__callable/resident_source_unit_frontend_payload_tables_group_17.o
[322/583] CALLABLE_PART expanded_parts/__callable/resident_source_unit_frontend_payload_tables_group_18.o
[323/583] CALLABLE_PART expanded_parts/__callable/resident_source_unit_frontend_payload_tables_group_20.o
[324/583] CALLABLE_PART expanded_parts/__callable/resident_source_unit_frontend_payload_tables_group_19.o
[325/583] CALLABLE_PART expanded_parts/__callable/resident_source_unit_frontend_payload_tables_group_21.o
[326/583] CALLABLE_PART expanded_parts/__callable/resident_source_unit_frontend_payload_tables_group_22.o
[327/583] CALLABLE_PART expanded_parts/__callable/resident_source_unit_frontend_payload_tables_group_26.o
[328/583] CALLABLE_PART expanded_parts/__callable/resident_source_unit_frontend_payload_tables_group_24.o
[329/583] CALLABLE_PART expanded_parts/__callable/resident_source_unit_frontend_payload_tables_group_23.o
[330/583] CALLABLE_PART expanded_parts/__callable/resident_source_unit_frontend_payload_tables_group_25.o
[331/583] CALLABLE_PART expanded_parts/__callable/resident_source_unit_frontend_payload_tables_group_28.o
[332/583] CALLABLE_PART expanded_parts/__callable/resident_source_unit_frontend_payload_tables_group_27.o
[333/583] CALLABLE_PART expanded_parts/__callable/resident_source_unit_frontend_payload_tables_group_29.o
[334/583] CALLABLE_PART expanded_parts/__callable/resident_source_unit_frontend_payload_tables_group_31.o
[335/583] CALLABLE_PART expanded_parts/__callable/resident_source_unit_frontend_states_group_1.o
[336/583] CALLABLE_PART expanded_parts/__callable/resident_source_unit_frontend_states_group_0.o
[337/583] CALLABLE_PART expanded_parts/__callable/resident_source_unit_frontend_payload_tables_group_30.o
[338/583] CALLABLE_PART expanded_parts/__callable/resident_source_unit_frontend_states_group_3.o
[339/583] CALLABLE_PART expanded_parts/__callable/resident_source_unit_symbol_states_group_0.o
[340/583] CALLABLE_PART expanded_parts/__callable/resident_source_unit_frontend_states_group_2.o
[341/583] CALLABLE_PART expanded_parts/__callable/resident_source_unit_symbol_states_group_1.o
[342/583] CALLABLE_PART expanded_parts/__callable/resident_source_unit_symbol_states_group_4.o
[343/583] CALLABLE_PART expanded_parts/__callable/resident_source_unit_symbol_states_group_2.o
[344/583] CALLABLE_PART expanded_parts/__callable/resident_source_unit_symbol_states_group_3.o
[345/583] CALLABLE_PART expanded_parts/__callable/resident_token_lists_group_0.o
[346/583] CALLABLE_PART expanded_parts/__callable/resident_transactions_group_0.o
[347/583] CALLABLE_PART expanded_parts/__callable/resident_token_lists_group_1.o
[348/583] CALLABLE_PART expanded_parts/__callable/resident_transactions_group_1.o
[349/583] CALLABLE_PART expanded_parts/__callable/resident_transactions_group_2.o
[350/583] CALLABLE_PART expanded_parts/__callable/scheduler_api_group_0.o
[351/583] CALLABLE_PART expanded_parts/__callable/scheduler_api_group_1.o
[352/583] CALLABLE_PART expanded_parts/__callable/scheduler_api_group_2.o
[353/583] CALLABLE_PART expanded_parts/__callable/source_unit_early_skip_group_0.o
[354/583] CALLABLE_PART expanded_parts/__callable/scheduler_api_group_3.o
[355/583] CALLABLE_PART expanded_parts/__callable/scheduler_api_group_4.o
[356/583] CALLABLE_PART expanded_parts/__callable/source_unit_early_skip_group_1.o
[357/583] CALLABLE_PART expanded_parts/__callable/source_unit_early_skip_group_2.o
[358/583] CALLABLE_PART expanded_parts/__callable/source_unit_early_skip_group_3.o
[359/583] CALLABLE_PART expanded_parts/__callable/source_unit_frontend_scheduler_group_0.o
[360/583] CALLABLE_PART expanded_parts/__callable/source_unit_frontend_scheduler_group_1.o
[361/583] CALLABLE_PART expanded_parts/__callable/source_unit_frontend_scheduler_group_3.o
[362/583] CALLABLE_PART expanded_parts/__callable/source_unit_frontend_scheduler_group_2.o
[363/583] CALLABLE_PART expanded_parts/__callable/source_unit_frontend_work_decisions_group_0.o
[364/583] CALLABLE_PART expanded_parts/__callable/callable_contract_identity_group_0.o
[365/583] CALLABLE_PART expanded_parts/__callable/source_unit_frontend_work_decisions_group_1.o
[366/583] CALLABLE_PART expanded_parts/__callable/source_unit_frontend_work_decisions_group_2.o
[367/583] CALLABLE_PART expanded_parts/__callable/dependency_graph_identity_group_0.o
[368/583] CALLABLE_PART expanded_parts/__callable/frontend_body_summaries_group_0.o
[369/583] CALLABLE_PART expanded_parts/__callable/frontend_body_summaries_group_1.o
[370/583] CALLABLE_PART expanded_parts/__callable/frontend_body_summaries_group_2.o
[371/583] CALLABLE_PART expanded_parts/__callable/frontend_body_summaries_group_3.o
[372/583] CALLABLE_PART expanded_parts/__callable/project_callable_contracts_group_0.o
[373/583] CALLABLE_PART expanded_parts/__callable/frontend_body_summaries_group_4.o
[374/583] CALLABLE_PART expanded_parts/__callable/project_callable_contracts_group_1.o
[375/583] CALLABLE_PART expanded_parts/__callable/project_callable_contracts_group_2.o
[376/583] CALLABLE_PART expanded_parts/__callable/project_dependency_graph_group_0.o
[377/583] CALLABLE_PART expanded_parts/__callable/project_dependency_graph_group_1.o
[378/583] CALLABLE_PART expanded_parts/__callable/project_callable_contracts_group_3.o
[379/583] CALLABLE_PART expanded_parts/__callable/project_dependency_graph_group_2.o
[380/583] CALLABLE_PART expanded_parts/__callable/project_dependency_graph_group_3.o
[381/583] CALLABLE_PART expanded_parts/__callable/project_dependency_graph_group_4.o
[382/583] CALLABLE_PART expanded_parts/__callable/project_reference_resolution_group_0.o
[383/583] CALLABLE_PART expanded_parts/__callable/project_dependency_graph_group_5.o
[384/583] CALLABLE_PART expanded_parts/__callable/project_reference_resolution_group_2.o
[385/583] CALLABLE_PART expanded_parts/__callable/project_reference_resolution_group_1.o
[386/583] CALLABLE_PART expanded_parts/__callable/project_reference_resolution_group_3.o
[387/583] CALLABLE_PART expanded_parts/__callable/project_reference_resolution_group_4.o
[388/583] CALLABLE_PART expanded_parts/__callable/project_reference_resolution_group_5.o
[389/583] CALLABLE_PART expanded_parts/__callable/project_reference_resolution_group_6.o
[390/583] CALLABLE_PART expanded_parts/__callable/project_reference_resolution_group_7.o
[391/583] CALLABLE_PART expanded_parts/__callable/project_reference_resolution_group_9.o
[392/583] CALLABLE_PART expanded_parts/__callable/project_reference_resolution_group_8.o
[393/583] CALLABLE_PART expanded_parts/__callable/project_symbol_identity_group_0.o
[394/583] CALLABLE_PART expanded_parts/__callable/project_symbol_index_group_0.o
[395/583] CALLABLE_PART expanded_parts/__callable/project_symbol_index_group_1.o
[396/583] CALLABLE_PART expanded_parts/__callable/project_symbol_index_group_5.o
[397/583] CALLABLE_PART expanded_parts/__callable/project_symbol_index_group_4.o
[398/583] CALLABLE_PART expanded_parts/__callable/project_symbol_index_group_6.o
[399/583] CALLABLE_PART expanded_parts/__callable/project_symbol_index_group_2.o
[400/583] CALLABLE_PART expanded_parts/__callable/project_symbol_index_group_3.o
[401/583] CALLABLE_PART expanded_parts/__callable/project_symbol_index_group_7.o
[402/583] CALLABLE_PART expanded_parts/__callable/reference_identity_group_0.o
[403/583] CALLABLE_PART expanded_parts/__callable/project_symbol_index_group_8.o
[404/583] CALLABLE_PART expanded_parts/__callable/source_buffers_group_0.o
[405/583] CALLABLE_PART expanded_parts/__callable/source_identity_group_0.o
[406/583] CALLABLE_PART expanded_parts/__callable/source_identity_group_1.o
[407/583] CALLABLE_PART expanded_parts/__callable/source_units_group_0.o
[408/583] CALLABLE_PART expanded_parts/__callable/source_units_group_1.o
[409/583] CALLABLE_PART expanded_parts/__callable/source_units_group_2.o
[410/583] CALLABLE_PART expanded_parts/__callable/source_units_group_3.o
[411/583] CALLABLE_PART expanded_parts/__callable/source_units_group_5.o
[412/583] CALLABLE_PART expanded_parts/__callable/source_units_group_4.o
[413/583] CALLABLE_PART expanded_parts/__callable/source_units_group_8.o
[414/583] CALLABLE_PART expanded_parts/__callable/source_units_group_7.o
[415/583] CALLABLE_PART expanded_parts/__callable/source_units_group_6.o
[416/583] CALLABLE_PART expanded_parts/__callable/type_ref_identity_group_0.o
[417/583] CALLABLE_PART expanded_parts/__callable/type_refs_group_0.o
[418/583] CALLABLE_PART expanded_parts/__callable/type_refs_group_1.o
[419/583] CALLABLE_PART expanded_parts/__callable/type_refs_group_2.o
[420/583] CALLABLE_PART expanded_parts/__callable/type_refs_group_3.o
[421/583] CALLABLE_PART expanded_parts/__callable/type_refs_group_4.o
[422/583] CALLABLE_PART expanded_parts/__callable/type_refs_group_5.o
[423/583] CALLABLE_PART expanded_parts/__callable/type_refs_group_8.o
[424/583] CALLABLE_PART expanded_parts/__callable/type_refs_group_7.o
[425/583] CALLABLE_PART expanded_parts/__callable/operation_readiness_group_0.o
[426/583] CALLABLE_PART expanded_parts/__callable/type_refs_group_6.o
[427/583] CALLABLE_PART expanded_parts/__callable/operation_readiness_group_1.o
[428/583] CALLABLE_PART expanded_parts/__callable/operation_readiness_group_2.o
[429/583] CALLABLE_PART expanded_parts/__callable/operation_readiness_group_3.o
[430/583] CALLABLE_PART expanded_parts/__callable/operation_readiness_group_4.o
[431/583] CALLABLE_PART expanded_parts/__callable/operation_readiness_group_5.o
[432/583] CALLABLE_PART expanded_parts/__callable/operation_readiness_group_6.o
[433/583] CALLABLE_PART expanded_parts/__callable/operation_readiness_group_7.o
[434/583] CALLABLE_PART expanded_parts/__callable/operation_readiness_group_8.o
[435/583] CALLABLE_PART expanded_parts/__callable/compiler_pipeline_runner_group_0.o
[436/583] CALLABLE_PART expanded_parts/__callable/operation_readiness_group_9.o
[437/583] CALLABLE_PART expanded_parts/__callable/compiler_project_runner_group_0.o
[438/583] CALLABLE_PART expanded_parts/__callable/compiler_project_runner_group_2.o
[439/583] CALLABLE_PART expanded_parts/__callable/pipeline_config_helpers_group_1.o
[440/583] CALLABLE_PART expanded_parts/__callable/pipeline_config_helpers_group_0.o
[441/583] CALLABLE_PART expanded_parts/__callable/project_manifest_group_0.o
[442/583] CALLABLE_PART expanded_parts/__callable/project_manifest_group_1.o
[443/583] CALLABLE_PART expanded_parts/__callable/compiler_project_runner_group_1.o
[444/583] CALLABLE_PART expanded_parts/__callable/semantic_body_capability_consumers_group_0.o
[445/583] CALLABLE_PART expanded_parts/__callable/artifact_writes_group_0.o
[446/583] CALLABLE_PART expanded_parts/__callable/artifact_writes_group_1.o
[447/583] CALLABLE_PART expanded_parts/__callable/compiler_profile_events_group_0.o
[448/583] CALLABLE_PART expanded_parts/__callable/artifact_writes_group_2.o
[449/583] CALLABLE_PART expanded_parts/__callable/compiler_profile_events_group_1.o
[450/583] CALLABLE_PART expanded_parts/__callable/compiler_execution_artifacts_group_0.o
[451/583] CALLABLE_PART expanded_parts/__callable/compiler_profile_events_group_2.o
[452/583] CALLABLE_PART expanded_parts/__callable/compiler_export_artifacts_group_0.o
[453/583] CALLABLE_PART expanded_parts/__callable/debug_profile_gate_results_group_0.o
[454/583] CALLABLE_PART expanded_parts/__callable/debug_profile_gate_results_group_1.o
[455/583] CALLABLE_PART expanded_parts/__callable/compiler_project_run_row_artifacts_group_0.o
[456/583] CALLABLE_PART expanded_parts/__callable/mt_publication_metrics_group_0.o
[457/583] CALLABLE_PART expanded_parts/__callable/output_paths_group_0.o
[458/583] CALLABLE_PART expanded_parts/__callable/performance_memory_estimates_group_0.o
[459/583] CALLABLE_PART expanded_parts/__callable/performance_memory_estimates_group_1.o
[460/583] CALLABLE_PART expanded_parts/__callable/performance_memory_estimates_group_2.o
[461/583] CALLABLE_PART expanded_parts/__callable/production_mt_heartbeat_group_0.o
[462/583] CALLABLE_PART expanded_parts/__callable/proof_metrics_group_0.o
[463/583] CALLABLE_PART expanded_parts/__callable/production_mt_heartbeat_group_1.o
[464/583] CALLABLE_PART expanded_parts/__callable/performance_memory_estimates_group_3.o
[465/583] CALLABLE_PART expanded_parts/__callable/proof_metrics_group_1.o
[466/583] CALLABLE_PART expanded_parts/__callable/proof_metrics_group_3.o
[467/583] CALLABLE_PART expanded_parts/__callable/proof_metrics_group_2.o
[468/583] CALLABLE_PART expanded_parts/__callable/proof_metrics_group_4.o
[469/583] CALLABLE_PART expanded_parts/__callable/proof_metrics_group_5.o
[470/583] CALLABLE_PART expanded_parts/__callable/proof_metrics_group_6.o
[471/583] CALLABLE_PART expanded_parts/__callable/proof_metrics_group_7.o
[472/583] CALLABLE_PART expanded_parts/__callable/proof_metrics_group_8.o
[473/583] CALLABLE_PART expanded_parts/__callable/proof_metrics_group_9.o
[474/583] CALLABLE_PART expanded_parts/__callable/proof_metrics_group_10.o
[475/583] CALLABLE_PART expanded_parts/__callable/proof_metrics_group_11.o
[476/583] CALLABLE_PART expanded_parts/__callable/proof_metrics_group_12.o
[477/583] CALLABLE_PART expanded_parts/__callable/proof_metrics_group_13.o
[478/583] CALLABLE_PART expanded_parts/__callable/proof_metrics_group_14.o
[479/583] CALLABLE_PART expanded_parts/__callable/proof_metrics_group_15.o
[480/583] CALLABLE_PART expanded_parts/__callable/proof_metrics_group_16.o
[481/583] CALLABLE_PART expanded_parts/__callable/proof_metrics_group_17.o
[482/583] CALLABLE_PART expanded_parts/__callable/proof_metrics_group_18.o
[483/583] CALLABLE_PART expanded_parts/__callable/proof_metrics_group_19.o
[484/583] CALLABLE_PART expanded_parts/__callable/proof_metrics_group_20.o
[485/583] CALLABLE_PART expanded_parts/__callable/proof_metrics_group_21.o
[486/583] CALLABLE_PART expanded_parts/__callable/proof_metrics_group_22.o
[487/583] CALLABLE_PART expanded_parts/__callable/proof_metrics_group_23.o
[488/583] CALLABLE_PART expanded_parts/__callable/proof_metrics_group_24.o
[489/583] CALLABLE_PART expanded_parts/__callable/proof_metrics_group_25.o
[490/583] CALLABLE_PART expanded_parts/__callable/proof_metrics_group_26.o
[491/583] CALLABLE_PART expanded_parts/__callable/proof_metrics_group_27.o
[492/583] CALLABLE_PART expanded_parts/__callable/proof_metrics_group_28.o
[493/583] CALLABLE_PART expanded_parts/__callable/proof_metrics_group_29.o
[494/583] CALLABLE_PART expanded_parts/__callable/proof_metrics_group_30.o
[495/583] CALLABLE_PART expanded_parts/__callable/proof_metrics_group_31.o
[496/583] CALLABLE_PART expanded_parts/__callable/proof_metrics_group_32.o
[497/583] CALLABLE_PART expanded_parts/__callable/proof_metrics_group_33.o
[498/583] CALLABLE_PART expanded_parts/__callable/proof_metrics_group_34.o
[499/583] CALLABLE_PART expanded_parts/__callable/proof_metrics_group_35.o
[500/583] CALLABLE_PART expanded_parts/__callable/proof_metrics_group_36.o
[501/583] CALLABLE_PART expanded_parts/__callable/proof_metrics_group_37.o
[502/583] CALLABLE_PART expanded_parts/__callable/proof_metrics_group_38.o
[503/583] CALLABLE_PART expanded_parts/__callable/proof_metrics_group_39.o
[504/583] CALLABLE_PART expanded_parts/__callable/proof_metrics_group_40.o
[505/583] CALLABLE_PART expanded_parts/__callable/proof_metrics_group_41.o
[506/583] CALLABLE_PART expanded_parts/__callable/proof_metrics_group_42.o
[507/583] CALLABLE_PART expanded_parts/__callable/proof_metrics_group_43.o
[508/583] CALLABLE_PART expanded_parts/__callable/proof_metrics_group_44.o
[509/583] CALLABLE_PART expanded_parts/__callable/proof_metrics_group_45.o
[510/583] CALLABLE_PART expanded_parts/__callable/proof_metrics_group_46.o
[511/583] CALLABLE_PART expanded_parts/__callable/pure_tdd_stage_artifacts_group_1.o
[512/583] CALLABLE_PART expanded_parts/__callable/resident_snapshots_group_0.o
[513/583] CALLABLE_PART expanded_parts/__callable/source_files_group_0.o
[514/583] CALLABLE_PART expanded_parts/__callable/resident_snapshots_group_1.o
[515/583] CALLABLE_PART expanded_parts/__callable/pure_tdd_stage_artifacts_group_0.o
[516/583] CALLABLE_PART expanded_parts/__callable/gate_result_debug_helpers_group_0.o
[517/583] CALLABLE_PART expanded_parts/__callable/semantic_callable_candidates_group_0.o
[518/583] CALLABLE_PART expanded_parts/__callable/semantic_callable_candidates_group_1.o
[519/583] CALLABLE_PART expanded_parts/__callable/semantic_conversion_lookup_group_0.o
[520/583] CALLABLE_PART expanded_parts/__callable/semantic_conversion_lookup_group_1.o
[521/583] CALLABLE_PART expanded_parts/__callable/semantic_lookup_manifest_generated_group_0.o
[522/583] CALLABLE_PART expanded_parts/__callable/semantic_conversion_lookup_group_2.o
[523/583] CALLABLE_PART expanded_parts/__callable/semantic_module_api_lookup_group_0.o
[524/583] CALLABLE_PART expanded_parts/__callable/semantic_lookup_manifest_generated_group_1.o
[525/583] CALLABLE_PART expanded_parts/__callable/semantic_module_api_lookup_group_1.o
[526/583] CALLABLE_PART expanded_parts/__callable/semantic_module_api_lookup_group_3.o
[527/583] CALLABLE_PART expanded_parts/__callable/semantic_operator_lookup_group_0.o
[528/583] CALLABLE_PART expanded_parts/__callable/semantic_operator_lookup_group_1.o
[529/583] CALLABLE_PART expanded_parts/__callable/semantic_operator_lookup_group_3.o
[530/583] CALLABLE_PART expanded_parts/__callable/semantic_module_api_lookup_group_2.o
[531/583] CALLABLE_PART expanded_parts/__callable/semantic_operator_lookup_group_2.o
[532/583] CALLABLE_PART expanded_parts/__callable/semantic_operator_lookup_group_5.o
[533/583] CALLABLE_PART expanded_parts/__callable/semantic_operator_lookup_group_4.o
[534/583] CALLABLE_PART expanded_parts/__callable/semantic_runtime_abi_bridge_group_0.o
[535/583] CALLABLE_PART expanded_parts/__callable/semantic_runtime_abi_bridge_group_2.o
[536/583] CALLABLE_PART expanded_parts/__callable/semantic_runtime_abi_bridge_group_1.o
[537/583] CALLABLE_PART expanded_parts/__callable/semantic_runtime_abi_bridge_group_3.o
[538/583] CALLABLE_PART expanded_parts/__callable/semantic_runtime_abi_bridge_group_5.o
[539/583] CALLABLE_PART expanded_parts/__callable/semantic_runtime_abi_bridge_group_4.o
[540/583] CALLABLE_PART expanded_parts/__callable/semantic_runtime_abi_declarations_group_0.o
[541/583] CALLABLE_PART expanded_parts/__callable/semantic_type_ref_providers_group_0.o
[542/583] CALLABLE_PART expanded_parts/__callable/semantic_runtime_abi_declarations_group_1.o
[543/583] CALLABLE_PART expanded_parts/__callable/semantic_type_ref_providers_group_1.o
[544/583] CALLABLE_PART expanded_parts/__callable/semantic_runtime_abi_declarations_group_2.o
[545/583] CALLABLE_PART expanded_parts/__callable/gate_result_inspection_helpers_group_0.o
[546/583] CALLABLE_PART expanded_parts/__callable/semantic_type_ref_providers_group_2.o
[547/583] CALLABLE_PART expanded_parts/__callable/gate_profile_helpers_group_0.o
[548/583] CALLABLE_PART expanded_parts/__callable/semantic_type_ref_providers_group_3.o
[549/583] CALLABLE_PART expanded_parts/__callable/backend_request_row_lists_group_0.o
[550/583] CALLABLE_PART expanded_parts/__callable/frontend_model_tables_group_0.o
[551/583] CALLABLE_PART expanded_parts/__callable/backend_request_row_lists_group_1.o
[552/583] CALLABLE_PART expanded_parts/__callable/frontend_model_tables_group_1.o
[553/583] CALLABLE_PART expanded_parts/__callable/frontend_model_tables_group_4.o
[554/583] CALLABLE_PART expanded_parts/__callable/frontend_model_tables_group_3.o
[555/583] CALLABLE_PART expanded_parts/__callable/frontend_model_tables_group_5.o
[556/583] CALLABLE_PART expanded_parts/__callable/frontend_model_tables_group_2.o
[557/583] CALLABLE_PART expanded_parts/__callable/frontend_model_tables_group_6.o
[558/583] CALLABLE_PART expanded_parts/__callable/frontend_model_tables_group_8.o
[559/583] CALLABLE_PART expanded_parts/__callable/frontend_model_tables_group_7.o
[560/583] CALLABLE_PART expanded_parts/__callable/frontend_node_lists_group_0.o
[561/583] CALLABLE_PART expanded_parts/__callable/frontend_node_lists_group_1.o
[562/583] CALLABLE_PART expanded_parts/__callable/frontend_node_lists_group_2.o
[563/583] CALLABLE_PART expanded_parts/__callable/frontend_node_lists_group_3.o
[564/583] CALLABLE_PART expanded_parts/__callable/structure_row_ids_group_0.o
[565/583] CALLABLE_PART expanded_parts/__callable/structure_row_ids_group_1.o
[566/583] CALLABLE_PART expanded_parts/__callable/row_segment_policy_group_0.o
[567/583] CALLABLE_PART expanded_parts/__callable/row_segment_policy_group_1.o
[568/583] CALLABLE_PART expanded_parts/__callable/token_row_lists_group_0.o
[569/583] CALLABLE_PART expanded_parts/__callable/token_row_lists_group_2.o
[570/583] CALLABLE_PART expanded_parts/__callable/token_tables_group_0.o
[571/583] CALLABLE_PART expanded_parts/__callable/token_tables_group_1.o
[572/583] CALLABLE_PART expanded_parts/__callable/token_row_lists_group_1.o
[573/583] CALLABLE_PART expanded_parts/compile/model/source_units/part_0.o
[574/583] CALLABLE_PART expanded_parts/__callable/token_tables_group_2.o
[575/583] CALLABLE_PART expanded_parts/__callable/token_tables_group_3.o
[576/583] CALLABLE_PART expanded_parts/compile/incremental/resident_source_unit_frontend_payload_tables/part_0.o
[577/583] CALLABLE_PART expanded_parts/compile/backend/lowering_plan/part_0.o
[578/583] CALLABLE_PART expanded_parts/compile/backend/llvm_text_from_plan/part_0.o
[579/583] CALLABLE_PART expanded_parts/compile/backend/backend_object_link_cache/part_0.o
[580/583] CALLABLE_PART expanded_parts/compile/capabilities/type_capability_readiness/part_0.o
[581/583] CALLABLE_PART expanded_parts/compile/model/project_reference_resolution/part_0.o
[582/583] CALLABLE_PART expanded_parts/compile/capabilities/storage_lifetime_readiness/part_0.o
[583/583] LINK main
