Transpiled PHP files: 81, skipped unchanged: 0
Generated Ninja file: .prism/build/build.ninja
Using compiler: clang++-18 -fuse-ld=mold (gnu_like)
Using build mode: debug
Using build grouping policy: incremental (report_only)
Object cache: disabled (default disabled)
Using repo root: /tmp/scpp-json-240-probe
Resolved project dependency graph: 1 project(s)
Runtime compilation: enabled
Dependency compilation: reuse existing artifacts only
ninja: Entering directory `.prism/build'
[1/83] PCH app_pch.hpp.gch
[2/83] CXX src/03_parse/data/nodes.o
[3/83] CXX src/03_parse/data/result.o
[4/83] CXX src/01_prepare_inputs/read_sources/data/buffer.o
[5/83] CXX src/02_tokenize/store.o
[6/83] CXX src/03_parse/data/expression_state.o
[7/83] CXX scpp_framework/filesystem.o
[8/83] CXX scpp_framework/strings.o
[9/83] CXX src/02_tokenize/tokenize.o
[10/83] CXX scpp_framework/exceptions.o
[11/83] CXX scpp_framework/collections.o
[12/83] CXX main.o
[13/83] CXX src/02_tokenize/structures.o
[14/83] CXX src/01_prepare_inputs/load_runtime/main_load_runtime.o
[15/83] CXX src/01_prepare_inputs/load_runtime/utilities/catalog_syntax.o
[16/83] CXX scpp_framework/json_document.o
[17/83] CXX probe.o
[18/83] CXX src/03_parse/handlers/control_statements.o
[19/83] CXX src/03_parse/handlers/declarations.o
[20/83] CXX src/03_parse/data/role_views.o
[21/83] CXX src/03_parse/handlers/expressions.o
[22/83] CXX src/03_parse/handlers/metaprogramming.o
[23/83] CXX src/03_parse/handlers/statements.o
[24/83] CXX src/03_parse/data/tree.o
[25/83] CXX src/03_parse/utilities/metaprogramming_syntax.o
[26/83] CXX src/03_parse/data/store.o
[27/83] CXX src/03_parse/parse_file.o
[28/83] CXX src/03_parse/utilities/struct_member_cursor.o
[29/83] CXX src/03_parse/main_parse.o
[30/83] CXX src/03_parse/join.o
[31/83] CXX src/03_parse/select_tasks.o
[32/83] CXX src/03_parse/utilities/syntax_access.o
[33/83] CXX src/03_parse/utilities/syntax_comparer.o
[34/83] CXX src/03_parse/utilities/binary_syntax.o
[35/83] CXX src/04_analyze/check_templates/data/structures.o
[36/83] CXX src/04_analyze/collect_symbols/data/result.o
[37/83] CXX src/04_analyze/check_templates/data/terms.o
[38/83] CXX src/04_analyze/collect_symbols/collect.o
[39/83] CXX src/04_analyze/collect_symbols/data/structures.o
[40/83] CXX src/04_analyze/check_templates/data/result.o
[41/83] CXX src/04_analyze/resolve_symbols/data/structures.o
[42/83] CXX src/04_analyze/resolve_symbols/data/declarations.o
[43/83] CXX src/04_analyze/resolve_symbols/handlers/expressions.o
[44/83] CXX src/04_analyze/resolve_symbols/data/store.o
[45/83] CXX src/04_analyze/resolve_symbols/handlers/names.o
[46/83] CXX src/04_analyze/resolve_symbols/handlers/declarations.o
[47/83] CXX src/04_analyze/collect_symbols/data/store.o
[48/83] CXX src/04_analyze/resolve_symbols/data/result.o
[49/83] CXX src/04_analyze/collect_symbols/main_collect_symbols.o
[50/83] CXX src/04_analyze/resolve_symbols/handlers/statements.o
[51/83] CXX src/04_analyze/resolve_symbols/data/traversal.o
[52/83] CXX src/04_analyze/resolve_symbols/utilities/resolution_validity.o
[53/83] CXX src/04_analyze/resolve_symbols/body.o
[54/83] CXX src/04_analyze/resolve_symbols/main_resolve_symbols.o
[55/83] CXX src/04_analyze/resolve_symbols/select_tasks.o
[56/83] CXX src/04_analyze/resolve_symbols/utilities/declaration_lookup.o
[57/83] CXX src/04_analyze/resolve_symbols/join.o
[58/83] CXX src/04_analyze/resolve_symbols/utilities/function_lookup.o
[59/83] CXX src/04_analyze/resolve_types/data/entry_contract.o
[60/83] CXX src/04_analyze/resolve_types/data/lifecycle_bodies.o
[61/83] CXX src/04_analyze/resolve_types/data/entry_selection.o
[62/83] CXX src/04_analyze/resolve_symbols/utilities/binding_coverage.o
[63/83] CXX src/04_analyze/resolve_types/lifecycle_composition.o
[64/83] CXX src/04_analyze/resolve_types/utilities/type_cache.o
[65/83] CXX src/04_analyze/resolve_types/main_prepare_entry.o
[66/83] CXX src/04_analyze/type_model/data/catalog.o
[67/83] CXX src/04_analyze/type_model/data/generic.o
[68/83] CXX src/04_analyze/resolve_types/record_definitions.o
[69/83] CXX src/04_analyze/type_model/data/context.o
[70/83] CXX src/04_analyze/type_model/data/definitions.o
[71/83] CXX src/04_analyze/type_model/data/lifetime_contract.o
[72/83] CXX src/04_analyze/type_model/data/lifecycle_roles.o
[73/83] CXX src/04_analyze/type_model/data/lifecycle.o
[74/83] CXX src/04_analyze/type_model/data/lifetime_policy_codec.o
[75/83] CXX src/04_analyze/type_model/data/representations.o
[76/83] CXX src/04_analyze/type_model/data/native_record_layout.o
[77/83] CXX src/04_analyze/type_model/data/records.o
[78/83] CXX src/04_analyze/type_model/data/semantic_modes.o
[79/83] CXX src/04_analyze/type_model/data/type_record.o
[80/83] CXX src/04_analyze/type_model/data/resources.o
[81/83] CXX src/04_analyze/type_model/result_contracts.o
[82/83] CXX src/04_analyze/type_model/data/store.o
[83/83] LINK main
Rebuilt outputs: .prism/build/app_pch.hpp.gch, .prism/build/main, .prism/build/main.o, .prism/build/probe.o, .prism/build/scpp_framework/collections.o, .prism/build/scpp_framework/exceptions.o, .prism/build/scpp_framework/filesystem.o, .prism/build/scpp_framework/json_document.o, .prism/build/scpp_framework/strings.o, .prism/build/src/01_prepare_inputs/load_runtime/main_load_runtime.o, .prism/build/src/01_prepare_inputs/load_runtime/utilities/catalog_syntax.o, .prism/build/src/01_prepare_inputs/read_sources/data/buffer.o, .prism/build/src/02_tokenize/store.o, .prism/build/src/02_tokenize/structures.o, .prism/build/src/02_tokenize/tokenize.o, .prism/build/src/03_parse/data/expression_state.o, .prism/build/src/03_parse/data/nodes.o, .prism/build/src/03_parse/data/result.o, .prism/build/src/03_parse/data/role_views.o, .prism/build/src/03_parse/data/store.o, .prism/build/src/03_parse/data/tree.o, .prism/build/src/03_parse/handlers/control_statements.o, .prism/build/src/03_parse/handlers/declarations.o, .prism/build/src/03_parse/handlers/expressions.o, .prism/build/src/03_parse/handlers/metaprogramming.o, .prism/build/src/03_parse/handlers/statements.o, .prism/build/src/03_parse/join.o, .prism/build/src/03_parse/main_parse.o, .prism/build/src/03_parse/parse_file.o, .prism/build/src/03_parse/select_tasks.o, .prism/build/src/03_parse/utilities/binary_syntax.o, .prism/build/src/03_parse/utilities/metaprogramming_syntax.o, .prism/build/src/03_parse/utilities/struct_member_cursor.o, .prism/build/src/03_parse/utilities/syntax_access.o, .prism/build/src/03_parse/utilities/syntax_comparer.o, .prism/build/src/04_analyze/check_templates/data/result.o, .prism/build/src/04_analyze/check_templates/data/structures.o, .prism/build/src/04_analyze/check_templates/data/terms.o, .prism/build/src/04_analyze/collect_symbols/collect.o, .prism/build/src/04_analyze/collect_symbols/data/result.o, .prism/build/src/04_analyze/collect_symbols/data/store.o, .prism/build/src/04_analyze/collect_symbols/data/structures.o, .prism/build/src/04_analyze/collect_symbols/main_collect_symbols.o, .prism/build/src/04_analyze/resolve_symbols/body.o, .prism/build/src/04_analyze/resolve_symbols/data/declarations.o, .prism/build/src/04_analyze/resolve_symbols/data/result.o, .prism/build/src/04_analyze/resolve_symbols/data/store.o, .prism/build/src/04_analyze/resolve_symbols/data/structures.o, .prism/build/src/04_analyze/resolve_symbols/data/traversal.o, .prism/build/src/04_analyze/resolve_symbols/handlers/declarations.o, .prism/build/src/04_analyze/resolve_symbols/handlers/expressions.o, .prism/build/src/04_analyze/resolve_symbols/handlers/names.o, .prism/build/src/04_analyze/resolve_symbols/handlers/statements.o, .prism/build/src/04_analyze/resolve_symbols/join.o, .prism/build/src/04_analyze/resolve_symbols/main_resolve_symbols.o, .prism/build/src/04_analyze/resolve_symbols/select_tasks.o, .prism/build/src/04_analyze/resolve_symbols/utilities/binding_coverage.o, .prism/build/src/04_analyze/resolve_symbols/utilities/declaration_lookup.o, .prism/build/src/04_analyze/resolve_symbols/utilities/function_lookup.o, .prism/build/src/04_analyze/resolve_symbols/utilities/resolution_validity.o, .prism/build/src/04_analyze/resolve_types/data/entry_contract.o, .prism/build/src/04_analyze/resolve_types/data/entry_selection.o, .prism/build/src/04_analyze/resolve_types/data/lifecycle_bodies.o, .prism/build/src/04_analyze/resolve_types/lifecycle_composition.o, .prism/build/src/04_analyze/resolve_types/main_prepare_entry.o, .prism/build/src/04_analyze/resolve_types/record_definitions.o, .prism/build/src/04_analyze/resolve_types/utilities/type_cache.o, .prism/build/src/04_analyze/type_model/data/catalog.o, .prism/build/src/04_analyze/type_model/data/context.o, .prism/build/src/04_analyze/type_model/data/definitions.o, .prism/build/src/04_analyze/type_model/data/generic.o, .prism/build/src/04_analyze/type_model/data/lifecycle.o, .prism/build/src/04_analyze/type_model/data/lifecycle_roles.o, .prism/build/src/04_analyze/type_model/data/lifetime_contract.o, .prism/build/src/04_analyze/type_model/data/lifetime_policy_codec.o, .prism/build/src/04_analyze/type_model/data/native_record_layout.o, .prism/build/src/04_analyze/type_model/data/records.o, .prism/build/src/04_analyze/type_model/data/representations.o, .prism/build/src/04_analyze/type_model/data/resources.o, .prism/build/src/04_analyze/type_model/data/semantic_modes.o, .prism/build/src/04_analyze/type_model/data/store.o, .prism/build/src/04_analyze/type_model/data/type_record.o, .prism/build/src/04_analyze/type_model/result_contracts.o
Tip: set SCPP_NINJA_VERBOSE=1 to show full Ninja command lines.
Build completed: .prism/build/main
