{"rows":[["function_keyword",15,8],["identifier",24,8],["left_parenthesis",32,1],["right_parenthesis",33,1],["colon",34,1],["identifier",36,6],["left_brace",43,1],["return_keyword",55,6],["identifier",62,5],["left_parenthesis",67,1],["integer_literal",68,2],["comma",70,1],["integer_literal",72,2],["right_parenthesis",74,1],["semicolon",75,1],["right_brace",77,1],["end_of_file",79,0]],"pure":true}
{"rows":[["variable_name",0,6],["identifier",7,3],["assignment",10,1],["integer_literal",11,2],["semicolon",13,1],["left_brace",15,1],["variable_name",17,8],["identifier",26,3],["assignment",30,1],["variable_name",32,6],["semicolon",38,1],["variable_name",40,6],["assignment",46,1],["identifier",47,5],["left_parenthesis",52,1],["right_parenthesis",53,1],["semicolon",54,1],["right_brace",56,1],["return_keyword",58,6],["variable_name",65,6],["semicolon",71,1],["end_of_file",72,0]],"pure":true}
{"rows":[["variable_name",0,7],["variable_name",8,9],["variable_name",18,4],["variable_name",23,2],["variable_name",26,7],["identifier",34,4],["variable_name",38,7],["end_of_file",45,0]],"pure":true}
{"rows":[["variable_name",0,2],["assignment",16,1],["variable_name",29,2],["semicolon",31,1],["end_of_file",32,0]],"pure":true}
{"rows":[["assignment",0,1],["assignment",2,1],["end_of_file",3,0]],"pure":true}
{"rows":[["end_of_file",0,0]],"pure":true}
{"rows":[["end_of_file",4,0]],"pure":true}
{"rows":[["end_of_file",2,0]],"pure":true}
{"rows":[["end_of_file",11,0]],"pure":true}
{"rows":[["end_of_file",13,0]],"pure":true}
{"rows":[["end_of_file",16,0]],"pure":true}
{"rows":[["end_of_file",4,0]],"pure":true}
{"rows":[["end_of_file",5,0]],"pure":true}
{"rows":[["identifier",0,9],["identifier",10,9],["identifier",20,8],["identifier",29,3],["end_of_file",32,0]],"pure":true}
{"rows":[["identifier",0,70000],["integer_literal",70001,70000],["end_of_file",140001,0]],"pure":true}
{"rows":[["variable_name",0,70001],["end_of_file",70001,0]],"pure":true}
{"error":[7,1],"path":"\/tmp\/scpp-tokenizer-native-01\/inputs\/16.phs","rows":0}
{"error":[7,2],"path":"\/tmp\/scpp-tokenizer-native-01\/inputs\/17.phs","rows":0}
{"error":[7,2],"path":"\/tmp\/scpp-tokenizer-native-01\/inputs\/18.phs","rows":0}
{"error":[7,2],"path":"\/tmp\/scpp-tokenizer-native-01\/inputs\/19.phs","rows":0}
{"error":[7,2],"path":"\/tmp\/scpp-tokenizer-native-01\/inputs\/20.phs","rows":0}
{"error":[7,2],"path":"\/tmp\/scpp-tokenizer-native-01\/inputs\/21.phs","rows":0}
{"error":[7,2],"path":"\/tmp\/scpp-tokenizer-native-01\/inputs\/22.phs","rows":0}
{"error":[3,2],"path":"\/tmp\/scpp-tokenizer-native-01\/inputs\/23.phs","rows":0}
{"error":[3,2],"path":"\/tmp\/scpp-tokenizer-native-01\/inputs\/24.phs","rows":0}
{"error":[3,2],"path":"\/tmp\/scpp-tokenizer-native-01\/inputs\/25.phs","rows":0}
{"error":[7,7],"path":"\/tmp\/scpp-tokenizer-native-01\/inputs\/26.phs","rows":0}
{"error":[0,2],"path":"\/tmp\/scpp-tokenizer-native-01\/inputs\/27.phs","rows":0}
{"error":[0,2],"path":"\/tmp\/scpp-tokenizer-native-01\/inputs\/28.phs","rows":0}
{"error":[0,3],"path":"\/tmp\/scpp-tokenizer-native-01\/inputs\/29.phs","rows":0}
{"error":[0,2],"path":"\/tmp\/scpp-tokenizer-native-01\/inputs\/30.phs","rows":0}
{"error":[0,2],"path":"\/tmp\/scpp-tokenizer-native-01\/inputs\/31.phs","rows":0}
{"error":[7,1],"path":"\/tmp\/scpp-tokenizer-native-01\/inputs\/32.phs","rows":0}
{"error":[7,1],"path":"\/tmp\/scpp-tokenizer-native-01\/inputs\/33.phs","rows":0}
{"error":[7,1],"path":"\/tmp\/scpp-tokenizer-native-01\/inputs\/34.phs","rows":0}
{"error":[7,1],"path":"\/tmp\/scpp-tokenizer-native-01\/inputs\/35.phs","rows":0}
{"error":[7,1],"path":"\/tmp\/scpp-tokenizer-native-01\/inputs\/36.phs","rows":0}
{"rows":[["echo_keyword",0,4],["string_literal",5,11],["comma",16,1],["string_literal",18,7],["semicolon",25,1],["end_of_file",26,0]],"pure":true}
{"error":[5,5],"path":"\/tmp\/scpp-tokenizer-native-01\/inputs\/38.phs","rows":0}
{"error":[5,5],"path":"\/tmp\/scpp-tokenizer-native-01\/inputs\/39.phs","rows":0}
{"error":[0,2],"path":"\/tmp\/scpp-tokenizer-native-01\/inputs\/40.phs","rows":0}
{"error":[0,1],"path":"\/tmp\/scpp-tokenizer-native-01\/inputs\/41.phs","rows":0}
{"error":[0,1],"path":"\/tmp\/scpp-tokenizer-native-01\/inputs\/42.phs","rows":0}
{"error":[0,1],"path":"\/tmp\/scpp-tokenizer-native-01\/inputs\/43.phs","rows":0}
{"error":[0,1],"path":"\/tmp\/scpp-tokenizer-native-01\/inputs\/44.phs","rows":0}
{"error":[0,1],"path":"\/tmp\/scpp-tokenizer-native-01\/inputs\/45.phs","rows":0}
{"error":[0,1],"path":"\/tmp\/scpp-tokenizer-native-01\/inputs\/46.phs","rows":0}
{"error":[0,1],"path":"\/tmp\/scpp-tokenizer-native-01\/inputs\/47.phs","rows":0}
{"error":[0,1],"path":"\/tmp\/scpp-tokenizer-native-01\/inputs\/48.phs","rows":0}
{"error":[0,1],"path":"\/tmp\/scpp-tokenizer-native-01\/inputs\/49.phs","rows":0}
{"rows":[["end_of_file",1,0]],"pure":true}
{"rows":[["end_of_file",1,0]],"pure":true}
{"error":[0,1],"path":"\/tmp\/scpp-tokenizer-native-01\/inputs\/52.phs","rows":0}
{"error":[0,1],"path":"\/tmp\/scpp-tokenizer-native-01\/inputs\/53.phs","rows":0}
{"rows":[["end_of_file",1,0]],"pure":true}
{"error":[0,1],"path":"\/tmp\/scpp-tokenizer-native-01\/inputs\/55.phs","rows":0}
{"error":[0,1],"path":"\/tmp\/scpp-tokenizer-native-01\/inputs\/56.phs","rows":0}
{"error":[0,1],"path":"\/tmp\/scpp-tokenizer-native-01\/inputs\/57.phs","rows":0}
{"error":[0,1],"path":"\/tmp\/scpp-tokenizer-native-01\/inputs\/58.phs","rows":0}
{"error":[0,1],"path":"\/tmp\/scpp-tokenizer-native-01\/inputs\/59.phs","rows":0}
{"error":[0,1],"path":"\/tmp\/scpp-tokenizer-native-01\/inputs\/60.phs","rows":0}
{"error":[0,1],"path":"\/tmp\/scpp-tokenizer-native-01\/inputs\/61.phs","rows":0}
{"error":[0,1],"path":"\/tmp\/scpp-tokenizer-native-01\/inputs\/62.phs","rows":0}
{"error":[0,1],"path":"\/tmp\/scpp-tokenizer-native-01\/inputs\/63.phs","rows":0}
{"error":[0,1],"path":"\/tmp\/scpp-tokenizer-native-01\/inputs\/64.phs","rows":0}
{"error":[0,1],"path":"\/tmp\/scpp-tokenizer-native-01\/inputs\/65.phs","rows":0}
{"error":[0,1],"path":"\/tmp\/scpp-tokenizer-native-01\/inputs\/66.phs","rows":0}
{"error":[0,1],"path":"\/tmp\/scpp-tokenizer-native-01\/inputs\/67.phs","rows":0}
{"error":[0,1],"path":"\/tmp\/scpp-tokenizer-native-01\/inputs\/68.phs","rows":0}
{"error":[0,1],"path":"\/tmp\/scpp-tokenizer-native-01\/inputs\/69.phs","rows":0}
{"error":[0,1],"path":"\/tmp\/scpp-tokenizer-native-01\/inputs\/70.phs","rows":0}
{"error":[0,1],"path":"\/tmp\/scpp-tokenizer-native-01\/inputs\/71.phs","rows":0}
{"error":[0,1],"path":"\/tmp\/scpp-tokenizer-native-01\/inputs\/72.phs","rows":0}
{"rows":[["end_of_file",1,0]],"pure":true}
{"error":[0,1],"path":"\/tmp\/scpp-tokenizer-native-01\/inputs\/74.phs","rows":0}
{"error":[0,1],"path":"\/tmp\/scpp-tokenizer-native-01\/inputs\/75.phs","rows":0}
{"error":[0,1],"path":"\/tmp\/scpp-tokenizer-native-01\/inputs\/76.phs","rows":0}
{"error":[0,1],"path":"\/tmp\/scpp-tokenizer-native-01\/inputs\/77.phs","rows":0}
{"error":[0,1],"path":"\/tmp\/scpp-tokenizer-native-01\/inputs\/78.phs","rows":0}
{"rows":[["ampersand",0,1],["end_of_file",1,0]],"pure":true}
{"error":[0,1],"path":"\/tmp\/scpp-tokenizer-native-01\/inputs\/80.phs","rows":0}
{"rows":[["left_parenthesis",0,1],["end_of_file",1,0]],"pure":true}
{"rows":[["right_parenthesis",0,1],["end_of_file",1,0]],"pure":true}
{"error":[0,1],"path":"\/tmp\/scpp-tokenizer-native-01\/inputs\/83.phs","rows":0}
{"rows":[["plus",0,1],["end_of_file",1,0]],"pure":true}
{"rows":[["comma",0,1],["end_of_file",1,0]],"pure":true}
{"error":[0,1],"path":"\/tmp\/scpp-tokenizer-native-01\/inputs\/86.phs","rows":0}
{"error":[0,1],"path":"\/tmp\/scpp-tokenizer-native-01\/inputs\/87.phs","rows":0}
{"error":[0,1],"path":"\/tmp\/scpp-tokenizer-native-01\/inputs\/88.phs","rows":0}
{"rows":[["integer_literal",0,1],["end_of_file",1,0]],"pure":true}
{"rows":[["integer_literal",0,1],["end_of_file",1,0]],"pure":true}
{"rows":[["integer_literal",0,1],["end_of_file",1,0]],"pure":true}
{"rows":[["integer_literal",0,1],["end_of_file",1,0]],"pure":true}
{"rows":[["integer_literal",0,1],["end_of_file",1,0]],"pure":true}
{"rows":[["integer_literal",0,1],["end_of_file",1,0]],"pure":true}
{"rows":[["integer_literal",0,1],["end_of_file",1,0]],"pure":true}
{"rows":[["integer_literal",0,1],["end_of_file",1,0]],"pure":true}
{"rows":[["integer_literal",0,1],["end_of_file",1,0]],"pure":true}
{"rows":[["integer_literal",0,1],["end_of_file",1,0]],"pure":true}
{"rows":[["colon",0,1],["end_of_file",1,0]],"pure":true}
{"rows":[["semicolon",0,1],["end_of_file",1,0]],"pure":true}
{"rows":[["left_angle",0,1],["end_of_file",1,0]],"pure":true}
{"rows":[["assignment",0,1],["end_of_file",1,0]],"pure":true}
{"rows":[["right_angle",0,1],["end_of_file",1,0]],"pure":true}
{"error":[0,1],"path":"\/tmp\/scpp-tokenizer-native-01\/inputs\/104.phs","rows":0}
{"error":[0,1],"path":"\/tmp\/scpp-tokenizer-native-01\/inputs\/105.phs","rows":0}
{"rows":[["identifier",0,1],["end_of_file",1,0]],"pure":true}
{"rows":[["identifier",0,1],["end_of_file",1,0]],"pure":true}
{"rows":[["identifier",0,1],["end_of_file",1,0]],"pure":true}
{"rows":[["identifier",0,1],["end_of_file",1,0]],"pure":true}
{"rows":[["identifier",0,1],["end_of_file",1,0]],"pure":true}
{"rows":[["identifier",0,1],["end_of_file",1,0]],"pure":true}
{"rows":[["identifier",0,1],["end_of_file",1,0]],"pure":true}
{"rows":[["identifier",0,1],["end_of_file",1,0]],"pure":true}
{"rows":[["identifier",0,1],["end_of_file",1,0]],"pure":true}
{"rows":[["identifier",0,1],["end_of_file",1,0]],"pure":true}
{"rows":[["identifier",0,1],["end_of_file",1,0]],"pure":true}
{"rows":[["identifier",0,1],["end_of_file",1,0]],"pure":true}
{"rows":[["identifier",0,1],["end_of_file",1,0]],"pure":true}
{"rows":[["identifier",0,1],["end_of_file",1,0]],"pure":true}
{"rows":[["identifier",0,1],["end_of_file",1,0]],"pure":true}
{"rows":[["identifier",0,1],["end_of_file",1,0]],"pure":true}
{"rows":[["identifier",0,1],["end_of_file",1,0]],"pure":true}
{"rows":[["identifier",0,1],["end_of_file",1,0]],"pure":true}
{"rows":[["identifier",0,1],["end_of_file",1,0]],"pure":true}
{"rows":[["identifier",0,1],["end_of_file",1,0]],"pure":true}
{"rows":[["identifier",0,1],["end_of_file",1,0]],"pure":true}
{"rows":[["identifier",0,1],["end_of_file",1,0]],"pure":true}
{"rows":[["identifier",0,1],["end_of_file",1,0]],"pure":true}
{"rows":[["identifier",0,1],["end_of_file",1,0]],"pure":true}
{"rows":[["identifier",0,1],["end_of_file",1,0]],"pure":true}
{"rows":[["identifier",0,1],["end_of_file",1,0]],"pure":true}
{"rows":[["left_bracket",0,1],["end_of_file",1,0]],"pure":true}
{"error":[0,1],"path":"\/tmp\/scpp-tokenizer-native-01\/inputs\/133.phs","rows":0}
{"rows":[["right_bracket",0,1],["end_of_file",1,0]],"pure":true}
{"error":[0,1],"path":"\/tmp\/scpp-tokenizer-native-01\/inputs\/135.phs","rows":0}
{"rows":[["identifier",0,1],["end_of_file",1,0]],"pure":true}
{"error":[0,1],"path":"\/tmp\/scpp-tokenizer-native-01\/inputs\/137.phs","rows":0}
{"rows":[["identifier",0,1],["end_of_file",1,0]],"pure":true}
{"rows":[["identifier",0,1],["end_of_file",1,0]],"pure":true}
{"rows":[["identifier",0,1],["end_of_file",1,0]],"pure":true}
{"rows":[["identifier",0,1],["end_of_file",1,0]],"pure":true}
{"rows":[["identifier",0,1],["end_of_file",1,0]],"pure":true}
{"rows":[["identifier",0,1],["end_of_file",1,0]],"pure":true}
{"rows":[["identifier",0,1],["end_of_file",1,0]],"pure":true}
{"rows":[["identifier",0,1],["end_of_file",1,0]],"pure":true}
{"rows":[["identifier",0,1],["end_of_file",1,0]],"pure":true}
{"rows":[["identifier",0,1],["end_of_file",1,0]],"pure":true}
{"rows":[["identifier",0,1],["end_of_file",1,0]],"pure":true}
{"rows":[["identifier",0,1],["end_of_file",1,0]],"pure":true}
{"rows":[["identifier",0,1],["end_of_file",1,0]],"pure":true}
{"rows":[["identifier",0,1],["end_of_file",1,0]],"pure":true}
{"rows":[["identifier",0,1],["end_of_file",1,0]],"pure":true}
{"rows":[["identifier",0,1],["end_of_file",1,0]],"pure":true}
{"rows":[["identifier",0,1],["end_of_file",1,0]],"pure":true}
{"rows":[["identifier",0,1],["end_of_file",1,0]],"pure":true}
{"rows":[["identifier",0,1],["end_of_file",1,0]],"pure":true}
{"rows":[["identifier",0,1],["end_of_file",1,0]],"pure":true}
{"rows":[["identifier",0,1],["end_of_file",1,0]],"pure":true}
{"rows":[["identifier",0,1],["end_of_file",1,0]],"pure":true}
{"rows":[["identifier",0,1],["end_of_file",1,0]],"pure":true}
{"rows":[["identifier",0,1],["end_of_file",1,0]],"pure":true}
{"rows":[["identifier",0,1],["end_of_file",1,0]],"pure":true}
{"rows":[["identifier",0,1],["end_of_file",1,0]],"pure":true}
{"rows":[["left_brace",0,1],["end_of_file",1,0]],"pure":true}
{"error":[0,1],"path":"\/tmp\/scpp-tokenizer-native-01\/inputs\/165.phs","rows":0}
{"rows":[["right_brace",0,1],["end_of_file",1,0]],"pure":true}
{"error":[0,1],"path":"\/tmp\/scpp-tokenizer-native-01\/inputs\/167.phs","rows":0}
{"error":[0,1],"path":"\/tmp\/scpp-tokenizer-native-01\/inputs\/168.phs","rows":0}
{"error":[0,1],"path":"\/tmp\/scpp-tokenizer-native-01\/inputs\/169.phs","rows":0}
{"error":[0,1],"path":"\/tmp\/scpp-tokenizer-native-01\/inputs\/170.phs","rows":0}
{"error":[0,1],"path":"\/tmp\/scpp-tokenizer-native-01\/inputs\/171.phs","rows":0}
{"error":[0,1],"path":"\/tmp\/scpp-tokenizer-native-01\/inputs\/172.phs","rows":0}
{"error":[0,1],"path":"\/tmp\/scpp-tokenizer-native-01\/inputs\/173.phs","rows":0}
{"error":[0,1],"path":"\/tmp\/scpp-tokenizer-native-01\/inputs\/174.phs","rows":0}
{"error":[0,1],"path":"\/tmp\/scpp-tokenizer-native-01\/inputs\/175.phs","rows":0}
{"error":[0,1],"path":"\/tmp\/scpp-tokenizer-native-01\/inputs\/176.phs","rows":0}
{"error":[0,1],"path":"\/tmp\/scpp-tokenizer-native-01\/inputs\/177.phs","rows":0}
{"error":[0,1],"path":"\/tmp\/scpp-tokenizer-native-01\/inputs\/178.phs","rows":0}
{"error":[0,1],"path":"\/tmp\/scpp-tokenizer-native-01\/inputs\/179.phs","rows":0}
{"error":[0,1],"path":"\/tmp\/scpp-tokenizer-native-01\/inputs\/180.phs","rows":0}
{"error":[0,1],"path":"\/tmp\/scpp-tokenizer-native-01\/inputs\/181.phs","rows":0}
{"error":[0,1],"path":"\/tmp\/scpp-tokenizer-native-01\/inputs\/182.phs","rows":0}
{"error":[0,1],"path":"\/tmp\/scpp-tokenizer-native-01\/inputs\/183.phs","rows":0}
{"error":[0,1],"path":"\/tmp\/scpp-tokenizer-native-01\/inputs\/184.phs","rows":0}
{"error":[0,1],"path":"\/tmp\/scpp-tokenizer-native-01\/inputs\/185.phs","rows":0}
{"error":[0,1],"path":"\/tmp\/scpp-tokenizer-native-01\/inputs\/186.phs","rows":0}
{"error":[0,1],"path":"\/tmp\/scpp-tokenizer-native-01\/inputs\/187.phs","rows":0}
{"error":[0,1],"path":"\/tmp\/scpp-tokenizer-native-01\/inputs\/188.phs","rows":0}
{"error":[0,1],"path":"\/tmp\/scpp-tokenizer-native-01\/inputs\/189.phs","rows":0}
{"error":[0,1],"path":"\/tmp\/scpp-tokenizer-native-01\/inputs\/190.phs","rows":0}
{"error":[0,1],"path":"\/tmp\/scpp-tokenizer-native-01\/inputs\/191.phs","rows":0}
{"error":[0,1],"path":"\/tmp\/scpp-tokenizer-native-01\/inputs\/192.phs","rows":0}
{"error":[0,1],"path":"\/tmp\/scpp-tokenizer-native-01\/inputs\/193.phs","rows":0}
{"error":[0,1],"path":"\/tmp\/scpp-tokenizer-native-01\/inputs\/194.phs","rows":0}
{"error":[0,1],"path":"\/tmp\/scpp-tokenizer-native-01\/inputs\/195.phs","rows":0}
{"error":[0,1],"path":"\/tmp\/scpp-tokenizer-native-01\/inputs\/196.phs","rows":0}
{"error":[0,1],"path":"\/tmp\/scpp-tokenizer-native-01\/inputs\/197.phs","rows":0}
{"error":[0,1],"path":"\/tmp\/scpp-tokenizer-native-01\/inputs\/198.phs","rows":0}
{"error":[0,1],"path":"\/tmp\/scpp-tokenizer-native-01\/inputs\/199.phs","rows":0}
{"error":[0,1],"path":"\/tmp\/scpp-tokenizer-native-01\/inputs\/200.phs","rows":0}
{"error":[0,1],"path":"\/tmp\/scpp-tokenizer-native-01\/inputs\/201.phs","rows":0}
{"error":[0,1],"path":"\/tmp\/scpp-tokenizer-native-01\/inputs\/202.phs","rows":0}
{"error":[0,1],"path":"\/tmp\/scpp-tokenizer-native-01\/inputs\/203.phs","rows":0}
{"error":[0,1],"path":"\/tmp\/scpp-tokenizer-native-01\/inputs\/204.phs","rows":0}
{"error":[0,1],"path":"\/tmp\/scpp-tokenizer-native-01\/inputs\/205.phs","rows":0}
{"error":[0,1],"path":"\/tmp\/scpp-tokenizer-native-01\/inputs\/206.phs","rows":0}
{"error":[0,1],"path":"\/tmp\/scpp-tokenizer-native-01\/inputs\/207.phs","rows":0}
{"error":[0,1],"path":"\/tmp\/scpp-tokenizer-native-01\/inputs\/208.phs","rows":0}
{"error":[0,1],"path":"\/tmp\/scpp-tokenizer-native-01\/inputs\/209.phs","rows":0}
{"error":[0,1],"path":"\/tmp\/scpp-tokenizer-native-01\/inputs\/210.phs","rows":0}
{"error":[0,1],"path":"\/tmp\/scpp-tokenizer-native-01\/inputs\/211.phs","rows":0}
{"error":[0,1],"path":"\/tmp\/scpp-tokenizer-native-01\/inputs\/212.phs","rows":0}
{"error":[0,1],"path":"\/tmp\/scpp-tokenizer-native-01\/inputs\/213.phs","rows":0}
{"error":[0,1],"path":"\/tmp\/scpp-tokenizer-native-01\/inputs\/214.phs","rows":0}
{"error":[0,1],"path":"\/tmp\/scpp-tokenizer-native-01\/inputs\/215.phs","rows":0}
{"error":[0,1],"path":"\/tmp\/scpp-tokenizer-native-01\/inputs\/216.phs","rows":0}
{"error":[0,1],"path":"\/tmp\/scpp-tokenizer-native-01\/inputs\/217.phs","rows":0}
{"error":[0,1],"path":"\/tmp\/scpp-tokenizer-native-01\/inputs\/218.phs","rows":0}
{"error":[0,1],"path":"\/tmp\/scpp-tokenizer-native-01\/inputs\/219.phs","rows":0}
{"error":[0,1],"path":"\/tmp\/scpp-tokenizer-native-01\/inputs\/220.phs","rows":0}
{"error":[0,1],"path":"\/tmp\/scpp-tokenizer-native-01\/inputs\/221.phs","rows":0}
{"error":[0,1],"path":"\/tmp\/scpp-tokenizer-native-01\/inputs\/222.phs","rows":0}
{"error":[0,1],"path":"\/tmp\/scpp-tokenizer-native-01\/inputs\/223.phs","rows":0}
{"error":[0,1],"path":"\/tmp\/scpp-tokenizer-native-01\/inputs\/224.phs","rows":0}
{"error":[0,1],"path":"\/tmp\/scpp-tokenizer-native-01\/inputs\/225.phs","rows":0}
{"error":[0,1],"path":"\/tmp\/scpp-tokenizer-native-01\/inputs\/226.phs","rows":0}
{"error":[0,1],"path":"\/tmp\/scpp-tokenizer-native-01\/inputs\/227.phs","rows":0}
{"error":[0,1],"path":"\/tmp\/scpp-tokenizer-native-01\/inputs\/228.phs","rows":0}
{"error":[0,1],"path":"\/tmp\/scpp-tokenizer-native-01\/inputs\/229.phs","rows":0}
{"error":[0,1],"path":"\/tmp\/scpp-tokenizer-native-01\/inputs\/230.phs","rows":0}
{"error":[0,1],"path":"\/tmp\/scpp-tokenizer-native-01\/inputs\/231.phs","rows":0}
{"error":[0,1],"path":"\/tmp\/scpp-tokenizer-native-01\/inputs\/232.phs","rows":0}
{"error":[0,1],"path":"\/tmp\/scpp-tokenizer-native-01\/inputs\/233.phs","rows":0}
{"error":[0,1],"path":"\/tmp\/scpp-tokenizer-native-01\/inputs\/234.phs","rows":0}
{"error":[0,1],"path":"\/tmp\/scpp-tokenizer-native-01\/inputs\/235.phs","rows":0}
{"error":[0,1],"path":"\/tmp\/scpp-tokenizer-native-01\/inputs\/236.phs","rows":0}
{"error":[0,1],"path":"\/tmp\/scpp-tokenizer-native-01\/inputs\/237.phs","rows":0}
{"error":[0,1],"path":"\/tmp\/scpp-tokenizer-native-01\/inputs\/238.phs","rows":0}
{"error":[0,1],"path":"\/tmp\/scpp-tokenizer-native-01\/inputs\/239.phs","rows":0}
{"error":[0,1],"path":"\/tmp\/scpp-tokenizer-native-01\/inputs\/240.phs","rows":0}
{"error":[0,1],"path":"\/tmp\/scpp-tokenizer-native-01\/inputs\/241.phs","rows":0}
{"error":[0,1],"path":"\/tmp\/scpp-tokenizer-native-01\/inputs\/242.phs","rows":0}
{"error":[0,1],"path":"\/tmp\/scpp-tokenizer-native-01\/inputs\/243.phs","rows":0}
{"error":[0,1],"path":"\/tmp\/scpp-tokenizer-native-01\/inputs\/244.phs","rows":0}
{"error":[0,1],"path":"\/tmp\/scpp-tokenizer-native-01\/inputs\/245.phs","rows":0}
{"error":[0,1],"path":"\/tmp\/scpp-tokenizer-native-01\/inputs\/246.phs","rows":0}
{"error":[0,1],"path":"\/tmp\/scpp-tokenizer-native-01\/inputs\/247.phs","rows":0}
{"error":[0,1],"path":"\/tmp\/scpp-tokenizer-native-01\/inputs\/248.phs","rows":0}
{"error":[0,1],"path":"\/tmp\/scpp-tokenizer-native-01\/inputs\/249.phs","rows":0}
{"error":[0,1],"path":"\/tmp\/scpp-tokenizer-native-01\/inputs\/250.phs","rows":0}
{"error":[0,1],"path":"\/tmp\/scpp-tokenizer-native-01\/inputs\/251.phs","rows":0}
{"error":[0,1],"path":"\/tmp\/scpp-tokenizer-native-01\/inputs\/252.phs","rows":0}
{"error":[0,1],"path":"\/tmp\/scpp-tokenizer-native-01\/inputs\/253.phs","rows":0}
{"error":[0,1],"path":"\/tmp\/scpp-tokenizer-native-01\/inputs\/254.phs","rows":0}
{"error":[0,1],"path":"\/tmp\/scpp-tokenizer-native-01\/inputs\/255.phs","rows":0}
{"error":[0,1],"path":"\/tmp\/scpp-tokenizer-native-01\/inputs\/256.phs","rows":0}
{"error":[0,1],"path":"\/tmp\/scpp-tokenizer-native-01\/inputs\/257.phs","rows":0}
{"error":[0,1],"path":"\/tmp\/scpp-tokenizer-native-01\/inputs\/258.phs","rows":0}
{"error":[0,1],"path":"\/tmp\/scpp-tokenizer-native-01\/inputs\/259.phs","rows":0}
{"error":[0,1],"path":"\/tmp\/scpp-tokenizer-native-01\/inputs\/260.phs","rows":0}
{"error":[0,1],"path":"\/tmp\/scpp-tokenizer-native-01\/inputs\/261.phs","rows":0}
{"error":[0,1],"path":"\/tmp\/scpp-tokenizer-native-01\/inputs\/262.phs","rows":0}
{"error":[0,1],"path":"\/tmp\/scpp-tokenizer-native-01\/inputs\/263.phs","rows":0}
{"error":[0,1],"path":"\/tmp\/scpp-tokenizer-native-01\/inputs\/264.phs","rows":0}
{"error":[0,1],"path":"\/tmp\/scpp-tokenizer-native-01\/inputs\/265.phs","rows":0}
{"error":[0,1],"path":"\/tmp\/scpp-tokenizer-native-01\/inputs\/266.phs","rows":0}
{"error":[0,1],"path":"\/tmp\/scpp-tokenizer-native-01\/inputs\/267.phs","rows":0}
{"error":[0,1],"path":"\/tmp\/scpp-tokenizer-native-01\/inputs\/268.phs","rows":0}
{"error":[0,1],"path":"\/tmp\/scpp-tokenizer-native-01\/inputs\/269.phs","rows":0}
{"error":[0,1],"path":"\/tmp\/scpp-tokenizer-native-01\/inputs\/270.phs","rows":0}
{"error":[0,1],"path":"\/tmp\/scpp-tokenizer-native-01\/inputs\/271.phs","rows":0}
{"error":[0,1],"path":"\/tmp\/scpp-tokenizer-native-01\/inputs\/272.phs","rows":0}
{"error":[0,1],"path":"\/tmp\/scpp-tokenizer-native-01\/inputs\/273.phs","rows":0}
{"error":[0,1],"path":"\/tmp\/scpp-tokenizer-native-01\/inputs\/274.phs","rows":0}
{"error":[0,1],"path":"\/tmp\/scpp-tokenizer-native-01\/inputs\/275.phs","rows":0}
{"error":[0,1],"path":"\/tmp\/scpp-tokenizer-native-01\/inputs\/276.phs","rows":0}
{"error":[0,1],"path":"\/tmp\/scpp-tokenizer-native-01\/inputs\/277.phs","rows":0}
{"error":[0,1],"path":"\/tmp\/scpp-tokenizer-native-01\/inputs\/278.phs","rows":0}
{"error":[0,1],"path":"\/tmp\/scpp-tokenizer-native-01\/inputs\/279.phs","rows":0}
{"error":[0,1],"path":"\/tmp\/scpp-tokenizer-native-01\/inputs\/280.phs","rows":0}
{"error":[0,1],"path":"\/tmp\/scpp-tokenizer-native-01\/inputs\/281.phs","rows":0}
{"error":[0,1],"path":"\/tmp\/scpp-tokenizer-native-01\/inputs\/282.phs","rows":0}
{"error":[0,1],"path":"\/tmp\/scpp-tokenizer-native-01\/inputs\/283.phs","rows":0}
{"error":[0,1],"path":"\/tmp\/scpp-tokenizer-native-01\/inputs\/284.phs","rows":0}
{"error":[0,1],"path":"\/tmp\/scpp-tokenizer-native-01\/inputs\/285.phs","rows":0}
{"error":[0,1],"path":"\/tmp\/scpp-tokenizer-native-01\/inputs\/286.phs","rows":0}
{"error":[0,1],"path":"\/tmp\/scpp-tokenizer-native-01\/inputs\/287.phs","rows":0}
{"error":[0,1],"path":"\/tmp\/scpp-tokenizer-native-01\/inputs\/288.phs","rows":0}
{"error":[0,1],"path":"\/tmp\/scpp-tokenizer-native-01\/inputs\/289.phs","rows":0}
{"error":[0,1],"path":"\/tmp\/scpp-tokenizer-native-01\/inputs\/290.phs","rows":0}
{"error":[0,1],"path":"\/tmp\/scpp-tokenizer-native-01\/inputs\/291.phs","rows":0}
{"error":[0,1],"path":"\/tmp\/scpp-tokenizer-native-01\/inputs\/292.phs","rows":0}
{"error":[0,1],"path":"\/tmp\/scpp-tokenizer-native-01\/inputs\/293.phs","rows":0}
{"error":[0,1],"path":"\/tmp\/scpp-tokenizer-native-01\/inputs\/294.phs","rows":0}
{"error":[0,1],"path":"\/tmp\/scpp-tokenizer-native-01\/inputs\/295.phs","rows":0}
{"error":[0,1],"path":"\/tmp\/scpp-tokenizer-native-01\/inputs\/296.phs","rows":0}
{"rows":[["template_keyword",0,8],["typename_keyword",9,8],["constexpr_keyword",18,9],["consteval_keyword",28,9],["const_keyword",38,5],["boolean_literal",44,4],["boolean_literal",49,5],["function_keyword",55,8],["return_keyword",64,6],["if_keyword",71,2],["else_keyword",74,4],["while_keyword",79,5],["echo_keyword",85,4],["new_keyword",90,3],["struct_keyword",94,6],["public_keyword",101,6],["field_arrow",108,2],["ampersand",111,1],["left_bracket",113,1],["right_bracket",114,1],["left_angle",116,1],["right_angle",117,1],["plus",119,1],["end_of_file",120,0]],"pure":true}
{"rows":[["string_literal",0,10],["end_of_file",10,0]],"pure":true}
{"error":[0,8],"path":"\/tmp\/scpp-tokenizer-native-01\/inputs\/299.phs","rows":0}
{"error":[0,6],"path":"\/tmp\/scpp-tokenizer-native-01\/inputs\/300.phs","rows":0}
{"rows":[["return_keyword",6,6],["end_of_file",12,0]],"pure":true}
