Transpiled PHP files: 49, skipped unchanged: 0
Generated Ninja file: .prism/build/build.ninja
Using compiler: clang++-18 -fuse-ld=mold (gnu_like)
Using build mode: debug
Using build grouping policy: incremental (report_only)
Object cache: disabled (default disabled)
Using repo root: /tmp/scpp-json-240-probe
Resolved project dependency graph: 1 project(s)
Runtime compilation: enabled
Dependency compilation: reuse existing artifacts only
ninja: Entering directory `.prism/build'
[1/51] PCH app_pch.hpp.gch
[2/51] CXX src/01_prepare_inputs/load_runtime/data/family_preparation.o
[3/51] CXX src/01_prepare_inputs/load_runtime/data/package_context.o
[4/51] CXX scpp_framework/lock_reservation.o
[5/51] CXX scpp_framework/file_locks.o
[6/51] CXX scpp_framework/filesystem.o
[7/51] CXX scpp_framework/collections.o
[8/51] CXX scpp_framework/strings.o
[9/51] CXX src/01_prepare_inputs/load_runtime/data/project.o
[10/51] CXX scpp_framework/exceptions.o
[11/51] CXX src/01_prepare_inputs/load_runtime/data/runtime.o
[12/51] CXX scpp_framework/processes.o
[13/51] CXX src/01_prepare_inputs/load_runtime/data/package_bindings.o
[14/51] CXX probe.o
[15/51] CXX main.o
[16/51] CXX scpp_framework/json_document.o
[17/51] CXX src/01_prepare_inputs/load_runtime/data/package.o
[18/51] CXX src/01_prepare_inputs/load_runtime/data/runtime_lease.o
[19/51] CXX src/01_prepare_inputs/load_runtime/handlers/lifecycle.o
[20/51] CXX src/01_prepare_inputs/load_runtime/handlers/package_syntax.o
[21/51] CXX src/01_prepare_inputs/load_runtime/handlers/native_import.o
[22/51] CXX src/01_prepare_inputs/load_runtime/project_import.o
[23/51] CXX src/01_prepare_inputs/load_runtime/handlers/type_exposure.o
[24/51] CXX src/01_prepare_inputs/load_runtime/handlers/package_types.o
[25/51] CXX src/04_analyze/type_model/callable_contracts.o
[26/51] CXX src/04_analyze/resolve_types/data/export_identity.o
[27/51] CXX src/04_analyze/type_model/data/callables.o
[28/51] CXX src/04_analyze/type_model/data/callable_modes.o
[29/51] CXX src/04_analyze/type_model/data/context.o
[30/51] CXX src/01_prepare_inputs/load_runtime/handlers/resources.o
[31/51] CXX src/04_analyze/type_model/data/catalog.o
[32/51] CXX src/04_analyze/type_model/data/definitions.o
[33/51] CXX src/04_analyze/type_model/data/generic.o
[34/51] CXX src/04_analyze/type_model/data/lifecycle_roles.o
[35/51] CXX src/04_analyze/type_model/data/lifecycle.o
[36/51] CXX src/01_prepare_inputs/load_runtime/handlers/package_type_map.o
[37/51] CXX src/04_analyze/type_model/data/native_record_layout.o
[38/51] CXX src/04_analyze/type_model/data/records.o
[39/51] CXX src/04_analyze/type_model/data/semantic_calls.o
[40/51] CXX src/04_analyze/type_model/data/resources.o
[41/51] CXX src/04_analyze/type_model/data/representations.o
[42/51] CXX src/04_analyze/type_model/data/semantic_modes.o
[43/51] CXX src/05_generate_code/prepare_backend/data/abi.o
[44/51] CXX src/05_generate_code/prepare_backend/data/configuration.o
[45/51] CXX src/04_analyze/type_model/data/lifetime_contract.o
[46/51] CXX src/04_analyze/type_model/data/type_references.o
[47/51] CXX src/04_analyze/type_model/data/storage.o
[48/51] CXX src/compile/data/native_project.o
[49/51] CXX src/05_generate_code/prepare_backend/data/layout.o
[50/51] CXX src/05_generate_code/prepare_backend/data/source_exports.o
[51/51] LINK main
Rebuilt outputs: .prism/build/app_pch.hpp.gch, .prism/build/main, .prism/build/main.o, .prism/build/probe.o, .prism/build/scpp_framework/collections.o, .prism/build/scpp_framework/exceptions.o, .prism/build/scpp_framework/file_locks.o, .prism/build/scpp_framework/filesystem.o, .prism/build/scpp_framework/json_document.o, .prism/build/scpp_framework/lock_reservation.o, .prism/build/scpp_framework/processes.o, .prism/build/scpp_framework/strings.o, .prism/build/src/01_prepare_inputs/load_runtime/data/family_preparation.o, .prism/build/src/01_prepare_inputs/load_runtime/data/package.o, .prism/build/src/01_prepare_inputs/load_runtime/data/package_bindings.o, .prism/build/src/01_prepare_inputs/load_runtime/data/package_context.o, .prism/build/src/01_prepare_inputs/load_runtime/data/project.o, .prism/build/src/01_prepare_inputs/load_runtime/data/runtime.o, .prism/build/src/01_prepare_inputs/load_runtime/data/runtime_lease.o, .prism/build/src/01_prepare_inputs/load_runtime/handlers/lifecycle.o, .prism/build/src/01_prepare_inputs/load_runtime/handlers/native_import.o, .prism/build/src/01_prepare_inputs/load_runtime/handlers/package_syntax.o, .prism/build/src/01_prepare_inputs/load_runtime/handlers/package_type_map.o, .prism/build/src/01_prepare_inputs/load_runtime/handlers/package_types.o, .prism/build/src/01_prepare_inputs/load_runtime/handlers/resources.o, .prism/build/src/01_prepare_inputs/load_runtime/handlers/type_exposure.o, .prism/build/src/01_prepare_inputs/load_runtime/project_import.o, .prism/build/src/04_analyze/resolve_types/data/export_identity.o, .prism/build/src/04_analyze/type_model/callable_contracts.o, .prism/build/src/04_analyze/type_model/data/callable_modes.o, .prism/build/src/04_analyze/type_model/data/callables.o, .prism/build/src/04_analyze/type_model/data/catalog.o, .prism/build/src/04_analyze/type_model/data/context.o, .prism/build/src/04_analyze/type_model/data/definitions.o, .prism/build/src/04_analyze/type_model/data/generic.o, .prism/build/src/04_analyze/type_model/data/lifecycle.o, .prism/build/src/04_analyze/type_model/data/lifecycle_roles.o, .prism/build/src/04_analyze/type_model/data/lifetime_contract.o, .prism/build/src/04_analyze/type_model/data/native_record_layout.o, .prism/build/src/04_analyze/type_model/data/records.o, .prism/build/src/04_analyze/type_model/data/representations.o, .prism/build/src/04_analyze/type_model/data/resources.o, .prism/build/src/04_analyze/type_model/data/semantic_calls.o, .prism/build/src/04_analyze/type_model/data/semantic_modes.o, .prism/build/src/04_analyze/type_model/data/storage.o, .prism/build/src/04_analyze/type_model/data/type_references.o, .prism/build/src/05_generate_code/prepare_backend/data/abi.o, .prism/build/src/05_generate_code/prepare_backend/data/configuration.o, .prism/build/src/05_generate_code/prepare_backend/data/layout.o, .prism/build/src/05_generate_code/prepare_backend/data/source_exports.o, .prism/build/src/compile/data/native_project.o
Tip: set SCPP_NINJA_VERBOSE=1 to show full Ninja command lines.
Build completed: .prism/build/main
