[1/911] CXX expanded/generated/semantic_callable_candidates.o
[2/911] CXX expanded/compile/backend/scalar_body_backend_collection.o
[3/911] CXX expanded/compile/backend/backend_native_execution_adapter.o
[4/911] CXX expanded/generated/semantic_module_api_lookup.o
[5/911] CXX expanded/generated/semantic_conversion_lookup.o
[6/911] CXX expanded/compile/control_flow/control_flow_transfers.o
[7/911] CXX expanded/structure_kernel/frontend_model_kernel_counters.o
[8/911] CXX expanded/compile/backend/backend_loop_text_emission.o
[9/911] CXX expanded/generated/semantic_runtime_abi_declarations.o
[10/911] CXX expanded/compile/support/structure_kernel_smoke_runner.o
[11/911] CXX expanded/compile/control_flow/control_flow_dataflows.o
[12/911] CXX expanded/generated/semantic_runtime_abi_bridge.o
[13/911] CXX expanded/structures/artifacts/analysis_context.o
[14/911] CXX expanded/compile/backend/scalar_body_statement_collection.o
[15/911] CXX expanded/compile/support/compiler_project_env_or_smoke_echo.o
[16/911] CXX expanded/structures/artifacts/analysis_entry_context_row.o
[17/911] CXX expanded/structures/artifacts/backend_sink_boundary_row.o
[18/911] CXX expanded/structures/artifacts/artifact_cache_key_row.o
[19/911] CXX expanded/structures/artifacts/artifact_writer_descriptor_artifact.o
[20/911] CXX expanded/structures/artifacts/artifact_writer_descriptor_row.o
[21/911] CXX expanded/structures/artifacts/compiler_profile_event_row.o
[22/911] CXX expanded/structures/artifacts/debug_profile_row_count_summary.o
[23/911] CXX expanded/structures/artifacts/debug_profile_gate_result_artifact.o
[24/911] CXX expanded/structures/artifacts/debug_profile_gate_result_row.o
[25/911] CXX expanded/generated/semantic_operator_lookup.o
[26/911] CXX expanded/structures/artifacts/debug_profile_stage_timing_summary.o
[27/911] CXX expanded/structures/artifacts/incremental_callable_identity_row.o
[28/911] CXX expanded/structures/artifacts/incremental_change_event_row.o
[29/911] CXX expanded/structures/artifacts/incremental_identity_row.o
[30/911] CXX expanded/structures/artifacts/incremental_transaction_step_row.o
[31/911] CXX expanded/structures/artifacts/performance_memory_estimate_row.o
[32/911] CXX expanded/structures/backend/backend_binary_operand_row.o
[33/911] CXX expanded/structures/artifacts/proof_metric_row.o
[34/911] CXX expanded/structures/backend/backend_call_argument_row.o
[35/911] CXX expanded/structures/backend/backend_control_flow_operand_row.o
[36/911] CXX expanded/structures/artifacts/incremental_recompute_target_row.o
[37/911] CXX expanded/structures/backend/backend_emission_adapter_descriptor_artifact.o
[38/911] CXX expanded/structures/backend/backend_emission_adapter_descriptor_row.o
[39/911] CXX expanded/structures/backend/backend_emission_decision_row.o
[40/911] CXX expanded/structures/backend/backend_emission_block_row.o
[41/911] CXX expanded/structures/backend/backend_emission_value_row.o
[42/911] CXX expanded/structures/backend/backend_local_immediate_text_operand_row.o
[43/911] CXX expanded/structures/backend/backend_emission_decision_artifact.o
[44/911] CXX expanded/structures/backend/backend_local_slot.o
[45/911] CXX expanded/structures/backend/backend_link_decision_row.o
[46/911] CXX expanded/structures/backend/backend_link_cache_decision_row.o
[47/911] CXX expanded/structures/backend/backend_local_operand_row.o
[48/911] CXX expanded/structures/backend/backend_local_slots.o
[49/911] CXX expanded/structures/backend/backend_object_cache_decision_row.o
[50/911] CXX expanded/structures/backend/backend_object_output_row.o
[51/911] CXX expanded/structures/backend/backend_object_link_cache_artifact.o
[52/911] CXX expanded/structures/backend/backend_partition_execution_row.o
[53/911] CXX expanded/structures/backend/backend_partition_execution_artifact.o
[54/911] CXX expanded/structures/backend/backend_project_link_execution_row.o
[55/911] CXX expanded/structures/backend/backend_refresh_row.o
[56/911] CXX expanded/structures/backend/backend_request_list_ref.o
[57/911] CXX expanded/structures/backend/backend_request_authorization_row.o
[58/911] clang++ -std=c++23 -fPIC -O0 -g1 -pipe -I../../../vendor/runtime/include -I../expanded/generated -DSCPP_LANGUAGE_TARGET_PHP=1 -DSCPP_HAS_MYSQLI=0 -DSCPP_HAS_REGEX=0 -DSCPP_HAS_CURL=0 -DSCPP_HAS_TASKS=1 -DSCPP_TASKS_DEFAULT_WORKER_POOL_SIZE=0 -DSCPP_HAS_UI=0 -DSCPP_HAS_WEBVIEW=0 -DSCPP_ENABLE_CALL_DEPTH_GUARD=1 -DSCPP_MAX_CALL_DEPTH=4096 -x c++-header -MD -MF expanded-project.pch.d ../expanded/generated/__project_units.hpp -o expanded-project.pch
[59/911] CXX expanded/structures/backend/backend_request_row_list.o
[60/911] CXX expanded/structures/backend/backend_request_authorization_artifact.o
[61/911] CXX expanded/structures/backend/backend_request_row_span.o
[62/911] CXX expanded/structures/backend/backend_stack_value.o
[63/911] CXX expanded/structures/backend/backend_step_route_descriptor_row.o
[64/911] CXX expanded/structures/backend/backend_value_stack.o
[65/911] CXX expanded/structures/backend/backend_string_literal_operand_row.o
[66/911] CXX expanded/structures/backend/callable_abi_readiness_row.o
[67/911] CXX expanded/structures/backend/callable_abi_readiness_artifact.o
[68/911] CXX expanded/structures/backend/direct_call_authorization_gate_row.o
[69/911] CXX expanded/structures/backend/direct_call_authorization_gate_artifact.o
[70/911] CXX expanded/structures/backend/direct_call_backend_request_transition_artifact.o
[71/911] CXX expanded/structures/backend/direct_call_backend_request_transition_row.o
[72/911] CXX expanded/structures/backend/direct_call_lowering_adapter_descriptor_artifact.o
[73/911] CALLABLE_PART expanded_parts/main.o
[74/911] CXX expanded/structures/backend/direct_call_lowering_adapter_descriptor_row.o
[75/911] CXX expanded/structures/backend/function_body_emission_readiness_artifact.o
[76/911] CXX expanded/structures/backend/function_body_emission_readiness_row.o
[77/911] CXX expanded/structures/backend/function_body_text_emission_preflight_row.o
[78/911] CXX expanded/structures/backend/function_body_text_emission_preflight_artifact.o
[79/911] CXX expanded/structures/backend/function_definition_emission_preflight_artifact.o
[80/911] CXX expanded/structures/backend/function_definition_emission_preflight_row.o
[81/911] CXX expanded/structures/backend/llvm_api_handle_map_summary_row.o
[82/911] CXX expanded/structures/backend/llvm_api_module_build_row.o
[83/911] CXX expanded/structures/backend/llvm_api_sink_preflight_artifact.o
[84/911] CXX expanded/structures/backend/llvm_api_sink_preflight_row.o
[85/911] CXX expanded/structures/backend/llvm_api_toolchain_probe_artifact.o
[86/911] CXX expanded/structures/backend/llvm_api_toolchain_probe_row.o
[87/911] CXX expanded/structures/backend/llvm_function_symbol_preflight_row.o
[88/911] CXX expanded/structures/backend/llvm_function_symbol_preflight_artifact.o
[89/911] CXX expanded/structures/backend/llvm_primitive_abi_descriptor_row.o
[90/911] CXX expanded/structures/backend/local_body_lowering_route_descriptor_row.o
[91/911] CXX expanded/structures/backend/local_body_lowering_route_descriptor_artifact.o
[92/911] CXX expanded/structures/backend/lowering_blocked_request_row.o
[93/911] CXX expanded/structures/backend/lowering_step.o
[94/911] CXX expanded/structures/backend/lowering_plan.o
[95/911] CXX expanded/structures/backend/per_symbol_lowering_plan_artifact.o
[96/911] CXX expanded/structures/backend/per_symbol_lowering_plan_row.o
[97/911] CXX expanded/structures/backend/primitive_abi_adapter_matrix_artifact.o
[98/911] CXX expanded/structures/backend/primitive_abi_adapter_row.o
[99/911] CXX expanded/structures/backend/project_symbol_body_lookup_row.o
[100/911] CXX expanded/structures/backend/project_symbol_body_lookup_artifact.o
[101/911] CXX expanded/structures/capabilities/callable_signature_readiness_row.o
[102/911] CXX expanded/structures/backend/runtime_abi_bridge_artifact.o
[103/911] CXX expanded/structures/capabilities/capability_consumer_plan.o
[104/911] CXX expanded/structures/capabilities/capability_consumer_row.o
[105/911] CXX expanded/structures/capabilities/capability_provider_row.o
[106/911] CXX expanded/structures/capabilities/capability_coverage_artifact.o
[107/911] CXX expanded/structures/capabilities/capability_readiness_row.o
[108/911] CXX expanded/structures/capabilities/capability_registry_row.o
[109/911] CXX expanded/structures/capabilities/closure_capture_policy_row.o
[110/911] CXX expanded/structures/capabilities/condition_truthiness_policy_row.o
[111/911] CXX expanded/structures/capabilities/contract_consumer_route_descriptor_row.o
[112/911] CXX expanded/structures/capabilities/condition_truthiness_policy_artifact.o
[113/911] CXX expanded/structures/capabilities/contract_consumer_row.o
[114/911] CXX expanded/structures/capabilities/contract_coverage_artifact.o
[115/911] CXX expanded/structures/capabilities/contract_provider_route_descriptor_row.o
[116/911] CXX expanded/structures/capabilities/contract_provider_row.o
[117/911] CXX expanded/structures/capabilities/feature_coverage_axis_row.o
[118/911] CXX expanded/structures/capabilities/contract_registry_row.o
[119/911] CXX expanded/structures/capabilities/fixed_array_index_readiness_row.o
[120/911] CXX expanded/structures/capabilities/fixed_array_literal_readiness_row.o
[121/911] CXX expanded/structures/capabilities/fixed_array_readiness_table.o
[122/911] CXX expanded/structures/capabilities/layout_lifecycle_readiness_row.o
[123/911] CXX expanded/structures/capabilities/layout_readiness_row.o
[124/911] CXX expanded/structures/capabilities/module_drift_audit_row.o
[125/911] CXX expanded/structures/capabilities/module_helper_backend_blocker_row.o
[126/911] CXX expanded/structures/capabilities/module_helper_surface_row.o
[127/911] CXX expanded/structures/capabilities/module_metadata_provider_row.o
[128/911] CXX expanded/structures/capabilities/provider_descriptor_row.o
[129/911] CXX expanded/structures/capabilities/numeric_backend_adapter_decision_row.o
[130/911] CXX expanded/structures/capabilities/object_value_layout_ownership_row.o
[131/911] CXX expanded/structures/capabilities/provider_descriptor_table.o
[132/911] CXX expanded/structures/capabilities/provider_trait_descriptor_row.o
[133/911] CXX expanded/structures/capabilities/range_adapter_contract_row.o
[134/911] CXX expanded/structures/capabilities/representative_feature_path_row.o
[135/911] CXX expanded/structures/capabilities/runtime_helper_contract_readiness_row.o
[136/911] CXX expanded/structures/capabilities/runtime_helper_contract_readiness_artifact.o
[137/911] CXX expanded/structures/capabilities/storage_lifetime_request_row.o
[138/911] CXX expanded/structures/capabilities/storage_lifetime_route_descriptor_row.o
[139/911] CXX expanded/structures/capabilities/type_capability.o
[140/911] CXX expanded/structures/capabilities/type_family_descriptor_table.o
[141/911] CXX expanded/structures/capabilities/type_family_descriptor_row.o
[142/911] CXX expanded/structures/capabilities/type_trait_metadata_source_row.o
[143/911] CXX expanded/structures/capabilities/type_trait_row.o
[144/911] CXX expanded/structures/capabilities/type_trait_substrate_decision_row.o
[145/911] CXX expanded/structures/capabilities/type_trait_table.o
[146/911] CXX expanded/structures/capabilities/wrapper_extraction_contract_row.o
[147/911] CXX expanded/structures/capabilities/wrapper_extraction_readiness_row.o
[148/911] CXX expanded/structures/capabilities/wrapper_family_row.o
[149/911] CXX expanded/structures/capabilities/wrapper_output_mutation_adapter_row.o
[150/911] CXX expanded/structures/capabilities/wrapper_extraction_readiness_table.o
[151/911] CXX expanded/structures/capabilities/wrapper_output_mutation_adapter_table.o
[152/911] CXX expanded/structures/capabilities/wrapper_runtime_abi_row.o
[153/911] CXX expanded/structures/capabilities/wrapper_runtime_abi_table.o
[154/911] CXX expanded/structures/control_flow/control_flow_block_row.o
[155/911] CXX expanded/structures/control_flow/control_flow_dataflow_artifact.o
[156/911] CXX expanded/structures/control_flow/control_flow_dataflow_row.o
[157/911] CXX expanded/structures/control_flow/control_flow_edge_row.o
[158/911] CXX expanded/structures/control_flow/control_flow_graph_artifact.o
[159/911] CXX expanded/structures/frontend/frontend_body_summary_row.o
[160/911] CXX expanded/structures/frontend/frontend_declaration_payload_row.o
[161/911] CXX expanded/structures/frontend/frontend_body_summary_artifact.o
[162/911] CXX expanded/structures/frontend/frontend_expression_payload_row.o
[163/911] CXX expanded/structures/frontend/frontend_literal_payload_row.o
[164/911] CXX expanded/structures/frontend/frontend_local_binding_summary_row.o
[165/911] CXX expanded/structures/frontend/frontend_name_payload_row.o
[166/911] CXX expanded/structures/frontend/frontend_node_list.o
[167/911] CXX expanded/structures/frontend/frontend_model.o
[168/911] CXX expanded/structures/frontend/frontend_node_list_owner.o
[169/911] CXX expanded/structures/frontend/frontend_node_list_ref.o
[170/911] CXX expanded/structures/frontend/frontend_node_row.o
[171/911] CXX expanded/structures/frontend/frontend_node_segment.o
[172/911] CXX expanded/structures/frontend/frontend_statement_payload_row.o
[173/911] CXX expanded/structures/frontend/frontend_node_span.o
[174/911] CXX expanded/structures/frontend/frontend_type_syntax_payload_row.o
[175/911] CXX expanded/structures/frontend/line_start_row.o
[176/911] CXX expanded/structures/frontend/parser_diagnostic_row.o
[177/911] CXX expanded/structures/frontend/parser_diagnostic_table.o
[178/911] CXX expanded/structures/frontend/phs_parser_cursor.o
[179/911] CXX expanded/structures/frontend/phs_parser_state.o
[180/911] CXX expanded/structures/frontend/source_buffer_row.o
[181/911] CXX expanded/structures/frontend/source_range_ext_row.o
[182/911] CXX expanded/structures/frontend/source_slice.o
[183/911] CXX expanded/structures/frontend/token_extended_length_row.o
[184/911] CXX expanded/structures/frontend/token_list_ref.o
[185/911] CXX expanded/structures/frontend/source_range_row.o
[186/911] CXX expanded/structures/frontend/token_row.o
[187/911] CXX expanded/structures/frontend/token_row_list.o
[188/911] CXX expanded/structures/frontend/token_row_segment.o
[189/911] CXX expanded/structures/frontend/token_row_span.o
[190/911] CXX expanded/structures/frontend/token_stream.o
[191/911] CXX expanded/structures/incremental/deterministic_work_order_artifact.o
[192/911] CXX expanded/structures/incremental/deterministic_work_order_row.o
[193/911] CXX expanded/structures/incremental/incremental_deferred_surface_row.o
[194/911] CXX expanded/structures/incremental/incremental_snapshot_diff_row.o
[195/911] CXX expanded/structures/incremental/incremental_snapshot_row.o
[196/911] CXX expanded/structures/incremental/incremental_stage_presence_row.o
[197/911] CXX expanded/structures/incremental/mt_stage_evaluation_row.o
[198/911] CXX expanded/structures/incremental/mt_stage_measurement_row.o
[199/911] CXX expanded/structures/incremental/mt_stage_evaluation_artifact.o
[200/911] CXX expanded/structures/incremental/mt_stage_worker_activation_gate_row.o
[201/911] CXX expanded/structures/incremental/mt_stage_worker_payload_transfer_strategy_row.o
[202/911] CXX expanded/structures/incremental/mt_stage_worker_result_transfer_contract_row.o
[203/911] CXX expanded/structures/incremental/mt_worker_segment_row.o
[204/911] CXX expanded/structures/incremental/partition_merge_reduction_row.o
[205/911] CXX expanded/structures/incremental/partition_merge_reduction_artifact.o
[206/911] CXX expanded/structures/incremental/partition_readiness_artifact.o
[207/911] CXX expanded/structures/incremental/partition_readiness_row.o
[208/911] CXX expanded/structures/incremental/project_incremental_snapshot_diff_artifact.o
[209/911] CXX expanded/structures/incremental/project_incremental_snapshot_diff_row.o
[210/911] CXX expanded/structures/incremental/project_incremental_snapshot_row.o
[211/911] CXX expanded/structures/incremental/resident_body_dependency_row.o
[212/911] CXX expanded/structures/incremental/resident_change_event_row.o
[213/911] CXX expanded/structures/incremental/resident_daemon_dirty_source_projection_row.o
[214/911] CXX expanded/structures/incremental/resident_daemon_ipc_artifact.o
[215/911] CXX expanded/structures/incremental/resident_daemon_loop_policy_row.o
[216/911] CXX expanded/structures/incremental/resident_daemon_request_row.o
[217/911] CXX expanded/structures/incremental/resident_daemon_response_row.o
[218/911] CXX expanded/structures/incremental/resident_daemon_session_row.o
[219/911] CXX expanded/structures/incremental/resident_daemon_source_slot_event_row.o
[220/911] CXX expanded/structures/incremental/resident_daemon_source_slot_scan_row.o
[221/911] CXX expanded/structures/incremental/resident_daemon_source_slot_stat_row.o
[222/911] CXX expanded/structures/incremental/resident_dependency_edge_snapshot_row.o
[223/911] CXX expanded/structures/incremental/resident_dirty_budget_row.o
[224/911] CXX expanded/structures/incremental/resident_dirty_bailout_row.o
[225/911] CXX expanded/structures/incremental/resident_dirty_limit_check_row.o
[226/911] CXX expanded/structures/incremental/resident_dirty_queue_row.o
[227/911] CXX expanded/structures/incremental/resident_dirty_processed_row.o
[228/911] CXX expanded/structures/incremental/resident_frontend_node_list_publish_row.o
[229/911] CXX expanded/structures/incremental/resident_frontend_node_list_snapshot_row.o
[230/911] CXX expanded/structures/incremental/resident_function_body_local_parse_proof_row.o
[231/911] CXX expanded/structures/incremental/resident_function_body_change_row.o
[232/911] CXX expanded/structures/incremental/resident_function_body_logical_frontend_body_span_descriptor_row.o
[233/911] CXX expanded/structures/incremental/resident_function_body_incremental_acceptance_row.o
[234/911] CXX expanded/structures/incremental/resident_function_body_logical_frontend_consumer_descriptor_row.o
[235/911] CXX expanded/structures/incremental/resident_function_body_logical_frontend_view_row.o
[236/911] CXX expanded/structures/incremental/resident_function_body_logical_frontend_reference_candidate_row.o
[237/911] CXX expanded/structures/incremental/resident_function_body_mixed_frontend_assembly_proof_row.o
[238/911] CXX expanded/structures/incremental/resident_function_body_parse_slice_row.o
[239/911] CXX expanded/structures/incremental/resident_function_body_publish_repoint_preflight_row.o
[240/911] CXX expanded/structures/incremental/resident_function_body_row_list_publish_plan_row.o
[241/911] CXX expanded/structures/incremental/resident_function_body_row_list_publish_result_row.o
[242/911] CXX expanded/structures/incremental/resident_function_body_snapshot_row.o
[243/911] CXX expanded/structures/incremental/resident_function_body_source_unit_repoint_proof_row.o
[244/911] CXX expanded/structures/incremental/resident_function_body_stable_node_remap_proof_row.o
[245/911] CXX expanded/structures/incremental/resident_function_body_summary_project_reference_row.o
[246/911] CXX expanded/structures/incremental/resident_incremental_file_change_row.o
[247/911] CXX expanded/structures/incremental/resident_function_body_work_decision_row.o
[248/911] CXX expanded/structures/incremental/resident_incremental_transaction_row.o
[249/911] CXX expanded/structures/incremental/resident_project_snapshot_diff_row.o
[250/911] CXX expanded/structures/incremental/resident_project_snapshot_row.o
[251/911] CXX expanded/structures/incremental/resident_project_symbol_name_lookup_row.o
[252/911] CXX expanded/structures/incremental/resident_public_surface_incremental_acceptance_row.o
[253/911] CXX expanded/structures/incremental/resident_recompute_target_row.o
[254/911] CXX expanded/structures/incremental/resident_reverse_dependency_index_ref_row.o
[255/911] CXX expanded/structures/incremental/resident_reverse_dependency_index_row.o
[256/911] CXX expanded/structures/incremental/resident_reverse_dependency_lookup_row.o
[257/911] CXX expanded/structures/incremental/resident_source_unit_change_row.o
[258/911] CXX expanded/structures/incremental/resident_source_unit_early_skip_artifact.o
[259/911] CXX expanded/structures/incremental/resident_source_unit_early_skip_decision_row.o
[260/911] CXX expanded/structures/incremental/resident_source_unit_frontend_payload_adoption_row.o
[261/911] CXX expanded/structures/incremental/resident_source_unit_frontend_payload_arena_contract_row.o
[262/911] CXX expanded/structures/incremental/resident_source_unit_frontend_payload_table_row.o
[263/911] CXX expanded/structures/incremental/resident_source_unit_frontend_payload_transfer_contract_row.o
[264/911] CXX expanded/structures/incremental/resident_source_unit_frontend_state_row.o
[265/911] CXX expanded/structures/incremental/resident_source_unit_frontend_task_payload_segment_adoption_publication_row.o
[266/911] CXX expanded/structures/incremental/resident_source_unit_frontend_task_payload_segment_handle_reservation_row.o
[267/911] CXX expanded/structures/incremental/resident_source_unit_frontend_task_payload_segment_handle_request_row.o
[268/911] CXX expanded/structures/incremental/resident_source_unit_frontend_task_payload_segment_materialization_row.o
[269/911] CXX expanded/structures/incremental/resident_source_unit_frontend_task_segment_handle_row.o
[270/911] CXX expanded/structures/incremental/resident_source_unit_frontend_work_decision_row.o
[271/911] CXX expanded/structures/incremental/resident_source_unit_snapshot_row.o
[272/911] CXX expanded/structures/incremental/resident_source_unit_symbol_state_row.o
[273/911] CXX expanded/structures/incremental/resident_symbol_definition_change_row.o
[274/911] CXX expanded/structures/incremental/resident_symbol_definition_snapshot_row.o
[275/911] CXX expanded/structures/incremental/resident_token_list_publish_row.o
[276/911] CXX expanded/structures/incremental/resident_token_list_snapshot_row.o
[277/911] CXX expanded/structures/incremental/resident_transaction_step_row.o
[278/911] CXX expanded/structures/incremental/scheduler_session_row.o
[279/911] CXX expanded/structures/incremental/scheduler_task_row.o
[280/911] CXX expanded/structures/incremental/scheduler_api_artifact.o
[281/911] CXX expanded/structures/incremental/scheduler_worker_row.o
[282/911] CXX expanded/structures/incremental/source_unit_frontend_dispatch_decision_row.o
[283/911] CXX expanded/structures/incremental/source_unit_frontend_worker_payload_carrier_contract_row.o
[284/911] CXX expanded/structures/incremental/source_unit_frontend_worker_activation_gate_row.o
[285/911] CXX expanded/structures/incremental/source_unit_frontend_worker_payload_carrier_install_row.o
[286/911] CXX expanded/structures/incremental/source_unit_frontend_worker_payload_install_preflight_row.o
[287/911] CXX expanded/structures/incremental/source_unit_frontend_worker_payload_production_install_row.o
[288/911] CXX expanded/structures/incremental/source_unit_frontend_worker_payload_replacement_materializer_row.o
[289/911] CXX expanded/structures/incremental/source_unit_frontend_worker_payload_production_swap_row.o
[290/911] CXX expanded/structures/model/primitive_type_ref_descriptor_row.o
[291/911] CXX expanded/structures/model/primitive_type_ref_spelling_descriptor_row.o
[292/911] CXX expanded/structures/model/frontend_row_kind_descriptor.o
[293/911] CXX expanded/structures/model/type_arg_row.o
[294/911] CXX expanded/structures/model/type_ref_row.o
[295/911] CXX expanded/structures/operations/feature_operation_route_descriptor_row.o
[296/911] CXX expanded/structures/operations/operation_blocked_reason_route_row.o
[297/911] CXX expanded/structures/model/type_ref_table.o
[298/911] CXX expanded/structures/operations/operation_contract.o
[299/911] CXX expanded/structures/operations/operation_readiness.o
[300/911] CXX expanded/structures/operations/take_candidate_row.o
[301/911] CXX expanded/structures/operations/take_candidate_table.o
[302/911] CXX expanded/structures/pipeline/compiler_project_run_row.o
[303/911] CXX expanded/structures/pipeline/pipeline_batch_config.o
[304/911] CXX expanded/structures/pipeline/pipeline_config.o
[305/911] CXX expanded/structures/pipeline/project_manifest.o
[306/911] CXX expanded/structures/project/project_callable_contract_artifact.o
[307/911] CXX expanded/structures/project/project_callable_contract_row.o
[308/911] CXX expanded/structures/pipeline/project_manifest_source_row.o
[309/911] CXX expanded/structures/project/project_dependency_graph.o
[310/911] CXX expanded/structures/project/project_dependency_graph_edge_row.o
[311/911] CXX expanded/structures/project/project_dirty_fanout_row.o
[312/911] CXX expanded/structures/project/project_dependency_graph_node_row.o
[313/911] CXX expanded/structures/project/project_dirty_reuse_projection_row.o
[314/911] CXX expanded/structures/project/project_frontend_model.o
[315/911] CXX expanded/structures/project/project_frontend_source_row.o
[316/911] CXX expanded/structures/project/project_reference_actual_argument_row.o
[317/911] CXX expanded/structures/project/project_reference_resolution.o
[318/911] CXX expanded/structures/project/project_reference_resolution_row.o
[319/911] CXX expanded/structures/project/project_symbol_function_import_row.o
[320/911] CXX expanded/structures/project/project_symbol_index.o
[321/911] CXX expanded/structures/project/project_symbol_index_row.o
[322/911] CXX expanded/structures/project/project_symbol_parameter_row.o
[323/911] CXX expanded/structures/project/source_read_descriptor_row.o
[324/911] CXX expanded/structures/project/source_read_result_row.o
[325/911] CXX expanded/structures/project/source_read_table.o
[326/911] CXX expanded/structures/project/source_unit_table.o
[327/911] CXX expanded/structures/project/source_unit_table_row.o
[328/911] CXX expanded/structures/support/artifact_write_record.o
[329/911] CXX expanded/structures/support/artifact_write_report_record.o
[330/911] CXX expanded/structures/support/row_list_publish_result.o
[331/911] CALLABLE_PART expanded_parts/__callable/prepare_outputs_group_0.o
[332/911] CALLABLE_PART expanded_parts/__callable/analysis_context_group_0.o
[333/911] CALLABLE_PART expanded_parts/__callable/llvm_abi_call_lowering_group_0.o
[334/911] CALLABLE_PART expanded_parts/__callable/analysis_context_identity_group_0.o
[335/911] CALLABLE_PART expanded_parts/__callable/llvm_abi_declarations_group_0.o
[336/911] CALLABLE_PART expanded_parts/__callable/analysis_context_group_1.o
[337/911] CALLABLE_PART expanded_parts/__callable/runtime_abi_bridge_group_0.o
[338/911] CALLABLE_PART expanded_parts/__callable/runtime_abi_bridge_group_2.o
[339/911] CALLABLE_PART expanded_parts/__callable/runtime_helper_effects_group_0.o
[340/911] CALLABLE_PART expanded_parts/__callable/runtime_abi_bridge_group_1.o
[341/911] CALLABLE_PART expanded_parts/__callable/string_runtime_abi_group_0.o
[342/911] CXX expanded/structures/pipeline/compiler_project_run_report.o
[343/911] CALLABLE_PART expanded_parts/__callable/string_runtime_abi_group_1.o
[344/911] CALLABLE_PART expanded_parts/__callable/backend_emission_adapter_routes_group_0.o
[345/911] CALLABLE_PART expanded_parts/__callable/backend_emission_adapter_routes_group_1.o
[346/911] CALLABLE_PART expanded_parts/__callable/backend_emission_adapter_routes_group_2.o
[347/911] CALLABLE_PART expanded_parts/__callable/backend_emission_decisions_group_1.o
[348/911] CALLABLE_PART expanded_parts/__callable/backend_emission_decisions_group_0.o
[349/911] CALLABLE_PART expanded_parts/__callable/backend_emission_decisions_group_2.o
[350/911] CALLABLE_PART expanded_parts/__callable/backend_emission_decisions_group_6.o
[351/911] CALLABLE_PART expanded_parts/__callable/backend_loop_text_emission_group_0.o
[352/911] CALLABLE_PART expanded_parts/__callable/backend_emission_decisions_group_5.o
[353/911] CALLABLE_PART expanded_parts/__callable/backend_emission_decisions_group_3.o
[354/911] CALLABLE_PART expanded_parts/__callable/backend_emission_decisions_group_4.o
[355/911] CALLABLE_PART expanded_parts/__callable/backend_native_execution_adapter_group_0.o
[356/911] CALLABLE_PART expanded_parts/__callable/backend_module_composition_group_0.o
[357/911] CALLABLE_PART expanded_parts/__callable/backend_native_execution_adapter_group_1.o
[358/911] CALLABLE_PART expanded_parts/__callable/backend_object_link_cache_group_0.o
[359/911] CALLABLE_PART expanded_parts/__callable/backend_object_link_cache_group_1.o
[360/911] CALLABLE_PART expanded_parts/__callable/backend_object_link_cache_group_3.o
[361/911] CALLABLE_PART expanded_parts/__callable/backend_object_link_cache_group_2.o
[362/911] CALLABLE_PART expanded_parts/__callable/backend_partition_readiness_group_0.o
[363/911] CALLABLE_PART expanded_parts/__callable/backend_object_link_cache_group_6.o
[364/911] CALLABLE_PART expanded_parts/__callable/backend_partition_readiness_group_1.o
[365/911] CALLABLE_PART expanded_parts/__callable/backend_object_link_cache_group_4.o
[366/911] CALLABLE_PART expanded_parts/__callable/backend_object_link_cache_group_5.o
[367/911] CALLABLE_PART expanded_parts/__callable/backend_preflight_requests_group_0.o
[368/911] CALLABLE_PART expanded_parts/__callable/backend_preflight_requests_group_1.o
[369/911] CALLABLE_PART expanded_parts/__callable/backend_partition_readiness_group_2.o
[370/911] CALLABLE_PART expanded_parts/__callable/backend_preflight_requests_group_2.o
[371/911] CALLABLE_PART expanded_parts/__callable/backend_preflight_requests_group_3.o
[372/911] CALLABLE_PART expanded_parts/__callable/backend_preflight_requests_group_6.o
[373/911] CALLABLE_PART expanded_parts/__callable/backend_preflight_requests_group_4.o
[374/911] CALLABLE_PART expanded_parts/__callable/backend_preflight_requests_group_5.o
[375/911] CALLABLE_PART expanded_parts/__callable/backend_preflight_requests_group_7.o
[376/911] CALLABLE_PART expanded_parts/__callable/backend_preflight_requests_group_9.o
[377/911] CALLABLE_PART expanded_parts/__callable/backend_preflight_requests_group_8.o
[378/911] CALLABLE_PART expanded_parts/__callable/backend_preflight_requests_group_10.o
[379/911] CALLABLE_PART expanded_parts/__callable/backend_preflight_requests_group_14.o
[380/911] CALLABLE_PART expanded_parts/__callable/backend_preflight_requests_group_13.o
[381/911] CALLABLE_PART expanded_parts/__callable/backend_preflight_requests_group_12.o
[382/911] CALLABLE_PART expanded_parts/__callable/backend_preflight_requests_group_11.o
[383/911] CALLABLE_PART expanded_parts/__callable/backend_preflight_requests_group_15.o
[384/911] CALLABLE_PART expanded_parts/__callable/backend_preflight_requests_group_17.o
[385/911] CALLABLE_PART expanded_parts/__callable/compiler_entry_backend_group_0.o
[386/911] CALLABLE_PART expanded_parts/__callable/backend_preflight_requests_group_16.o
[387/911] CALLABLE_PART expanded_parts/__callable/compiler_entry_backend_group_2.o
[388/911] CALLABLE_PART expanded_parts/__callable/llvm_api_sink_preflight_group_0.o
[389/911] CALLABLE_PART expanded_parts/__callable/llvm_api_sink_preflight_group_3.o
[390/911] CALLABLE_PART expanded_parts/__callable/llvm_api_sink_preflight_group_1.o
[391/911] CALLABLE_PART expanded_parts/__callable/llvm_api_toolchain_probe_group_0.o
[392/911] CALLABLE_PART expanded_parts/__callable/llvm_api_sink_preflight_group_2.o
[393/911] CALLABLE_PART expanded_parts/__callable/llvm_api_toolchain_probe_group_1.o
[394/911] CALLABLE_PART expanded_parts/__callable/compiler_entry_backend_group_1.o
[395/911] CALLABLE_PART expanded_parts/__callable/llvm_api_toolchain_probe_group_2.o
[396/911] CALLABLE_PART expanded_parts/__callable/llvm_text_from_plan_group_0.o
[397/911] CALLABLE_PART expanded_parts/__callable/llvm_text_from_plan_group_1.o
[398/911] CALLABLE_PART expanded_parts/__callable/llvm_text_from_plan_group_2.o
[399/911] CALLABLE_PART expanded_parts/__callable/llvm_text_from_plan_group_4.o
[400/911] CALLABLE_PART expanded_parts/__callable/llvm_text_from_plan_group_3.o
[401/911] CALLABLE_PART expanded_parts/__callable/llvm_text_from_plan_group_6.o
[402/911] CALLABLE_PART expanded_parts/__callable/llvm_text_from_plan_group_5.o
[403/911] CALLABLE_PART expanded_parts/__callable/llvm_text_from_plan_group_7.o
[404/911] CALLABLE_PART expanded_parts/__callable/llvm_text_from_plan_group_10.o
[405/911] CALLABLE_PART expanded_parts/__callable/llvm_text_from_plan_group_9.o
[406/911] CALLABLE_PART expanded_parts/__callable/llvm_text_from_plan_group_11.o
[407/911] CALLABLE_PART expanded_parts/__callable/llvm_text_from_plan_group_8.o
[408/911] CALLABLE_PART expanded_parts/__callable/llvm_text_from_plan_group_12.o
[409/911] CALLABLE_PART expanded_parts/__callable/llvm_text_from_plan_group_13.o
[410/911] CALLABLE_PART expanded_parts/__callable/llvm_text_from_plan_group_15.o
[411/911] CALLABLE_PART expanded_parts/__callable/llvm_text_from_plan_group_14.o
[412/911] CALLABLE_PART expanded_parts/__callable/llvm_text_from_plan_group_16.o
[413/911] CALLABLE_PART expanded_parts/__callable/llvm_text_from_plan_group_18.o
[414/911] CALLABLE_PART expanded_parts/__callable/llvm_text_from_plan_group_17.o
[415/911] CALLABLE_PART expanded_parts/__callable/llvm_text_from_plan_group_19.o
[416/911] CALLABLE_PART expanded_parts/__callable/llvm_text_from_plan_group_22.o
[417/911] CALLABLE_PART expanded_parts/__callable/llvm_text_from_plan_group_21.o
[418/911] CALLABLE_PART expanded_parts/__callable/llvm_text_from_plan_group_20.o
[419/911] CALLABLE_PART expanded_parts/__callable/llvm_text_from_plan_group_24.o
[420/911] CALLABLE_PART expanded_parts/__callable/local_body_lowering_group_0.o
[421/911] CALLABLE_PART expanded_parts/__callable/llvm_text_from_plan_group_23.o
[422/911] CALLABLE_PART expanded_parts/__callable/local_body_lowering_group_1.o
[423/911] CALLABLE_PART expanded_parts/__callable/local_body_lowering_group_2.o
[424/911] CALLABLE_PART expanded_parts/__callable/local_body_lowering_routes_group_0.o
[425/911] CALLABLE_PART expanded_parts/__callable/lowering_plan_group_1.o
[426/911] CALLABLE_PART expanded_parts/__callable/lowering_plan_group_0.o
[427/911] CALLABLE_PART expanded_parts/__callable/local_body_lowering_routes_group_1.o
[428/911] CALLABLE_PART expanded_parts/__callable/lowering_plan_group_3.o
[429/911] CALLABLE_PART expanded_parts/__callable/lowering_plan_group_2.o
[430/911] CALLABLE_PART expanded_parts/__callable/lowering_plan_group_4.o
[431/911] CALLABLE_PART expanded_parts/__callable/lowering_plan_group_6.o
[432/911] CALLABLE_PART expanded_parts/__callable/lowering_plan_group_5.o
[433/911] CALLABLE_PART expanded_parts/__callable/primitive_abi_adapter_matrix_group_0.o
[434/911] CALLABLE_PART expanded_parts/__callable/primitive_abi_adapter_matrix_group_1.o
[435/911] CALLABLE_PART expanded_parts/__callable/lowering_plan_group_7.o
[436/911] CALLABLE_PART expanded_parts/__callable/primitive_abi_adapter_matrix_group_2.o
[437/911] CALLABLE_PART expanded_parts/__callable/primitive_abi_adapter_matrix_group_3.o
[438/911] CALLABLE_PART expanded_parts/__callable/primitive_abi_adapter_matrix_group_4.o
[439/911] CALLABLE_PART expanded_parts/__callable/scalar_body_statement_collection_group_0.o
[440/911] CALLABLE_PART expanded_parts/__callable/scalar_body_backend_collection_group_0.o
[441/911] CALLABLE_PART expanded_parts/__callable/scalar_loop_backend_requests_group_0.o
[442/911] CALLABLE_PART expanded_parts/__callable/scalar_body_statement_collection_group_1.o
[443/911] CALLABLE_PART expanded_parts/__callable/runtime_helper_contract_readiness_group_0.o
[444/911] CALLABLE_PART expanded_parts/__callable/capability_consumer_plans_group_0.o
[445/911] CALLABLE_PART expanded_parts/__callable/runtime_helper_contract_readiness_group_1.o
[446/911] CALLABLE_PART expanded_parts/__callable/storage_lifetime_readiness_group_0.o
[447/911] CALLABLE_PART expanded_parts/__callable/runtime_helper_contract_readiness_group_2.o
[448/911] CALLABLE_PART expanded_parts/__callable/storage_lifetime_readiness_group_1.o
[449/911] CALLABLE_PART expanded_parts/__callable/storage_lifetime_readiness_group_2.o
[450/911] CALLABLE_PART expanded_parts/__callable/storage_lifetime_readiness_group_3.o
[451/911] CALLABLE_PART expanded_parts/__callable/storage_lifetime_readiness_group_4.o
[452/911] CALLABLE_PART expanded_parts/__callable/storage_lifetime_readiness_group_5.o
[453/911] CALLABLE_PART expanded_parts/__callable/type_capability_readiness_group_1.o
[454/911] CALLABLE_PART expanded_parts/__callable/storage_lifetime_readiness_group_7.o
[455/911] CALLABLE_PART expanded_parts/__callable/type_capability_readiness_group_2.o
[456/911] CALLABLE_PART expanded_parts/__callable/type_capability_readiness_group_0.o
[457/911] CALLABLE_PART expanded_parts/__callable/storage_lifetime_readiness_group_6.o
[458/911] CALLABLE_PART expanded_parts/__callable/type_capability_readiness_group_4.o
[459/911] CALLABLE_PART expanded_parts/__callable/type_capability_readiness_group_3.o
[460/911] CALLABLE_PART expanded_parts/__callable/type_capability_readiness_group_5.o
[461/911] CALLABLE_PART expanded_parts/__callable/type_capability_readiness_group_6.o
[462/911] CALLABLE_PART expanded_parts/__callable/type_capability_readiness_group_8.o
[463/911] CALLABLE_PART expanded_parts/__callable/type_capability_readiness_group_7.o
[464/911] CALLABLE_PART expanded_parts/__callable/type_capability_readiness_group_9.o
[465/911] CALLABLE_PART expanded_parts/__callable/type_capability_readiness_group_10.o
[466/911] CALLABLE_PART expanded_parts/__callable/type_capability_readiness_group_11.o
[467/911] CALLABLE_PART expanded_parts/__callable/type_capability_readiness_group_13.o
[468/911] CALLABLE_PART expanded_parts/__callable/type_capability_readiness_group_12.o
[469/911] CALLABLE_PART expanded_parts/__callable/type_capability_readiness_group_14.o
[470/911] CALLABLE_PART expanded_parts/__callable/type_capability_readiness_group_15.o
[471/911] CALLABLE_PART expanded_parts/__callable/type_capability_readiness_group_16.o
[472/911] CALLABLE_PART expanded_parts/__callable/type_capability_readiness_group_17.o
[473/911] CALLABLE_PART expanded_parts/__callable/type_capability_readiness_group_21.o
[474/911] CALLABLE_PART expanded_parts/__callable/type_capability_readiness_group_22.o
[475/911] CALLABLE_PART expanded_parts/__callable/type_capability_readiness_group_20.o
[476/911] CALLABLE_PART expanded_parts/__callable/type_capability_readiness_group_18.o
[477/911] CALLABLE_PART expanded_parts/__callable/type_capability_readiness_group_23.o
[478/911] CALLABLE_PART expanded_parts/__callable/type_traits_group_0.o
[479/911] CALLABLE_PART expanded_parts/__callable/type_traits_group_1.o
[480/911] CALLABLE_PART expanded_parts/__callable/type_traits_group_2.o
[481/911] CALLABLE_PART expanded_parts/__callable/type_capability_readiness_group_19.o
[482/911] CALLABLE_PART expanded_parts/__callable/type_traits_group_3.o
[483/911] CALLABLE_PART expanded_parts/__callable/type_traits_group_4.o
[484/911] CALLABLE_PART expanded_parts/__callable/type_traits_group_5.o
[485/911] CALLABLE_PART expanded_parts/__callable/control_flow_dataflows_group_0.o
[486/911] CALLABLE_PART expanded_parts/__callable/type_traits_group_6.o
[487/911] CALLABLE_PART expanded_parts/__callable/control_flow_graphs_group_0.o
[488/911] CALLABLE_PART expanded_parts/__callable/control_flow_dataflows_group_1.o
[489/911] CALLABLE_PART expanded_parts/__callable/control_flow_dataflows_group_2.o
[490/911] CALLABLE_PART expanded_parts/__callable/control_flow_dataflows_group_3.o
[491/911] CALLABLE_PART expanded_parts/__callable/control_flow_graphs_group_1.o
[492/911] CALLABLE_PART expanded_parts/__callable/control_flow_graphs_group_3.o
[493/911] CALLABLE_PART expanded_parts/__callable/control_flow_graphs_group_2.o
[494/911] CALLABLE_PART expanded_parts/__callable/control_flow_dataflows_group_4.o
[495/911] CALLABLE_PART expanded_parts/__callable/control_flow_transfers_group_0.o
[496/911] CALLABLE_PART expanded_parts/__callable/frontend_model_builder_group_0.o
[497/911] CALLABLE_PART expanded_parts/__callable/control_flow_transfers_group_1.o
[498/911] CALLABLE_PART expanded_parts/__callable/frontend_model_builder_group_1.o
[499/911] CALLABLE_PART expanded_parts/__callable/frontend_model_builder_group_3.o
[500/911] CALLABLE_PART expanded_parts/__callable/frontend_model_builder_group_2.o
[501/911] CALLABLE_PART expanded_parts/__callable/frontend_model_builder_group_4.o
[502/911] CALLABLE_PART expanded_parts/__callable/frontend_model_builder_group_5.o
[503/911] CALLABLE_PART expanded_parts/__callable/frontend_model_builder_group_6.o
[504/911] CALLABLE_PART expanded_parts/__callable/frontend_model_builder_group_7.o
[505/911] CALLABLE_PART expanded_parts/__callable/frontend_model_builder_group_9.o
[506/911] CALLABLE_PART expanded_parts/__callable/frontend_model_builder_group_8.o
[507/911] CALLABLE_PART expanded_parts/__callable/frontend_model_builder_group_10.o
[508/911] CALLABLE_PART expanded_parts/__callable/frontend_model_builder_group_12.o
[509/911] CALLABLE_PART expanded_parts/__callable/frontend_model_builder_group_11.o
[510/911] CALLABLE_PART expanded_parts/__callable/frontend_model_builder_group_13.o
[511/911] CALLABLE_PART expanded_parts/__callable/frontend_model_builder_group_14.o
[512/911] CALLABLE_PART expanded_parts/__callable/frontend_model_builder_group_15.o
[513/911] CALLABLE_PART expanded_parts/__callable/frontend_model_builder_group_16.o
[514/911] CALLABLE_PART expanded_parts/__callable/frontend_model_builder_group_17.o
[515/911] CALLABLE_PART expanded_parts/__callable/parser_cursor_group_0.o
[516/911] CALLABLE_PART expanded_parts/__callable/frontend_model_builder_group_18.o
[517/911] CALLABLE_PART expanded_parts/__callable/parser_diagnostics_group_0.o
[518/911] CALLABLE_PART expanded_parts/__callable/frontend_model_builder_group_19.o
[519/911] CALLABLE_PART expanded_parts/__callable/parser_diagnostics_group_1.o
[520/911] CALLABLE_PART expanded_parts/__callable/parser_state_group_1.o
[521/911] CALLABLE_PART expanded_parts/__callable/phs_tokenizer_group_0.o
[522/911] CALLABLE_PART expanded_parts/__callable/parser_state_group_0.o
[523/911] CALLABLE_PART expanded_parts/__callable/phs_tokenizer_group_2.o
[524/911] CALLABLE_PART expanded_parts/__callable/token_kinds_group_0.o
[525/911] CALLABLE_PART expanded_parts/__callable/phs_tokenizer_group_1.o
[526/911] CALLABLE_PART expanded_parts/__callable/mt_stage_evaluation_group_1.o
[527/911] CALLABLE_PART expanded_parts/__callable/mt_stage_evaluation_group_0.o
[528/911] CALLABLE_PART expanded_parts/__callable/deterministic_work_ordering_group_0.o
[529/911] CALLABLE_PART expanded_parts/__callable/deterministic_work_ordering_group_1.o
[530/911] CALLABLE_PART expanded_parts/__callable/mt_stage_evaluation_group_2.o
[531/911] CALLABLE_PART expanded_parts/__callable/mt_stage_evaluation_group_3.o
[532/911] CALLABLE_PART expanded_parts/__callable/mt_stage_evaluation_group_4.o
[533/911] CALLABLE_PART expanded_parts/__callable/partition_merge_reductions_group_0.o
[534/911] CALLABLE_PART expanded_parts/__callable/partition_merge_reductions_group_1.o
[535/911] CALLABLE_PART expanded_parts/__callable/partition_merge_reductions_group_3.o
[536/911] CALLABLE_PART expanded_parts/__callable/partition_readiness_group_0.o
[537/911] CALLABLE_PART expanded_parts/__callable/partition_readiness_group_2.o
[538/911] CALLABLE_PART expanded_parts/__callable/partition_readiness_group_1.o
[539/911] CALLABLE_PART expanded_parts/__callable/partition_merge_reductions_group_2.o
[540/911] CALLABLE_PART expanded_parts/__callable/partition_readiness_group_5.o
[541/911] CALLABLE_PART expanded_parts/__callable/partition_readiness_group_3.o
[542/911] CALLABLE_PART expanded_parts/__callable/partition_readiness_group_4.o
[543/911] CALLABLE_PART expanded_parts/__callable/resident_body_dependencies_group_0.o
[544/911] CALLABLE_PART expanded_parts/__callable/resident_change_events_group_0.o
[545/911] CALLABLE_PART expanded_parts/__callable/resident_change_events_group_1.o
[546/911] CALLABLE_PART expanded_parts/__callable/resident_daemon_file_ipc_group_1.o
[547/911] CALLABLE_PART expanded_parts/__callable/resident_daemon_file_ipc_group_0.o
[548/911] CALLABLE_PART expanded_parts/__callable/resident_change_events_group_2.o
[549/911] CALLABLE_PART expanded_parts/__callable/resident_daemon_file_ipc_group_3.o
[550/911] CALLABLE_PART expanded_parts/__callable/resident_daemon_file_ipc_group_4.o
[551/911] CALLABLE_PART expanded_parts/__callable/resident_daemon_file_ipc_group_2.o
[552/911] CALLABLE_PART expanded_parts/__callable/resident_daemon_file_ipc_group_5.o
[553/911] CALLABLE_PART expanded_parts/__callable/resident_daemon_file_ipc_group_6.o
[554/911] CALLABLE_PART expanded_parts/__callable/resident_daemon_file_ipc_group_7.o
[555/911] CALLABLE_PART expanded_parts/__callable/resident_daemon_file_ipc_group_8.o
[556/911] CALLABLE_PART expanded_parts/__callable/resident_daemon_file_ipc_group_9.o
[557/911] CALLABLE_PART expanded_parts/__callable/resident_daemon_file_ipc_group_10.o
[558/911] CALLABLE_PART expanded_parts/__callable/resident_daemon_file_ipc_group_11.o
[559/911] CALLABLE_PART expanded_parts/__callable/resident_definition_granularity_group_0.o
[560/911] CALLABLE_PART expanded_parts/__callable/resident_daemon_incremental_proof_group_0.o
[561/911] CALLABLE_PART expanded_parts/__callable/resident_definition_granularity_group_1.o
[562/911] CALLABLE_PART expanded_parts/__callable/resident_definition_granularity_group_2.o
[563/911] CALLABLE_PART expanded_parts/__callable/resident_definition_granularity_group_4.o
[564/911] CALLABLE_PART expanded_parts/__callable/resident_definition_granularity_group_5.o
[565/911] CALLABLE_PART expanded_parts/__callable/resident_definition_granularity_group_6.o
[566/911] CALLABLE_PART expanded_parts/__callable/resident_definition_granularity_group_3.o
[567/911] CALLABLE_PART expanded_parts/__callable/resident_dirty_propagation_group_0.o
[568/911] CALLABLE_PART expanded_parts/__callable/resident_dirty_propagation_group_1.o
[569/911] CALLABLE_PART expanded_parts/__callable/resident_dependency_edges_group_0.o
[570/911] CALLABLE_PART expanded_parts/__callable/resident_dirty_propagation_group_2.o
[571/911] CALLABLE_PART expanded_parts/__callable/resident_dirty_propagation_group_3.o
[572/911] CALLABLE_PART expanded_parts/__callable/resident_dirty_propagation_group_4.o
[573/911] CALLABLE_PART expanded_parts/__callable/resident_dirty_propagation_group_5.o
[574/911] CALLABLE_PART expanded_parts/__callable/resident_dirty_propagation_group_6.o
[575/911] CALLABLE_PART expanded_parts/__callable/resident_frontend_node_lists_group_0.o
[576/911] CALLABLE_PART expanded_parts/__callable/resident_function_body_incremental_acceptance_group_0.o
[577/911] CALLABLE_PART expanded_parts/__callable/resident_frontend_node_lists_group_1.o
[578/911] CALLABLE_PART expanded_parts/__callable/resident_function_body_incremental_acceptance_group_1.o
[579/911] CALLABLE_PART expanded_parts/__callable/resident_function_body_incremental_acceptance_group_2.o
[580/911] CALLABLE_PART expanded_parts/__callable/resident_function_body_incremental_acceptance_group_3.o
[581/911] CALLABLE_PART expanded_parts/__callable/resident_function_body_local_parse_proofs_group_0.o
[582/911] CALLABLE_PART expanded_parts/__callable/resident_function_body_logical_frontend_consumer_descriptors_group_0.o
[583/911] CALLABLE_PART expanded_parts/__callable/resident_function_body_local_parse_proofs_group_1.o
[584/911] CALLABLE_PART expanded_parts/__callable/resident_function_body_logical_frontend_consumer_descriptors_group_1.o
[585/911] CALLABLE_PART expanded_parts/__callable/resident_function_body_logical_frontend_consumer_descriptors_group_2.o
[586/911] CALLABLE_PART expanded_parts/__callable/resident_function_body_logical_frontend_consumer_descriptors_group_3.o
[587/911] CALLABLE_PART expanded_parts/__callable/resident_function_body_logical_frontend_reference_candidates_group_0.o
[588/911] CALLABLE_PART expanded_parts/__callable/resident_function_body_logical_frontend_reference_candidates_group_1.o
[589/911] CALLABLE_PART expanded_parts/__callable/resident_function_body_logical_frontend_views_group_0.o
[590/911] CALLABLE_PART expanded_parts/__callable/resident_function_body_mixed_frontend_assembly_proofs_group_0.o
[591/911] CALLABLE_PART expanded_parts/__callable/resident_function_body_logical_frontend_views_group_1.o
[592/911] CALLABLE_PART expanded_parts/__callable/resident_function_body_mixed_frontend_assembly_proofs_group_1.o
[593/911] CALLABLE_PART expanded_parts/__callable/resident_function_body_mixed_frontend_assembly_proofs_group_2.o
[594/911] CALLABLE_PART expanded_parts/__callable/resident_function_body_ownership_group_1.o
[595/911] CALLABLE_PART expanded_parts/__callable/resident_function_body_ownership_group_0.o
[596/911] CALLABLE_PART expanded_parts/__callable/resident_function_body_ownership_group_4.o
[597/911] CALLABLE_PART expanded_parts/__callable/resident_function_body_ownership_group_2.o
[598/911] CALLABLE_PART expanded_parts/__callable/resident_function_body_ownership_group_3.o
[599/911] CALLABLE_PART expanded_parts/__callable/resident_function_body_publish_repoint_preflights_group_0.o
[600/911] CALLABLE_PART expanded_parts/__callable/resident_function_body_parse_slices_group_0.o
[601/911] CALLABLE_PART expanded_parts/__callable/resident_function_body_parse_slices_group_1.o
[602/911] CALLABLE_PART expanded_parts/__callable/resident_function_body_publish_repoint_preflights_group_1.o
[603/911] CALLABLE_PART expanded_parts/__callable/resident_function_body_row_list_publish_plans_group_0.o
[604/911] CALLABLE_PART expanded_parts/__callable/resident_function_body_row_list_publish_plans_group_2.o
[605/911] CALLABLE_PART expanded_parts/__callable/resident_function_body_row_list_publish_plans_group_1.o
[606/911] CALLABLE_PART expanded_parts/__callable/resident_function_body_row_list_publish_results_group_0.o
[607/911] CALLABLE_PART expanded_parts/__callable/resident_function_body_row_list_publish_results_group_2.o
[608/911] CALLABLE_PART expanded_parts/__callable/resident_function_body_row_list_publish_results_group_1.o
[609/911] CALLABLE_PART expanded_parts/__callable/resident_function_body_source_unit_repoint_proofs_group_0.o
[610/911] CALLABLE_PART expanded_parts/__callable/resident_function_body_summary_project_references_group_0.o
[611/911] CALLABLE_PART expanded_parts/__callable/resident_function_body_source_unit_repoint_proofs_group_1.o
[612/911] CALLABLE_PART expanded_parts/__callable/resident_function_body_stable_node_remap_proofs_group_0.o
[613/911] CALLABLE_PART expanded_parts/__callable/resident_function_body_stable_node_remap_proofs_group_1.o
[614/911] CALLABLE_PART expanded_parts/__callable/resident_function_body_work_decisions_group_0.o
[615/911] CALLABLE_PART expanded_parts/__callable/resident_function_body_summary_project_references_group_1.o
[616/911] CALLABLE_PART expanded_parts/__callable/resident_function_body_work_decisions_group_2.o
[617/911] CALLABLE_PART expanded_parts/__callable/resident_function_body_work_decisions_group_1.o
[618/911] CALLABLE_PART expanded_parts/__callable/resident_function_body_work_decisions_group_3.o
[619/911] CALLABLE_PART expanded_parts/__callable/resident_public_surface_incremental_acceptance_group_0.o
[620/911] CALLABLE_PART expanded_parts/__callable/resident_public_surface_incremental_acceptance_group_3.o
[621/911] CALLABLE_PART expanded_parts/__callable/resident_project_symbol_name_lookups_group_1.o
[622/911] CALLABLE_PART expanded_parts/__callable/resident_recompute_targets_group_0.o
[623/911] CALLABLE_PART expanded_parts/__callable/resident_project_symbol_name_lookups_group_0.o
[624/911] CALLABLE_PART expanded_parts/__callable/resident_public_surface_incremental_acceptance_group_2.o
[625/911] CALLABLE_PART expanded_parts/__callable/resident_public_surface_incremental_acceptance_group_1.o
[626/911] CALLABLE_PART expanded_parts/__callable/resident_recompute_targets_group_1.o
[627/911] CALLABLE_PART expanded_parts/__callable/resident_reverse_dependencies_group_1.o
[628/911] CALLABLE_PART expanded_parts/__callable/resident_recompute_targets_group_2.o
[629/911] CALLABLE_PART expanded_parts/__callable/resident_reverse_dependencies_group_0.o
[630/911] CALLABLE_PART expanded_parts/__callable/resident_source_unit_frontend_payload_tables_group_0.o
[631/911] CALLABLE_PART expanded_parts/__callable/resident_reverse_dependency_indexes_group_1.o
[632/911] CALLABLE_PART expanded_parts/__callable/resident_source_unit_frontend_payload_tables_group_1.o
[633/911] CALLABLE_PART expanded_parts/__callable/resident_reverse_dependency_indexes_group_0.o
[634/911] CALLABLE_PART expanded_parts/__callable/resident_source_unit_frontend_payload_tables_group_2.o
[635/911] CALLABLE_PART expanded_parts/__callable/resident_source_unit_frontend_payload_tables_group_3.o
[636/911] CALLABLE_PART expanded_parts/__callable/resident_source_unit_frontend_payload_tables_group_4.o
[637/911] CALLABLE_PART expanded_parts/__callable/resident_source_unit_frontend_payload_tables_group_5.o
[638/911] CALLABLE_PART expanded_parts/__callable/resident_source_unit_frontend_payload_tables_group_7.o
[639/911] CALLABLE_PART expanded_parts/__callable/resident_source_unit_frontend_payload_tables_group_6.o
[640/911] CALLABLE_PART expanded_parts/__callable/resident_source_unit_frontend_payload_tables_group_9.o
[641/911] CALLABLE_PART expanded_parts/__callable/resident_source_unit_frontend_payload_tables_group_8.o
[642/911] CALLABLE_PART expanded_parts/__callable/resident_source_unit_frontend_payload_tables_group_11.o
[643/911] CALLABLE_PART expanded_parts/__callable/resident_source_unit_frontend_payload_tables_group_10.o
[644/911] CALLABLE_PART expanded_parts/__callable/resident_source_unit_frontend_payload_tables_group_12.o
[645/911] CALLABLE_PART expanded_parts/__callable/resident_source_unit_frontend_payload_tables_group_14.o
[646/911] CALLABLE_PART expanded_parts/__callable/resident_source_unit_frontend_payload_tables_group_13.o
[647/911] CALLABLE_PART expanded_parts/__callable/resident_source_unit_frontend_payload_tables_group_15.o
[648/911] CALLABLE_PART expanded_parts/__callable/resident_source_unit_frontend_payload_tables_group_16.o
[649/911] CALLABLE_PART expanded_parts/__callable/resident_source_unit_frontend_payload_tables_group_17.o
[650/911] CALLABLE_PART expanded_parts/__callable/resident_source_unit_frontend_payload_tables_group_18.o
[651/911] CALLABLE_PART expanded_parts/__callable/resident_source_unit_frontend_payload_tables_group_20.o
[652/911] CALLABLE_PART expanded_parts/__callable/resident_source_unit_frontend_payload_tables_group_19.o
[653/911] CALLABLE_PART expanded_parts/__callable/resident_source_unit_frontend_payload_tables_group_21.o
[654/911] CALLABLE_PART expanded_parts/__callable/resident_source_unit_frontend_payload_tables_group_22.o
[655/911] CALLABLE_PART expanded_parts/__callable/resident_source_unit_frontend_payload_tables_group_24.o
[656/911] CALLABLE_PART expanded_parts/__callable/resident_source_unit_frontend_payload_tables_group_23.o
[657/911] CALLABLE_PART expanded_parts/__callable/resident_source_unit_frontend_payload_tables_group_25.o
[658/911] CALLABLE_PART expanded_parts/__callable/resident_source_unit_frontend_payload_tables_group_26.o
[659/911] CALLABLE_PART expanded_parts/__callable/resident_source_unit_frontend_payload_tables_group_27.o
[660/911] CALLABLE_PART expanded_parts/__callable/resident_source_unit_frontend_payload_tables_group_28.o
[661/911] CALLABLE_PART expanded_parts/__callable/resident_source_unit_frontend_payload_tables_group_29.o
[662/911] CALLABLE_PART expanded_parts/__callable/resident_source_unit_frontend_payload_tables_group_31.o
[663/911] CALLABLE_PART expanded_parts/__callable/resident_source_unit_frontend_states_group_0.o
[664/911] CALLABLE_PART expanded_parts/__callable/resident_source_unit_frontend_states_group_1.o
[665/911] CALLABLE_PART expanded_parts/__callable/resident_source_unit_frontend_payload_tables_group_30.o
[666/911] CALLABLE_PART expanded_parts/__callable/resident_source_unit_frontend_states_group_3.o
[667/911] CALLABLE_PART expanded_parts/__callable/resident_source_unit_symbol_states_group_1.o
[668/911] CALLABLE_PART expanded_parts/__callable/resident_source_unit_frontend_states_group_2.o
[669/911] CALLABLE_PART expanded_parts/__callable/resident_source_unit_symbol_states_group_0.o
[670/911] CALLABLE_PART expanded_parts/__callable/resident_source_unit_symbol_states_group_4.o
[671/911] CALLABLE_PART expanded_parts/__callable/resident_source_unit_symbol_states_group_2.o
[672/911] CALLABLE_PART expanded_parts/__callable/resident_token_lists_group_0.o
[673/911] CALLABLE_PART expanded_parts/__callable/resident_source_unit_symbol_states_group_3.o
[674/911] CALLABLE_PART expanded_parts/__callable/resident_token_lists_group_1.o
[675/911] CALLABLE_PART expanded_parts/__callable/resident_transactions_group_0.o
[676/911] CALLABLE_PART expanded_parts/__callable/resident_transactions_group_1.o
[677/911] CALLABLE_PART expanded_parts/__callable/resident_transactions_group_2.o
[678/911] CALLABLE_PART expanded_parts/__callable/scheduler_api_group_0.o
[679/911] CALLABLE_PART expanded_parts/__callable/scheduler_api_group_1.o
[680/911] CALLABLE_PART expanded_parts/__callable/scheduler_api_group_3.o
[681/911] CALLABLE_PART expanded_parts/__callable/scheduler_api_group_2.o
[682/911] CALLABLE_PART expanded_parts/__callable/source_unit_early_skip_group_0.o
[683/911] CALLABLE_PART expanded_parts/__callable/scheduler_api_group_4.o
[684/911] CALLABLE_PART expanded_parts/__callable/source_unit_early_skip_group_1.o
[685/911] CALLABLE_PART expanded_parts/__callable/source_unit_early_skip_group_2.o
[686/911] CALLABLE_PART expanded_parts/__callable/source_unit_early_skip_group_3.o
[687/911] CALLABLE_PART expanded_parts/__callable/source_unit_frontend_scheduler_group_0.o
[688/911] CALLABLE_PART expanded_parts/__callable/source_unit_frontend_scheduler_group_1.o
[689/911] CALLABLE_PART expanded_parts/__callable/source_unit_frontend_scheduler_group_2.o
[690/911] CALLABLE_PART expanded_parts/__callable/source_unit_frontend_scheduler_group_3.o
[691/911] CALLABLE_PART expanded_parts/__callable/source_unit_frontend_work_decisions_group_0.o
[692/911] CALLABLE_PART expanded_parts/__callable/callable_contract_identity_group_0.o
[693/911] CALLABLE_PART expanded_parts/__callable/source_unit_frontend_work_decisions_group_2.o
[694/911] CALLABLE_PART expanded_parts/__callable/dependency_graph_identity_group_0.o
[695/911] CALLABLE_PART expanded_parts/__callable/source_unit_frontend_work_decisions_group_1.o
[696/911] CALLABLE_PART expanded_parts/__callable/frontend_body_summaries_group_0.o
[697/911] CALLABLE_PART expanded_parts/__callable/frontend_body_summaries_group_1.o
[698/911] CALLABLE_PART expanded_parts/__callable/frontend_body_summaries_group_3.o
[699/911] CALLABLE_PART expanded_parts/__callable/frontend_body_summaries_group_2.o
[700/911] CALLABLE_PART expanded_parts/__callable/project_callable_contracts_group_0.o
[701/911] CALLABLE_PART expanded_parts/__callable/frontend_body_summaries_group_4.o
[702/911] CALLABLE_PART expanded_parts/__callable/project_callable_contracts_group_1.o
[703/911] CALLABLE_PART expanded_parts/__callable/project_callable_contracts_group_3.o
[704/911] CALLABLE_PART expanded_parts/__callable/project_dependency_graph_group_1.o
[705/911] CALLABLE_PART expanded_parts/__callable/project_dependency_graph_group_0.o
[706/911] CALLABLE_PART expanded_parts/__callable/project_callable_contracts_group_2.o
[707/911] CALLABLE_PART expanded_parts/__callable/project_dependency_graph_group_2.o
[708/911] CALLABLE_PART expanded_parts/__callable/project_dependency_graph_group_3.o
[709/911] CALLABLE_PART expanded_parts/__callable/project_dependency_graph_group_5.o
[710/911] CALLABLE_PART expanded_parts/__callable/project_reference_resolution_group_0.o
[711/911] CALLABLE_PART expanded_parts/__callable/project_dependency_graph_group_4.o
[712/911] CALLABLE_PART expanded_parts/__callable/project_reference_resolution_group_1.o
[713/911] CALLABLE_PART expanded_parts/__callable/project_reference_resolution_group_2.o
[714/911] CALLABLE_PART expanded_parts/__callable/project_reference_resolution_group_5.o
[715/911] CALLABLE_PART expanded_parts/__callable/project_reference_resolution_group_3.o
[716/911] CALLABLE_PART expanded_parts/__callable/project_reference_resolution_group_6.o
[717/911] CALLABLE_PART expanded_parts/__callable/project_reference_resolution_group_4.o
[718/911] CALLABLE_PART expanded_parts/__callable/project_reference_resolution_group_9.o
[719/911] CALLABLE_PART expanded_parts/__callable/project_reference_resolution_group_7.o
[720/911] CALLABLE_PART expanded_parts/__callable/project_reference_resolution_group_8.o
[721/911] CALLABLE_PART expanded_parts/__callable/project_symbol_identity_group_0.o
[722/911] CALLABLE_PART expanded_parts/__callable/project_symbol_index_group_0.o
[723/911] CALLABLE_PART expanded_parts/__callable/project_symbol_index_group_1.o
[724/911] CALLABLE_PART expanded_parts/__callable/project_symbol_index_group_2.o
[725/911] CALLABLE_PART expanded_parts/__callable/project_symbol_index_group_5.o
[726/911] CALLABLE_PART expanded_parts/__callable/project_symbol_index_group_3.o
[727/911] CALLABLE_PART expanded_parts/__callable/project_symbol_index_group_4.o
[728/911] CALLABLE_PART expanded_parts/__callable/project_symbol_index_group_6.o
[729/911] CALLABLE_PART expanded_parts/__callable/reference_identity_group_0.o
[730/911] CALLABLE_PART expanded_parts/__callable/project_symbol_index_group_7.o
[731/911] CALLABLE_PART expanded_parts/__callable/project_symbol_index_group_8.o
[732/911] CALLABLE_PART expanded_parts/__callable/source_buffers_group_0.o
[733/911] CALLABLE_PART expanded_parts/__callable/source_identity_group_0.o
[734/911] CALLABLE_PART expanded_parts/__callable/source_identity_group_1.o
[735/911] CALLABLE_PART expanded_parts/__callable/source_units_group_1.o
[736/911] CALLABLE_PART expanded_parts/__callable/source_units_group_0.o
[737/911] CALLABLE_PART expanded_parts/__callable/source_units_group_2.o
[738/911] CALLABLE_PART expanded_parts/__callable/source_units_group_3.o
[739/911] CALLABLE_PART expanded_parts/__callable/source_units_group_8.o
[740/911] CALLABLE_PART expanded_parts/__callable/source_units_group_5.o
[741/911] CALLABLE_PART expanded_parts/__callable/source_units_group_4.o
[742/911] CALLABLE_PART expanded_parts/__callable/type_ref_identity_group_0.o
[743/911] CALLABLE_PART expanded_parts/__callable/source_units_group_7.o
[744/911] CALLABLE_PART expanded_parts/__callable/type_refs_group_0.o
[745/911] CALLABLE_PART expanded_parts/__callable/type_refs_group_1.o
[746/911] CALLABLE_PART expanded_parts/__callable/source_units_group_6.o
[747/911] CALLABLE_PART expanded_parts/__callable/type_refs_group_2.o
[748/911] CALLABLE_PART expanded_parts/__callable/type_refs_group_3.o
[749/911] CALLABLE_PART expanded_parts/__callable/type_refs_group_7.o
[750/911] CALLABLE_PART expanded_parts/__callable/type_refs_group_4.o
[751/911] CALLABLE_PART expanded_parts/__callable/operation_readiness_group_1.o
[752/911] CALLABLE_PART expanded_parts/__callable/operation_readiness_group_0.o
[753/911] CALLABLE_PART expanded_parts/__callable/type_refs_group_6.o
[754/911] CALLABLE_PART expanded_parts/__callable/operation_readiness_group_2.o
[755/911] CALLABLE_PART expanded_parts/__callable/operation_readiness_group_3.o
[756/911] CALLABLE_PART expanded_parts/__callable/type_refs_group_5.o
[757/911] CALLABLE_PART expanded_parts/__callable/type_refs_group_8.o
[758/911] CALLABLE_PART expanded_parts/__callable/operation_readiness_group_4.o
[759/911] CALLABLE_PART expanded_parts/__callable/operation_readiness_group_5.o
[760/911] CALLABLE_PART expanded_parts/__callable/operation_readiness_group_7.o
[761/911] CALLABLE_PART expanded_parts/__callable/operation_readiness_group_6.o
[762/911] CALLABLE_PART expanded_parts/__callable/operation_readiness_group_8.o
[763/911] CALLABLE_PART expanded_parts/__callable/compiler_pipeline_runner_group_0.o
[764/911] CALLABLE_PART expanded_parts/__callable/operation_readiness_group_9.o
[765/911] CALLABLE_PART expanded_parts/__callable/pipeline_config_helpers_group_1.o
[766/911] CALLABLE_PART expanded_parts/__callable/compiler_project_runner_group_0.o
[767/911] CALLABLE_PART expanded_parts/__callable/compiler_project_runner_group_2.o
[768/911] CALLABLE_PART expanded_parts/__callable/pipeline_config_helpers_group_0.o
[769/911] CALLABLE_PART expanded_parts/__callable/project_manifest_group_0.o
[770/911] CALLABLE_PART expanded_parts/__callable/compiler_project_runner_group_1.o
[771/911] CALLABLE_PART expanded_parts/__callable/project_manifest_group_1.o
[772/911] CALLABLE_PART expanded_parts/__callable/artifact_writes_group_0.o
[773/911] CALLABLE_PART expanded_parts/__callable/semantic_body_capability_consumers_group_0.o
[774/911] CALLABLE_PART expanded_parts/__callable/compiler_profile_events_group_0.o
[775/911] CALLABLE_PART expanded_parts/__callable/compiler_execution_artifacts_group_0.o
[776/911] CALLABLE_PART expanded_parts/__callable/compiler_profile_events_group_1.o
[777/911] CALLABLE_PART expanded_parts/__callable/artifact_writes_group_1.o
[778/911] CALLABLE_PART expanded_parts/__callable/artifact_writes_group_2.o
[779/911] CALLABLE_PART expanded_parts/__callable/compiler_profile_events_group_2.o
[780/911] CALLABLE_PART expanded_parts/__callable/compiler_export_artifacts_group_0.o
[781/911] CALLABLE_PART expanded_parts/__callable/compiler_project_run_row_artifacts_group_0.o
[782/911] CALLABLE_PART expanded_parts/__callable/debug_profile_gate_results_group_0.o
[783/911] CALLABLE_PART expanded_parts/__callable/debug_profile_gate_results_group_1.o
[784/911] CALLABLE_PART expanded_parts/__callable/output_paths_group_0.o
[785/911] CALLABLE_PART expanded_parts/__callable/mt_publication_metrics_group_0.o
[786/911] CALLABLE_PART expanded_parts/__callable/performance_memory_estimates_group_3.o
[787/911] CALLABLE_PART expanded_parts/__callable/performance_memory_estimates_group_2.o
[788/911] CALLABLE_PART expanded_parts/__callable/performance_memory_estimates_group_0.o
[789/911] CALLABLE_PART expanded_parts/__callable/performance_memory_estimates_group_1.o
[790/911] CALLABLE_PART expanded_parts/__callable/proof_metrics_group_1.o
[791/911] CALLABLE_PART expanded_parts/__callable/proof_metrics_group_0.o
[792/911] CALLABLE_PART expanded_parts/__callable/production_mt_heartbeat_group_0.o
[793/911] CALLABLE_PART expanded_parts/__callable/proof_metrics_group_2.o
[794/911] CALLABLE_PART expanded_parts/__callable/proof_metrics_group_3.o
[795/911] CALLABLE_PART expanded_parts/__callable/production_mt_heartbeat_group_1.o
[796/911] CALLABLE_PART expanded_parts/__callable/proof_metrics_group_5.o
[797/911] CALLABLE_PART expanded_parts/__callable/proof_metrics_group_4.o
[798/911] CALLABLE_PART expanded_parts/__callable/proof_metrics_group_6.o
[799/911] CALLABLE_PART expanded_parts/__callable/proof_metrics_group_8.o
[800/911] CALLABLE_PART expanded_parts/__callable/proof_metrics_group_7.o
[801/911] CALLABLE_PART expanded_parts/__callable/proof_metrics_group_9.o
[802/911] CALLABLE_PART expanded_parts/__callable/proof_metrics_group_10.o
[803/911] CALLABLE_PART expanded_parts/__callable/proof_metrics_group_11.o
[804/911] CALLABLE_PART expanded_parts/__callable/proof_metrics_group_12.o
[805/911] CALLABLE_PART expanded_parts/__callable/proof_metrics_group_14.o
[806/911] CALLABLE_PART expanded_parts/__callable/proof_metrics_group_13.o
[807/911] CALLABLE_PART expanded_parts/__callable/proof_metrics_group_15.o
[808/911] CALLABLE_PART expanded_parts/__callable/proof_metrics_group_16.o
[809/911] CALLABLE_PART expanded_parts/__callable/proof_metrics_group_17.o
[810/911] CALLABLE_PART expanded_parts/__callable/proof_metrics_group_20.o
[811/911] CALLABLE_PART expanded_parts/__callable/proof_metrics_group_18.o
[812/911] CALLABLE_PART expanded_parts/__callable/proof_metrics_group_21.o
[813/911] CALLABLE_PART expanded_parts/__callable/proof_metrics_group_19.o
[814/911] CALLABLE_PART expanded_parts/__callable/proof_metrics_group_23.o
[815/911] CALLABLE_PART expanded_parts/__callable/proof_metrics_group_22.o
[816/911] CALLABLE_PART expanded_parts/__callable/proof_metrics_group_24.o
[817/911] CALLABLE_PART expanded_parts/__callable/proof_metrics_group_25.o
[818/911] CALLABLE_PART expanded_parts/__callable/proof_metrics_group_26.o
[819/911] CALLABLE_PART expanded_parts/__callable/proof_metrics_group_27.o
[820/911] CALLABLE_PART expanded_parts/__callable/proof_metrics_group_28.o
[821/911] CALLABLE_PART expanded_parts/__callable/proof_metrics_group_31.o
[822/911] CALLABLE_PART expanded_parts/__callable/proof_metrics_group_33.o
[823/911] CALLABLE_PART expanded_parts/__callable/proof_metrics_group_29.o
[824/911] CALLABLE_PART expanded_parts/__callable/proof_metrics_group_30.o
[825/911] CALLABLE_PART expanded_parts/__callable/proof_metrics_group_32.o
[826/911] CALLABLE_PART expanded_parts/__callable/proof_metrics_group_34.o
[827/911] CALLABLE_PART expanded_parts/__callable/proof_metrics_group_35.o
[828/911] CALLABLE_PART expanded_parts/__callable/proof_metrics_group_36.o
[829/911] CALLABLE_PART expanded_parts/__callable/proof_metrics_group_37.o
[830/911] CALLABLE_PART expanded_parts/__callable/proof_metrics_group_38.o
[831/911] CALLABLE_PART expanded_parts/__callable/proof_metrics_group_39.o
[832/911] CALLABLE_PART expanded_parts/__callable/proof_metrics_group_40.o
[833/911] CALLABLE_PART expanded_parts/__callable/proof_metrics_group_41.o
[834/911] CALLABLE_PART expanded_parts/__callable/proof_metrics_group_43.o
[835/911] CALLABLE_PART expanded_parts/__callable/proof_metrics_group_42.o
[836/911] CALLABLE_PART expanded_parts/__callable/proof_metrics_group_44.o
[837/911] CALLABLE_PART expanded_parts/__callable/proof_metrics_group_45.o
[838/911] CALLABLE_PART expanded_parts/__callable/proof_metrics_group_46.o
[839/911] CALLABLE_PART expanded_parts/__callable/resident_snapshots_group_0.o
[840/911] CALLABLE_PART expanded_parts/__callable/resident_snapshots_group_1.o
[841/911] CALLABLE_PART expanded_parts/__callable/source_files_group_0.o
[842/911] CALLABLE_PART expanded_parts/__callable/pure_tdd_stage_artifacts_group_1.o
[843/911] CALLABLE_PART expanded_parts/__callable/gate_result_debug_helpers_group_0.o
[844/911] CALLABLE_PART expanded_parts/__callable/pure_tdd_stage_artifacts_group_0.o
[845/911] CALLABLE_PART expanded_parts/__callable/semantic_lookup_manifest_generated_group_0.o
[846/911] CALLABLE_PART expanded_parts/__callable/semantic_callable_candidates_group_0.o
[847/911] CALLABLE_PART expanded_parts/__callable/semantic_conversion_lookup_group_0.o
[848/911] CALLABLE_PART expanded_parts/__callable/semantic_conversion_lookup_group_1.o
[849/911] CALLABLE_PART expanded_parts/__callable/semantic_callable_candidates_group_1.o
[850/911] CALLABLE_PART expanded_parts/__callable/semantic_conversion_lookup_group_2.o
[851/911] CALLABLE_PART expanded_parts/__callable/semantic_lookup_manifest_generated_group_1.o
[852/911] CALLABLE_PART expanded_parts/__callable/semantic_module_api_lookup_group_0.o
[853/911] CALLABLE_PART expanded_parts/__callable/semantic_module_api_lookup_group_1.o
[854/911] CALLABLE_PART expanded_parts/__callable/semantic_operator_lookup_group_0.o
[855/911] CALLABLE_PART expanded_parts/__callable/semantic_module_api_lookup_group_3.o
[856/911] CALLABLE_PART expanded_parts/__callable/semantic_operator_lookup_group_3.o
[857/911] CALLABLE_PART expanded_parts/__callable/semantic_module_api_lookup_group_2.o
[858/911] CALLABLE_PART expanded_parts/__callable/semantic_operator_lookup_group_1.o
[859/911] CALLABLE_PART expanded_parts/__callable/semantic_operator_lookup_group_2.o
[860/911] CALLABLE_PART expanded_parts/__callable/semantic_operator_lookup_group_4.o
[861/911] CALLABLE_PART expanded_parts/__callable/semantic_runtime_abi_bridge_group_0.o
[862/911] CALLABLE_PART expanded_parts/__callable/semantic_operator_lookup_group_5.o
[863/911] CALLABLE_PART expanded_parts/__callable/semantic_runtime_abi_bridge_group_1.o
[864/911] CALLABLE_PART expanded_parts/__callable/semantic_runtime_abi_bridge_group_2.o
[865/911] CALLABLE_PART expanded_parts/__callable/semantic_runtime_abi_bridge_group_5.o
[866/911] CALLABLE_PART expanded_parts/__callable/semantic_runtime_abi_bridge_group_4.o
[867/911] CALLABLE_PART expanded_parts/__callable/semantic_runtime_abi_bridge_group_3.o
[868/911] CALLABLE_PART expanded_parts/__callable/semantic_runtime_abi_declarations_group_1.o
[869/911] CALLABLE_PART expanded_parts/__callable/semantic_runtime_abi_declarations_group_0.o
[870/911] CALLABLE_PART expanded_parts/__callable/semantic_runtime_abi_declarations_group_2.o
[871/911] CALLABLE_PART expanded_parts/__callable/semantic_type_ref_providers_group_1.o
[872/911] CALLABLE_PART expanded_parts/__callable/semantic_type_ref_providers_group_0.o
[873/911] CALLABLE_PART expanded_parts/__callable/gate_result_inspection_helpers_group_0.o
[874/911] CALLABLE_PART expanded_parts/__callable/semantic_type_ref_providers_group_2.o
[875/911] CALLABLE_PART expanded_parts/__callable/gate_profile_helpers_group_0.o
[876/911] CALLABLE_PART expanded_parts/__callable/semantic_type_ref_providers_group_3.o
[877/911] CALLABLE_PART expanded_parts/__callable/backend_request_row_lists_group_1.o
[878/911] CALLABLE_PART expanded_parts/__callable/frontend_model_tables_group_0.o
[879/911] CALLABLE_PART expanded_parts/__callable/backend_request_row_lists_group_0.o
[880/911] CALLABLE_PART expanded_parts/__callable/frontend_model_tables_group_1.o
[881/911] CALLABLE_PART expanded_parts/__callable/frontend_model_tables_group_2.o
[882/911] CALLABLE_PART expanded_parts/__callable/frontend_model_tables_group_6.o
[883/911] CALLABLE_PART expanded_parts/__callable/frontend_model_tables_group_3.o
[884/911] CALLABLE_PART expanded_parts/__callable/frontend_model_tables_group_4.o
[885/911] CALLABLE_PART expanded_parts/__callable/frontend_model_tables_group_5.o
[886/911] CALLABLE_PART expanded_parts/__callable/frontend_node_lists_group_0.o
[887/911] CALLABLE_PART expanded_parts/__callable/frontend_model_tables_group_7.o
[888/911] CALLABLE_PART expanded_parts/__callable/frontend_model_tables_group_8.o
[889/911] CALLABLE_PART expanded_parts/__callable/frontend_node_lists_group_1.o
[890/911] CALLABLE_PART expanded_parts/__callable/structure_row_ids_group_1.o
[891/911] CALLABLE_PART expanded_parts/__callable/frontend_node_lists_group_3.o
[892/911] CALLABLE_PART expanded_parts/__callable/frontend_node_lists_group_2.o
[893/911] CALLABLE_PART expanded_parts/__callable/row_segment_policy_group_0.o
[894/911] CALLABLE_PART expanded_parts/__callable/structure_row_ids_group_0.o
[895/911] CALLABLE_PART expanded_parts/__callable/row_segment_policy_group_1.o
[896/911] CALLABLE_PART expanded_parts/__callable/token_row_lists_group_1.o
[897/911] CALLABLE_PART expanded_parts/__callable/token_row_lists_group_0.o
[898/911] CALLABLE_PART expanded_parts/__callable/token_row_lists_group_2.o
[899/911] CALLABLE_PART expanded_parts/__callable/token_tables_group_1.o
[900/911] CALLABLE_PART expanded_parts/__callable/token_tables_group_0.o
[901/911] CALLABLE_PART expanded_parts/__callable/token_tables_group_2.o
[902/911] CALLABLE_PART expanded_parts/compile/backend/llvm_text_from_plan/part_0.o
[903/911] CALLABLE_PART expanded_parts/__callable/token_tables_group_3.o
[904/911] CALLABLE_PART expanded_parts/compile/model/source_units/part_0.o
[905/911] CALLABLE_PART expanded_parts/compile/backend/lowering_plan/part_0.o
[906/911] CALLABLE_PART expanded_parts/compile/backend/backend_object_link_cache/part_0.o
[907/911] CALLABLE_PART expanded_parts/compile/incremental/resident_source_unit_frontend_payload_tables/part_0.o
[908/911] CALLABLE_PART expanded_parts/compile/capabilities/storage_lifetime_readiness/part_0.o
[909/911] CALLABLE_PART expanded_parts/compile/capabilities/type_capability_readiness/part_0.o
[910/911] CALLABLE_PART expanded_parts/compile/model/project_reference_resolution/part_0.o
[911/911] LINK main
