[1/43] CXX expanded_parts/compile/backend/backend_object_link_cache/locations.o
[2/43] CXX expanded_parts/compile/backend/lowering_plan/locations.o
[3/43] CALLABLE_PART expanded_parts/compile/capabilities/storage_lifetime_readiness/part_0.o
[4/43] CALLABLE_PART expanded_parts/compile/backend/lowering_plan/part_0.o
[5/43] CALLABLE_PART expanded_parts/compile/backend/backend_object_link_cache/part_0.o
[6/43] CALLABLE_PART expanded_parts/compile/backend/backend_object_link_cache/part_3.o
[7/43] CALLABLE_PART expanded_parts/compile/backend/backend_object_link_cache/part_1.o
[8/43] CALLABLE_PART expanded_parts/compile/backend/lowering_plan/part_2.o
[9/43] CALLABLE_PART expanded_parts/compile/backend/lowering_plan/part_1.o
[10/43] CALLABLE_PART expanded_parts/compile/backend/lowering_plan/part_3.o
[11/43] CALLABLE_PART expanded_parts/compile/backend/lowering_plan/part_4.o
[12/43] CALLABLE_PART expanded_parts/compile/backend/backend_object_link_cache/part_2.o
[13/43] CXX expanded_parts/compile/capabilities/storage_lifetime_readiness/locations.o
[14/43] CALLABLE_PART expanded_parts/compile/capabilities/storage_lifetime_readiness/part_2.o
[15/43] CALLABLE_PART expanded_parts/compile/capabilities/type_capability_readiness/part_0.o
[16/43] CALLABLE_PART expanded_parts/compile/capabilities/storage_lifetime_readiness/part_1.o
[17/43] CALLABLE_PART expanded_parts/compile/capabilities/type_capability_readiness/part_1.o
[18/43] CALLABLE_PART expanded_parts/compile/capabilities/type_capability_readiness/part_4.o
[19/43] CALLABLE_PART expanded_parts/compile/capabilities/storage_lifetime_readiness/part_3.o
[20/43] CALLABLE_PART expanded_parts/compile/capabilities/type_capability_readiness/part_2.o
[21/43] CALLABLE_PART expanded_parts/compile/capabilities/type_capability_readiness/part_3.o
[22/43] CALLABLE_PART expanded_parts/compile/capabilities/type_capability_readiness/part_6.o
[23/43] CALLABLE_PART expanded_parts/compile/capabilities/type_capability_readiness/part_5.o
[24/43] CALLABLE_PART expanded_parts/compile/capabilities/type_capability_readiness/part_7.o
[25/43] CALLABLE_PART expanded_parts/compile/capabilities/type_capability_readiness/part_8.o
[26/43] CXX expanded_parts/compile/capabilities/type_capability_readiness/locations.o
[27/43] CALLABLE_PART expanded_parts/compile/capabilities/type_capability_readiness/part_12.o
[28/43] CALLABLE_PART expanded_parts/compile/capabilities/type_capability_readiness/part_10.o
[29/43] CALLABLE_PART expanded_parts/compile/capabilities/type_capability_readiness/part_13.o
[30/43] CALLABLE_PART expanded_parts/compile/capabilities/type_capability_readiness/part_9.o
[31/43] CXX expanded_parts/compile/incremental/resident_source_unit_symbol_states/locations.o
[32/43] CALLABLE_PART expanded_parts/compile/incremental/resident_source_unit_symbol_states/part_0.o
[33/43] CALLABLE_PART expanded_parts/compile/capabilities/type_capability_readiness/part_11.o
[34/43] CALLABLE_PART expanded_parts/compile/incremental/resident_source_unit_symbol_states/part_2.o
[35/43] CALLABLE_PART expanded_parts/compile/model/project_reference_resolution/part_0.o
[36/43] CALLABLE_PART expanded_parts/compile/incremental/resident_source_unit_symbol_states/part_1.o
[37/43] CXX expanded_parts/compile/model/project_reference_resolution/locations.o
[38/43] CALLABLE_PART expanded_parts/compile/model/project_reference_resolution/part_1.o
[39/43] CALLABLE_PART expanded_parts/compile/model/project_reference_resolution/part_2.o
[40/43] CALLABLE_PART expanded_parts/compile/model/project_reference_resolution/part_3.o
[41/43] CALLABLE_PART expanded_parts/compile/model/project_reference_resolution/part_4.o
[42/43] CALLABLE_PART expanded_parts/compile/model/project_reference_resolution/part_5.o
[43/43] LINK main
