ninja explain: output layout_parts/compile/incremental/resident_source_unit_frontend_payload_tables/part_2.o older than most recent input /tmp/scpp-edit-latency-20260919/app/.prism/layout/generated/__partitions/compile/incremental/resident_source_unit_frontend_payload_tables/part_2.cpp (1789803705181642978 vs 1789803879509652693)
ninja explain: layout_parts/compile/incremental/resident_source_unit_frontend_payload_tables/part_2.o is dirty
ninja explain: output layout_parts/compile/incremental/resident_source_unit_frontend_payload_tables/part_19.o older than most recent input /tmp/scpp-edit-latency-20260919/app/.prism/layout/generated/__partitions/compile/incremental/resident_source_unit_frontend_payload_tables/part_19.cpp (1789803710969643279 vs 1789803879513652693)
ninja explain: layout_parts/compile/incremental/resident_source_unit_frontend_payload_tables/part_19.o is dirty
ninja explain: output layout_parts/compile/model/project_symbol_index/part_3.o older than most recent input /tmp/scpp-edit-latency-20260919/app/.prism/layout/generated/__partitions/compile/model/project_symbol_index/part_3.cpp (1789803701681642774 vs 1789803879493652692)
ninja explain: layout_parts/compile/model/project_symbol_index/part_3.o is dirty
ninja explain: output layout_parts/compile/model/source_units/part_3.o older than most recent input /tmp/scpp-edit-latency-20260919/app/.prism/layout/generated/__partitions/compile/model/source_units/part_3.cpp (1789803703017642866 vs 1789803879497652692)
ninja explain: layout_parts/compile/model/source_units/part_3.o is dirty
ninja explain: output layout_parts/compile/model/source_units/part_4.o older than most recent input /tmp/scpp-edit-latency-20260919/app/.prism/layout/generated/__partitions/compile/model/source_units/part_4.cpp (1789803700905642716 vs 1789803879501652692)
ninja explain: layout_parts/compile/model/source_units/part_4.o is dirty
ninja explain: output layout_parts/__callable/compiler_profile_events_elapsed_us_since.o older than most recent input ../layout/generated/__callable/__latency_fn_compiler_profile_events_elapsed_us_since.hpp (1789803692497641808 vs 1789803879169652674)
ninja explain: layout_parts/__callable/compiler_profile_events_elapsed_us_since.o is dirty
ninja explain: output layout_parts/__callable/compiler_profile_events_append_elapsed.o older than most recent input /tmp/scpp-edit-latency-20260919/app/.prism/layout/generated/__callable/compiler_profile_events_append_elapsed.cpp (1789803694289642218 vs 1789803879173652674)
ninja explain: layout_parts/__callable/compiler_profile_events_append_elapsed.o is dirty
ninja explain: output layout/__callable/compiler_profile_events_locations.o older than most recent input /tmp/scpp-edit-latency-20260919/app/.prism/layout/generated/__callable/compiler_profile_events_locations.cpp (1789803692397641786 vs 1789803879177652676)
ninja explain: layout/__callable/compiler_profile_events_locations.o is dirty
ninja explain: output layout_parts/compile/support/production_mt_heartbeat/part_0.o older than most recent input /tmp/scpp-edit-latency-20260919/app/.prism/layout/generated/__partitions/compile/support/production_mt_heartbeat/part_0.cpp (1789803710877643275 vs 1789803879501652692)
ninja explain: layout_parts/compile/support/production_mt_heartbeat/part_0.o is dirty
ninja explain: output layout_parts/main.o older than most recent input ../layout/generated/main.cpp (1789803868605652113 vs 1789803879009652666)
ninja explain: layout_parts/main.o is dirty
ninja explain: output layout_parts/profile/gate_profile_helpers/part_0.o older than most recent input /tmp/scpp-edit-latency-20260919/app/.prism/layout/generated/__partitions/profile/gate_profile_helpers/part_0.cpp (1789803868049652083 vs 1789803879521652693)
ninja explain: layout_parts/profile/gate_profile_helpers/part_0.o is dirty
[1/12] CALLABLE_PART layout_parts/main.o
[2/12] CALLABLE_PART layout_parts/__callable/compiler_profile_events_elapsed_us_since.o
[3/12] CALLABLE_PART layout_parts/__callable/compiler_profile_events_append_elapsed.o
[4/12] CXX layout/__callable/compiler_profile_events_locations.o
[5/12] CALLABLE_PART layout_parts/compile/model/source_units/part_3.o
[6/12] CALLABLE_PART layout_parts/compile/model/source_units/part_4.o
[7/12] CALLABLE_PART layout_parts/compile/model/project_symbol_index/part_3.o
[8/12] CALLABLE_PART layout_parts/compile/incremental/resident_source_unit_frontend_payload_tables/part_2.o
[9/12] CALLABLE_PART layout_parts/compile/incremental/resident_source_unit_frontend_payload_tables/part_19.o
[10/12] CALLABLE_PART layout_parts/compile/support/production_mt_heartbeat/part_0.o
[11/12] CALLABLE_PART layout_parts/profile/gate_profile_helpers/part_0.o
[12/12] LINK main
