Transpiled PHP files: 127, skipped unchanged: 0
Generated Ninja file: .prism/build/build.ninja
Using compiler: clang++-18 -fuse-ld=mold (gnu_like)
Using build mode: debug
Using build grouping policy: incremental (report_only)
Object cache: disabled (default disabled)
Using repo root: /tmp/scpp-json-240-probe
Resolved project dependency graph: 1 project(s)
Runtime compilation: enabled
Dependency compilation: reuse existing artifacts only
ninja: Entering directory `.prism/build'
[1/129] PCH app_pch.hpp.gch
[2/129] CXX src/01_prepare_inputs/read_sources/data/buffer.o
[3/129] CXX src/02_tokenize/store.o
[4/129] CXX src/03_parse/data/nodes.o
[5/129] CXX src/01_prepare_inputs/load_runtime/main_load_runtime.o
[6/129] CXX scpp_framework/collections.o
[7/129] CXX scpp_framework/json_document.o
[8/129] CXX src/02_tokenize/structures.o
[9/129] CXX scpp_framework/strings.o
[10/129] CXX scpp_framework/filesystem.o
[11/129] CXX src/03_parse/data/expression_state.o
[12/129] CXX scpp_framework/exceptions.o
[13/129] CXX main.o
[14/129] CXX src/02_tokenize/tokenize.o
[15/129] CXX probe.o
[16/129] CXX src/01_prepare_inputs/load_runtime/utilities/catalog_syntax.o
[17/129] CXX src/03_parse/data/role_views.o
[18/129] CXX src/03_parse/handlers/expressions.o
[19/129] CXX src/03_parse/data/result.o
[20/129] CXX src/03_parse/handlers/declarations.o
[21/129] CXX src/03_parse/handlers/statements.o
[22/129] CXX src/03_parse/handlers/control_statements.o
[23/129] CXX src/03_parse/handlers/metaprogramming.o
[24/129] CXX src/03_parse/data/tree.o
[25/129] CXX src/03_parse/utilities/metaprogramming_syntax.o
[26/129] CXX src/03_parse/main_parse.o
[27/129] CXX src/03_parse/parse_file.o
[28/129] CXX src/03_parse/join.o
[29/129] CXX src/03_parse/data/store.o
[30/129] CXX fixture.o
[31/129] CXX src/03_parse/utilities/struct_member_cursor.o
[32/129] CXX src/03_parse/select_tasks.o
[33/129] CXX src/03_parse/utilities/binary_syntax.o
[34/129] CXX src/03_parse/utilities/syntax_access.o
[35/129] CXX src/04_analyze/check_bodies/utilities/decimal_range.o
[36/129] CXX src/03_parse/utilities/syntax_comparer.o
[37/129] CXX src/04_analyze/check_bodies/utilities/literals.o
[38/129] CXX src/04_analyze/check_templates/data/interpretation.o
[39/129] CXX src/04_analyze/check_templates/data/structures.o
[40/129] CXX src/04_analyze/check_templates/data/result.o
[41/129] CXX src/04_analyze/check_templates/data/terms.o
[42/129] CXX src/04_analyze/check_templates/join.o
[43/129] CXX src/04_analyze/collect_symbols/collect.o
[44/129] CXX src/04_analyze/check_templates/body.o
[45/129] CXX src/04_analyze/collect_symbols/data/result.o
[46/129] CXX src/04_analyze/check_templates/select_tasks.o
[47/129] CXX src/04_analyze/collect_symbols/data/provider_declaration.o
[48/129] CXX src/04_analyze/check_templates/main_check_templates.o
[49/129] CXX src/04_analyze/check_templates/terms.o
[50/129] CXX src/04_analyze/instantiate/bindings.o
[51/129] CXX src/04_analyze/instantiate/applications.o
[52/129] CXX src/04_analyze/collect_symbols/data/store.o
[53/129] CXX src/04_analyze/collect_symbols/data/structures.o
[54/129] CXX src/04_analyze/collect_symbols/main_collect_symbols.o
[55/129] CXX src/04_analyze/instantiate/data/members.o
[56/129] CXX src/04_analyze/instantiate/data/context.o
[57/129] CXX src/04_analyze/instantiate/constants.o
[58/129] CXX src/04_analyze/instantiate/data/applications.o
[59/129] CXX src/04_analyze/instantiate/data/state.o
[60/129] CXX src/04_analyze/instantiate/data/result.o
[61/129] CXX src/04_analyze/instantiate/join.o
[62/129] CXX src/04_analyze/instantiate/identities.o
[63/129] CXX src/04_analyze/instantiate/members.o
[64/129] CXX src/04_analyze/resolve_symbols/data/declarations.o
[65/129] CXX src/04_analyze/instantiate/member_join.o
[66/129] CXX src/04_analyze/resolve_symbols/data/store.o
[67/129] CXX src/04_analyze/resolve_symbols/handlers/expressions.o
[68/129] CXX src/04_analyze/resolve_symbols/data/structures.o
[69/129] CXX src/04_analyze/instantiate/data/store.o
[70/129] CXX src/04_analyze/instantiate/data/view.o
[71/129] CXX src/04_analyze/resolve_symbols/handlers/declarations.o
[72/129] CXX src/04_analyze/resolve_symbols/data/result.o
[73/129] CXX src/04_analyze/resolve_symbols/body.o
[74/129] CXX src/04_analyze/resolve_symbols/data/traversal.o
[75/129] CXX src/04_analyze/resolve_symbols/handlers/names.o
[76/129] CXX src/04_analyze/resolve_symbols/handlers/statements.o
[77/129] CXX src/04_analyze/resolve_symbols/main_resolve_symbols.o
[78/129] CXX src/04_analyze/resolve_symbols/join.o
[79/129] CXX src/04_analyze/resolve_symbols/utilities/resolution_validity.o
[80/129] CXX src/04_analyze/resolve_symbols/utilities/function_lookup.o
[81/129] CXX src/04_analyze/resolve_symbols/select_tasks.o
[82/129] CXX src/04_analyze/resolve_symbols/utilities/binding_coverage.o
[83/129] CXX src/04_analyze/resolve_types/data/lifecycle_bodies.o
[84/129] CXX src/04_analyze/resolve_symbols/utilities/declaration_lookup.o
[85/129] CXX src/04_analyze/resolve_types/data/entry_contract.o
[86/129] CXX src/04_analyze/resolve_types/data/entry_selection.o
[87/129] CXX src/04_analyze/resolve_types/data/result.o
[88/129] CXX src/04_analyze/resolve_types/data/records.o
[89/129] CXX src/04_analyze/resolve_types/definition_view.o
[90/129] CXX src/04_analyze/resolve_types/data/signatures.o
[91/129] CXX src/04_analyze/resolve_types/lifecycle_composition.o
[92/129] CXX src/04_analyze/resolve_types/main_prepare_entry.o
[93/129] CXX src/04_analyze/resolve_types/source_lifecycle.o
[94/129] CXX src/04_analyze/resolve_types/source_lifecycle_bodies.o
[95/129] CXX src/04_analyze/resolve_types/record_join.o
[96/129] CXX src/04_analyze/resolve_types/record_definitions.o
[97/129] CXX src/04_analyze/resolve_types/source_lifecycle_signature.o
[98/129] CXX src/04_analyze/resolve_types/signatures.o
[99/129] CXX src/04_analyze/resolve_types/utilities/annotation_types.o
[100/129] CXX src/04_analyze/resolve_types/utilities/callable_inputs.o
[101/129] CXX src/04_analyze/resolve_types/storage.o
[102/129] CXX src/04_analyze/resolve_types/storage_signatures.o
[103/129] CXX src/04_analyze/resolve_types/utilities/parameter_contracts.o
[104/129] CXX src/04_analyze/resolve_types/records.o
[105/129] CXX src/04_analyze/type_model/data/callable_modes.o
[106/129] CXX src/04_analyze/resolve_types/utilities/type_cache.o
[107/129] CXX src/04_analyze/type_model/data/callables.o
[108/129] CXX src/04_analyze/type_model/data/context.o
[109/129] CXX src/04_analyze/type_model/data/definitions.o
[110/129] CXX src/04_analyze/type_model/data/lifecycle_roles.o
[111/129] CXX src/04_analyze/type_model/data/generic.o
[112/129] CXX src/04_analyze/type_model/data/representations.o
[113/129] CXX src/04_analyze/type_model/data/lifetime_policy_codec.o
[114/129] CXX src/04_analyze/type_model/data/catalog.o
[115/129] CXX src/04_analyze/type_model/data/native_record_layout.o
[116/129] CXX src/04_analyze/type_model/data/lifetime_contract.o
[117/129] CXX src/04_analyze/type_model/data/semantic_modes.o
[118/129] CXX src/04_analyze/type_model/data/lifecycle.o
[119/129] CXX src/04_analyze/type_model/data/semantic_calls.o
[120/129] CXX src/04_analyze/type_model/data/families.o
[121/129] CXX src/04_analyze/type_model/data/records.o
[122/129] CXX src/04_analyze/type_model/data/resources.o
[123/129] CXX src/04_analyze/type_model/data/source_families.o
[124/129] CXX src/04_analyze/type_model/data/type_record.o
[125/129] CXX src/04_analyze/type_model/data/type_references.o
[126/129] CXX src/04_analyze/type_model/result_contracts.o
[127/129] CXX src/04_analyze/type_model/data/storage.o
[128/129] CXX src/04_analyze/type_model/data/store.o
[129/129] LINK main
Rebuilt outputs: .prism/build/app_pch.hpp.gch, .prism/build/fixture.o, .prism/build/main, .prism/build/main.o, .prism/build/probe.o, .prism/build/scpp_framework/collections.o, .prism/build/scpp_framework/exceptions.o, .prism/build/scpp_framework/filesystem.o, .prism/build/scpp_framework/json_document.o, .prism/build/scpp_framework/strings.o, .prism/build/src/01_prepare_inputs/load_runtime/main_load_runtime.o, .prism/build/src/01_prepare_inputs/load_runtime/utilities/catalog_syntax.o, .prism/build/src/01_prepare_inputs/read_sources/data/buffer.o, .prism/build/src/02_tokenize/store.o, .prism/build/src/02_tokenize/structures.o, .prism/build/src/02_tokenize/tokenize.o, .prism/build/src/03_parse/data/expression_state.o, .prism/build/src/03_parse/data/nodes.o, .prism/build/src/03_parse/data/result.o, .prism/build/src/03_parse/data/role_views.o, .prism/build/src/03_parse/data/store.o, .prism/build/src/03_parse/data/tree.o, .prism/build/src/03_parse/handlers/control_statements.o, .prism/build/src/03_parse/handlers/declarations.o, .prism/build/src/03_parse/handlers/expressions.o, .prism/build/src/03_parse/handlers/metaprogramming.o, .prism/build/src/03_parse/handlers/statements.o, .prism/build/src/03_parse/join.o, .prism/build/src/03_parse/main_parse.o, .prism/build/src/03_parse/parse_file.o, .prism/build/src/03_parse/select_tasks.o, .prism/build/src/03_parse/utilities/binary_syntax.o, .prism/build/src/03_parse/utilities/metaprogramming_syntax.o, .prism/build/src/03_parse/utilities/struct_member_cursor.o, .prism/build/src/03_parse/utilities/syntax_access.o, .prism/build/src/03_parse/utilities/syntax_comparer.o, .prism/build/src/04_analyze/check_bodies/utilities/decimal_range.o, .prism/build/src/04_analyze/check_bodies/utilities/literals.o, .prism/build/src/04_analyze/check_templates/body.o, .prism/build/src/04_analyze/check_templates/data/interpretation.o, .prism/build/src/04_analyze/check_templates/data/result.o, .prism/build/src/04_analyze/check_templates/data/structures.o, .prism/build/src/04_analyze/check_templates/data/terms.o, .prism/build/src/04_analyze/check_templates/join.o, .prism/build/src/04_analyze/check_templates/main_check_templates.o, .prism/build/src/04_analyze/check_templates/select_tasks.o, .prism/build/src/04_analyze/check_templates/terms.o, .prism/build/src/04_analyze/collect_symbols/collect.o, .prism/build/src/04_analyze/collect_symbols/data/provider_declaration.o, .prism/build/src/04_analyze/collect_symbols/data/result.o, .prism/build/src/04_analyze/collect_symbols/data/store.o, .prism/build/src/04_analyze/collect_symbols/data/structures.o, .prism/build/src/04_analyze/collect_symbols/main_collect_symbols.o, .prism/build/src/04_analyze/instantiate/applications.o, .prism/build/src/04_analyze/instantiate/bindings.o, .prism/build/src/04_analyze/instantiate/constants.o, .prism/build/src/04_analyze/instantiate/data/applications.o, .prism/build/src/04_analyze/instantiate/data/context.o, .prism/build/src/04_analyze/instantiate/data/members.o, .prism/build/src/04_analyze/instantiate/data/result.o, .prism/build/src/04_analyze/instantiate/data/state.o, .prism/build/src/04_analyze/instantiate/data/store.o, .prism/build/src/04_analyze/instantiate/data/view.o, .prism/build/src/04_analyze/instantiate/identities.o, .prism/build/src/04_analyze/instantiate/join.o, .prism/build/src/04_analyze/instantiate/member_join.o, .prism/build/src/04_analyze/instantiate/members.o, .prism/build/src/04_analyze/resolve_symbols/body.o, .prism/build/src/04_analyze/resolve_symbols/data/declarations.o, .prism/build/src/04_analyze/resolve_symbols/data/result.o, .prism/build/src/04_analyze/resolve_symbols/data/store.o, .prism/build/src/04_analyze/resolve_symbols/data/structures.o, .prism/build/src/04_analyze/resolve_symbols/data/traversal.o, .prism/build/src/04_analyze/resolve_symbols/handlers/declarations.o, .prism/build/src/04_analyze/resolve_symbols/handlers/expressions.o, .prism/build/src/04_analyze/resolve_symbols/handlers/names.o, .prism/build/src/04_analyze/resolve_symbols/handlers/statements.o, .prism/build/src/04_analyze/resolve_symbols/join.o, .prism/build/src/04_analyze/resolve_symbols/main_resolve_symbols.o, .prism/build/src/04_analyze/resolve_symbols/select_tasks.o, .prism/build/src/04_analyze/resolve_symbols/utilities/binding_coverage.o, .prism/build/src/04_analyze/resolve_symbols/utilities/declaration_lookup.o, .prism/build/src/04_analyze/resolve_symbols/utilities/function_lookup.o, .prism/build/src/04_analyze/resolve_symbols/utilities/resolution_validity.o, .prism/build/src/04_analyze/resolve_types/data/entry_contract.o, .prism/build/src/04_analyze/resolve_types/data/entry_selection.o, .prism/build/src/04_analyze/resolve_types/data/lifecycle_bodies.o, .prism/build/src/04_analyze/resolve_types/data/records.o, .prism/build/src/04_analyze/resolve_types/data/result.o, .prism/build/src/04_analyze/resolve_types/data/signatures.o, .prism/build/src/04_analyze/resolve_types/definition_view.o, .prism/build/src/04_analyze/resolve_types/lifecycle_composition.o, .prism/build/src/04_analyze/resolve_types/main_prepare_entry.o, .prism/build/src/04_analyze/resolve_types/record_definitions.o, .prism/build/src/04_analyze/resolve_types/record_join.o, .prism/build/src/04_analyze/resolve_types/records.o, .prism/build/src/04_analyze/resolve_types/signatures.o, .prism/build/src/04_analyze/resolve_types/source_lifecycle.o, .prism/build/src/04_analyze/resolve_types/source_lifecycle_bodies.o, .prism/build/src/04_analyze/resolve_types/source_lifecycle_signature.o, .prism/build/src/04_analyze/resolve_types/storage.o, .prism/build/src/04_analyze/resolve_types/storage_signatures.o, .prism/build/src/04_analyze/resolve_types/utilities/annotation_types.o, .prism/build/src/04_analyze/resolve_types/utilities/callable_inputs.o, .prism/build/src/04_analyze/resolve_types/utilities/parameter_contracts.o, .prism/build/src/04_analyze/resolve_types/utilities/type_cache.o, .prism/build/src/04_analyze/type_model/data/callable_modes.o, .prism/build/src/04_analyze/type_model/data/callables.o, .prism/build/src/04_analyze/type_model/data/catalog.o, .prism/build/src/04_analyze/type_model/data/context.o, .prism/build/src/04_analyze/type_model/data/definitions.o, .prism/build/src/04_analyze/type_model/data/families.o, .prism/build/src/04_analyze/type_model/data/generic.o, .prism/build/src/04_analyze/type_model/data/lifecycle.o, .prism/build/src/04_analyze/type_model/data/lifecycle_roles.o, .prism/build/src/04_analyze/type_model/data/lifetime_contract.o, .prism/build/src/04_analyze/type_model/data/lifetime_policy_codec.o, .prism/build/src/04_analyze/type_model/data/native_record_layout.o, .prism/build/src/04_analyze/type_model/data/records.o, .prism/build/src/04_analyze/type_model/data/representations.o, .prism/build/src/04_analyze/type_model/data/resources.o, .prism/build/src/04_analyze/type_model/data/semantic_calls.o, .prism/build/src/04_analyze/type_model/data/semantic_modes.o, .prism/build/src/04_analyze/type_model/data/source_families.o, .prism/build/src/04_analyze/type_model/data/storage.o, .prism/build/src/04_analyze/type_model/data/store.o, .prism/build/src/04_analyze/type_model/data/type_record.o, .prism/build/src/04_analyze/type_model/data/type_references.o, .prism/build/src/04_analyze/type_model/result_contracts.o
Tip: set SCPP_NINJA_VERBOSE=1 to show full Ninja command lines.
Build completed: .prism/build/main
