initial=0
shared=1
next=0
previous=1
rebound=0
retained=1
default=1
0:0
token-shared=1
7:3
independent=1
created=1
finished=1
a/b
a/b
/x
/x
a/
0
0
1
1
0
0
0
0
0
1
0
1
0
1
1
1
0
0
0
0
1
1
0
0
0
0
0
1
cdef::
byte=1
4:2:2
node-default=1
0:0:0:0
12:9:3
10:2
node-independent=1
1:2:3:4
5:6:7
8:9
1:2:0
2:3
4:5:0
6:7
8:0
9:10
11:12:13
reference-absent=1
reference-present=1
6
reference-taken=1
reference-kind=1
cursor-default=1
0:0:0:0
21:20:1
operator=1
10:90
30:31:0
0:2
1:/source.phs:100:4
snapshot-shared=1
snapshot-version=1
snapshot-bytes=1
1
0:0:0
4:4
4:9
1:2
snapshot-distinct=1
0
1
0
0
1
1
0
0
1
0
0
1
0
0
1
0
0
1
0
0
1
0
0
1
0
0
1
0
0
1
0
0
1
0
0
0
195:169:-1:-1
Backend configuration requires explicit backend, target, layout, ABI and runtime identities
backend:runtime
outer:9
cause-shared=1
cause:7
rethrow-shared=1
handler escape
range
0:no-cause
tool-ir=1
tool-path=1
tool-alias=1
tool-distinct=1
tool-config=1
tool-config-version=1
0:0
/bin/link tool:link-v1:link-v2
sub/é file.phs:100:7
42:/root/sub/é file.phs:100:7
read-alias=1
read-distinct=1
42:101:9:100:7
0:0:0
folder-recursive=1
empty-present=1
0:recursive
selected-present=1
3:4:/root:sub:1:é.phs:2
folder-selected=1
1:2
folder-reset=1
buffer-absent=1
state-unchanged=1
pending=1
buffer-present=1
buffer-identity=1
state-deleted=1
-1:pending
37:12:0:0:0
entry-shared
tombstone-retained
owner-new:changed-new:clean-shared
buffer-present:buffer-shared
old-pending:accepted-clear:0:100
old-unchanged
repeat-shared
Unknown source file ID
Invalid source folder index
Entry file is removed
Duplicate source path: /src/a.phs
37
Invalid or duplicate source file ID
"\u00e9\ud83d\ude00\/\"\\\n"
{"folders":[{"path":"src","resolved_path":"\/src"},{"path":"extra","resolved_path":"","file_names":[]}],"files":[{"id":37,"top_folder_index":0,"path":"\/src\/a.phs","relative_path":"a.phs","mtime":0,"size":0,"change_state":"unchanged","needs_recompile":false},{"id":12,"top_folder_index":0,"path":"\/src\/b.phs","relative_path":"","mtime":0,"size":0,"change_state":"unchanged","needs_recompile":false},{"id":99,"top_folder_index":-1,"path":"\/src\/gone.phs","relative_path":"","mtime":0,"size":0,"change_state":"deleted","needs_recompile":false}],"removed_file_ids":[],"entry_file_id":37}
{"folders":[],"files":[],"removed_file_ids":[],"entry_file_id":0}
Cannot export sources: Malformed UTF-8 characters, possibly incorrectly encoded
scan-task-shared
1:sub/child
scan-row-shared
sub/é.phs:101:4
2:1
0:0
