[1/33] CALLABLE_PART layout_parts/__callable/compiler_profile_events_stage_frontend_symbols_id.o
[2/33] CALLABLE_PART layout_parts/__callable/compiler_profile_events_stage_frontend_source_units_id.o
[3/33] CALLABLE_PART layout_parts/__callable/compiler_profile_events_now_us.o
[4/33] CALLABLE_PART layout_parts/__callable/compiler_profile_events_stage_backend_lowering_writes_id.o
[5/33] CALLABLE_PART layout_parts/__callable/compiler_profile_events_stage_source_units_id.o
[6/33] CALLABLE_PART layout_parts/__callable/compiler_profile_events_stage_resident_token_snapshots_id.o
[7/33] CALLABLE_PART layout_parts/__callable/compiler_profile_events_status_blocked_id.o
[8/33] CALLABLE_PART layout_parts/__callable/compiler_profile_events_stage_analysis_capability_id.o
[9/33] CALLABLE_PART layout_parts/__callable/token_kinds_unknown.o
[10/33] CALLABLE_PART layout_parts/__callable/compiler_profile_events___scpp_static_accepts.o
[11/33] CALLABLE_PART layout_parts/__callable/compiler_profile_events_stage_references_contracts_id.o
[12/33] CALLABLE_PART layout_parts/__callable/compiler_profile_events_stage_backend_direct_call_setup_id.o
[13/33] CALLABLE_PART layout_parts/__callable/compiler_profile_events_stage_capability_load_probe_id.o
[14/33] CALLABLE_PART layout_parts/__callable/compiler_profile_events_stage_artifact_write_id.o
[15/33] CALLABLE_PART layout_parts/__callable/compiler_profile_events_stage_manifest_id.o
[16/33] CALLABLE_PART layout_parts/__callable/token_kinds___scpp_static_accepts.o
[17/33] CALLABLE_PART layout_parts/__callable/compiler_profile_events_stage_parser_frontend_model_id.o
[18/33] CALLABLE_PART layout_parts/__callable/compiler_profile_events_stage_output_setup_id.o
[19/33] CALLABLE_PART layout_parts/__callable/compiler_profile_events_stage_symbol_state_publication_id.o
[20/33] CALLABLE_PART layout_parts/__callable/compiler_profile_events_stage_llvm_text_materialization_id.o
[21/33] CALLABLE_PART layout_parts/__callable/compiler_profile_events_stage_project_symbol_index_id.o
[22/33] CALLABLE_PART layout_parts/__callable/compiler_profile_events_stage_tokenizer_id.o
[23/33] CALLABLE_PART layout_parts/__callable/compiler_profile_events_stage_symbol_name_lookups_id.o
[24/33] CALLABLE_PART layout_parts/__callable/compiler_profile_events_status_completed_id.o
[25/33] CALLABLE_PART layout_parts/__callable/token_kinds_eof.o
[26/33] CALLABLE_PART layout_parts/__callable/token_kinds_identifier.o
[27/33] CALLABLE_PART layout_parts/__callable/token_kinds_number.o
[28/33] CALLABLE_PART layout_parts/__callable/token_kinds_keyword.o
[29/33] CALLABLE_PART layout_parts/__callable/token_kinds_symbol.o
[30/33] CALLABLE_PART layout_parts/__callable/token_kinds_comment.o
[31/33] CALLABLE_PART layout_parts/__callable/token_kinds_error.o
[32/33] CALLABLE_PART layout_parts/__callable/token_kinds_string_literal.o
[33/33] LINK main
