Transpiled PHP files: 3, skipped unchanged: 0
Generated Ninja file: .prism/build/build.ninja
Using compiler: clang++-18 -fuse-ld=mold (gnu_like)
Using build mode: debug
Using build grouping policy: incremental (report_only)
Object cache: disabled (default disabled)
Using repo root: /tmp/scpp-v0.1.76-probe
Resolved project dependency graph: 1 project(s)
Runtime compilation: enabled
Dependency compilation: reuse existing artifacts only
ninja: Entering directory `.prism/build'
[1/5] PCH app_pch.hpp.gch
[2/5] CXX scpp_framework/exceptions.o
[3/5] CXX scpp_framework/strings.o
[4/5] CXX main.o
[5/5] LINK main
Rebuilt outputs: .prism/build/app_pch.hpp.gch, .prism/build/main, .prism/build/main.o, .prism/build/scpp_framework/exceptions.o, .prism/build/scpp_framework/strings.o
Tip: set SCPP_NINJA_VERBOSE=1 to show full Ninja command lines.
Build completed: .prism/build/main
0
0
1
-1
-1
-1
-1
-1

























5
5
1
-1
97
115
-1
-1
ascii
asc

as
ascii
i


i
i
ascii
asc

as
ascii
scii
sc

sc
scii





3
9
1
-1
233
20013
-1
-1
é中😀
é

é中
é中😀
😀


😀
😀
é中😀
é

é中
é中😀
中😀


中😀
中😀





2
3
1
-1
101
769
-1
-1
é


é
é
́


́
́
é


é
é
́


́
́





3
11
1
-1
128105
8205
-1
-1
👩‍💻
👩

👩‍
👩‍💻
💻


💻
💻
👩‍💻
👩

👩‍
👩‍💻
‍💻


‍💻
‍💻





1
4
1
-1
1114111
-1
-1
-1
􏿿


􏿿
􏿿
􏿿


􏿿
􏿿
􏿿


􏿿
􏿿










0
0
3
3
0
3
3
3
F
F
0
3
2
F
F
2
2
2
2
2
F
F
2
2
2
F
F
2
2
2
2
2
F
F
2
2
F
F
F
F
F
F
F
F
F
F
F
F
0
0
3
3
0
4
1
4
4
4
0
4
0
0
0
0
1
1
0
Text operation requires valid UTF-8
Text operation requires valid UTF-8
Text operation requires valid UTF-8
Text operation requires valid UTF-8
Text operation requires valid UTF-8
Text operation requires valid UTF-8
Text operation requires valid UTF-8
0
Text operation requires valid UTF-8
Text operation requires valid UTF-8
Text operation requires valid UTF-8
Text operation requires valid UTF-8
Text operation requires valid UTF-8
Text operation requires valid UTF-8
Text operation requires valid UTF-8
0
Text operation requires valid UTF-8
Text operation requires valid UTF-8
Text operation requires valid UTF-8
Text operation requires valid UTF-8
Text operation requires valid UTF-8
Text operation requires valid UTF-8
Text operation requires valid UTF-8
0
Text operation requires valid UTF-8
Text operation requires valid UTF-8
Text operation requires valid UTF-8
Text operation requires valid UTF-8
Text operation requires valid UTF-8
Text operation requires valid UTF-8
Text operation requires valid UTF-8
0
Text operation requires valid UTF-8
Text operation requires valid UTF-8
Text operation requires valid UTF-8
Text operation requires valid UTF-8
Text operation requires valid UTF-8
Text operation requires valid UTF-8
Text operation requires valid UTF-8
1
1
Text search offset is out of range
Text search offset is out of range
