[1/313] CXX expanded/compile/backend/scalar_body_statement_collection.o
[2/313] CXX expanded/compile/control_flow/control_flow_transfers.o
[3/313] CXX expanded/compile/control_flow/control_flow_graphs.o
[4/313] CXX expanded/compile/backend/local_body_lowering.o
[5/313] CXX expanded/compile/incremental/resident_frontend_node_lists.o
[6/313] CXX expanded/compile/backend/backend_module_composition.o
[7/313] CXX expanded/compile/control_flow/control_flow_dataflows.o
[8/313] CXX expanded/compile/backend/compiler_entry_backend.o
[9/313] CXX expanded/compile/model/source_buffers.o
[10/313] CXX expanded/compile/backend/abi_bridge/runtime_abi_bridge.o
[11/313] CXX expanded/compile/capabilities/runtime_helper_contract_readiness.o
[12/313] CXX expanded/compile/incremental/resident_source_unit_frontend_states.o
[13/313] CXX expanded/compile/incremental/resident_function_body_ownership.o
[14/313] CXX expanded/compile/incremental/resident_function_body_local_parse_proofs.o
[15/313] CXX expanded/compile/support/pure_tdd_stage_artifacts.o
[16/313] CXX expanded/compile/incremental/resident_daemon_file_ipc.o
[17/313] CXX expanded/structure_kernel/frontend_model_tables.o
[18/313] CXX expanded/compile/model/frontend_body_summaries.o
[19/313] clang++ -std=c++23 -fPIC -O0 -g1 -pipe -I../../../vendor/runtime/include -I../expanded/generated -DSCPP_LANGUAGE_TARGET_PHP=1 -DSCPP_HAS_MYSQLI=0 -DSCPP_HAS_REGEX=0 -DSCPP_HAS_CURL=0 -DSCPP_HAS_TASKS=1 -DSCPP_TASKS_DEFAULT_WORKER_POOL_SIZE=0 -DSCPP_HAS_UI=0 -DSCPP_HAS_WEBVIEW=0 -DSCPP_ENABLE_CALL_DEPTH_GUARD=1 -DSCPP_MAX_CALL_DEPTH=4096 -x c++-header -MD -MF expanded-project.pch.d ../expanded/generated/__project_units.hpp -o expanded-project.pch
[20/313] CALLABLE_PART expanded_parts/__callable/compiler_profile_events_stage_analysis_capability_id.o
[21/313] CALLABLE_PART expanded_parts/__callable/compiler_profile_events_stage_output_setup_id.o
[22/313] CALLABLE_PART expanded_parts/__callable/compiler_profile_events_stage_references_contracts_id.o
[23/313] CALLABLE_PART expanded_parts/__callable/compiler_profile_events_stage_backend_direct_call_setup_id.o
[24/313] CALLABLE_PART expanded_parts/__callable/compiler_profile_events___scpp_static_accepts.o
[25/313] CALLABLE_PART expanded_parts/__callable/compiler_profile_events_stage_source_units_id.o
[26/313] CALLABLE_PART expanded_parts/__callable/compiler_profile_events_stage_backend_lowering_writes_id.o
[27/313] CALLABLE_PART expanded_parts/main.o
[28/313] CALLABLE_PART expanded_parts/__callable/compiler_profile_events_stage_compiler_project_run_total_id.o
[29/313] CALLABLE_PART expanded_parts/__callable/compiler_profile_events_stage_frontend_symbols_id.o
[30/313] CALLABLE_PART expanded_parts/__callable/compiler_profile_events_stage_manifest_id.o
[31/313] CALLABLE_PART expanded_parts/__callable/compiler_profile_events_stage_capability_load_probe_id.o
[32/313] CALLABLE_PART expanded_parts/__callable/compiler_profile_events_stage_backend_entry_call_emission_id.o
[33/313] CALLABLE_PART expanded_parts/__callable/compiler_profile_events_stage_backend_target_local_match_id.o
[34/313] CALLABLE_PART expanded_parts/__callable/compiler_profile_events_stage_backend_target_local_emission_id.o
[35/313] CALLABLE_PART expanded_parts/__callable/compiler_profile_events_stage_project_symbol_index_id.o
[36/313] CALLABLE_PART expanded_parts/__callable/compiler_profile_events_stage_llvm_text_materialization_id.o
[37/313] CALLABLE_PART expanded_parts/__callable/compiler_profile_events_stage_frontend_source_units_id.o
[38/313] CALLABLE_PART expanded_parts/__callable/compiler_profile_events_stage_artifact_write_id.o
[39/313] CALLABLE_PART expanded_parts/__callable/compiler_profile_events_stage_tokenizer_id.o
[40/313] CALLABLE_PART expanded_parts/__callable/compiler_profile_events_stage_resident_token_snapshots_id.o
[41/313] CALLABLE_PART expanded_parts/__callable/compiler_profile_events_stage_resident_frontend_node_snapshots_id.o
[42/313] CALLABLE_PART expanded_parts/__callable/compiler_profile_events_stage_symbol_definition_snapshots_id.o
[43/313] CALLABLE_PART expanded_parts/__callable/compiler_profile_events_stage_parser_frontend_model_id.o
[44/313] CALLABLE_PART expanded_parts/__callable/compiler_profile_events_stage_symbol_fact_publication_metrics_id.o
[45/313] CALLABLE_PART expanded_parts/__callable/compiler_profile_events_stage_function_body_ownership_snapshots_id.o
[46/313] CALLABLE_PART expanded_parts/__callable/compiler_profile_events_status_blocked_id.o
[47/313] CALLABLE_PART expanded_parts/__callable/compiler_profile_events_stage_frontend_payload_publication_metrics_id.o
[48/313] CALLABLE_PART expanded_parts/__callable/compiler_profile_events_now_us.o
[49/313] CALLABLE_PART expanded_parts/__callable/compiler_profile_events_stage_symbol_name_lookups_id.o
[50/313] CALLABLE_PART expanded_parts/__callable/compiler_profile_events_stage_symbol_state_publication_id.o
[51/313] CALLABLE_PART expanded_parts/__callable/compiler_profile_events_append_event.o
[52/313] CALLABLE_PART expanded_parts/__callable/compiler_profile_events_status_completed_id.o
[53/313] CALLABLE_PART expanded_parts/__callable/compiler_profile_events_elapsed_us_since.o
[54/313] CALLABLE_PART expanded_parts/__callable/compiler_profile_events_stage_name.o
[55/313] CALLABLE_PART expanded_parts/__callable/compiler_profile_events_append_elapsed.o
[56/313] CALLABLE_PART expanded_parts/__callable/token_kinds___scpp_static_accepts.o
[57/313] CALLABLE_PART expanded_parts/__callable/compiler_profile_events_debug_string.o
[58/313] CALLABLE_PART expanded_parts/__callable/compiler_profile_events_status_name.o
[59/313] CALLABLE_PART expanded_parts/__callable/token_kinds_keyword.o
[60/313] CALLABLE_PART expanded_parts/__callable/token_kinds_identifier.o
[61/313] CALLABLE_PART expanded_parts/__callable/token_kinds_unknown.o
[62/313] CALLABLE_PART expanded_parts/__callable/token_kinds_eof.o
[63/313] CALLABLE_PART expanded_parts/__callable/token_kinds_number.o
[64/313] CALLABLE_PART expanded_parts/__callable/token_kinds_symbol.o
[65/313] CALLABLE_PART expanded_parts/__callable/token_kinds_string_literal.o
[66/313] CALLABLE_PART expanded_parts/__callable/token_kinds_comment.o
[67/313] CALLABLE_PART expanded_parts/__callable/token_kinds_error.o
[68/313] CALLABLE_PART expanded_parts/__callable/frontend_model_builder___scpp_static_accepts.o
[69/313] CALLABLE_PART expanded_parts/__callable/frontend_model_builder_declaration_kind_namespace_id.o
[70/313] CALLABLE_PART expanded_parts/__callable/frontend_model_builder_declaration_kind_use_function_id.o
[71/313] CALLABLE_PART expanded_parts/__callable/token_kinds_name.o
[72/313] CALLABLE_PART expanded_parts/__callable/frontend_model_builder_declaration_kind_function_id.o
[73/313] CALLABLE_PART expanded_parts/__callable/frontend_model_builder_synthetic_script_entry_name.o
[74/313] CALLABLE_PART expanded_parts/__callable/frontend_model_builder_declaration_flag_synthetic_script_entry_id.o
[75/313] CALLABLE_PART expanded_parts/__callable/frontend_model_builder_declaration_is_synthetic_script_entry.o
[76/313] CALLABLE_PART expanded_parts/__callable/frontend_model_builder_name_role_type_id.o
[77/313] CALLABLE_PART expanded_parts/__callable/frontend_model_builder_name_role_callee_id.o
[78/313] CALLABLE_PART expanded_parts/__callable/frontend_model_builder_name_role_declaration_id.o
[79/313] CALLABLE_PART expanded_parts/__callable/frontend_model_builder_expression_flag_by_reference_parameter_id.o
[80/313] CALLABLE_PART expanded_parts/__callable/frontend_model_builder_name_role_constant_id.o
[81/313] CALLABLE_PART expanded_parts/__callable/frontend_model_builder_literal_kind_bool_id.o
[82/313] CALLABLE_PART expanded_parts/__callable/frontend_model_builder_name_role_variable_id.o
[83/313] CALLABLE_PART expanded_parts/__callable/frontend_model_builder_statement_flag_const_binding_id.o
[84/313] CALLABLE_PART expanded_parts/__callable/frontend_model_builder_name_role_namespace_id.o
[85/313] CALLABLE_PART expanded_parts/__callable/frontend_model_builder_statement_flag_append_target_id.o
[86/313] CALLABLE_PART expanded_parts/__callable/frontend_model_builder_literal_kind_integer_id.o
[87/313] CALLABLE_PART expanded_parts/__callable/frontend_model_builder_literal_kind_floating_id.o
[88/313] CALLABLE_PART expanded_parts/__callable/frontend_model_builder_literal_kind_string_id.o
[89/313] CALLABLE_PART expanded_parts/__callable/frontend_model_builder_literal_kind_null_id.o
[90/313] CALLABLE_PART expanded_parts/__callable/frontend_model_builder_literal_status_ready_id.o
[91/313] CALLABLE_PART expanded_parts/__callable/frontend_model_builder_operator_multiply_id.o
[92/313] CALLABLE_PART expanded_parts/__callable/frontend_model_builder_operator_minus_id.o
[93/313] CALLABLE_PART expanded_parts/__callable/frontend_model_builder_operator_plus_id.o
[94/313] CALLABLE_PART expanded_parts/__callable/frontend_model_builder_operator_modulo_id.o
[95/313] CALLABLE_PART expanded_parts/__callable/frontend_model_builder_primitive_bool_type_ref_id.o
[96/313] CALLABLE_PART expanded_parts/__callable/frontend_model_builder_operator_divide_id.o
[97/313] CALLABLE_PART expanded_parts/__callable/frontend_model_builder_operator_unary_minus_id.o
[98/313] CALLABLE_PART expanded_parts/__callable/frontend_model_builder_primitive_int_type_ref_id.o
[99/313] CALLABLE_PART expanded_parts/__callable/frontend_model_builder_runtime_string_type_ref_id.o
[100/313] CALLABLE_PART expanded_parts/__callable/frontend_model_builder_numeric_type_ref_is_integer_literal_target.o
[101/313] CALLABLE_PART expanded_parts/__callable/frontend_model_builder_numeric_type_ref_accepts_decimal_literal.o
[102/313] CALLABLE_PART expanded_parts/__callable/frontend_model_builder_integer_positive_limit_for_width.o
[103/313] CALLABLE_PART expanded_parts/__callable/frontend_model_builder_source_range_from_token.o
[104/313] CALLABLE_PART expanded_parts/__callable/frontend_model_builder_integer_literal_fits_type_ref.o
[105/313] CALLABLE_PART expanded_parts/__callable/frontend_model_builder_token_end_offset.o
[106/313] CALLABLE_PART expanded_parts/__callable/frontend_model_builder_source_range_from_offsets.o
[107/313] CALLABLE_PART expanded_parts/__callable/frontend_model_builder_primitive_type_ref_id_for_name.o
[108/313] CALLABLE_PART expanded_parts/__callable/frontend_model_builder_source_type_ref_id_for_name.o
[109/313] CALLABLE_PART expanded_parts/__callable/frontend_model_builder_expect_type_name_token.o
[110/313] CALLABLE_PART expanded_parts/__callable/frontend_model_builder_parse_type_ref_id.o
[111/313] CALLABLE_PART expanded_parts/__callable/frontend_model_builder_append_name.o
[112/313] CALLABLE_PART expanded_parts/__callable/frontend_model_builder_append_declaration_name.o
[113/313] CALLABLE_PART expanded_parts/__callable/frontend_model_builder_append_type_name.o
[114/313] CALLABLE_PART expanded_parts/__callable/frontend_model_builder_append_callee_name.o
[115/313] CALLABLE_PART expanded_parts/__callable/frontend_model_builder_append_namespace_name.o
[116/313] CALLABLE_PART expanded_parts/__callable/frontend_model_builder_append_variable_name.o
[117/313] CALLABLE_PART expanded_parts/__callable/frontend_model_builder_append_constant_name.o
[118/313] CALLABLE_PART expanded_parts/__callable/frontend_model_builder_append_variable_expression.o
[119/313] CALLABLE_PART expanded_parts/__callable/frontend_model_builder_expression_type_ref_or_unknown.o
[120/313] CALLABLE_PART expanded_parts/__callable/frontend_model_builder_append_variable_expression_with_type.o
[121/313] CALLABLE_PART expanded_parts/__callable/frontend_model_builder_append_identifier_expression_with_type.o
[122/313] CALLABLE_PART expanded_parts/__callable/frontend_model_builder_append_identifier_expression_from_token_with_type.o
[123/313] CALLABLE_PART expanded_parts/__callable/frontend_model_builder_append_variable_expression_from_existing_node_with_type.o
[124/313] CALLABLE_PART expanded_parts/__callable/frontend_model_builder_append_literal_expression_with_numeric_type.o
[125/313] CALLABLE_PART expanded_parts/__callable/frontend_model_builder_append_null_literal_expression.o
[126/313] CALLABLE_PART expanded_parts/__callable/frontend_model_builder_append_string_literal_expression.o
[127/313] CALLABLE_PART expanded_parts/__callable/frontend_model_builder_consume_blocked_unary_logical_not_expression.o
[128/313] CALLABLE_PART expanded_parts/__callable/frontend_model_builder_append_unary_minus_integer_literal_expression_with_type.o
[129/313] CALLABLE_PART expanded_parts/__callable/frontend_model_builder_append_unary_minus_local_expression_with_type.o
[130/313] CALLABLE_PART expanded_parts/__callable/frontend_model_builder_consume_blocked_unary_logical_not_operand.o
[131/313] CALLABLE_PART expanded_parts/__callable/frontend_model_builder_append_call_expression.o
[132/313] CALLABLE_PART expanded_parts/__callable/frontend_model_builder_at_call_argument_list_after_open_offset.o
[133/313] CALLABLE_PART expanded_parts/__callable/frontend_model_builder_at_scalar_expression_start_at_offset.o
[134/313] CALLABLE_PART expanded_parts/__callable/frontend_model_builder_at_qualified_call_expression.o
[135/313] CALLABLE_PART expanded_parts/__callable/frontend_model_builder_at_call_expression_with_argument_list.o
[136/313] CALLABLE_PART expanded_parts/__callable/frontend_model_builder_mark_expression_node_flag.o
[137/313] CALLABLE_PART expanded_parts/__callable/frontend_model_builder_at_function_parameter.o
[138/313] CALLABLE_PART expanded_parts/__callable/frontend_model_builder_append_function_parameter_expression.o
[139/313] CALLABLE_PART expanded_parts/__callable/frontend_model_builder_append_parameter_default_literal_if_present.o
[140/313] CALLABLE_PART expanded_parts/__callable/frontend_model_builder_append_binary_minus_expression_from_left_with_type.o
[141/313] CALLABLE_PART expanded_parts/__callable/frontend_model_builder_append_generated_binary_expression_from_left_with_type.o
[142/313] CALLABLE_PART expanded_parts/__callable/frontend_model_builder_append_binary_plus_expression_from_left_with_type.o
[143/313] CALLABLE_PART expanded_parts/__callable/frontend_model_builder_append_binary_expression_from_left_with_type.o
[144/313] CALLABLE_PART expanded_parts/__callable/frontend_model_builder_append_binary_expression_from_nodes_with_type.o
[145/313] CALLABLE_PART expanded_parts/__callable/frontend_model_builder_append_ternary_expression_from_nodes_with_type.o
[146/313] CALLABLE_PART expanded_parts/__callable/frontend_model_builder_append_index_access_expression_from_nodes_with_type.o
[147/313] CALLABLE_PART expanded_parts/__callable/frontend_model_builder_binary_operator_row_for_current.o
[148/313] CALLABLE_PART expanded_parts/__callable/frontend_model_builder_operator_result_type_ref_for_left.o
[149/313] CALLABLE_PART expanded_parts/__callable/frontend_model_builder_append_empty_initializer_expression_with_type.o
[150/313] CALLABLE_PART expanded_parts/__callable/frontend_model_builder_expression_type_ref_from_node.o
[151/313] CALLABLE_PART expanded_parts/__callable/frontend_model_builder_operator_rhs_type_ref_for_left.o
[152/313] CALLABLE_PART expanded_parts/__callable/frontend_model_builder_at_local_declaration.o
[153/313] CALLABLE_PART expanded_parts/__callable/frontend_model_builder_expect_const_keyword.o
[154/313] CALLABLE_PART expanded_parts/__callable/frontend_model_builder_at_const_keyword.o
[155/313] CALLABLE_PART expanded_parts/__callable/frontend_model_builder_at_const_declaration_statement.o
[156/313] CALLABLE_PART expanded_parts/__callable/frontend_model_builder_node_is_synthetic_script_entry.o
[157/313] CALLABLE_PART expanded_parts/__callable/frontend_model_builder_at_bound_identifier_expression.o
[158/313] CALLABLE_PART expanded_parts/__callable/frontend_model_builder_at_double_symbol.o
[159/313] CALLABLE_PART expanded_parts/__callable/frontend_model_builder_prefix_update_variable_offset.o
[160/313] CALLABLE_PART expanded_parts/__callable/frontend_model_builder_compound_assignment_base_operator_at_offset.o
[161/313] CALLABLE_PART expanded_parts/__callable/frontend_model_builder_at_assignment_statement.o
[162/313] CALLABLE_PART expanded_parts/__callable/frontend_model_builder_at_compound_assignment_operator_after_target.o
[163/313] CALLABLE_PART expanded_parts/__callable/frontend_model_builder_at_echo_postfix_update_statement.o
[164/313] CALLABLE_PART expanded_parts/__callable/frontend_model_builder_at_echo_prefix_update_statement.o
[165/313] CALLABLE_PART expanded_parts/__callable/frontend_model_builder_consume_prefix_update_operator.o
[166/313] CALLABLE_PART expanded_parts/__callable/frontend_model_builder_consume_compound_assignment_operator.o
[167/313] CALLABLE_PART expanded_parts/__callable/frontend_model_builder_retag_expression_node_type.o
[168/313] CALLABLE_PART expanded_parts/__callable/frontend_model_builder_parse_scalar_expression.o
[169/313] CALLABLE_PART expanded_parts/__callable/frontend_model_builder_ternary_result_type_ref.o
[170/313] CALLABLE_PART expanded_parts/__callable/frontend_model_builder_parse_const_declaration_statement.o
[171/313] CALLABLE_PART expanded_parts/__callable/frontend_model_builder_parse_scalar_expression_with_min_precedence.o
[172/313] CALLABLE_PART expanded_parts/__callable/frontend_model_builder_parse_scalar_primary_expression.o
[173/313] CALLABLE_PART expanded_parts/__callable/frontend_model_builder_parse_local_declaration_statement.o
[174/313] CALLABLE_PART expanded_parts/__callable/frontend_model_builder_parse_assignment_statement_with_terminator.o
[175/313] CALLABLE_PART expanded_parts/__callable/frontend_model_builder_parse_assignment_statement.o
[176/313] CALLABLE_PART expanded_parts/__callable/frontend_model_builder_append_assignment_statement_from_nodes.o
[177/313] CALLABLE_PART expanded_parts/__callable/frontend_model_builder_consume_optional_echo_trailing_string_argument.o
[178/313] CALLABLE_PART expanded_parts/__callable/frontend_model_builder_append_echo_statement_from_value.o
[179/313] CALLABLE_PART expanded_parts/__callable/frontend_model_builder_parse_echo_argument_expression.o
[180/313] CALLABLE_PART expanded_parts/__callable/frontend_model_builder_parse_echo_prefix_update_statement_sequence.o
[181/313] CALLABLE_PART expanded_parts/__callable/frontend_model_builder_patch_echo_argument_parent_links.o
[182/313] CALLABLE_PART expanded_parts/__callable/frontend_model_builder_parse_echo_postfix_update_statement_sequence.o
[183/313] CALLABLE_PART expanded_parts/__callable/frontend_model_builder_statement_list_last_node_id.o
[184/313] CALLABLE_PART expanded_parts/__callable/frontend_model_builder_parse_echo_statement.o
[185/313] CALLABLE_PART expanded_parts/__callable/frontend_model_builder_parse_echo_argument_list.o
[186/313] CALLABLE_PART expanded_parts/__callable/frontend_model_builder_parse_while_statement.o
[187/313] CALLABLE_PART expanded_parts/__callable/frontend_model_builder_parse_if_statement.o
[188/313] CALLABLE_PART expanded_parts/__callable/frontend_model_builder_parse_for_statement.o
[189/313] CALLABLE_PART expanded_parts/__callable/frontend_model_builder_parse_return_expression.o
[190/313] CALLABLE_PART expanded_parts/__callable/frontend_model_builder_at_call_expression_statement.o
[191/313] CALLABLE_PART expanded_parts/__callable/frontend_model_builder_parse_return_statement.o
[192/313] CALLABLE_PART expanded_parts/__callable/frontend_model_builder_parse_body_statement.o
[193/313] CALLABLE_PART expanded_parts/__callable/frontend_model_builder_parse_statement_list_until_close.o
[194/313] CALLABLE_PART expanded_parts/__callable/frontend_model_builder_append_implicit_return_after_statement_list.o
[195/313] CALLABLE_PART expanded_parts/__callable/frontend_model_builder_parse_expression_statement.o
[196/313] CALLABLE_PART expanded_parts/__callable/frontend_model_builder_parse_control_transfer_statement.o
[197/313] CALLABLE_PART expanded_parts/__callable/frontend_model_builder_parse_statement_list_until_close_with_implicit_return.o
[198/313] CALLABLE_PART expanded_parts/__callable/frontend_model_builder_append_synthetic_literal_expression.o
[199/313] CALLABLE_PART expanded_parts/__callable/frontend_model_builder_append_synthetic_return_literal_statement.o
[200/313] CALLABLE_PART expanded_parts/__callable/frontend_model_builder_append_synthetic_bool_literal_expression.o
[201/313] CALLABLE_PART expanded_parts/__callable/frontend_model_builder_parse_statement_list_until_eof_with_implicit_return.o
[202/313] CALLABLE_PART expanded_parts/__callable/frontend_model_builder_parse_function_body.o
[203/313] CALLABLE_PART expanded_parts/__callable/frontend_model_builder_statement_node_is_return.o
[204/313] CALLABLE_PART expanded_parts/__callable/frontend_model_builder_record_function_parameter_local_types.o
[205/313] CALLABLE_PART expanded_parts/__callable/frontend_model_builder_parse_namespace_name_range.o
[206/313] CALLABLE_PART expanded_parts/__callable/frontend_model_builder_at_namespace_declaration.o
[207/313] CALLABLE_PART expanded_parts/__callable/frontend_model_builder_body_shape_digest_from_body_node.o
[208/313] CALLABLE_PART expanded_parts/__callable/frontend_model_builder_expect_namespace_keyword.o
[209/313] CALLABLE_PART expanded_parts/__callable/frontend_model_builder_expect_function_import_keyword.o
[210/313] CALLABLE_PART expanded_parts/__callable/frontend_model_builder_at_use_function_declaration.o
[211/313] CALLABLE_PART expanded_parts/__callable/frontend_model_builder_at_use_keyword.o
[212/313] CALLABLE_PART expanded_parts/__callable/frontend_model_builder_expect_use_keyword.o
[213/313] CALLABLE_PART expanded_parts/__callable/frontend_model_builder_append_namespace_declaration_node.o
[214/313] CALLABLE_PART expanded_parts/__callable/frontend_model_builder_append_use_function_declaration_node.o
[215/313] CALLABLE_PART expanded_parts/__callable/frontend_model_builder_parse_use_function_declaration.o
[216/313] CALLABLE_PART expanded_parts/__callable/frontend_model_builder_parse_function_declaration.o
[217/313] CALLABLE_PART expanded_parts/__callable/frontend_model_builder_parse_namespace_declaration.o
[218/313] CALLABLE_PART expanded_parts/__callable/frontend_model_builder_append_synthetic_script_entry_declaration_shell.o
[219/313] CALLABLE_PART expanded_parts/__callable/frontend_model_builder_capacity_at_least.o
[220/313] CALLABLE_PART expanded_parts/__callable/frontend_model_builder_parse_synthetic_script_entry_declaration_until_close.o
[221/313] CALLABLE_PART expanded_parts/__callable/frontend_model_builder_parse_synthetic_script_entry_declaration.o
[222/313] CALLABLE_PART expanded_parts/__callable/frontend_model_builder_attach_synthetic_script_entry_body.o
[223/313] CALLABLE_PART expanded_parts/__callable/frontend_model_builder_apply_node_segment_policy.o
[224/313] CALLABLE_PART expanded_parts/__callable/frontend_model_builder_reserve_model_for_tokens.o
[225/313] CALLABLE_PART expanded_parts/compile/model/source_units/part_0.o
[226/313] CALLABLE_PART expanded_parts/__callable/frontend_model_builder_parse_source_unit.o
[227/313] CALLABLE_PART expanded_parts/__callable/frontend_model_builder_parse_source_unit_with_node_segment_policy.o
[228/313] CALLABLE_PART expanded_parts/compile/model/source_units/part_1.o
[229/313] CALLABLE_PART expanded_parts/compile/model/source_units/part_4.o
[230/313] CALLABLE_PART expanded_parts/compile/model/project_symbol_index/part_2.o
[231/313] CALLABLE_PART expanded_parts/compile/model/source_units/part_2.o
[232/313] CALLABLE_PART expanded_parts/compile/model/project_symbol_index/part_0.o
[233/313] CALLABLE_PART expanded_parts/compile/model/project_symbol_index/part_1.o
[234/313] CALLABLE_PART expanded_parts/compile/model/source_units/part_3.o
[235/313] CALLABLE_PART expanded_parts/compile/model/project_symbol_index/part_3.o
[236/313] CALLABLE_PART expanded_parts/compile/model/project_symbol_index/part_4.o
[237/313] CALLABLE_PART expanded_parts/compile/incremental/resident_source_unit_frontend_payload_tables/part_0.o
[238/313] CALLABLE_PART expanded_parts/compile/incremental/resident_source_unit_frontend_payload_tables/part_1.o
[239/313] CALLABLE_PART expanded_parts/compile/incremental/resident_source_unit_frontend_payload_tables/part_2.o
[240/313] CALLABLE_PART expanded_parts/compile/incremental/resident_source_unit_frontend_payload_tables/part_3.o
[241/313] CALLABLE_PART expanded_parts/compile/incremental/resident_source_unit_frontend_payload_tables/part_8.o
[242/313] CALLABLE_PART expanded_parts/compile/incremental/resident_source_unit_frontend_payload_tables/part_7.o
[243/313] CALLABLE_PART expanded_parts/compile/incremental/resident_source_unit_frontend_payload_tables/part_6.o
[244/313] CALLABLE_PART expanded_parts/compile/incremental/resident_source_unit_frontend_payload_tables/part_5.o
[245/313] CALLABLE_PART expanded_parts/compile/incremental/resident_source_unit_frontend_payload_tables/part_10.o
[246/313] CALLABLE_PART expanded_parts/compile/incremental/resident_source_unit_frontend_payload_tables/part_4.o
[247/313] CALLABLE_PART expanded_parts/compile/incremental/resident_source_unit_frontend_payload_tables/part_9.o
[248/313] CALLABLE_PART expanded_parts/compile/incremental/resident_source_unit_frontend_payload_tables/part_12.o
[249/313] CALLABLE_PART expanded_parts/compile/incremental/resident_source_unit_frontend_payload_tables/part_13.o
[250/313] CALLABLE_PART expanded_parts/compile/incremental/resident_source_unit_frontend_payload_tables/part_11.o
[251/313] CALLABLE_PART expanded_parts/compile/incremental/resident_source_unit_frontend_payload_tables/part_14.o
[252/313] CALLABLE_PART expanded_parts/compile/incremental/resident_source_unit_frontend_payload_tables/part_15.o
[253/313] CALLABLE_PART expanded_parts/compile/incremental/resident_source_unit_frontend_payload_tables/part_16.o
[254/313] CALLABLE_PART expanded_parts/compile/incremental/resident_source_unit_frontend_payload_tables/part_18.o
[255/313] CALLABLE_PART expanded_parts/compile/incremental/resident_source_unit_frontend_payload_tables/part_17.o
[256/313] CALLABLE_PART expanded_parts/compile/incremental/resident_source_unit_frontend_payload_tables/part_20.o
[257/313] CALLABLE_PART expanded_parts/compile/support/production_mt_heartbeat/part_0.o
[258/313] CALLABLE_PART expanded_parts/profile/gate_profile_helpers/part_0.o
[259/313] CALLABLE_PART expanded_parts/compile/backend/llvm_text_from_plan/part_0.o
[260/313] CALLABLE_PART expanded_parts/compile/backend/llvm_text_from_plan/part_1.o
[261/313] CALLABLE_PART expanded_parts/compile/backend/llvm_text_from_plan/part_2.o
[262/313] CALLABLE_PART expanded_parts/compile/incremental/resident_source_unit_frontend_payload_tables/part_19.o
[263/313] CALLABLE_PART expanded_parts/compile/backend/llvm_text_from_plan/part_3.o
[264/313] CALLABLE_PART expanded_parts/compile/backend/llvm_text_from_plan/part_4.o
[265/313] CALLABLE_PART expanded_parts/compile/backend/llvm_text_from_plan/part_7.o
[266/313] CALLABLE_PART expanded_parts/compile/backend/llvm_text_from_plan/part_5.o
[267/313] CALLABLE_PART expanded_parts/compile/backend/llvm_text_from_plan/part_8.o
[268/313] CALLABLE_PART expanded_parts/compile/backend/llvm_text_from_plan/part_6.o
[269/313] CALLABLE_PART expanded_parts/compile/backend/llvm_text_from_plan/part_10.o
[270/313] CALLABLE_PART expanded_parts/compile/backend/llvm_text_from_plan/part_9.o
[271/313] CALLABLE_PART expanded_parts/compile/backend/llvm_text_from_plan/part_11.o
[272/313] CALLABLE_PART expanded_parts/compile/backend/llvm_text_from_plan/part_12.o
[273/313] CALLABLE_PART expanded_parts/compile/backend/llvm_text_from_plan/part_14.o
[274/313] CALLABLE_PART expanded_parts/compile/backend/llvm_text_from_plan/part_15.o
[275/313] CALLABLE_PART expanded_parts/compile/backend/llvm_text_from_plan/part_13.o
[276/313] CALLABLE_PART expanded_parts/compile/backend/backend_object_link_cache/part_0.o
[277/313] CALLABLE_PART expanded_parts/compile/backend/backend_object_link_cache/part_3.o
[278/313] CALLABLE_PART expanded_parts/compile/backend/llvm_text_from_plan/part_16.o
[279/313] CALLABLE_PART expanded_parts/compile/backend/backend_object_link_cache/part_2.o
[280/313] CALLABLE_PART expanded_parts/compile/backend/lowering_plan/part_0.o
[281/313] CALLABLE_PART expanded_parts/compile/backend/backend_object_link_cache/part_1.o
[282/313] CALLABLE_PART expanded_parts/compile/capabilities/storage_lifetime_readiness/part_0.o
[283/313] CALLABLE_PART expanded_parts/compile/backend/lowering_plan/part_1.o
[284/313] CALLABLE_PART expanded_parts/compile/backend/lowering_plan/part_2.o
[285/313] CALLABLE_PART expanded_parts/compile/capabilities/storage_lifetime_readiness/part_1.o
[286/313] CALLABLE_PART expanded_parts/compile/backend/lowering_plan/part_3.o
[287/313] CALLABLE_PART expanded_parts/compile/backend/lowering_plan/part_4.o
[288/313] CALLABLE_PART expanded_parts/compile/capabilities/type_capability_readiness/part_0.o
[289/313] CALLABLE_PART expanded_parts/compile/capabilities/type_capability_readiness/part_1.o
[290/313] CALLABLE_PART expanded_parts/compile/capabilities/storage_lifetime_readiness/part_2.o
[291/313] CALLABLE_PART expanded_parts/compile/capabilities/storage_lifetime_readiness/part_3.o
[292/313] CALLABLE_PART expanded_parts/compile/capabilities/type_capability_readiness/part_6.o
[293/313] CALLABLE_PART expanded_parts/compile/capabilities/type_capability_readiness/part_2.o
[294/313] CALLABLE_PART expanded_parts/compile/capabilities/type_capability_readiness/part_4.o
[295/313] CALLABLE_PART expanded_parts/compile/capabilities/type_capability_readiness/part_5.o
[296/313] CALLABLE_PART expanded_parts/compile/capabilities/type_capability_readiness/part_3.o
[297/313] CALLABLE_PART expanded_parts/compile/capabilities/type_capability_readiness/part_7.o
[298/313] CALLABLE_PART expanded_parts/compile/capabilities/type_capability_readiness/part_8.o
[299/313] CALLABLE_PART expanded_parts/compile/capabilities/type_capability_readiness/part_9.o
[300/313] CALLABLE_PART expanded_parts/compile/capabilities/type_capability_readiness/part_10.o
[301/313] CALLABLE_PART expanded_parts/compile/capabilities/type_capability_readiness/part_13.o
[302/313] CALLABLE_PART expanded_parts/compile/incremental/resident_source_unit_symbol_states/part_0.o
[303/313] CALLABLE_PART expanded_parts/compile/capabilities/type_capability_readiness/part_12.o
[304/313] CALLABLE_PART expanded_parts/compile/capabilities/type_capability_readiness/part_11.o
[305/313] CALLABLE_PART expanded_parts/compile/model/project_reference_resolution/part_0.o
[306/313] CALLABLE_PART expanded_parts/compile/incremental/resident_source_unit_symbol_states/part_2.o
[307/313] CALLABLE_PART expanded_parts/compile/model/project_reference_resolution/part_1.o
[308/313] CALLABLE_PART expanded_parts/compile/model/project_reference_resolution/part_2.o
[309/313] CALLABLE_PART expanded_parts/compile/incremental/resident_source_unit_symbol_states/part_1.o
[310/313] CALLABLE_PART expanded_parts/compile/model/project_reference_resolution/part_3.o
[311/313] CALLABLE_PART expanded_parts/compile/model/project_reference_resolution/part_4.o
[312/313] CALLABLE_PART expanded_parts/compile/model/project_reference_resolution/part_5.o
[313/313] LINK main
