initial=0
shared=1
next=0
previous=1
rebound=0
retained=1
default=1
0:0
token-shared=1
7:3
independent=1
created=1
finished=1
a/b
a/b
/x
/x
a/
0
0
1
1
0
0
0
0
0
1
0
1
0
1
1
1
0
0
0
0
1
1
0
0
0
0
0
1
cdef::
byte=1
4:2:2
node-default=1
0:0:0:0
12:9:3
10:2
node-independent=1
1:2:3:4
5:6:7
8:9
1:2:0
2:3
4:5:0
6:7
8:0
9:10
11:12:13
reference-absent=1
reference-present=1
6
reference-taken=1
reference-kind=1
cursor-default=1
0:0:0:0
21:20:1
operator=1
10:90
30:31:0
0:2
1:/source.phs:100:4
snapshot-shared=1
snapshot-version=1
snapshot-bytes=1
1
0:0:0
4:4
4:9
1:2
snapshot-distinct=1
0
1
0
0
1
1
0
0
1
0
0
1
0
0
1
0
0
1
0
0
1
0
0
1
0
0
1
0
0
1
0
0
1
0
0
0
195:169:-1:-1
Backend configuration requires explicit backend, target, layout, ABI and runtime identities
backend:runtime
outer:9
cause-shared=1
cause:7
rethrow-shared=1
handler escape
range
0:no-cause
tool-ir=1
tool-path=1
tool-alias=1
tool-distinct=1
tool-config=1
tool-config-version=1
0:0
/bin/link tool:link-v1:link-v2
sub/é file.phs:100:7
42:/root/sub/é file.phs:100:7
read-alias=1
read-distinct=1
42:101:9:100:7
0:0:0
