Transpiled PHP files: 111, skipped unchanged: 0
Generated Ninja file: .prism/build/build.ninja
Using compiler: clang++-18 -fuse-ld=mold (gnu_like)
Using build mode: debug
Using build grouping policy: incremental (report_only)
Object cache: disabled (default disabled)
Using repo root: /tmp/scpp-json-240-probe
Resolved project dependency graph: 1 project(s)
Runtime compilation: enabled
Dependency compilation: reuse existing artifacts only
ninja: Entering directory `.prism/build'
[1/113] PCH app_pch.hpp.gch
[2/113] CXX src/01_prepare_inputs/read_sources/data/buffer.o
[3/113] CXX src/02_tokenize/structures.o
[4/113] CXX src/02_tokenize/store.o
[5/113] CXX src/03_parse/data/expression_state.o
[6/113] CXX src/03_parse/data/nodes.o
[7/113] CXX src/01_prepare_inputs/load_runtime/main_load_runtime.o
[8/113] CXX scpp_framework/filesystem.o
[9/113] CXX main.o
[10/113] CXX src/02_tokenize/tokenize.o
[11/113] CXX scpp_framework/collections.o
[12/113] CXX src/03_parse/data/result.o
[13/113] CXX scpp_framework/exceptions.o
[14/113] CXX scpp_framework/json_document.o
[15/113] CXX scpp_framework/strings.o
[16/113] CXX src/01_prepare_inputs/load_runtime/utilities/catalog_syntax.o
[17/113] CXX src/03_parse/data/role_views.o
[18/113] CXX src/03_parse/handlers/control_statements.o
[19/113] CXX src/03_parse/handlers/statements.o
[20/113] CXX src/03_parse/handlers/expressions.o
[21/113] CXX src/03_parse/data/store.o
[22/113] CXX src/03_parse/data/tree.o
[23/113] CXX src/03_parse/main_parse.o
[24/113] CXX src/03_parse/handlers/declarations.o
[25/113] CXX probe.o
[26/113] CXX src/03_parse/handlers/metaprogramming.o
[27/113] CXX src/03_parse/utilities/struct_member_cursor.o
[28/113] CXX src/03_parse/utilities/binary_syntax.o
[29/113] CXX src/03_parse/utilities/metaprogramming_syntax.o
[30/113] CXX src/03_parse/select_tasks.o
[31/113] CXX src/03_parse/parse_file.o
[32/113] CXX src/03_parse/utilities/syntax_comparer.o
[33/113] CXX src/03_parse/utilities/syntax_access.o
[34/113] CXX src/04_analyze/check_bodies/utilities/literals.o
[35/113] CXX src/04_analyze/check_bodies/utilities/decimal_range.o
[36/113] CXX src/03_parse/join.o
[37/113] CXX src/04_analyze/check_templates/data/interpretation.o
[38/113] CXX src/04_analyze/check_templates/data/structures.o
[39/113] CXX src/04_analyze/check_templates/join.o
[40/113] CXX src/04_analyze/check_templates/data/result.o
[41/113] CXX src/04_analyze/collect_symbols/collect.o
[42/113] CXX src/04_analyze/check_templates/data/terms.o
[43/113] CXX src/04_analyze/check_templates/body.o
[44/113] CXX src/04_analyze/check_templates/main_check_templates.o
[45/113] CXX src/04_analyze/check_templates/select_tasks.o
[46/113] CXX src/04_analyze/collect_symbols/data/result.o
[47/113] CXX src/04_analyze/collect_symbols/data/provider_declaration.o
[48/113] CXX src/04_analyze/instantiate/bindings.o
[49/113] CXX src/04_analyze/check_templates/terms.o
[50/113] CXX src/04_analyze/collect_symbols/data/structures.o
[51/113] CXX src/04_analyze/instantiate/applications.o
[52/113] CXX src/04_analyze/collect_symbols/main_collect_symbols.o
[53/113] CXX src/04_analyze/collect_symbols/data/store.o
[54/113] CXX src/04_analyze/instantiate/constants.o
[55/113] CXX src/04_analyze/instantiate/data/applications.o
[56/113] CXX src/04_analyze/instantiate/data/context.o
[57/113] CXX src/04_analyze/instantiate/data/state.o
[58/113] CXX src/04_analyze/instantiate/identities.o
[59/113] CXX src/04_analyze/instantiate/data/result.o
[60/113] CXX src/04_analyze/resolve_symbols/data/structures.o
[61/113] CXX src/04_analyze/resolve_symbols/data/declarations.o
[62/113] CXX src/04_analyze/instantiate/data/store.o
[63/113] CXX src/04_analyze/resolve_symbols/data/traversal.o
[64/113] CXX src/04_analyze/resolve_symbols/handlers/names.o
[65/113] CXX src/04_analyze/resolve_symbols/handlers/declarations.o
[66/113] CXX src/04_analyze/resolve_symbols/handlers/statements.o
[67/113] CXX src/04_analyze/instantiate/data/view.o
[68/113] CXX src/04_analyze/resolve_symbols/data/store.o
[69/113] CXX src/04_analyze/resolve_symbols/data/result.o
[70/113] CXX src/04_analyze/resolve_symbols/handlers/expressions.o
[71/113] CXX src/04_analyze/resolve_symbols/body.o
[72/113] CXX src/04_analyze/resolve_symbols/main_resolve_symbols.o
[73/113] CXX src/04_analyze/resolve_symbols/join.o
[74/113] CXX src/04_analyze/resolve_symbols/utilities/function_lookup.o
[75/113] CXX src/04_analyze/resolve_symbols/utilities/resolution_validity.o
[76/113] CXX src/04_analyze/resolve_types/data/lifecycle_bodies.o
[77/113] CXX src/04_analyze/resolve_symbols/select_tasks.o
[78/113] CXX src/04_analyze/resolve_symbols/utilities/declaration_lookup.o
[79/113] CXX src/04_analyze/resolve_types/data/entry_selection.o
[80/113] CXX src/04_analyze/resolve_symbols/utilities/binding_coverage.o
[81/113] CXX src/04_analyze/resolve_types/data/entry_contract.o
[82/113] CXX src/04_analyze/resolve_types/definition_view.o
[83/113] CXX src/04_analyze/resolve_types/source_lifecycle.o
[84/113] CXX src/04_analyze/resolve_types/lifecycle_composition.o
[85/113] CXX src/04_analyze/resolve_types/main_prepare_entry.o
[86/113] CXX src/04_analyze/resolve_types/utilities/type_cache.o
[87/113] CXX src/04_analyze/resolve_types/record_definitions.o
[88/113] CXX src/04_analyze/resolve_types/storage.o
[89/113] CXX src/04_analyze/type_model/data/callable_modes.o
[90/113] CXX src/04_analyze/resolve_types/utilities/annotation_types.o
[91/113] CXX src/04_analyze/type_model/data/generic.o
[92/113] CXX src/04_analyze/type_model/data/context.o
[93/113] CXX src/04_analyze/type_model/data/callables.o
[94/113] CXX src/04_analyze/type_model/data/catalog.o
[95/113] CXX src/04_analyze/type_model/data/lifecycle_roles.o
[96/113] CXX src/04_analyze/type_model/data/definitions.o
[97/113] CXX src/04_analyze/type_model/data/lifecycle.o
[98/113] CXX src/04_analyze/type_model/data/lifetime_policy_codec.o
[99/113] CXX src/04_analyze/type_model/data/lifetime_contract.o
[100/113] CXX src/04_analyze/type_model/data/families.o
[101/113] CXX src/04_analyze/type_model/data/representations.o
[102/113] CXX src/04_analyze/type_model/data/native_record_layout.o
[103/113] CXX src/04_analyze/type_model/data/records.o
[104/113] CXX src/04_analyze/type_model/data/semantic_modes.o
[105/113] CXX src/04_analyze/type_model/result_contracts.o
[106/113] CXX src/04_analyze/type_model/data/source_families.o
[107/113] CXX src/04_analyze/type_model/data/semantic_calls.o
[108/113] CXX src/04_analyze/type_model/data/type_references.o
[109/113] CXX src/04_analyze/type_model/data/type_record.o
[110/113] CXX src/04_analyze/type_model/data/storage.o
[111/113] CXX src/04_analyze/type_model/data/resources.o
[112/113] CXX src/04_analyze/type_model/data/store.o
[113/113] LINK main
Rebuilt outputs: .prism/build/app_pch.hpp.gch, .prism/build/main, .prism/build/main.o, .prism/build/probe.o, .prism/build/scpp_framework/collections.o, .prism/build/scpp_framework/exceptions.o, .prism/build/scpp_framework/filesystem.o, .prism/build/scpp_framework/json_document.o, .prism/build/scpp_framework/strings.o, .prism/build/src/01_prepare_inputs/load_runtime/main_load_runtime.o, .prism/build/src/01_prepare_inputs/load_runtime/utilities/catalog_syntax.o, .prism/build/src/01_prepare_inputs/read_sources/data/buffer.o, .prism/build/src/02_tokenize/store.o, .prism/build/src/02_tokenize/structures.o, .prism/build/src/02_tokenize/tokenize.o, .prism/build/src/03_parse/data/expression_state.o, .prism/build/src/03_parse/data/nodes.o, .prism/build/src/03_parse/data/result.o, .prism/build/src/03_parse/data/role_views.o, .prism/build/src/03_parse/data/store.o, .prism/build/src/03_parse/data/tree.o, .prism/build/src/03_parse/handlers/control_statements.o, .prism/build/src/03_parse/handlers/declarations.o, .prism/build/src/03_parse/handlers/expressions.o, .prism/build/src/03_parse/handlers/metaprogramming.o, .prism/build/src/03_parse/handlers/statements.o, .prism/build/src/03_parse/join.o, .prism/build/src/03_parse/main_parse.o, .prism/build/src/03_parse/parse_file.o, .prism/build/src/03_parse/select_tasks.o, .prism/build/src/03_parse/utilities/binary_syntax.o, .prism/build/src/03_parse/utilities/metaprogramming_syntax.o, .prism/build/src/03_parse/utilities/struct_member_cursor.o, .prism/build/src/03_parse/utilities/syntax_access.o, .prism/build/src/03_parse/utilities/syntax_comparer.o, .prism/build/src/04_analyze/check_bodies/utilities/decimal_range.o, .prism/build/src/04_analyze/check_bodies/utilities/literals.o, .prism/build/src/04_analyze/check_templates/body.o, .prism/build/src/04_analyze/check_templates/data/interpretation.o, .prism/build/src/04_analyze/check_templates/data/result.o, .prism/build/src/04_analyze/check_templates/data/structures.o, .prism/build/src/04_analyze/check_templates/data/terms.o, .prism/build/src/04_analyze/check_templates/join.o, .prism/build/src/04_analyze/check_templates/main_check_templates.o, .prism/build/src/04_analyze/check_templates/select_tasks.o, .prism/build/src/04_analyze/check_templates/terms.o, .prism/build/src/04_analyze/collect_symbols/collect.o, .prism/build/src/04_analyze/collect_symbols/data/provider_declaration.o, .prism/build/src/04_analyze/collect_symbols/data/result.o, .prism/build/src/04_analyze/collect_symbols/data/store.o, .prism/build/src/04_analyze/collect_symbols/data/structures.o, .prism/build/src/04_analyze/collect_symbols/main_collect_symbols.o, .prism/build/src/04_analyze/instantiate/applications.o, .prism/build/src/04_analyze/instantiate/bindings.o, .prism/build/src/04_analyze/instantiate/constants.o, .prism/build/src/04_analyze/instantiate/data/applications.o, .prism/build/src/04_analyze/instantiate/data/context.o, .prism/build/src/04_analyze/instantiate/data/result.o, .prism/build/src/04_analyze/instantiate/data/state.o, .prism/build/src/04_analyze/instantiate/data/store.o, .prism/build/src/04_analyze/instantiate/data/view.o, .prism/build/src/04_analyze/instantiate/identities.o, .prism/build/src/04_analyze/resolve_symbols/body.o, .prism/build/src/04_analyze/resolve_symbols/data/declarations.o, .prism/build/src/04_analyze/resolve_symbols/data/result.o, .prism/build/src/04_analyze/resolve_symbols/data/store.o, .prism/build/src/04_analyze/resolve_symbols/data/structures.o, .prism/build/src/04_analyze/resolve_symbols/data/traversal.o, .prism/build/src/04_analyze/resolve_symbols/handlers/declarations.o, .prism/build/src/04_analyze/resolve_symbols/handlers/expressions.o, .prism/build/src/04_analyze/resolve_symbols/handlers/names.o, .prism/build/src/04_analyze/resolve_symbols/handlers/statements.o, .prism/build/src/04_analyze/resolve_symbols/join.o, .prism/build/src/04_analyze/resolve_symbols/main_resolve_symbols.o, .prism/build/src/04_analyze/resolve_symbols/select_tasks.o, .prism/build/src/04_analyze/resolve_symbols/utilities/binding_coverage.o, .prism/build/src/04_analyze/resolve_symbols/utilities/declaration_lookup.o, .prism/build/src/04_analyze/resolve_symbols/utilities/function_lookup.o, .prism/build/src/04_analyze/resolve_symbols/utilities/resolution_validity.o, .prism/build/src/04_analyze/resolve_types/data/entry_contract.o, .prism/build/src/04_analyze/resolve_types/data/entry_selection.o, .prism/build/src/04_analyze/resolve_types/data/lifecycle_bodies.o, .prism/build/src/04_analyze/resolve_types/definition_view.o, .prism/build/src/04_analyze/resolve_types/lifecycle_composition.o, .prism/build/src/04_analyze/resolve_types/main_prepare_entry.o, .prism/build/src/04_analyze/resolve_types/record_definitions.o, .prism/build/src/04_analyze/resolve_types/source_lifecycle.o, .prism/build/src/04_analyze/resolve_types/storage.o, .prism/build/src/04_analyze/resolve_types/utilities/annotation_types.o, .prism/build/src/04_analyze/resolve_types/utilities/type_cache.o, .prism/build/src/04_analyze/type_model/data/callable_modes.o, .prism/build/src/04_analyze/type_model/data/callables.o, .prism/build/src/04_analyze/type_model/data/catalog.o, .prism/build/src/04_analyze/type_model/data/context.o, .prism/build/src/04_analyze/type_model/data/definitions.o, .prism/build/src/04_analyze/type_model/data/families.o, .prism/build/src/04_analyze/type_model/data/generic.o, .prism/build/src/04_analyze/type_model/data/lifecycle.o, .prism/build/src/04_analyze/type_model/data/lifecycle_roles.o, .prism/build/src/04_analyze/type_model/data/lifetime_contract.o, .prism/build/src/04_analyze/type_model/data/lifetime_policy_codec.o, .prism/build/src/04_analyze/type_model/data/native_record_layout.o, .prism/build/src/04_analyze/type_model/data/records.o, .prism/build/src/04_analyze/type_model/data/representations.o, .prism/build/src/04_analyze/type_model/data/resources.o, .prism/build/src/04_analyze/type_model/data/semantic_calls.o, .prism/build/src/04_analyze/type_model/data/semantic_modes.o, .prism/build/src/04_analyze/type_model/data/source_families.o, .prism/build/src/04_analyze/type_model/data/storage.o, .prism/build/src/04_analyze/type_model/data/store.o, .prism/build/src/04_analyze/type_model/data/type_record.o, .prism/build/src/04_analyze/type_model/data/type_references.o, .prism/build/src/04_analyze/type_model/result_contracts.o
Tip: set SCPP_NINJA_VERBOSE=1 to show full Ninja command lines.
Build completed: .prism/build/main
