ninja: Entering directory `/tmp/scpp-edit-latency-20260919/app/.prism/build'
[1/625] CXX expanded/compile/backend/backend_native_execution_adapter.o
[2/625] CXX expanded/compile/backend/scalar_body_backend_collection.o
[3/625] CXX expanded/compile/incremental/deterministic_work_ordering.o
[4/625] CXX expanded/compile/incremental/mt_stage_evaluation.o
[5/625] CXX expanded/compile/backend/scalar_loop_backend_requests.o
[6/625] CXX expanded/compile/backend/scalar_body_statement_collection.o
[7/625] CXX expanded/compile/backend/backend_loop_text_emission.o
[8/625] CXX expanded/compile/incremental/partition_merge_reductions.o
[9/625] CXX expanded/compile/control_flow/control_flow_transfers.o
[10/625] CXX expanded/compile/control_flow/control_flow_dataflows.o
[11/625] CXX expanded/compile/incremental/scheduler_api.o
[12/625] CXX expanded/generated/semantic_conversion_lookup.o
[13/625] CXX expanded/generated/semantic_module_api_lookup.o
[14/625] CXX expanded/generated/semantic_callable_candidates.o
[15/625] CXX expanded/compile/backend/compiler_entry_backend.o
[16/625] CXX expanded/compile/support/pure_tdd_stage_artifacts.o
[17/625] CXX expanded/compile/support/structure_kernel_smoke_runner.o
[18/625] CXX expanded/generated/semantic_runtime_abi_declarations.o
[19/625] CXX expanded/compile/support/compiler_project_env_or_smoke_echo.o
[20/625] CXX expanded/generated/semantic_runtime_abi_bridge.o
[21/625] CXX expanded/compile/support/compiler_export_artifacts.o
[22/625] CXX expanded/structures/backend/runtime_abi_bridge_artifact.o
[23/625] CXX expanded/structures/project/project_frontend_model.o
[24/625] CXX expanded/__callable/prepare_outputs_locations.o
[25/625] CXX expanded/generated/semantic_operator_lookup.o
[26/625] CXX expanded/structures/frontend/frontend_model.o
[27/625] CXX expanded/__callable/analysis_context_locations.o
[28/625] CXX expanded/__callable/analysis_context_identity_locations.o
[29/625] CXX expanded/__callable/llvm_abi_call_lowering_locations.o
[30/625] CXX expanded/__callable/llvm_abi_declarations_locations.o
[31/625] CXX expanded/__callable/runtime_abi_bridge_locations.o
[32/625] CXX expanded/__callable/runtime_helper_effects_locations.o
[33/625] CXX expanded/__callable/backend_loop_text_emission_locations.o
[34/625] CXX expanded/__callable/string_runtime_abi_locations.o
[35/625] CXX expanded/__callable/backend_emission_adapter_routes_locations.o
[36/625] CXX expanded/__callable/backend_emission_decisions_locations.o
[37/625] CXX expanded/__callable/backend_module_composition_locations.o
[38/625] CXX expanded/__callable/backend_native_execution_adapter_locations.o
[39/625] CXX expanded/__callable/backend_partition_readiness_locations.o
[40/625] CXX expanded/__callable/backend_preflight_requests_locations.o
[41/625] CXX expanded/__callable/llvm_api_sink_preflight_locations.o
[42/625] clang++ -std=c++23 -fPIC -O0 -g1 -pipe -I../../../vendor/runtime/include -I../expanded/generated -DSCPP_LANGUAGE_TARGET_PHP=1 -DSCPP_HAS_MYSQLI=0 -DSCPP_HAS_REGEX=0 -DSCPP_HAS_CURL=0 -DSCPP_HAS_TASKS=1 -DSCPP_TASKS_DEFAULT_WORKER_POOL_SIZE=0 -DSCPP_HAS_UI=0 -DSCPP_HAS_WEBVIEW=0 -DSCPP_ENABLE_CALL_DEPTH_GUARD=1 -DSCPP_MAX_CALL_DEPTH=4096 -x c++-header -MD -MF expanded-project.pch.d ../expanded/generated/__project_units.hpp -o expanded-project.pch
[43/625] CXX expanded/__callable/local_body_lowering_locations.o
[44/625] CXX expanded/__callable/local_body_lowering_routes_locations.o
[45/625] CXX expanded/__callable/primitive_abi_adapter_matrix_locations.o
[46/625] CXX expanded/__callable/llvm_api_toolchain_probe_locations.o
[47/625] CXX expanded/__callable/scalar_body_statement_collection_locations.o
[48/625] CXX expanded/__callable/scalar_body_backend_collection_locations.o
[49/625] CXX expanded/__callable/capability_consumer_plans_locations.o
[50/625] CXX expanded/__callable/runtime_helper_contract_readiness_locations.o
[51/625] CXX expanded/__callable/type_traits_locations.o
[52/625] CXX expanded/__callable/control_flow_graphs_locations.o
[53/625] CXX expanded/__callable/parser_cursor_locations.o
[54/625] CXX expanded/__callable/parser_diagnostics_locations.o
[55/625] CXX expanded/__callable/phs_tokenizer_locations.o
[56/625] CXX expanded/__callable/parser_state_locations.o
[57/625] CXX expanded/__callable/resident_body_dependencies_locations.o
[58/625] CXX expanded/__callable/resident_change_events_locations.o
[59/625] CXX expanded/__callable/partition_readiness_locations.o
[60/625] CXX expanded/__callable/resident_daemon_file_ipc_locations.o
[61/625] CXX expanded/__callable/resident_daemon_incremental_proof_locations.o
[62/625] CXX expanded/__callable/resident_definition_granularity_locations.o
[63/625] CALLABLE_PART expanded_parts/main.o
[64/625] CXX expanded/structures/pipeline/compiler_project_run_report.o
[65/625] CXX expanded/__callable/resident_dependency_edges_locations.o
[66/625] CXX expanded/__callable/resident_dirty_propagation_locations.o
[67/625] CXX expanded/__callable/resident_function_body_incremental_acceptance_locations.o
[68/625] CXX expanded/__callable/resident_function_body_local_parse_proofs_locations.o
[69/625] CXX expanded/__callable/resident_frontend_node_lists_locations.o
[70/625] CXX expanded/__callable/resident_function_body_logical_frontend_consumer_descriptors_locations.o
[71/625] CXX expanded/__callable/resident_function_body_logical_frontend_reference_candidates_locations.o
[72/625] CXX expanded/__callable/resident_function_body_logical_frontend_views_locations.o
[73/625] CXX expanded/__callable/resident_function_body_mixed_frontend_assembly_proofs_locations.o
[74/625] CXX expanded/__callable/resident_function_body_ownership_locations.o
[75/625] CXX expanded/__callable/resident_function_body_parse_slices_locations.o
[76/625] CXX expanded/__callable/resident_function_body_publish_repoint_preflights_locations.o
[77/625] CXX expanded/__callable/resident_function_body_row_list_publish_plans_locations.o
[78/625] CXX expanded/__callable/resident_function_body_row_list_publish_results_locations.o
[79/625] CXX expanded/__callable/resident_function_body_stable_node_remap_proofs_locations.o
[80/625] CXX expanded/__callable/resident_function_body_summary_project_references_locations.o
[81/625] CXX expanded/__callable/resident_function_body_source_unit_repoint_proofs_locations.o
[82/625] CXX expanded/__callable/resident_function_body_work_decisions_locations.o
[83/625] CXX expanded/__callable/resident_public_surface_incremental_acceptance_locations.o
[84/625] CXX expanded/__callable/resident_project_symbol_name_lookups_locations.o
[85/625] CXX expanded/__callable/resident_recompute_targets_locations.o
[86/625] CXX expanded/__callable/resident_reverse_dependency_indexes_locations.o
[87/625] CXX expanded/__callable/resident_reverse_dependencies_locations.o
[88/625] CXX expanded/__callable/resident_token_lists_locations.o
[89/625] CXX expanded/__callable/resident_source_unit_frontend_states_locations.o
[90/625] CXX expanded/__callable/resident_transactions_locations.o
[91/625] CXX expanded/__callable/source_unit_early_skip_locations.o
[92/625] CXX expanded/__callable/source_unit_frontend_work_decisions_locations.o
[93/625] CXX expanded/__callable/source_unit_frontend_scheduler_locations.o
[94/625] CXX expanded/__callable/callable_contract_identity_locations.o
[95/625] CXX expanded/__callable/dependency_graph_identity_locations.o
[96/625] CXX expanded/__callable/frontend_body_summaries_locations.o
[97/625] CXX expanded/__callable/project_callable_contracts_locations.o
[98/625] CXX expanded/__callable/project_symbol_identity_locations.o
[99/625] CXX expanded/__callable/project_dependency_graph_locations.o
[100/625] CXX expanded/__callable/reference_identity_locations.o
[101/625] CXX expanded/__callable/source_buffers_locations.o
[102/625] CXX expanded/__callable/source_identity_locations.o
[103/625] CXX expanded/__callable/type_refs_locations.o
[104/625] CXX expanded/__callable/type_ref_identity_locations.o
[105/625] CXX expanded/__callable/operation_readiness_locations.o
[106/625] CXX expanded/__callable/compiler_pipeline_runner_locations.o
[107/625] CXX expanded/__callable/compiler_project_runner_locations.o
[108/625] CXX expanded/__callable/pipeline_config_helpers_locations.o
[109/625] CXX expanded/__callable/project_manifest_locations.o
[110/625] CXX expanded/__callable/semantic_body_capability_consumers_locations.o
[111/625] CXX expanded/__callable/artifact_writes_locations.o
[112/625] CXX expanded/__callable/compiler_execution_artifacts_locations.o
[113/625] CXX expanded/__callable/compiler_project_run_row_artifacts_locations.o
[114/625] CXX expanded/__callable/mt_publication_metrics_locations.o
[115/625] CXX expanded/__callable/debug_profile_gate_results_locations.o
[116/625] CXX expanded/__callable/performance_memory_estimates_locations.o
[117/625] CXX expanded/__callable/production_mt_heartbeat_locations.o
[118/625] CXX expanded/__callable/output_paths_locations.o
[119/625] CXX expanded/__callable/proof_metrics_locations.o
[120/625] CXX expanded/__callable/resident_snapshots_locations.o
[121/625] CXX expanded/__callable/semantic_callable_candidates_locations.o
[122/625] CXX expanded/__callable/gate_result_debug_helpers_locations.o
[123/625] CXX expanded/__callable/semantic_lookup_manifest_generated_locations.o
[124/625] CXX expanded/__callable/semantic_conversion_lookup_locations.o
[125/625] CXX expanded/__callable/semantic_module_api_lookup_locations.o
[126/625] CXX expanded/__callable/semantic_operator_lookup_locations.o
[127/625] CXX expanded/__callable/semantic_runtime_abi_bridge_locations.o
[128/625] CXX expanded/__callable/semantic_runtime_abi_declarations_locations.o
[129/625] CXX expanded/__callable/gate_result_inspection_helpers_locations.o
[130/625] CXX expanded/__callable/gate_profile_helpers_locations.o
[131/625] CXX expanded/__callable/semantic_type_ref_providers_locations.o
[132/625] CXX expanded/__callable/backend_request_row_lists_locations.o
[133/625] CXX expanded/__callable/row_segment_policy_locations.o
[134/625] CXX expanded/__callable/frontend_node_lists_locations.o
[135/625] CXX expanded/__callable/structure_row_ids_locations.o
[136/625] CXX expanded/__callable/token_row_lists_locations.o
[137/625] CXX expanded/__callable/token_tables_locations.o
[138/625] CALLABLE_PART expanded_parts/__callable/prepare_outputs_group_0.o
[139/625] CALLABLE_PART expanded_parts/__callable/analysis_context_group_0.o
[140/625] CALLABLE_PART expanded_parts/__callable/analysis_context_group_2.o
[141/625] CALLABLE_PART expanded_parts/__callable/llvm_abi_declarations_group_0.o
[142/625] CALLABLE_PART expanded_parts/__callable/llvm_abi_call_lowering_group_0.o
[143/625] CALLABLE_PART expanded_parts/__callable/runtime_abi_bridge_group_0.o
[144/625] CALLABLE_PART expanded_parts/__callable/analysis_context_group_1.o
[145/625] CALLABLE_PART expanded_parts/__callable/runtime_abi_bridge_group_2.o
[146/625] CALLABLE_PART expanded_parts/__callable/string_runtime_abi_group_0.o
[147/625] CALLABLE_PART expanded_parts/__callable/runtime_abi_bridge_group_1.o
[148/625] CALLABLE_PART expanded_parts/__callable/runtime_helper_effects_group_0.o
[149/625] CALLABLE_PART expanded_parts/__callable/backend_emission_adapter_routes_group_0.o
[150/625] CALLABLE_PART expanded_parts/__callable/string_runtime_abi_group_1.o
[151/625] CALLABLE_PART expanded_parts/__callable/backend_emission_adapter_routes_group_1.o
[152/625] CALLABLE_PART expanded_parts/__callable/backend_emission_adapter_routes_group_2.o
[153/625] CALLABLE_PART expanded_parts/__callable/backend_emission_decisions_group_1.o
[154/625] CALLABLE_PART expanded_parts/__callable/backend_emission_decisions_group_0.o
[155/625] CALLABLE_PART expanded_parts/__callable/backend_emission_decisions_group_2.o
[156/625] CALLABLE_PART expanded_parts/__callable/backend_emission_decisions_group_6.o
[157/625] CALLABLE_PART expanded_parts/__callable/backend_emission_decisions_group_5.o
[158/625] CALLABLE_PART expanded_parts/__callable/backend_emission_decisions_group_3.o
[159/625] CALLABLE_PART expanded_parts/__callable/backend_emission_decisions_group_4.o
[160/625] CALLABLE_PART expanded_parts/__callable/backend_loop_text_emission_group_0.o
[161/625] CALLABLE_PART expanded_parts/__callable/backend_native_execution_adapter_group_0.o
[162/625] CALLABLE_PART expanded_parts/__callable/backend_module_composition_group_0.o
[163/625] CALLABLE_PART expanded_parts/__callable/backend_native_execution_adapter_group_1.o
[164/625] CALLABLE_PART expanded_parts/__callable/backend_partition_readiness_group_0.o
[165/625] CALLABLE_PART expanded_parts/__callable/backend_preflight_requests_group_0.o
[166/625] CALLABLE_PART expanded_parts/__callable/backend_partition_readiness_group_2.o
[167/625] CALLABLE_PART expanded_parts/__callable/backend_partition_readiness_group_1.o
[168/625] CALLABLE_PART expanded_parts/__callable/backend_preflight_requests_group_1.o
[169/625] CALLABLE_PART expanded_parts/__callable/backend_preflight_requests_group_4.o
[170/625] CALLABLE_PART expanded_parts/__callable/backend_preflight_requests_group_2.o
[171/625] CALLABLE_PART expanded_parts/__callable/backend_preflight_requests_group_3.o
[172/625] CALLABLE_PART expanded_parts/__callable/backend_preflight_requests_group_5.o
[173/625] CALLABLE_PART expanded_parts/__callable/backend_preflight_requests_group_6.o
[174/625] CALLABLE_PART expanded_parts/__callable/backend_preflight_requests_group_9.o
[175/625] CALLABLE_PART expanded_parts/__callable/backend_preflight_requests_group_7.o
[176/625] CALLABLE_PART expanded_parts/__callable/backend_preflight_requests_group_8.o
[177/625] CALLABLE_PART expanded_parts/__callable/backend_preflight_requests_group_10.o
[178/625] CALLABLE_PART expanded_parts/__callable/backend_preflight_requests_group_12.o
[179/625] CALLABLE_PART expanded_parts/__callable/backend_preflight_requests_group_11.o
[180/625] CALLABLE_PART expanded_parts/__callable/backend_preflight_requests_group_13.o
[181/625] CALLABLE_PART expanded_parts/__callable/backend_preflight_requests_group_14.o
[182/625] CALLABLE_PART expanded_parts/__callable/backend_preflight_requests_group_16.o
[183/625] CALLABLE_PART expanded_parts/__callable/backend_preflight_requests_group_17.o
[184/625] CALLABLE_PART expanded_parts/__callable/backend_preflight_requests_group_15.o
[185/625] CALLABLE_PART expanded_parts/__callable/llvm_api_sink_preflight_group_0.o
[186/625] CALLABLE_PART expanded_parts/__callable/llvm_api_toolchain_probe_group_0.o
[187/625] CALLABLE_PART expanded_parts/__callable/llvm_api_sink_preflight_group_2.o
[188/625] CALLABLE_PART expanded_parts/__callable/llvm_api_sink_preflight_group_3.o
[189/625] CALLABLE_PART expanded_parts/__callable/llvm_api_toolchain_probe_group_2.o
[190/625] CALLABLE_PART expanded_parts/__callable/llvm_api_toolchain_probe_group_1.o
[191/625] CALLABLE_PART expanded_parts/__callable/llvm_api_sink_preflight_group_1.o
[192/625] CALLABLE_PART expanded_parts/__callable/local_body_lowering_group_0.o
[193/625] CALLABLE_PART expanded_parts/__callable/local_body_lowering_group_1.o
[194/625] CALLABLE_PART expanded_parts/__callable/local_body_lowering_group_2.o
[195/625] CALLABLE_PART expanded_parts/__callable/local_body_lowering_group_3.o
[196/625] CALLABLE_PART expanded_parts/__callable/local_body_lowering_group_4.o
[197/625] CALLABLE_PART expanded_parts/__callable/primitive_abi_adapter_matrix_group_0.o
[198/625] CALLABLE_PART expanded_parts/__callable/primitive_abi_adapter_matrix_group_2.o
[199/625] CALLABLE_PART expanded_parts/__callable/primitive_abi_adapter_matrix_group_4.o
[200/625] CALLABLE_PART expanded_parts/__callable/primitive_abi_adapter_matrix_group_1.o
[201/625] CALLABLE_PART expanded_parts/__callable/primitive_abi_adapter_matrix_group_3.o
[202/625] CALLABLE_PART expanded_parts/__callable/scalar_body_backend_collection_group_0.o
[203/625] CALLABLE_PART expanded_parts/__callable/scalar_body_statement_collection_group_0.o
[204/625] CALLABLE_PART expanded_parts/__callable/runtime_helper_contract_readiness_group_1.o
[205/625] CALLABLE_PART expanded_parts/__callable/runtime_helper_contract_readiness_group_0.o
[206/625] CALLABLE_PART expanded_parts/__callable/scalar_body_statement_collection_group_1.o
[207/625] CALLABLE_PART expanded_parts/__callable/capability_consumer_plans_group_0.o
[208/625] CALLABLE_PART expanded_parts/__callable/runtime_helper_contract_readiness_group_2.o
[209/625] CALLABLE_PART expanded_parts/__callable/type_traits_group_1.o
[210/625] CALLABLE_PART expanded_parts/__callable/type_traits_group_0.o
[211/625] CALLABLE_PART expanded_parts/__callable/type_traits_group_2.o
[212/625] CALLABLE_PART expanded_parts/__callable/type_traits_group_3.o
[213/625] CALLABLE_PART expanded_parts/__callable/control_flow_graphs_group_0.o
[214/625] CALLABLE_PART expanded_parts/__callable/type_traits_group_4.o
[215/625] CALLABLE_PART expanded_parts/__callable/type_traits_group_5.o
[216/625] CALLABLE_PART expanded_parts/__callable/control_flow_graphs_group_1.o
[217/625] CALLABLE_PART expanded_parts/__callable/type_traits_group_6.o
[218/625] CALLABLE_PART expanded_parts/__callable/control_flow_graphs_group_3.o
[219/625] CALLABLE_PART expanded_parts/__callable/control_flow_graphs_group_2.o
[220/625] CALLABLE_PART expanded_parts/__callable/frontend_model_builder_group_0.o
[221/625] CALLABLE_PART expanded_parts/__callable/frontend_model_builder_group_1.o
[222/625] CALLABLE_PART expanded_parts/__callable/frontend_model_builder_group_3.o
[223/625] CALLABLE_PART expanded_parts/__callable/frontend_model_builder_group_2.o
[224/625] CALLABLE_PART expanded_parts/__callable/frontend_model_builder_group_4.o
[225/625] CALLABLE_PART expanded_parts/__callable/frontend_model_builder_group_5.o
[226/625] CALLABLE_PART expanded_parts/__callable/frontend_model_builder_group_7.o
[227/625] CALLABLE_PART expanded_parts/__callable/frontend_model_builder_group_6.o
[228/625] CALLABLE_PART expanded_parts/__callable/frontend_model_builder_group_8.o
[229/625] CALLABLE_PART expanded_parts/__callable/frontend_model_builder_group_10.o
[230/625] CALLABLE_PART expanded_parts/__callable/frontend_model_builder_group_9.o
[231/625] CALLABLE_PART expanded_parts/__callable/frontend_model_builder_group_12.o
[232/625] CALLABLE_PART expanded_parts/__callable/frontend_model_builder_group_11.o
[233/625] CALLABLE_PART expanded_parts/__callable/frontend_model_builder_group_13.o
[234/625] CALLABLE_PART expanded_parts/__callable/frontend_model_builder_group_14.o
[235/625] CALLABLE_PART expanded_parts/__callable/frontend_model_builder_group_16.o
[236/625] CALLABLE_PART expanded_parts/__callable/frontend_model_builder_group_15.o
[237/625] CALLABLE_PART expanded_parts/__callable/frontend_model_builder_group_17.o
[238/625] CALLABLE_PART expanded_parts/__callable/frontend_model_builder_group_18.o
[239/625] CALLABLE_PART expanded_parts/__callable/frontend_model_builder_group_19.o
[240/625] CALLABLE_PART expanded_parts/__callable/parser_cursor_group_0.o
[241/625] CALLABLE_PART expanded_parts/__callable/parser_diagnostics_group_1.o
[242/625] CALLABLE_PART expanded_parts/__callable/parser_state_group_1.o
[243/625] CALLABLE_PART expanded_parts/__callable/parser_diagnostics_group_0.o
[244/625] CALLABLE_PART expanded_parts/__callable/phs_tokenizer_group_0.o
[245/625] CALLABLE_PART expanded_parts/__callable/parser_state_group_0.o
[246/625] CALLABLE_PART expanded_parts/__callable/phs_tokenizer_group_2.o
[247/625] CALLABLE_PART expanded_parts/__callable/phs_tokenizer_group_1.o
[248/625] CALLABLE_PART expanded_parts/__callable/partition_readiness_group_0.o
[249/625] CALLABLE_PART expanded_parts/__callable/partition_readiness_group_1.o
[250/625] CALLABLE_PART expanded_parts/__callable/partition_readiness_group_2.o
[251/625] CALLABLE_PART expanded_parts/__callable/token_kinds_group_0.o
[252/625] CALLABLE_PART expanded_parts/__callable/partition_readiness_group_3.o
[253/625] CALLABLE_PART expanded_parts/__callable/partition_readiness_group_5.o
[254/625] CALLABLE_PART expanded_parts/__callable/resident_change_events_group_0.o
[255/625] CALLABLE_PART expanded_parts/__callable/resident_body_dependencies_group_0.o
[256/625] CALLABLE_PART expanded_parts/__callable/partition_readiness_group_4.o
[257/625] CALLABLE_PART expanded_parts/__callable/resident_change_events_group_1.o
[258/625] CALLABLE_PART expanded_parts/__callable/resident_daemon_file_ipc_group_1.o
[259/625] CALLABLE_PART expanded_parts/__callable/resident_daemon_file_ipc_group_0.o
[260/625] CALLABLE_PART expanded_parts/__callable/resident_change_events_group_2.o
[261/625] CALLABLE_PART expanded_parts/__callable/resident_daemon_file_ipc_group_4.o
[262/625] CALLABLE_PART expanded_parts/__callable/resident_daemon_file_ipc_group_3.o
[263/625] CALLABLE_PART expanded_parts/__callable/resident_daemon_file_ipc_group_2.o
[264/625] CALLABLE_PART expanded_parts/__callable/resident_daemon_file_ipc_group_6.o
[265/625] CALLABLE_PART expanded_parts/__callable/resident_daemon_file_ipc_group_7.o
[266/625] CALLABLE_PART expanded_parts/__callable/resident_daemon_file_ipc_group_5.o
[267/625] CALLABLE_PART expanded_parts/__callable/resident_daemon_file_ipc_group_8.o
[268/625] CALLABLE_PART expanded_parts/__callable/resident_daemon_file_ipc_group_9.o
[269/625] CALLABLE_PART expanded_parts/__callable/resident_daemon_file_ipc_group_10.o
[270/625] CALLABLE_PART expanded_parts/__callable/resident_daemon_file_ipc_group_11.o
[271/625] CALLABLE_PART expanded_parts/__callable/resident_definition_granularity_group_0.o
[272/625] CALLABLE_PART expanded_parts/__callable/resident_daemon_incremental_proof_group_0.o
[273/625] CALLABLE_PART expanded_parts/__callable/resident_definition_granularity_group_1.o
[274/625] CALLABLE_PART expanded_parts/__callable/resident_definition_granularity_group_2.o
[275/625] CALLABLE_PART expanded_parts/__callable/resident_definition_granularity_group_3.o
[276/625] CALLABLE_PART expanded_parts/__callable/resident_definition_granularity_group_6.o
[277/625] CALLABLE_PART expanded_parts/__callable/resident_dirty_propagation_group_0.o
[278/625] CALLABLE_PART expanded_parts/__callable/resident_definition_granularity_group_4.o
[279/625] CALLABLE_PART expanded_parts/__callable/resident_definition_granularity_group_5.o
[280/625] CALLABLE_PART expanded_parts/__callable/resident_dependency_edges_group_0.o
[281/625] CALLABLE_PART expanded_parts/__callable/resident_dirty_propagation_group_1.o
[282/625] CALLABLE_PART expanded_parts/__callable/resident_dirty_propagation_group_2.o
[283/625] CALLABLE_PART expanded_parts/__callable/resident_dirty_propagation_group_3.o
[284/625] CALLABLE_PART expanded_parts/__callable/resident_dirty_propagation_group_4.o
[285/625] CALLABLE_PART expanded_parts/__callable/resident_dirty_propagation_group_5.o
[286/625] CALLABLE_PART expanded_parts/__callable/resident_function_body_incremental_acceptance_group_0.o
[287/625] CALLABLE_PART expanded_parts/__callable/resident_frontend_node_lists_group_0.o
[288/625] CALLABLE_PART expanded_parts/__callable/resident_function_body_incremental_acceptance_group_2.o
[289/625] CALLABLE_PART expanded_parts/__callable/resident_dirty_propagation_group_6.o
[290/625] CALLABLE_PART expanded_parts/__callable/resident_function_body_incremental_acceptance_group_3.o
[291/625] CALLABLE_PART expanded_parts/__callable/resident_frontend_node_lists_group_1.o
[292/625] CALLABLE_PART expanded_parts/__callable/resident_function_body_local_parse_proofs_group_1.o
[293/625] CALLABLE_PART expanded_parts/__callable/resident_function_body_logical_frontend_consumer_descriptors_group_0.o
[294/625] CALLABLE_PART expanded_parts/__callable/resident_function_body_local_parse_proofs_group_0.o
[295/625] CALLABLE_PART expanded_parts/__callable/resident_function_body_incremental_acceptance_group_1.o
[296/625] CALLABLE_PART expanded_parts/__callable/resident_function_body_logical_frontend_consumer_descriptors_group_1.o
[297/625] CALLABLE_PART expanded_parts/__callable/resident_function_body_logical_frontend_reference_candidates_group_0.o
[298/625] CALLABLE_PART expanded_parts/__callable/resident_function_body_logical_frontend_consumer_descriptors_group_2.o
[299/625] CALLABLE_PART expanded_parts/__callable/resident_function_body_logical_frontend_reference_candidates_group_1.o
[300/625] CALLABLE_PART expanded_parts/__callable/resident_function_body_logical_frontend_consumer_descriptors_group_3.o
[301/625] CALLABLE_PART expanded_parts/__callable/resident_function_body_logical_frontend_views_group_0.o
[302/625] CALLABLE_PART expanded_parts/__callable/resident_function_body_mixed_frontend_assembly_proofs_group_2.o
[303/625] CALLABLE_PART expanded_parts/__callable/resident_function_body_logical_frontend_views_group_1.o
[304/625] CALLABLE_PART expanded_parts/__callable/resident_function_body_mixed_frontend_assembly_proofs_group_1.o
[305/625] CALLABLE_PART expanded_parts/__callable/resident_function_body_mixed_frontend_assembly_proofs_group_0.o
[306/625] CALLABLE_PART expanded_parts/__callable/resident_function_body_ownership_group_1.o
[307/625] CALLABLE_PART expanded_parts/__callable/resident_function_body_ownership_group_0.o
[308/625] CALLABLE_PART expanded_parts/__callable/resident_function_body_ownership_group_2.o
[309/625] CALLABLE_PART expanded_parts/__callable/resident_function_body_ownership_group_4.o
[310/625] CALLABLE_PART expanded_parts/__callable/resident_function_body_parse_slices_group_0.o
[311/625] CALLABLE_PART expanded_parts/__callable/resident_function_body_parse_slices_group_1.o
[312/625] CALLABLE_PART expanded_parts/__callable/resident_function_body_ownership_group_3.o
[313/625] CALLABLE_PART expanded_parts/__callable/resident_function_body_publish_repoint_preflights_group_0.o
[314/625] CALLABLE_PART expanded_parts/__callable/resident_function_body_row_list_publish_plans_group_0.o
[315/625] CALLABLE_PART expanded_parts/__callable/resident_function_body_publish_repoint_preflights_group_1.o
[316/625] CALLABLE_PART expanded_parts/__callable/resident_function_body_row_list_publish_plans_group_2.o
[317/625] CALLABLE_PART expanded_parts/__callable/resident_function_body_row_list_publish_results_group_0.o
[318/625] CALLABLE_PART expanded_parts/__callable/resident_function_body_row_list_publish_plans_group_1.o
[319/625] CALLABLE_PART expanded_parts/__callable/resident_function_body_row_list_publish_results_group_1.o
[320/625] CALLABLE_PART expanded_parts/__callable/resident_function_body_row_list_publish_results_group_2.o
[321/625] CALLABLE_PART expanded_parts/__callable/resident_function_body_source_unit_repoint_proofs_group_0.o
[322/625] CALLABLE_PART expanded_parts/__callable/resident_function_body_stable_node_remap_proofs_group_0.o
[323/625] CALLABLE_PART expanded_parts/__callable/resident_function_body_source_unit_repoint_proofs_group_1.o
[324/625] CALLABLE_PART expanded_parts/__callable/resident_function_body_summary_project_references_group_0.o
[325/625] CALLABLE_PART expanded_parts/__callable/resident_function_body_stable_node_remap_proofs_group_1.o
[326/625] CALLABLE_PART expanded_parts/__callable/resident_function_body_work_decisions_group_0.o
[327/625] CALLABLE_PART expanded_parts/__callable/resident_function_body_summary_project_references_group_1.o
[328/625] CALLABLE_PART expanded_parts/__callable/resident_function_body_work_decisions_group_1.o
[329/625] CALLABLE_PART expanded_parts/__callable/resident_function_body_work_decisions_group_2.o
[330/625] CALLABLE_PART expanded_parts/__callable/resident_function_body_work_decisions_group_3.o
[331/625] CALLABLE_PART expanded_parts/__callable/resident_project_symbol_name_lookups_group_1.o
[332/625] CALLABLE_PART expanded_parts/__callable/resident_public_surface_incremental_acceptance_group_0.o
[333/625] CALLABLE_PART expanded_parts/__callable/resident_project_symbol_name_lookups_group_0.o
[334/625] CALLABLE_PART expanded_parts/__callable/resident_public_surface_incremental_acceptance_group_3.o
[335/625] CALLABLE_PART expanded_parts/__callable/resident_recompute_targets_group_0.o
[336/625] CALLABLE_PART expanded_parts/__callable/resident_public_surface_incremental_acceptance_group_1.o
[337/625] CALLABLE_PART expanded_parts/__callable/resident_recompute_targets_group_1.o
[338/625] CALLABLE_PART expanded_parts/__callable/resident_public_surface_incremental_acceptance_group_2.o
[339/625] CALLABLE_PART expanded_parts/__callable/resident_recompute_targets_group_2.o
[340/625] CALLABLE_PART expanded_parts/__callable/resident_reverse_dependencies_group_1.o
[341/625] CALLABLE_PART expanded_parts/__callable/resident_reverse_dependency_indexes_group_0.o
[342/625] CALLABLE_PART expanded_parts/__callable/resident_reverse_dependencies_group_0.o
[343/625] CALLABLE_PART expanded_parts/__callable/resident_reverse_dependency_indexes_group_1.o
[344/625] CALLABLE_PART expanded_parts/__callable/resident_source_unit_frontend_states_group_0.o
[345/625] CALLABLE_PART expanded_parts/__callable/resident_source_unit_frontend_states_group_3.o
[346/625] CALLABLE_PART expanded_parts/__callable/resident_source_unit_frontend_states_group_1.o
[347/625] CALLABLE_PART expanded_parts/__callable/resident_transactions_group_0.o
[348/625] CALLABLE_PART expanded_parts/__callable/resident_token_lists_group_0.o
[349/625] CALLABLE_PART expanded_parts/__callable/resident_source_unit_frontend_states_group_2.o
[350/625] CALLABLE_PART expanded_parts/__callable/resident_token_lists_group_1.o
[351/625] CALLABLE_PART expanded_parts/__callable/resident_transactions_group_1.o
[352/625] CALLABLE_PART expanded_parts/__callable/source_unit_early_skip_group_0.o
[353/625] CALLABLE_PART expanded_parts/__callable/resident_transactions_group_2.o
[354/625] CALLABLE_PART expanded_parts/__callable/source_unit_early_skip_group_1.o
[355/625] CALLABLE_PART expanded_parts/__callable/source_unit_early_skip_group_2.o
[356/625] CALLABLE_PART expanded_parts/__callable/source_unit_early_skip_group_3.o
[357/625] CALLABLE_PART expanded_parts/__callable/source_unit_frontend_scheduler_group_0.o
[358/625] CALLABLE_PART expanded_parts/__callable/source_unit_frontend_scheduler_group_3.o
[359/625] CALLABLE_PART expanded_parts/__callable/source_unit_frontend_work_decisions_group_0.o
[360/625] CALLABLE_PART expanded_parts/__callable/source_unit_frontend_scheduler_group_2.o
[361/625] CALLABLE_PART expanded_parts/__callable/source_unit_frontend_scheduler_group_1.o
[362/625] CALLABLE_PART expanded_parts/__callable/source_unit_frontend_work_decisions_group_2.o
[363/625] CALLABLE_PART expanded_parts/__callable/source_unit_frontend_work_decisions_group_1.o
[364/625] CALLABLE_PART expanded_parts/__callable/callable_contract_identity_group_0.o
[365/625] CALLABLE_PART expanded_parts/__callable/dependency_graph_identity_group_0.o
[366/625] CALLABLE_PART expanded_parts/__callable/frontend_body_summaries_group_0.o
[367/625] CALLABLE_PART expanded_parts/__callable/frontend_body_summaries_group_3.o
[368/625] CALLABLE_PART expanded_parts/__callable/project_callable_contracts_group_0.o
[369/625] CALLABLE_PART expanded_parts/__callable/frontend_body_summaries_group_4.o
[370/625] CALLABLE_PART expanded_parts/__callable/frontend_body_summaries_group_2.o
[371/625] CALLABLE_PART expanded_parts/__callable/project_callable_contracts_group_1.o
[372/625] CALLABLE_PART expanded_parts/__callable/frontend_body_summaries_group_1.o
[373/625] CALLABLE_PART expanded_parts/__callable/project_callable_contracts_group_2.o
[374/625] CALLABLE_PART expanded_parts/__callable/project_dependency_graph_group_1.o
[375/625] CALLABLE_PART expanded_parts/__callable/project_callable_contracts_group_3.o
[376/625] CALLABLE_PART expanded_parts/__callable/project_dependency_graph_group_0.o
[377/625] CALLABLE_PART expanded_parts/__callable/project_dependency_graph_group_2.o
[378/625] CALLABLE_PART expanded_parts/__callable/project_dependency_graph_group_3.o
[379/625] CALLABLE_PART expanded_parts/__callable/project_dependency_graph_group_5.o
[380/625] CALLABLE_PART expanded_parts/__callable/reference_identity_group_0.o
[381/625] CALLABLE_PART expanded_parts/__callable/project_symbol_identity_group_0.o
[382/625] CALLABLE_PART expanded_parts/__callable/source_buffers_group_0.o
[383/625] CALLABLE_PART expanded_parts/__callable/project_dependency_graph_group_4.o
[384/625] CALLABLE_PART expanded_parts/__callable/source_identity_group_0.o
[385/625] CALLABLE_PART expanded_parts/__callable/type_refs_group_0.o
[386/625] CALLABLE_PART expanded_parts/__callable/type_ref_identity_group_0.o
[387/625] CALLABLE_PART expanded_parts/__callable/source_identity_group_1.o
[388/625] CALLABLE_PART expanded_parts/__callable/type_refs_group_1.o
[389/625] CALLABLE_PART expanded_parts/__callable/type_refs_group_2.o
[390/625] CALLABLE_PART expanded_parts/__callable/type_refs_group_6.o
[391/625] CALLABLE_PART expanded_parts/__callable/type_refs_group_3.o
[392/625] CALLABLE_PART expanded_parts/__callable/type_refs_group_7.o
[393/625] CALLABLE_PART expanded_parts/__callable/type_refs_group_4.o
[394/625] CALLABLE_PART expanded_parts/__callable/type_refs_group_5.o
[395/625] CALLABLE_PART expanded_parts/__callable/type_refs_group_8.o
[396/625] CALLABLE_PART expanded_parts/__callable/operation_readiness_group_0.o
[397/625] CALLABLE_PART expanded_parts/__callable/operation_readiness_group_3.o
[398/625] CALLABLE_PART expanded_parts/__callable/operation_readiness_group_4.o
[399/625] CALLABLE_PART expanded_parts/__callable/operation_readiness_group_2.o
[400/625] CALLABLE_PART expanded_parts/__callable/operation_readiness_group_1.o
[401/625] CALLABLE_PART expanded_parts/__callable/operation_readiness_group_5.o
[402/625] CALLABLE_PART expanded_parts/__callable/compiler_pipeline_runner_group_0.o
[403/625] CALLABLE_PART expanded_parts/__callable/operation_readiness_group_8.o
[404/625] CALLABLE_PART expanded_parts/__callable/compiler_project_runner_group_0.o
[405/625] CALLABLE_PART expanded_parts/__callable/operation_readiness_group_7.o
[406/625] CALLABLE_PART expanded_parts/__callable/operation_readiness_group_6.o
[407/625] CALLABLE_PART expanded_parts/__callable/operation_readiness_group_9.o
[408/625] CALLABLE_PART expanded_parts/__callable/compiler_project_runner_group_2.o
[409/625] CALLABLE_PART expanded_parts/__callable/pipeline_config_helpers_group_1.o
[410/625] CALLABLE_PART expanded_parts/__callable/pipeline_config_helpers_group_0.o
[411/625] CALLABLE_PART expanded_parts/__callable/project_manifest_group_0.o
[412/625] CALLABLE_PART expanded_parts/__callable/compiler_project_runner_group_1.o
[413/625] CALLABLE_PART expanded_parts/__callable/project_manifest_group_1.o
[414/625] CALLABLE_PART expanded_parts/__callable/artifact_writes_group_0.o
[415/625] CALLABLE_PART expanded_parts/__callable/compiler_profile_events_group_0.o
[416/625] CALLABLE_PART expanded_parts/__callable/semantic_body_capability_consumers_group_0.o
[417/625] CALLABLE_PART expanded_parts/__callable/artifact_writes_group_1.o
[418/625] CALLABLE_PART expanded_parts/__callable/compiler_execution_artifacts_group_0.o
[419/625] CALLABLE_PART expanded_parts/__callable/artifact_writes_group_2.o
[420/625] CALLABLE_PART expanded_parts/__callable/compiler_profile_events_group_1.o
[421/625] CALLABLE_PART expanded_parts/__callable/compiler_profile_events_group_2.o
[422/625] CALLABLE_PART expanded_parts/__callable/compiler_project_run_row_artifacts_group_0.o
[423/625] CALLABLE_PART expanded_parts/__callable/debug_profile_gate_results_group_1.o
[424/625] CALLABLE_PART expanded_parts/__callable/mt_publication_metrics_group_0.o
[425/625] CALLABLE_PART expanded_parts/__callable/debug_profile_gate_results_group_0.o
[426/625] CALLABLE_PART expanded_parts/__callable/output_paths_group_0.o
[427/625] CALLABLE_PART expanded_parts/__callable/performance_memory_estimates_group_1.o
[428/625] CALLABLE_PART expanded_parts/__callable/performance_memory_estimates_group_2.o
[429/625] CALLABLE_PART expanded_parts/__callable/performance_memory_estimates_group_0.o
[430/625] CALLABLE_PART expanded_parts/__callable/production_mt_heartbeat_group_0.o
[431/625] CALLABLE_PART expanded_parts/__callable/performance_memory_estimates_group_3.o
[432/625] CALLABLE_PART expanded_parts/__callable/production_mt_heartbeat_group_1.o
[433/625] CALLABLE_PART expanded_parts/__callable/proof_metrics_group_1.o
[434/625] CALLABLE_PART expanded_parts/__callable/proof_metrics_group_0.o
[435/625] CALLABLE_PART expanded_parts/__callable/proof_metrics_group_4.o
[436/625] CALLABLE_PART expanded_parts/__callable/proof_metrics_group_2.o
[437/625] CALLABLE_PART expanded_parts/__callable/proof_metrics_group_3.o
[438/625] CALLABLE_PART expanded_parts/__callable/proof_metrics_group_6.o
[439/625] CALLABLE_PART expanded_parts/__callable/proof_metrics_group_5.o
[440/625] CALLABLE_PART expanded_parts/__callable/proof_metrics_group_7.o
[441/625] CALLABLE_PART expanded_parts/__callable/proof_metrics_group_8.o
[442/625] CALLABLE_PART expanded_parts/__callable/proof_metrics_group_10.o
[443/625] CALLABLE_PART expanded_parts/__callable/proof_metrics_group_9.o
[444/625] CALLABLE_PART expanded_parts/__callable/proof_metrics_group_11.o
[445/625] CALLABLE_PART expanded_parts/__callable/proof_metrics_group_12.o
[446/625] CALLABLE_PART expanded_parts/__callable/proof_metrics_group_13.o
[447/625] CALLABLE_PART expanded_parts/__callable/proof_metrics_group_15.o
[448/625] CALLABLE_PART expanded_parts/__callable/proof_metrics_group_16.o
[449/625] CALLABLE_PART expanded_parts/__callable/proof_metrics_group_14.o
[450/625] CALLABLE_PART expanded_parts/__callable/proof_metrics_group_18.o
[451/625] CALLABLE_PART expanded_parts/__callable/proof_metrics_group_19.o
[452/625] CALLABLE_PART expanded_parts/__callable/proof_metrics_group_17.o
[453/625] CALLABLE_PART expanded_parts/__callable/proof_metrics_group_20.o
[454/625] CALLABLE_PART expanded_parts/__callable/proof_metrics_group_22.o
[455/625] CALLABLE_PART expanded_parts/__callable/proof_metrics_group_21.o
[456/625] CALLABLE_PART expanded_parts/__callable/proof_metrics_group_27.o
[457/625] CALLABLE_PART expanded_parts/__callable/proof_metrics_group_26.o
[458/625] CALLABLE_PART expanded_parts/__callable/proof_metrics_group_23.o
[459/625] CALLABLE_PART expanded_parts/__callable/proof_metrics_group_24.o
[460/625] CALLABLE_PART expanded_parts/__callable/proof_metrics_group_25.o
[461/625] CALLABLE_PART expanded_parts/__callable/proof_metrics_group_28.o
[462/625] CALLABLE_PART expanded_parts/__callable/proof_metrics_group_29.o
[463/625] CALLABLE_PART expanded_parts/__callable/proof_metrics_group_31.o
[464/625] CALLABLE_PART expanded_parts/__callable/proof_metrics_group_32.o
[465/625] CALLABLE_PART expanded_parts/__callable/proof_metrics_group_30.o
[466/625] CALLABLE_PART expanded_parts/__callable/proof_metrics_group_33.o
[467/625] CALLABLE_PART expanded_parts/__callable/proof_metrics_group_34.o
[468/625] CALLABLE_PART expanded_parts/__callable/proof_metrics_group_36.o
[469/625] CALLABLE_PART expanded_parts/__callable/proof_metrics_group_35.o
[470/625] CALLABLE_PART expanded_parts/__callable/proof_metrics_group_38.o
[471/625] CALLABLE_PART expanded_parts/__callable/proof_metrics_group_37.o
[472/625] CALLABLE_PART expanded_parts/__callable/proof_metrics_group_40.o
[473/625] CALLABLE_PART expanded_parts/__callable/proof_metrics_group_39.o
[474/625] CALLABLE_PART expanded_parts/__callable/proof_metrics_group_41.o
[475/625] CALLABLE_PART expanded_parts/__callable/proof_metrics_group_43.o
[476/625] CALLABLE_PART expanded_parts/__callable/proof_metrics_group_44.o
[477/625] CALLABLE_PART expanded_parts/__callable/proof_metrics_group_42.o
[478/625] CALLABLE_PART expanded_parts/__callable/proof_metrics_group_45.o
[479/625] CALLABLE_PART expanded_parts/__callable/proof_metrics_group_46.o
[480/625] CALLABLE_PART expanded_parts/__callable/gate_result_debug_helpers_group_0.o
[481/625] CALLABLE_PART expanded_parts/__callable/resident_snapshots_group_0.o
[482/625] CALLABLE_PART expanded_parts/__callable/resident_snapshots_group_1.o
[483/625] CALLABLE_PART expanded_parts/__callable/semantic_conversion_lookup_group_0.o
[484/625] CALLABLE_PART expanded_parts/__callable/semantic_callable_candidates_group_1.o
[485/625] CALLABLE_PART expanded_parts/__callable/semantic_callable_candidates_group_0.o
[486/625] CALLABLE_PART expanded_parts/__callable/semantic_conversion_lookup_group_1.o
[487/625] CALLABLE_PART expanded_parts/__callable/semantic_lookup_manifest_generated_group_0.o
[488/625] CALLABLE_PART expanded_parts/__callable/semantic_module_api_lookup_group_0.o
[489/625] CALLABLE_PART expanded_parts/__callable/semantic_conversion_lookup_group_2.o
[490/625] CALLABLE_PART expanded_parts/__callable/semantic_lookup_manifest_generated_group_1.o
[491/625] CALLABLE_PART expanded_parts/__callable/semantic_module_api_lookup_group_1.o
[492/625] CALLABLE_PART expanded_parts/__callable/semantic_operator_lookup_group_0.o
[493/625] CALLABLE_PART expanded_parts/__callable/semantic_operator_lookup_group_1.o
[494/625] CALLABLE_PART expanded_parts/__callable/semantic_module_api_lookup_group_3.o
[495/625] CALLABLE_PART expanded_parts/__callable/semantic_operator_lookup_group_4.o
[496/625] CALLABLE_PART expanded_parts/__callable/semantic_operator_lookup_group_2.o
[497/625] CALLABLE_PART expanded_parts/__callable/semantic_operator_lookup_group_3.o
[498/625] CALLABLE_PART expanded_parts/__callable/semantic_operator_lookup_group_5.o
[499/625] CALLABLE_PART expanded_parts/__callable/semantic_module_api_lookup_group_2.o
[500/625] CALLABLE_PART expanded_parts/__callable/semantic_runtime_abi_bridge_group_0.o
[501/625] CALLABLE_PART expanded_parts/__callable/semantic_runtime_abi_bridge_group_1.o
[502/625] CALLABLE_PART expanded_parts/__callable/semantic_runtime_abi_bridge_group_2.o
[503/625] CALLABLE_PART expanded_parts/__callable/semantic_runtime_abi_bridge_group_3.o
[504/625] CALLABLE_PART expanded_parts/__callable/semantic_runtime_abi_bridge_group_5.o
[505/625] CALLABLE_PART expanded_parts/__callable/semantic_runtime_abi_declarations_group_0.o
[506/625] CALLABLE_PART expanded_parts/__callable/semantic_runtime_abi_bridge_group_4.o
[507/625] CALLABLE_PART expanded_parts/__callable/semantic_runtime_abi_declarations_group_1.o
[508/625] CALLABLE_PART expanded_parts/__callable/semantic_runtime_abi_declarations_group_2.o
[509/625] CALLABLE_PART expanded_parts/__callable/semantic_type_ref_providers_group_1.o
[510/625] CALLABLE_PART expanded_parts/__callable/semantic_type_ref_providers_group_0.o
[511/625] CALLABLE_PART expanded_parts/__callable/semantic_type_ref_providers_group_2.o
[512/625] CALLABLE_PART expanded_parts/__callable/gate_result_inspection_helpers_group_0.o
[513/625] CALLABLE_PART expanded_parts/__callable/semantic_type_ref_providers_group_3.o
[514/625] CALLABLE_PART expanded_parts/__callable/gate_profile_helpers_group_0.o
[515/625] CALLABLE_PART expanded_parts/__callable/backend_request_row_lists_group_0.o
[516/625] CALLABLE_PART expanded_parts/__callable/backend_request_row_lists_group_1.o
[517/625] CALLABLE_PART expanded_parts/__callable/frontend_model_tables_group_0.o
[518/625] CALLABLE_PART expanded_parts/__callable/frontend_model_tables_group_1.o
[519/625] CALLABLE_PART expanded_parts/__callable/frontend_model_tables_group_2.o
[520/625] CALLABLE_PART expanded_parts/__callable/frontend_model_tables_group_4.o
[521/625] CALLABLE_PART expanded_parts/__callable/frontend_model_tables_group_3.o
[522/625] CALLABLE_PART expanded_parts/__callable/frontend_model_tables_group_5.o
[523/625] CALLABLE_PART expanded_parts/__callable/frontend_model_tables_group_6.o
[524/625] CALLABLE_PART expanded_parts/__callable/frontend_model_tables_group_7.o
[525/625] CALLABLE_PART expanded_parts/__callable/frontend_model_tables_group_8.o
[526/625] CALLABLE_PART expanded_parts/__callable/frontend_node_lists_group_0.o
[527/625] CALLABLE_PART expanded_parts/__callable/structure_row_ids_group_0.o
[528/625] CALLABLE_PART expanded_parts/__callable/frontend_node_lists_group_1.o
[529/625] CALLABLE_PART expanded_parts/__callable/frontend_node_lists_group_2.o
[530/625] CALLABLE_PART expanded_parts/__callable/frontend_node_lists_group_3.o
[531/625] CALLABLE_PART expanded_parts/__callable/structure_row_ids_group_1.o
[532/625] CALLABLE_PART expanded_parts/__callable/row_segment_policy_group_1.o
[533/625] CALLABLE_PART expanded_parts/__callable/row_segment_policy_group_0.o
[534/625] CALLABLE_PART expanded_parts/__callable/token_tables_group_0.o
[535/625] CALLABLE_PART expanded_parts/__callable/token_row_lists_group_0.o
[536/625] CALLABLE_PART expanded_parts/__callable/token_row_lists_group_2.o
[537/625] CALLABLE_PART expanded_parts/__callable/token_row_lists_group_1.o
[538/625] CALLABLE_PART expanded_parts/__callable/token_tables_group_1.o
[539/625] CALLABLE_PART expanded_parts/__callable/token_tables_group_3.o
[540/625] CALLABLE_PART expanded_parts/__callable/token_tables_group_2.o
[541/625] CALLABLE_PART expanded_parts/compile/model/source_units/part_0.o
[542/625] CALLABLE_PART expanded_parts/compile/model/source_units/part_1.o
[543/625] CALLABLE_PART expanded_parts/compile/model/project_symbol_index/part_2.o
[544/625] CALLABLE_PART expanded_parts/compile/model/source_units/part_4.o
[545/625] CALLABLE_PART expanded_parts/compile/model/source_units/part_2.o
[546/625] CALLABLE_PART expanded_parts/compile/model/source_units/part_3.o
[547/625] CALLABLE_PART expanded_parts/compile/model/project_symbol_index/part_3.o
[548/625] CALLABLE_PART expanded_parts/compile/model/project_symbol_index/part_0.o
[549/625] CALLABLE_PART expanded_parts/compile/model/project_symbol_index/part_1.o
[550/625] CALLABLE_PART expanded_parts/compile/model/project_symbol_index/part_4.o
[551/625] CALLABLE_PART expanded_parts/compile/incremental/resident_source_unit_frontend_payload_tables/part_0.o
[552/625] CALLABLE_PART expanded_parts/compile/incremental/resident_source_unit_frontend_payload_tables/part_1.o
[553/625] CALLABLE_PART expanded_parts/compile/incremental/resident_source_unit_frontend_payload_tables/part_2.o
[554/625] CALLABLE_PART expanded_parts/compile/incremental/resident_source_unit_frontend_payload_tables/part_6.o
[555/625] CALLABLE_PART expanded_parts/compile/incremental/resident_source_unit_frontend_payload_tables/part_3.o
[556/625] CALLABLE_PART expanded_parts/compile/incremental/resident_source_unit_frontend_payload_tables/part_10.o
[557/625] CALLABLE_PART expanded_parts/compile/incremental/resident_source_unit_frontend_payload_tables/part_7.o
[558/625] CALLABLE_PART expanded_parts/compile/incremental/resident_source_unit_frontend_payload_tables/part_5.o
[559/625] CALLABLE_PART expanded_parts/compile/incremental/resident_source_unit_frontend_payload_tables/part_4.o
[560/625] CALLABLE_PART expanded_parts/compile/incremental/resident_source_unit_frontend_payload_tables/part_9.o
[561/625] CALLABLE_PART expanded_parts/compile/incremental/resident_source_unit_frontend_payload_tables/part_8.o
[562/625] CALLABLE_PART expanded_parts/compile/incremental/resident_source_unit_frontend_payload_tables/part_12.o
[563/625] CALLABLE_PART expanded_parts/compile/incremental/resident_source_unit_frontend_payload_tables/part_11.o
[564/625] CALLABLE_PART expanded_parts/compile/incremental/resident_source_unit_frontend_payload_tables/part_13.o
[565/625] CALLABLE_PART expanded_parts/compile/incremental/resident_source_unit_frontend_payload_tables/part_14.o
[566/625] CALLABLE_PART expanded_parts/compile/incremental/resident_source_unit_frontend_payload_tables/part_15.o
[567/625] CALLABLE_PART expanded_parts/compile/incremental/resident_source_unit_frontend_payload_tables/part_16.o
[568/625] CALLABLE_PART expanded_parts/compile/incremental/resident_source_unit_frontend_payload_tables/part_20.o
[569/625] CALLABLE_PART expanded_parts/compile/incremental/resident_source_unit_frontend_payload_tables/part_18.o
[570/625] CALLABLE_PART expanded_parts/compile/incremental/resident_source_unit_frontend_payload_tables/part_17.o
[571/625] CALLABLE_PART expanded_parts/compile/backend/llvm_text_from_plan/part_3.o
[572/625] CALLABLE_PART expanded_parts/compile/backend/llvm_text_from_plan/part_0.o
[573/625] CALLABLE_PART expanded_parts/compile/backend/llvm_text_from_plan/part_1.o
[574/625] CALLABLE_PART expanded_parts/compile/backend/llvm_text_from_plan/part_2.o
[575/625] CALLABLE_PART expanded_parts/compile/backend/llvm_text_from_plan/part_4.o
[576/625] CALLABLE_PART expanded_parts/compile/incremental/resident_source_unit_frontend_payload_tables/part_19.o
[577/625] CALLABLE_PART expanded_parts/compile/backend/llvm_text_from_plan/part_5.o
[578/625] CALLABLE_PART expanded_parts/compile/backend/llvm_text_from_plan/part_7.o
[579/625] CALLABLE_PART expanded_parts/compile/backend/llvm_text_from_plan/part_6.o
[580/625] CALLABLE_PART expanded_parts/compile/backend/llvm_text_from_plan/part_8.o
[581/625] CALLABLE_PART expanded_parts/compile/backend/llvm_text_from_plan/part_10.o
[582/625] CALLABLE_PART expanded_parts/compile/backend/llvm_text_from_plan/part_11.o
[583/625] CALLABLE_PART expanded_parts/compile/backend/llvm_text_from_plan/part_14.o
[584/625] CALLABLE_PART expanded_parts/compile/backend/llvm_text_from_plan/part_9.o
[585/625] CALLABLE_PART expanded_parts/compile/backend/llvm_text_from_plan/part_12.o
[586/625] CALLABLE_PART expanded_parts/compile/backend/llvm_text_from_plan/part_15.o
[587/625] CALLABLE_PART expanded_parts/compile/backend/llvm_text_from_plan/part_13.o
[588/625] CALLABLE_PART expanded_parts/compile/backend/llvm_text_from_plan/part_16.o
[589/625] CALLABLE_PART expanded_parts/compile/backend/backend_object_link_cache/part_0.o
[590/625] CALLABLE_PART expanded_parts/compile/backend/backend_object_link_cache/part_3.o
[591/625] CALLABLE_PART expanded_parts/compile/backend/backend_object_link_cache/part_1.o
[592/625] CALLABLE_PART expanded_parts/compile/backend/backend_object_link_cache/part_2.o
[593/625] CALLABLE_PART expanded_parts/compile/backend/lowering_plan/part_0.o
[594/625] CALLABLE_PART expanded_parts/compile/backend/lowering_plan/part_2.o
[595/625] CALLABLE_PART expanded_parts/compile/capabilities/storage_lifetime_readiness/part_0.o
[596/625] CALLABLE_PART expanded_parts/compile/backend/lowering_plan/part_1.o
[597/625] CALLABLE_PART expanded_parts/compile/backend/lowering_plan/part_3.o
[598/625] CALLABLE_PART expanded_parts/compile/capabilities/storage_lifetime_readiness/part_1.o
[599/625] CALLABLE_PART expanded_parts/compile/backend/lowering_plan/part_4.o
[600/625] CALLABLE_PART expanded_parts/compile/capabilities/type_capability_readiness/part_0.o
[601/625] CALLABLE_PART expanded_parts/compile/capabilities/storage_lifetime_readiness/part_2.o
[602/625] CALLABLE_PART expanded_parts/compile/capabilities/type_capability_readiness/part_3.o
[603/625] CALLABLE_PART expanded_parts/compile/capabilities/type_capability_readiness/part_1.o
[604/625] CALLABLE_PART expanded_parts/compile/capabilities/storage_lifetime_readiness/part_3.o
[605/625] CALLABLE_PART expanded_parts/compile/capabilities/type_capability_readiness/part_7.o
[606/625] CALLABLE_PART expanded_parts/compile/capabilities/type_capability_readiness/part_2.o
[607/625] CALLABLE_PART expanded_parts/compile/capabilities/type_capability_readiness/part_5.o
[608/625] CALLABLE_PART expanded_parts/compile/capabilities/type_capability_readiness/part_4.o
[609/625] CALLABLE_PART expanded_parts/compile/capabilities/type_capability_readiness/part_8.o
[610/625] CALLABLE_PART expanded_parts/compile/capabilities/type_capability_readiness/part_6.o
[611/625] CALLABLE_PART expanded_parts/compile/capabilities/type_capability_readiness/part_9.o
[612/625] CALLABLE_PART expanded_parts/compile/capabilities/type_capability_readiness/part_12.o
[613/625] CALLABLE_PART expanded_parts/compile/capabilities/type_capability_readiness/part_10.o
[614/625] CALLABLE_PART expanded_parts/compile/capabilities/type_capability_readiness/part_11.o
[615/625] CALLABLE_PART expanded_parts/compile/capabilities/type_capability_readiness/part_13.o
[616/625] CALLABLE_PART expanded_parts/compile/incremental/resident_source_unit_symbol_states/part_0.o
[617/625] CALLABLE_PART expanded_parts/compile/model/project_reference_resolution/part_0.o
[618/625] CALLABLE_PART expanded_parts/compile/incremental/resident_source_unit_symbol_states/part_2.o
[619/625] CALLABLE_PART expanded_parts/compile/model/project_reference_resolution/part_1.o
[620/625] CALLABLE_PART expanded_parts/compile/model/project_reference_resolution/part_2.o
[621/625] CALLABLE_PART expanded_parts/compile/model/project_reference_resolution/part_3.o
[622/625] CALLABLE_PART expanded_parts/compile/incremental/resident_source_unit_symbol_states/part_1.o
[623/625] CALLABLE_PART expanded_parts/compile/model/project_reference_resolution/part_4.o
[624/625] CALLABLE_PART expanded_parts/compile/model/project_reference_resolution/part_5.o
[625/625] LINK main
