Transpiled PHP files: 156, skipped unchanged: 0
Generated Ninja file: .prism/build/build.ninja
Using compiler: clang++-18 -fuse-ld=mold (gnu_like)
Using build mode: debug
Using build grouping policy: incremental (report_only)
Object cache: disabled (default disabled)
Using repo root: /tmp/scpp-json-240-probe
Resolved project dependency graph: 1 project(s)
Runtime compilation: enabled
Dependency compilation: reuse existing artifacts only
ninja: Entering directory `.prism/build'
[1/158] PCH app_pch.hpp.gch
[2/158] CXX src/01_prepare_inputs/load_runtime/data/package_context.o
[3/158] CXX src/01_prepare_inputs/load_runtime/data/runtime.o
[4/158] CXX src/01_prepare_inputs/load_runtime/handlers/lifecycle.o
[5/158] CXX scpp_framework/exceptions.o
[6/158] CXX scpp_framework/json_document.o
[7/158] CXX scpp_framework/collections.o
[8/158] CXX src/01_prepare_inputs/load_runtime/data/package_bindings.o
[9/158] CXX probe.o
[10/158] CXX scpp_framework/strings.o
[11/158] CXX scpp_framework/filesystem.o
[12/158] CXX src/01_prepare_inputs/load_runtime/data/family_preparation.o
[13/158] CXX main.o
[14/158] CXX src/01_prepare_inputs/load_runtime/data/project.o
[15/158] CXX src/01_prepare_inputs/load_runtime/data/family_results.o
[16/158] CXX src/01_prepare_inputs/load_runtime/data/package.o
[17/158] CXX src/01_prepare_inputs/load_runtime/main_load_runtime.o
[18/158] CXX fixture.o
[19/158] CXX src/01_prepare_inputs/load_runtime/handlers/native_import.o
[20/158] CXX src/01_prepare_inputs/load_runtime/project_import.o
[21/158] CXX src/02_tokenize/tokenize.o
[22/158] CXX src/02_tokenize/structures.o
[23/158] CXX src/01_prepare_inputs/read_sources/data/buffer.o
[24/158] CXX src/01_prepare_inputs/load_runtime/handlers/package_syntax.o
[25/158] CXX src/02_tokenize/store.o
[26/158] CXX src/01_prepare_inputs/load_runtime/handlers/package_types.o
[27/158] CXX src/01_prepare_inputs/load_runtime/handlers/type_exposure.o
[28/158] CXX src/03_parse/data/expression_state.o
[29/158] CXX src/03_parse/data/nodes.o
[30/158] CXX src/01_prepare_inputs/load_runtime/utilities/catalog_syntax.o
[31/158] CXX src/01_prepare_inputs/load_runtime/handlers/resources.o
[32/158] CXX src/01_prepare_inputs/load_runtime/handlers/package_type_map.o
[33/158] CXX src/03_parse/handlers/declarations.o
[34/158] CXX src/03_parse/handlers/control_statements.o
[35/158] CXX src/03_parse/data/role_views.o
[36/158] CXX src/03_parse/data/result.o
[37/158] CXX src/03_parse/handlers/metaprogramming.o
[38/158] CXX src/03_parse/handlers/expressions.o
[39/158] CXX src/03_parse/handlers/statements.o
[40/158] CXX src/03_parse/data/tree.o
[41/158] CXX src/03_parse/main_parse.o
[42/158] CXX src/03_parse/data/store.o
[43/158] CXX src/03_parse/utilities/metaprogramming_syntax.o
[44/158] CXX src/03_parse/parse_file.o
[45/158] CXX src/03_parse/join.o
[46/158] CXX src/03_parse/utilities/binary_syntax.o
[47/158] CXX src/03_parse/utilities/struct_member_cursor.o
[48/158] CXX src/03_parse/select_tasks.o
[49/158] CXX src/04_analyze/check_bodies/utilities/literals.o
[50/158] CXX src/04_analyze/check_bodies/utilities/decimal_range.o
[51/158] CXX src/04_analyze/check_templates/data/interpretation.o
[52/158] CXX src/03_parse/utilities/syntax_comparer.o
[53/158] CXX src/04_analyze/check_templates/data/structures.o
[54/158] CXX src/03_parse/utilities/syntax_access.o
[55/158] CXX src/04_analyze/check_templates/data/result.o
[56/158] CXX src/04_analyze/check_templates/data/terms.o
[57/158] CXX src/04_analyze/check_templates/main_check_templates.o
[58/158] CXX src/04_analyze/check_templates/body.o
[59/158] CXX src/04_analyze/check_templates/join.o
[60/158] CXX src/04_analyze/collect_symbols/collect.o
[61/158] CXX src/04_analyze/collect_symbols/data/result.o
[62/158] CXX src/04_analyze/check_templates/select_tasks.o
[63/158] CXX src/04_analyze/collect_symbols/data/provider_declaration.o
[64/158] CXX src/04_analyze/collect_symbols/data/structures.o
[65/158] CXX src/04_analyze/check_templates/terms.o
[66/158] CXX src/04_analyze/instantiate/applications.o
[67/158] CXX src/04_analyze/instantiate/bindings.o
[68/158] CXX src/04_analyze/instantiate/data/context.o
[69/158] CXX src/04_analyze/collect_symbols/data/store.o
[70/158] CXX src/04_analyze/instantiate/constants.o
[71/158] CXX src/04_analyze/instantiate/data/applications.o
[72/158] CXX src/04_analyze/collect_symbols/main_collect_symbols.o
[73/158] CXX src/04_analyze/instantiate/data/members.o
[74/158] CXX src/04_analyze/instantiate/identities.o
[75/158] CXX src/04_analyze/instantiate/data/state.o
[76/158] CXX src/04_analyze/instantiate/members.o
[77/158] CXX src/04_analyze/instantiate/data/result.o
[78/158] CXX src/04_analyze/instantiate/join.o
[79/158] CXX src/04_analyze/instantiate/data/store.o
[80/158] CXX src/04_analyze/instantiate/data/view.o
[81/158] CXX src/04_analyze/resolve_symbols/data/declarations.o
[82/158] CXX src/04_analyze/resolve_symbols/data/structures.o
[83/158] CXX src/04_analyze/instantiate/member_join.o
[84/158] CXX src/04_analyze/resolve_symbols/handlers/declarations.o
[85/158] CXX src/04_analyze/resolve_symbols/handlers/expressions.o
[86/158] CXX src/04_analyze/resolve_symbols/data/store.o
[87/158] CXX src/04_analyze/resolve_symbols/handlers/statements.o
[88/158] CXX src/04_analyze/resolve_symbols/data/traversal.o
[89/158] CXX src/04_analyze/resolve_symbols/handlers/names.o
[90/158] CXX src/04_analyze/resolve_symbols/data/result.o
[91/158] CXX src/04_analyze/resolve_symbols/body.o
[92/158] CXX src/04_analyze/resolve_symbols/join.o
[93/158] CXX src/04_analyze/resolve_symbols/main_resolve_symbols.o
[94/158] CXX src/04_analyze/resolve_symbols/utilities/declaration_lookup.o
[95/158] CXX src/04_analyze/resolve_symbols/select_tasks.o
[96/158] CXX src/04_analyze/resolve_types/data/entry_contract.o
[97/158] CXX src/04_analyze/resolve_symbols/utilities/function_lookup.o
[98/158] CXX src/04_analyze/resolve_symbols/utilities/resolution_validity.o
[99/158] CXX src/04_analyze/resolve_types/data/entry_selection.o
[100/158] CXX src/04_analyze/resolve_symbols/utilities/binding_coverage.o
[101/158] CXX src/04_analyze/resolve_types/data/lifecycle_bodies.o
[102/158] CXX src/04_analyze/resolve_types/data/export_identity.o
[103/158] CXX src/04_analyze/resolve_types/data/result.o
[104/158] CXX src/04_analyze/resolve_types/data/records.o
[105/158] CXX src/04_analyze/resolve_types/data/preparation.o
[106/158] CXX src/04_analyze/resolve_types/data/signature_set.o
[107/158] CXX src/04_analyze/resolve_types/data/signatures.o
[108/158] CXX src/04_analyze/resolve_types/main_prepare_entry.o
[109/158] CXX src/04_analyze/resolve_types/definition_view.o
[110/158] CXX src/04_analyze/resolve_types/lifecycle_composition.o
[111/158] CXX src/04_analyze/resolve_types/source_lifecycle.o
[112/158] CXX src/04_analyze/resolve_types/record_definitions.o
[113/158] CXX src/04_analyze/resolve_types/select_signatures.o
[114/158] CXX src/04_analyze/resolve_types/preparation_queue.o
../generated/src/04_analyze/resolve_types/preparation_queue.cpp:47:3: warning: ignoring return value of function declared with 'nodiscard' attribute [-Wunused-result]
   47 |                 batch->requests.remove(request->key);
      |                 ^~~~~~~~~~~~~~~~~~~~~~ ~~~~~~~~~~~~
../generated/src/04_analyze/resolve_types/preparation_queue.cpp:49:4: warning: ignoring return value of function declared with 'nodiscard' attribute [-Wunused-result]
   49 |                         this->batches.remove(request->kind);
      |                         ^~~~~~~~~~~~~~~~~~~~ ~~~~~~~~~~~~~
../generated/src/04_analyze/resolve_types/preparation_queue.cpp:87:3: warning: ignoring return value of function declared with 'nodiscard' attribute [-Wunused-result]
   87 |                 this->batches.remove(kind);
      |                 ^~~~~~~~~~~~~~~~~~~~ ~~~~
../generated/src/04_analyze/resolve_types/preparation_queue.cpp:99:2: warning: ignoring return value of function declared with 'nodiscard' attribute [-Wunused-result]
   99 |         this->entries.remove(request->key);
      |         ^~~~~~~~~~~~~~~~~~~~ ~~~~~~~~~~~~
../generated/src/04_analyze/resolve_types/preparation_queue.cpp:115:4: warning: ignoring return value of function declared with 'nodiscard' attribute [-Wunused-result]
  115 |                         entry->waiting.remove(fact);
      |                         ^~~~~~~~~~~~~~~~~~~~~ ~~~~
../generated/src/04_analyze/resolve_types/preparation_queue.cpp:120:3: warning: ignoring return value of function declared with 'nodiscard' attribute [-Wunused-result]
  120 |                 this->dependents.remove(fact);
      |                 ^~~~~~~~~~~~~~~~~~~~~~~ ~~~~
6 warnings generated.
[115/158] CXX src/04_analyze/resolve_types/source_lifecycle_bodies.o
[116/158] CXX src/04_analyze/resolve_types/data/type_resolution.o
[117/158] CXX src/04_analyze/resolve_types/record_join.o
[118/158] CXX src/04_analyze/resolve_types/records.o
[119/158] CXX src/04_analyze/resolve_types/signatures.o
[120/158] CXX src/04_analyze/resolve_types/source_lifecycle_signature.o
[121/158] CXX src/04_analyze/resolve_types/signature_join.o
[122/158] CXX src/04_analyze/resolve_types/storage.o
[123/158] CXX src/04_analyze/resolve_types/storage_signatures.o
[124/158] CXX src/04_analyze/resolve_types/utilities/annotation_types.o
[125/158] CXX src/04_analyze/resolve_types/utilities/callable_inputs.o
[126/158] CXX src/04_analyze/resolve_types/utilities/parameter_contracts.o
[127/158] CXX src/04_analyze/resolve_types/utilities/signature_validity.o
[128/158] CXX src/04_analyze/resolve_types/utilities/type_cache.o
[129/158] CXX src/04_analyze/type_model/data/context.o
[130/158] CXX src/04_analyze/type_model/callable_contracts.o
[131/158] CXX src/04_analyze/type_model/data/callables.o
[132/158] CXX src/04_analyze/type_model/data/definitions.o
[133/158] CXX src/04_analyze/type_model/data/callable_modes.o
[134/158] CXX src/04_analyze/type_model/data/generic.o
[135/158] CXX src/04_analyze/type_model/data/lifecycle.o
[136/158] CXX src/04_analyze/type_model/data/catalog.o
[137/158] CXX src/04_analyze/type_model/data/lifecycle_roles.o
[138/158] CXX src/04_analyze/type_model/data/lifetime_contract.o
[139/158] CXX src/04_analyze/type_model/data/lifetime_policy_codec.o
[140/158] CXX src/04_analyze/type_model/data/families.o
[141/158] CXX src/04_analyze/type_model/data/native_record_layout.o
[142/158] CXX src/04_analyze/type_model/data/records.o
[143/158] CXX src/04_analyze/type_model/data/representations.o
[144/158] CXX src/04_analyze/type_model/data/semantic_calls.o
[145/158] CXX src/04_analyze/type_model/data/semantic_modes.o
[146/158] CXX src/04_analyze/type_model/data/resources.o
[147/158] CXX src/04_analyze/type_model/data/type_record.o
[148/158] CXX src/04_analyze/type_model/data/source_families.o
[149/158] CXX src/04_analyze/type_model/data/type_references.o
[150/158] CXX src/05_generate_code/prepare_backend/data/configuration.o
[151/158] CXX src/04_analyze/type_model/data/storage.o
[152/158] CXX src/05_generate_code/prepare_backend/data/abi.o
[153/158] CXX src/04_analyze/type_model/result_contracts.o
[154/158] CXX src/04_analyze/type_model/data/store.o
[155/158] CXX src/compile/data/native_project.o
[156/158] CXX src/05_generate_code/prepare_backend/data/layout.o
[157/158] CXX src/05_generate_code/prepare_backend/data/source_exports.o
[158/158] LINK main
Rebuilt outputs: .prism/build/app_pch.hpp.gch, .prism/build/fixture.o, .prism/build/main, .prism/build/main.o, .prism/build/probe.o, .prism/build/scpp_framework/collections.o, .prism/build/scpp_framework/exceptions.o, .prism/build/scpp_framework/filesystem.o, .prism/build/scpp_framework/json_document.o, .prism/build/scpp_framework/strings.o, .prism/build/src/01_prepare_inputs/load_runtime/data/family_preparation.o, .prism/build/src/01_prepare_inputs/load_runtime/data/family_results.o, .prism/build/src/01_prepare_inputs/load_runtime/data/package.o, .prism/build/src/01_prepare_inputs/load_runtime/data/package_bindings.o, .prism/build/src/01_prepare_inputs/load_runtime/data/package_context.o, .prism/build/src/01_prepare_inputs/load_runtime/data/project.o, .prism/build/src/01_prepare_inputs/load_runtime/data/runtime.o, .prism/build/src/01_prepare_inputs/load_runtime/handlers/lifecycle.o, .prism/build/src/01_prepare_inputs/load_runtime/handlers/native_import.o, .prism/build/src/01_prepare_inputs/load_runtime/handlers/package_syntax.o, .prism/build/src/01_prepare_inputs/load_runtime/handlers/package_type_map.o, .prism/build/src/01_prepare_inputs/load_runtime/handlers/package_types.o, .prism/build/src/01_prepare_inputs/load_runtime/handlers/resources.o, .prism/build/src/01_prepare_inputs/load_runtime/handlers/type_exposure.o, .prism/build/src/01_prepare_inputs/load_runtime/main_load_runtime.o, .prism/build/src/01_prepare_inputs/load_runtime/project_import.o, .prism/build/src/01_prepare_inputs/load_runtime/utilities/catalog_syntax.o, .prism/build/src/01_prepare_inputs/read_sources/data/buffer.o, .prism/build/src/02_tokenize/store.o, .prism/build/src/02_tokenize/structures.o, .prism/build/src/02_tokenize/tokenize.o, .prism/build/src/03_parse/data/expression_state.o, .prism/build/src/03_parse/data/nodes.o, .prism/build/src/03_parse/data/result.o, .prism/build/src/03_parse/data/role_views.o, .prism/build/src/03_parse/data/store.o, .prism/build/src/03_parse/data/tree.o, .prism/build/src/03_parse/handlers/control_statements.o, .prism/build/src/03_parse/handlers/declarations.o, .prism/build/src/03_parse/handlers/expressions.o, .prism/build/src/03_parse/handlers/metaprogramming.o, .prism/build/src/03_parse/handlers/statements.o, .prism/build/src/03_parse/join.o, .prism/build/src/03_parse/main_parse.o, .prism/build/src/03_parse/parse_file.o, .prism/build/src/03_parse/select_tasks.o, .prism/build/src/03_parse/utilities/binary_syntax.o, .prism/build/src/03_parse/utilities/metaprogramming_syntax.o, .prism/build/src/03_parse/utilities/struct_member_cursor.o, .prism/build/src/03_parse/utilities/syntax_access.o, .prism/build/src/03_parse/utilities/syntax_comparer.o, .prism/build/src/04_analyze/check_bodies/utilities/decimal_range.o, .prism/build/src/04_analyze/check_bodies/utilities/literals.o, .prism/build/src/04_analyze/check_templates/body.o, .prism/build/src/04_analyze/check_templates/data/interpretation.o, .prism/build/src/04_analyze/check_templates/data/result.o, .prism/build/src/04_analyze/check_templates/data/structures.o, .prism/build/src/04_analyze/check_templates/data/terms.o, .prism/build/src/04_analyze/check_templates/join.o, .prism/build/src/04_analyze/check_templates/main_check_templates.o, .prism/build/src/04_analyze/check_templates/select_tasks.o, .prism/build/src/04_analyze/check_templates/terms.o, .prism/build/src/04_analyze/collect_symbols/collect.o, .prism/build/src/04_analyze/collect_symbols/data/provider_declaration.o, .prism/build/src/04_analyze/collect_symbols/data/result.o, .prism/build/src/04_analyze/collect_symbols/data/store.o, .prism/build/src/04_analyze/collect_symbols/data/structures.o, .prism/build/src/04_analyze/collect_symbols/main_collect_symbols.o, .prism/build/src/04_analyze/instantiate/applications.o, .prism/build/src/04_analyze/instantiate/bindings.o, .prism/build/src/04_analyze/instantiate/constants.o, .prism/build/src/04_analyze/instantiate/data/applications.o, .prism/build/src/04_analyze/instantiate/data/context.o, .prism/build/src/04_analyze/instantiate/data/members.o, .prism/build/src/04_analyze/instantiate/data/result.o, .prism/build/src/04_analyze/instantiate/data/state.o, .prism/build/src/04_analyze/instantiate/data/store.o, .prism/build/src/04_analyze/instantiate/data/view.o, .prism/build/src/04_analyze/instantiate/identities.o, .prism/build/src/04_analyze/instantiate/join.o, .prism/build/src/04_analyze/instantiate/member_join.o, .prism/build/src/04_analyze/instantiate/members.o, .prism/build/src/04_analyze/resolve_symbols/body.o, .prism/build/src/04_analyze/resolve_symbols/data/declarations.o, .prism/build/src/04_analyze/resolve_symbols/data/result.o, .prism/build/src/04_analyze/resolve_symbols/data/store.o, .prism/build/src/04_analyze/resolve_symbols/data/structures.o, .prism/build/src/04_analyze/resolve_symbols/data/traversal.o, .prism/build/src/04_analyze/resolve_symbols/handlers/declarations.o, .prism/build/src/04_analyze/resolve_symbols/handlers/expressions.o, .prism/build/src/04_analyze/resolve_symbols/handlers/names.o, .prism/build/src/04_analyze/resolve_symbols/handlers/statements.o, .prism/build/src/04_analyze/resolve_symbols/join.o, .prism/build/src/04_analyze/resolve_symbols/main_resolve_symbols.o, .prism/build/src/04_analyze/resolve_symbols/select_tasks.o, .prism/build/src/04_analyze/resolve_symbols/utilities/binding_coverage.o, .prism/build/src/04_analyze/resolve_symbols/utilities/declaration_lookup.o, .prism/build/src/04_analyze/resolve_symbols/utilities/function_lookup.o, .prism/build/src/04_analyze/resolve_symbols/utilities/resolution_validity.o, .prism/build/src/04_analyze/resolve_types/data/entry_contract.o, .prism/build/src/04_analyze/resolve_types/data/entry_selection.o, .prism/build/src/04_analyze/resolve_types/data/export_identity.o, .prism/build/src/04_analyze/resolve_types/data/lifecycle_bodies.o, .prism/build/src/04_analyze/resolve_types/data/preparation.o, .prism/build/src/04_analyze/resolve_types/data/records.o, .prism/build/src/04_analyze/resolve_types/data/result.o, .prism/build/src/04_analyze/resolve_types/data/signature_set.o, .prism/build/src/04_analyze/resolve_types/data/signatures.o, .prism/build/src/04_analyze/resolve_types/data/type_resolution.o, .prism/build/src/04_analyze/resolve_types/definition_view.o, .prism/build/src/04_analyze/resolve_types/lifecycle_composition.o, .prism/build/src/04_analyze/resolve_types/main_prepare_entry.o, .prism/build/src/04_analyze/resolve_types/preparation_queue.o, .prism/build/src/04_analyze/resolve_types/record_definitions.o, .prism/build/src/04_analyze/resolve_types/record_join.o, .prism/build/src/04_analyze/resolve_types/records.o, .prism/build/src/04_analyze/resolve_types/select_signatures.o, .prism/build/src/04_analyze/resolve_types/signature_join.o, .prism/build/src/04_analyze/resolve_types/signatures.o, .prism/build/src/04_analyze/resolve_types/source_lifecycle.o, .prism/build/src/04_analyze/resolve_types/source_lifecycle_bodies.o, .prism/build/src/04_analyze/resolve_types/source_lifecycle_signature.o, .prism/build/src/04_analyze/resolve_types/storage.o, .prism/build/src/04_analyze/resolve_types/storage_signatures.o, .prism/build/src/04_analyze/resolve_types/utilities/annotation_types.o, .prism/build/src/04_analyze/resolve_types/utilities/callable_inputs.o, .prism/build/src/04_analyze/resolve_types/utilities/parameter_contracts.o, .prism/build/src/04_analyze/resolve_types/utilities/signature_validity.o, .prism/build/src/04_analyze/resolve_types/utilities/type_cache.o, .prism/build/src/04_analyze/type_model/callable_contracts.o, .prism/build/src/04_analyze/type_model/data/callable_modes.o, .prism/build/src/04_analyze/type_model/data/callables.o, .prism/build/src/04_analyze/type_model/data/catalog.o, .prism/build/src/04_analyze/type_model/data/context.o, .prism/build/src/04_analyze/type_model/data/definitions.o, .prism/build/src/04_analyze/type_model/data/families.o, .prism/build/src/04_analyze/type_model/data/generic.o, .prism/build/src/04_analyze/type_model/data/lifecycle.o, .prism/build/src/04_analyze/type_model/data/lifecycle_roles.o, .prism/build/src/04_analyze/type_model/data/lifetime_contract.o, .prism/build/src/04_analyze/type_model/data/lifetime_policy_codec.o, .prism/build/src/04_analyze/type_model/data/native_record_layout.o, .prism/build/src/04_analyze/type_model/data/records.o, .prism/build/src/04_analyze/type_model/data/representations.o, .prism/build/src/04_analyze/type_model/data/resources.o, .prism/build/src/04_analyze/type_model/data/semantic_calls.o, .prism/build/src/04_analyze/type_model/data/semantic_modes.o, .prism/build/src/04_analyze/type_model/data/source_families.o, .prism/build/src/04_analyze/type_model/data/storage.o, .prism/build/src/04_analyze/type_model/data/store.o, .prism/build/src/04_analyze/type_model/data/type_record.o, .prism/build/src/04_analyze/type_model/data/type_references.o, .prism/build/src/04_analyze/type_model/result_contracts.o, .prism/build/src/05_generate_code/prepare_backend/data/abi.o, .prism/build/src/05_generate_code/prepare_backend/data/configuration.o, .prism/build/src/05_generate_code/prepare_backend/data/layout.o, .prism/build/src/05_generate_code/prepare_backend/data/source_exports.o, .prism/build/src/compile/data/native_project.o
Tip: set SCPP_NINJA_VERBOSE=1 to show full Ninja command lines.
Build completed: .prism/build/main
