Transpiled PHP files: 1, skipped unchanged: 0
Generated Ninja file: .prism/build/build.ninja
Using compiler: clang++-18 -fuse-ld=mold (gnu_like)
Using build mode: debug
Using build grouping policy: incremental (report_only)
Object cache: disabled (default disabled)
Using repo root: /tmp/scpp-08c8206a-probe
Resolved project dependency graph: 1 project(s)
Runtime compilation: enabled
Dependency compilation: reuse existing artifacts only
ninja: Entering directory `.prism/build'
[1/3] PCH app_pch.hpp.gch
[2/3] CXX main.o
FAILED: main.o 
clang++-18 -std=c++23 -fPIC -O0 -g -pipe -I../../../scpp-08c8206a-probe/runtime/include -I../generated -DSCPP_LANGUAGE_TARGET_PHP=1 -pthread -DSCPP_HAS_MYSQLI=0 -DSCPP_HAS_REGEX=0 -DSCPP_HAS_CURL=0 -DSCPP_HAS_TASKS=0 -DSCPP_TASKS_DEFAULT_WORKER_POOL_SIZE=0 -DSCPP_HAS_UI=0 -DSCPP_HAS_WEBVIEW=0 -DSCPP_ENABLE_CALL_DEPTH_GUARD=1 -DSCPP_MAX_CALL_DEPTH=4096 -Winvalid-pch -include app_pch.hpp -include ../generated/__project_units/9d15d9d7a1707eb0.hpp -MMD -MF main.o.d -MT main.o -c ../generated/main.cpp -o main.o
In file included from <built-in>:1:
In file included from ./../generated/__project_units/9d15d9d7a1707eb0.hpp:4:
./../generated/__project_units/../main.hpp:10:7: error: definition of type 'file_lock_handle' conflicts with type alias of the same name
   10 | class file_lock_handle;
      |       ^
/tmp/scpp-os-alias-repro/.prism/build/../../../scpp-08c8206a-probe/runtime/include/modules/filesystem/file_lock.hpp:35:7: note: 'file_lock_handle' declared here
   35 | using file_lock_handle = fs::file_lock;
      |       ^
In file included from <built-in>:1:
In file included from ./../generated/__project_units/9d15d9d7a1707eb0.hpp:4:
./../generated/__project_units/../main.hpp:11:7: error: definition of type 'process_handle' conflicts with type alias of the same name
   11 | class process_handle;
      |       ^
/tmp/scpp-os-alias-repro/.prism/build/../../../scpp-08c8206a-probe/runtime/include/modules/process/process.hpp:46:7: note: 'process_handle' declared here
   46 | using process_handle = process::handle;
      |       ^
In file included from <built-in>:1:
In file included from ./../generated/__project_units/9d15d9d7a1707eb0.hpp:4:
./../generated/__project_units/../main.hpp:12:7: error: definition of type 'process_output' conflicts with type alias of the same name
   12 | class process_output;
      |       ^
/tmp/scpp-os-alias-repro/.prism/build/../../../scpp-08c8206a-probe/runtime/include/modules/process/process.hpp:47:7: note: 'process_output' declared here
   47 | using process_output = process::output;
      |       ^
3 errors generated.
ninja: build stopped: subcommand failed.
