Transpiled PHP files: 188, skipped unchanged: 0
Generated Ninja file: .prism/build/build.ninja
Using compiler: clang++-18 -fuse-ld=mold (gnu_like)
Using build mode: debug
Using build grouping policy: incremental (report_only)
Object cache: disabled (default disabled)
Using repo root: /tmp/scpp-json-240-probe
Resolved project dependency graph: 1 project(s)
Runtime compilation: enabled
Dependency compilation: reuse existing artifacts only
ninja: Entering directory `.prism/build'
[1/190] PCH app_pch.hpp.gch
[2/190] CXX src/01_prepare_inputs/load_runtime/data/runtime.o
[3/190] CXX scpp_framework/exceptions.o
[4/190] CXX src/01_prepare_inputs/load_runtime/handlers/native_import.o
[5/190] CXX src/01_prepare_inputs/load_runtime/data/family_preparation.o
[6/190] CXX scpp_framework/filesystem.o
[7/190] CXX scpp_framework/strings.o
[8/190] CXX scpp_framework/collections.o
[9/190] CXX src/01_prepare_inputs/load_runtime/handlers/lifecycle.o
[10/190] CXX src/01_prepare_inputs/load_runtime/data/family_results.o
[11/190] CXX scpp_framework/json_document.o
[12/190] CXX src/01_prepare_inputs/load_runtime/data/package_context.o
[13/190] CXX probe.o
[14/190] CXX src/01_prepare_inputs/load_runtime/data/project.o
[15/190] CXX main.o
[16/190] CXX src/01_prepare_inputs/load_runtime/data/package_bindings.o
[17/190] CXX src/01_prepare_inputs/load_runtime/data/package.o
[18/190] CXX src/01_prepare_inputs/load_runtime/handlers/package_syntax.o
[19/190] CXX src/01_prepare_inputs/load_runtime/handlers/package_types.o
[20/190] CXX src/01_prepare_inputs/load_runtime/project_import.o
[21/190] CXX src/01_prepare_inputs/read_sources/data/buffer.o
[22/190] CXX src/01_prepare_inputs/load_runtime/main_load_runtime.o
[23/190] CXX src/01_prepare_inputs/load_runtime/handlers/type_exposure.o
[24/190] CXX src/02_tokenize/store.o
[25/190] CXX src/03_parse/data/nodes.o
[26/190] CXX src/02_tokenize/tokenize.o
[27/190] CXX src/03_parse/data/role_views.o
[28/190] CXX src/01_prepare_inputs/load_runtime/handlers/resources.o
[29/190] CXX src/01_prepare_inputs/load_runtime/handlers/package_type_map.o
[30/190] CXX src/02_tokenize/structures.o
[31/190] CXX src/03_parse/data/result.o
[32/190] CXX src/03_parse/data/expression_state.o
[33/190] CXX src/01_prepare_inputs/load_runtime/utilities/catalog_syntax.o
[34/190] CXX src/03_parse/data/tree.o
[35/190] CXX src/03_parse/handlers/control_statements.o
[36/190] CXX src/03_parse/handlers/declarations.o
[37/190] CXX src/03_parse/handlers/expressions.o
[38/190] CXX src/03_parse/handlers/metaprogramming.o
[39/190] CXX src/03_parse/data/store.o
[40/190] CXX src/03_parse/handlers/statements.o
[41/190] CXX src/03_parse/utilities/struct_member_cursor.o
[42/190] CXX src/03_parse/utilities/metaprogramming_syntax.o
[43/190] CXX src/03_parse/main_parse.o
[44/190] CXX src/03_parse/utilities/syntax_access.o
[45/190] CXX src/03_parse/parse_file.o
[46/190] CXX src/03_parse/utilities/syntax_comparer.o
[47/190] CXX src/03_parse/utilities/binary_syntax.o
[48/190] CXX src/03_parse/join.o
[49/190] CXX src/03_parse/select_tasks.o
[50/190] CXX src/04_analyze/analyze_lifetimes/data/resource_locations.o
[51/190] CXX src/04_analyze/analyze_lifetimes/data/resource_flow.o
[52/190] CXX src/04_analyze/analyze_lifetimes/allocation_calls.o
[53/190] CXX src/04_analyze/analyze_lifetimes/data/ownership_contracts.o
[54/190] CXX src/04_analyze/check_bodies/data/conversions.o
[55/190] CXX src/04_analyze/analyze_lifetimes/resource_locations.o
[56/190] CXX src/04_analyze/check_bodies/data/flow.o
[57/190] CXX src/04_analyze/analyze_lifetimes/resource_states.o
[58/190] CXX src/04_analyze/check_bodies/context.o
[59/190] CXX src/04_analyze/check_bodies/data/dependencies.o
[60/190] CXX src/04_analyze/check_bodies/data/statements.o
[61/190] CXX src/04_analyze/check_bodies/data/traversal.o
[62/190] CXX src/04_analyze/analyze_lifetimes/resource_calls.o
[63/190] CXX src/04_analyze/check_bodies/data/places.o
[64/190] CXX src/04_analyze/check_bodies/data/output.o
[65/190] CXX src/04_analyze/check_bodies/body.o
[66/190] CXX src/04_analyze/check_bodies/data/values.o
[67/190] CXX src/04_analyze/check_bodies/flow.o
[68/190] CXX src/04_analyze/check_bodies/handlers/expressions.o
[69/190] CXX src/04_analyze/check_bodies/handlers/control_statements.o
[70/190] CXX src/04_analyze/check_bodies/data/result.o
[71/190] CXX src/04_analyze/check_bodies/handlers/statements.o
[72/190] CXX src/04_analyze/check_bodies/handlers/places.o
[73/190] CXX src/04_analyze/check_bodies/utilities/byte_literals.o
[74/190] CXX src/04_analyze/check_bodies/utilities/conversions.o
[75/190] CXX src/04_analyze/check_bodies/handlers/writes.o
[76/190] CXX src/04_analyze/check_bodies/utilities/decimal_range.o
[77/190] CXX src/04_analyze/check_bodies/utilities/evaluation.o
[78/190] CXX src/04_analyze/check_bodies/utilities/literals.o
[79/190] CXX src/04_analyze/check_bodies/utilities/operations.o
[80/190] CXX src/04_analyze/check_bodies/utilities/flow_graph.o
[81/190] CXX src/04_analyze/check_templates/data/interpretation.o
[82/190] CXX src/04_analyze/check_templates/data/structures.o
[83/190] CXX src/04_analyze/check_templates/body.o
[84/190] CXX src/04_analyze/check_templates/data/terms.o
[85/190] CXX src/04_analyze/check_templates/join.o
[86/190] CXX src/04_analyze/check_templates/data/result.o
[87/190] CXX src/04_analyze/check_templates/main_check_templates.o
[88/190] CXX src/04_analyze/collect_symbols/collect.o
[89/190] CXX src/04_analyze/collect_symbols/data/provider_declaration.o
[90/190] CXX src/04_analyze/check_templates/select_tasks.o
[91/190] CXX src/04_analyze/collect_symbols/data/result.o
[92/190] CXX src/04_analyze/instantiate/applications.o
[93/190] CXX src/04_analyze/collect_symbols/data/structures.o
[94/190] CXX src/04_analyze/check_templates/terms.o
[95/190] CXX src/04_analyze/collect_symbols/data/store.o
[96/190] CXX src/04_analyze/instantiate/bindings.o
[97/190] CXX src/04_analyze/collect_symbols/main_collect_symbols.o
[98/190] CXX src/04_analyze/instantiate/constants.o
[99/190] CXX src/04_analyze/instantiate/data/applications.o
[100/190] CXX src/04_analyze/instantiate/data/members.o
[101/190] CXX src/04_analyze/instantiate/data/state.o
[102/190] CXX src/04_analyze/instantiate/data/context.o
[103/190] CXX src/04_analyze/instantiate/data/result.o
[104/190] CXX src/04_analyze/instantiate/data/view.o
[105/190] CXX src/04_analyze/instantiate/identities.o
[106/190] CXX src/04_analyze/instantiate/data/store.o
[107/190] CXX src/04_analyze/resolve_symbols/data/declarations.o
[108/190] CXX src/04_analyze/instantiate/member_join.o
[109/190] CXX src/04_analyze/instantiate/members.o
[110/190] CXX src/04_analyze/instantiate/join.o
[111/190] CXX src/04_analyze/resolve_symbols/data/structures.o
[112/190] CXX src/04_analyze/resolve_symbols/handlers/declarations.o
[113/190] CXX src/04_analyze/resolve_symbols/handlers/names.o
[114/190] CXX src/04_analyze/resolve_symbols/data/store.o
[115/190] CXX src/04_analyze/resolve_symbols/handlers/expressions.o
[116/190] CXX src/04_analyze/resolve_symbols/data/traversal.o
[117/190] CXX src/04_analyze/resolve_symbols/data/result.o
[118/190] CXX src/04_analyze/resolve_symbols/handlers/statements.o
[119/190] CXX src/04_analyze/resolve_symbols/body.o
[120/190] CXX src/04_analyze/resolve_symbols/join.o
[121/190] CXX src/04_analyze/resolve_symbols/main_resolve_symbols.o
[122/190] CXX src/04_analyze/resolve_types/data/entry_contract.o
[123/190] CXX src/04_analyze/resolve_symbols/utilities/resolution_validity.o
[124/190] CXX src/04_analyze/resolve_symbols/utilities/function_lookup.o
[125/190] CXX src/04_analyze/resolve_symbols/utilities/binding_coverage.o
[126/190] CXX src/04_analyze/resolve_symbols/utilities/declaration_lookup.o
[127/190] CXX src/04_analyze/resolve_symbols/select_tasks.o
[128/190] CXX src/04_analyze/resolve_types/construction_types.o
[129/190] CXX src/04_analyze/resolve_types/data/entry_selection.o
[130/190] CXX src/04_analyze/resolve_types/data/export_identity.o
[131/190] CXX src/04_analyze/resolve_types/data/lifecycle_bodies.o
[132/190] CXX src/04_analyze/resolve_types/data/records.o
[133/190] CXX src/04_analyze/resolve_types/data/result.o
[134/190] CXX src/04_analyze/resolve_types/data/locals.o
[135/190] CXX src/04_analyze/resolve_types/data/signature_set.o
[136/190] CXX src/04_analyze/resolve_types/definition_view.o
[137/190] CXX src/04_analyze/resolve_types/data/signatures.o
[138/190] CXX src/04_analyze/resolve_types/main_prepare_entry.o
[139/190] CXX src/04_analyze/resolve_types/locals.o
[140/190] CXX src/04_analyze/resolve_types/record_join.o
[141/190] CXX src/04_analyze/resolve_types/select_signatures.o
[142/190] CXX src/04_analyze/resolve_types/data/type_resolution.o
[143/190] CXX src/04_analyze/resolve_types/lifecycle_composition.o
[144/190] CXX src/04_analyze/resolve_types/source_lifecycle.o
[145/190] CXX src/04_analyze/resolve_types/local_join.o
[146/190] CXX src/04_analyze/resolve_types/signatures.o
[147/190] CXX src/04_analyze/resolve_types/record_definitions.o
[148/190] CXX src/04_analyze/resolve_types/records.o
[149/190] CXX src/04_analyze/resolve_types/source_lifecycle_bodies.o
[150/190] CXX src/04_analyze/resolve_types/signature_join.o
[151/190] CXX src/04_analyze/resolve_types/source_lifecycle_signature.o
[152/190] CXX src/04_analyze/resolve_types/storage.o
[153/190] CXX src/04_analyze/resolve_types/utilities/local_type_validity.o
[154/190] CXX src/04_analyze/resolve_types/utilities/callable_inputs.o
[155/190] CXX src/04_analyze/type_model/callable_contracts.o
[156/190] CXX src/04_analyze/resolve_types/storage_signatures.o
[157/190] CXX src/04_analyze/resolve_types/utilities/parameter_contracts.o
[158/190] CXX src/04_analyze/type_model/data/callable_modes.o
[159/190] CXX src/04_analyze/resolve_types/utilities/signature_validity.o
[160/190] CXX src/04_analyze/resolve_types/utilities/annotation_types.o
[161/190] CXX src/04_analyze/resolve_types/utilities/type_cache.o
[162/190] CXX src/04_analyze/type_model/data/callables.o
[163/190] CXX src/04_analyze/type_model/data/context.o
[164/190] CXX src/04_analyze/type_model/data/generic.o
[165/190] CXX src/04_analyze/type_model/data/catalog.o
[166/190] CXX src/04_analyze/type_model/data/lifecycle.o
[167/190] CXX src/04_analyze/type_model/data/definitions.o
[168/190] CXX src/04_analyze/type_model/data/families.o
[169/190] CXX src/04_analyze/type_model/data/lifecycle_roles.o
[170/190] CXX src/04_analyze/type_model/data/operations.o
[171/190] CXX src/04_analyze/type_model/data/native_record_layout.o
[172/190] CXX src/04_analyze/type_model/data/lifetime_contract.o
[173/190] CXX src/04_analyze/type_model/data/lifetime_policy_codec.o
[174/190] CXX src/04_analyze/type_model/data/resources.o
[175/190] CXX src/04_analyze/type_model/data/semantic_calls.o
[176/190] CXX src/04_analyze/type_model/data/semantic_modes.o
[177/190] CXX src/04_analyze/type_model/data/source_families.o
[178/190] CXX src/04_analyze/type_model/data/records.o
[179/190] CXX src/04_analyze/type_model/data/representations.o
[180/190] CXX src/04_analyze/type_model/data/type_record.o
[181/190] CXX src/04_analyze/type_model/data/type_references.o
[182/190] CXX src/05_generate_code/prepare_backend/data/abi.o
[183/190] CXX src/04_analyze/type_model/data/store.o
[184/190] CXX src/04_analyze/type_model/data/storage.o
[185/190] CXX src/04_analyze/type_model/result_contracts.o
[186/190] CXX src/05_generate_code/prepare_backend/data/configuration.o
[187/190] CXX src/05_generate_code/prepare_backend/data/layout.o
[188/190] CXX src/05_generate_code/prepare_backend/data/source_exports.o
[189/190] CXX src/compile/data/native_project.o
[190/190] LINK main
Rebuilt outputs: .prism/build/app_pch.hpp.gch, .prism/build/main, .prism/build/main.o, .prism/build/probe.o, .prism/build/scpp_framework/collections.o, .prism/build/scpp_framework/exceptions.o, .prism/build/scpp_framework/filesystem.o, .prism/build/scpp_framework/json_document.o, .prism/build/scpp_framework/strings.o, .prism/build/src/01_prepare_inputs/load_runtime/data/family_preparation.o, .prism/build/src/01_prepare_inputs/load_runtime/data/family_results.o, .prism/build/src/01_prepare_inputs/load_runtime/data/package.o, .prism/build/src/01_prepare_inputs/load_runtime/data/package_bindings.o, .prism/build/src/01_prepare_inputs/load_runtime/data/package_context.o, .prism/build/src/01_prepare_inputs/load_runtime/data/project.o, .prism/build/src/01_prepare_inputs/load_runtime/data/runtime.o, .prism/build/src/01_prepare_inputs/load_runtime/handlers/lifecycle.o, .prism/build/src/01_prepare_inputs/load_runtime/handlers/native_import.o, .prism/build/src/01_prepare_inputs/load_runtime/handlers/package_syntax.o, .prism/build/src/01_prepare_inputs/load_runtime/handlers/package_type_map.o, .prism/build/src/01_prepare_inputs/load_runtime/handlers/package_types.o, .prism/build/src/01_prepare_inputs/load_runtime/handlers/resources.o, .prism/build/src/01_prepare_inputs/load_runtime/handlers/type_exposure.o, .prism/build/src/01_prepare_inputs/load_runtime/main_load_runtime.o, .prism/build/src/01_prepare_inputs/load_runtime/project_import.o, .prism/build/src/01_prepare_inputs/load_runtime/utilities/catalog_syntax.o, .prism/build/src/01_prepare_inputs/read_sources/data/buffer.o, .prism/build/src/02_tokenize/store.o, .prism/build/src/02_tokenize/structures.o, .prism/build/src/02_tokenize/tokenize.o, .prism/build/src/03_parse/data/expression_state.o, .prism/build/src/03_parse/data/nodes.o, .prism/build/src/03_parse/data/result.o, .prism/build/src/03_parse/data/role_views.o, .prism/build/src/03_parse/data/store.o, .prism/build/src/03_parse/data/tree.o, .prism/build/src/03_parse/handlers/control_statements.o, .prism/build/src/03_parse/handlers/declarations.o, .prism/build/src/03_parse/handlers/expressions.o, .prism/build/src/03_parse/handlers/metaprogramming.o, .prism/build/src/03_parse/handlers/statements.o, .prism/build/src/03_parse/join.o, .prism/build/src/03_parse/main_parse.o, .prism/build/src/03_parse/parse_file.o, .prism/build/src/03_parse/select_tasks.o, .prism/build/src/03_parse/utilities/binary_syntax.o, .prism/build/src/03_parse/utilities/metaprogramming_syntax.o, .prism/build/src/03_parse/utilities/struct_member_cursor.o, .prism/build/src/03_parse/utilities/syntax_access.o, .prism/build/src/03_parse/utilities/syntax_comparer.o, .prism/build/src/04_analyze/analyze_lifetimes/allocation_calls.o, .prism/build/src/04_analyze/analyze_lifetimes/data/ownership_contracts.o, .prism/build/src/04_analyze/analyze_lifetimes/data/resource_flow.o, .prism/build/src/04_analyze/analyze_lifetimes/data/resource_locations.o, .prism/build/src/04_analyze/analyze_lifetimes/resource_calls.o, .prism/build/src/04_analyze/analyze_lifetimes/resource_locations.o, .prism/build/src/04_analyze/analyze_lifetimes/resource_states.o, .prism/build/src/04_analyze/check_bodies/body.o, .prism/build/src/04_analyze/check_bodies/context.o, .prism/build/src/04_analyze/check_bodies/data/conversions.o, .prism/build/src/04_analyze/check_bodies/data/dependencies.o, .prism/build/src/04_analyze/check_bodies/data/flow.o, .prism/build/src/04_analyze/check_bodies/data/output.o, .prism/build/src/04_analyze/check_bodies/data/places.o, .prism/build/src/04_analyze/check_bodies/data/result.o, .prism/build/src/04_analyze/check_bodies/data/statements.o, .prism/build/src/04_analyze/check_bodies/data/traversal.o, .prism/build/src/04_analyze/check_bodies/data/values.o, .prism/build/src/04_analyze/check_bodies/flow.o, .prism/build/src/04_analyze/check_bodies/handlers/control_statements.o, .prism/build/src/04_analyze/check_bodies/handlers/expressions.o, .prism/build/src/04_analyze/check_bodies/handlers/places.o, .prism/build/src/04_analyze/check_bodies/handlers/statements.o, .prism/build/src/04_analyze/check_bodies/handlers/writes.o, .prism/build/src/04_analyze/check_bodies/utilities/byte_literals.o, .prism/build/src/04_analyze/check_bodies/utilities/conversions.o, .prism/build/src/04_analyze/check_bodies/utilities/decimal_range.o, .prism/build/src/04_analyze/check_bodies/utilities/evaluation.o, .prism/build/src/04_analyze/check_bodies/utilities/flow_graph.o, .prism/build/src/04_analyze/check_bodies/utilities/literals.o, .prism/build/src/04_analyze/check_bodies/utilities/operations.o, .prism/build/src/04_analyze/check_templates/body.o, .prism/build/src/04_analyze/check_templates/data/interpretation.o, .prism/build/src/04_analyze/check_templates/data/result.o, .prism/build/src/04_analyze/check_templates/data/structures.o, .prism/build/src/04_analyze/check_templates/data/terms.o, .prism/build/src/04_analyze/check_templates/join.o, .prism/build/src/04_analyze/check_templates/main_check_templates.o, .prism/build/src/04_analyze/check_templates/select_tasks.o, .prism/build/src/04_analyze/check_templates/terms.o, .prism/build/src/04_analyze/collect_symbols/collect.o, .prism/build/src/04_analyze/collect_symbols/data/provider_declaration.o, .prism/build/src/04_analyze/collect_symbols/data/result.o, .prism/build/src/04_analyze/collect_symbols/data/store.o, .prism/build/src/04_analyze/collect_symbols/data/structures.o, .prism/build/src/04_analyze/collect_symbols/main_collect_symbols.o, .prism/build/src/04_analyze/instantiate/applications.o, .prism/build/src/04_analyze/instantiate/bindings.o, .prism/build/src/04_analyze/instantiate/constants.o, .prism/build/src/04_analyze/instantiate/data/applications.o, .prism/build/src/04_analyze/instantiate/data/context.o, .prism/build/src/04_analyze/instantiate/data/members.o, .prism/build/src/04_analyze/instantiate/data/result.o, .prism/build/src/04_analyze/instantiate/data/state.o, .prism/build/src/04_analyze/instantiate/data/store.o, .prism/build/src/04_analyze/instantiate/data/view.o, .prism/build/src/04_analyze/instantiate/identities.o, .prism/build/src/04_analyze/instantiate/join.o, .prism/build/src/04_analyze/instantiate/member_join.o, .prism/build/src/04_analyze/instantiate/members.o, .prism/build/src/04_analyze/resolve_symbols/body.o, .prism/build/src/04_analyze/resolve_symbols/data/declarations.o, .prism/build/src/04_analyze/resolve_symbols/data/result.o, .prism/build/src/04_analyze/resolve_symbols/data/store.o, .prism/build/src/04_analyze/resolve_symbols/data/structures.o, .prism/build/src/04_analyze/resolve_symbols/data/traversal.o, .prism/build/src/04_analyze/resolve_symbols/handlers/declarations.o, .prism/build/src/04_analyze/resolve_symbols/handlers/expressions.o, .prism/build/src/04_analyze/resolve_symbols/handlers/names.o, .prism/build/src/04_analyze/resolve_symbols/handlers/statements.o, .prism/build/src/04_analyze/resolve_symbols/join.o, .prism/build/src/04_analyze/resolve_symbols/main_resolve_symbols.o, .prism/build/src/04_analyze/resolve_symbols/select_tasks.o, .prism/build/src/04_analyze/resolve_symbols/utilities/binding_coverage.o, .prism/build/src/04_analyze/resolve_symbols/utilities/declaration_lookup.o, .prism/build/src/04_analyze/resolve_symbols/utilities/function_lookup.o, .prism/build/src/04_analyze/resolve_symbols/utilities/resolution_validity.o, .prism/build/src/04_analyze/resolve_types/construction_types.o, .prism/build/src/04_analyze/resolve_types/data/entry_contract.o, .prism/build/src/04_analyze/resolve_types/data/entry_selection.o, .prism/build/src/04_analyze/resolve_types/data/export_identity.o, .prism/build/src/04_analyze/resolve_types/data/lifecycle_bodies.o, .prism/build/src/04_analyze/resolve_types/data/locals.o, .prism/build/src/04_analyze/resolve_types/data/records.o, .prism/build/src/04_analyze/resolve_types/data/result.o, .prism/build/src/04_analyze/resolve_types/data/signature_set.o, .prism/build/src/04_analyze/resolve_types/data/signatures.o, .prism/build/src/04_analyze/resolve_types/data/type_resolution.o, .prism/build/src/04_analyze/resolve_types/definition_view.o, .prism/build/src/04_analyze/resolve_types/lifecycle_composition.o, .prism/build/src/04_analyze/resolve_types/local_join.o, .prism/build/src/04_analyze/resolve_types/locals.o, .prism/build/src/04_analyze/resolve_types/main_prepare_entry.o, .prism/build/src/04_analyze/resolve_types/record_definitions.o, .prism/build/src/04_analyze/resolve_types/record_join.o, .prism/build/src/04_analyze/resolve_types/records.o, .prism/build/src/04_analyze/resolve_types/select_signatures.o, .prism/build/src/04_analyze/resolve_types/signature_join.o, .prism/build/src/04_analyze/resolve_types/signatures.o, .prism/build/src/04_analyze/resolve_types/source_lifecycle.o, .prism/build/src/04_analyze/resolve_types/source_lifecycle_bodies.o, .prism/build/src/04_analyze/resolve_types/source_lifecycle_signature.o, .prism/build/src/04_analyze/resolve_types/storage.o, .prism/build/src/04_analyze/resolve_types/storage_signatures.o, .prism/build/src/04_analyze/resolve_types/utilities/annotation_types.o, .prism/build/src/04_analyze/resolve_types/utilities/callable_inputs.o, .prism/build/src/04_analyze/resolve_types/utilities/local_type_validity.o, .prism/build/src/04_analyze/resolve_types/utilities/parameter_contracts.o, .prism/build/src/04_analyze/resolve_types/utilities/signature_validity.o, .prism/build/src/04_analyze/resolve_types/utilities/type_cache.o, .prism/build/src/04_analyze/type_model/callable_contracts.o, .prism/build/src/04_analyze/type_model/data/callable_modes.o, .prism/build/src/04_analyze/type_model/data/callables.o, .prism/build/src/04_analyze/type_model/data/catalog.o, .prism/build/src/04_analyze/type_model/data/context.o, .prism/build/src/04_analyze/type_model/data/definitions.o, .prism/build/src/04_analyze/type_model/data/families.o, .prism/build/src/04_analyze/type_model/data/generic.o, .prism/build/src/04_analyze/type_model/data/lifecycle.o, .prism/build/src/04_analyze/type_model/data/lifecycle_roles.o, .prism/build/src/04_analyze/type_model/data/lifetime_contract.o, .prism/build/src/04_analyze/type_model/data/lifetime_policy_codec.o, .prism/build/src/04_analyze/type_model/data/native_record_layout.o, .prism/build/src/04_analyze/type_model/data/operations.o, .prism/build/src/04_analyze/type_model/data/records.o, .prism/build/src/04_analyze/type_model/data/representations.o, .prism/build/src/04_analyze/type_model/data/resources.o, .prism/build/src/04_analyze/type_model/data/semantic_calls.o, .prism/build/src/04_analyze/type_model/data/semantic_modes.o, .prism/build/src/04_analyze/type_model/data/source_families.o, .prism/build/src/04_analyze/type_model/data/storage.o, .prism/build/src/04_analyze/type_model/data/store.o, .prism/build/src/04_analyze/type_model/data/type_record.o, .prism/build/src/04_analyze/type_model/data/type_references.o, .prism/build/src/04_analyze/type_model/result_contracts.o, .prism/build/src/05_generate_code/prepare_backend/data/abi.o, .prism/build/src/05_generate_code/prepare_backend/data/configuration.o, .prism/build/src/05_generate_code/prepare_backend/data/layout.o, .prism/build/src/05_generate_code/prepare_backend/data/source_exports.o, .prism/build/src/compile/data/native_project.o
Tip: set SCPP_NINJA_VERBOSE=1 to show full Ninja command lines.
Build completed: .prism/build/main
