Transpiled PHP files: 115, skipped unchanged: 0
Generated Ninja file: .prism/build/build.ninja
Using compiler: clang++-18 -fuse-ld=mold (gnu_like)
Using build mode: debug
Using build grouping policy: incremental (report_only)
Object cache: disabled (default disabled)
Using repo root: /tmp/scpp-json-240-probe
Resolved project dependency graph: 1 project(s)
Runtime compilation: enabled
Dependency compilation: reuse existing artifacts only
ninja: Entering directory `.prism/build'
[1/117] PCH app_pch.hpp.gch
[2/117] CXX scpp_framework/collections.o
[3/117] CXX src/03_parse/data/nodes.o
[4/117] CXX src/03_parse/data/result.o
[5/117] CXX src/03_parse/data/expression_state.o
[6/117] CXX scpp_framework/exceptions.o
[7/117] CXX scpp_framework/json_document.o
[8/117] CXX src/01_prepare_inputs/read_sources/data/buffer.o
[9/117] CXX src/02_tokenize/tokenize.o
[10/117] CXX src/01_prepare_inputs/load_runtime/main_load_runtime.o
[11/117] CXX src/02_tokenize/structures.o
[12/117] CXX src/02_tokenize/store.o
[13/117] CXX scpp_framework/filesystem.o
[14/117] CXX scpp_framework/strings.o
[15/117] CXX main.o
[16/117] CXX src/01_prepare_inputs/load_runtime/utilities/catalog_syntax.o
[17/117] CXX src/03_parse/handlers/declarations.o
[18/117] CXX src/03_parse/handlers/expressions.o
[19/117] CXX src/03_parse/handlers/metaprogramming.o
[20/117] CXX src/03_parse/handlers/control_statements.o
[21/117] CXX src/03_parse/data/role_views.o
[22/117] CXX src/03_parse/main_parse.o
[23/117] CXX src/03_parse/handlers/statements.o
[24/117] CXX src/03_parse/data/store.o
[25/117] CXX src/03_parse/data/tree.o
[26/117] CXX src/03_parse/parse_file.o
[27/117] CXX src/03_parse/utilities/metaprogramming_syntax.o
[28/117] CXX src/03_parse/select_tasks.o
[29/117] CXX src/03_parse/utilities/binary_syntax.o
[30/117] CXX probe.o
[31/117] CXX src/03_parse/utilities/struct_member_cursor.o
[32/117] CXX src/03_parse/join.o
[33/117] CXX src/03_parse/utilities/syntax_access.o
[34/117] CXX src/04_analyze/check_bodies/utilities/decimal_range.o
[35/117] CXX src/04_analyze/check_bodies/utilities/literals.o
[36/117] CXX src/03_parse/utilities/syntax_comparer.o
[37/117] CXX src/04_analyze/check_templates/data/interpretation.o
[38/117] CXX src/04_analyze/check_templates/data/structures.o
[39/117] CXX src/04_analyze/check_templates/data/terms.o
[40/117] CXX src/04_analyze/check_templates/body.o
[41/117] CXX src/04_analyze/check_templates/join.o
[42/117] CXX src/04_analyze/collect_symbols/data/result.o
[43/117] CXX src/04_analyze/check_templates/data/result.o
[44/117] CXX src/04_analyze/collect_symbols/collect.o
[45/117] CXX src/04_analyze/check_templates/select_tasks.o
[46/117] CXX src/04_analyze/collect_symbols/data/provider_declaration.o
[47/117] CXX src/04_analyze/check_templates/main_check_templates.o
[48/117] CXX src/04_analyze/collect_symbols/data/store.o
[49/117] CXX src/04_analyze/collect_symbols/data/structures.o
[50/117] CXX src/04_analyze/check_templates/terms.o
[51/117] CXX src/04_analyze/instantiate/bindings.o
[52/117] CXX src/04_analyze/instantiate/applications.o
[53/117] CXX src/04_analyze/collect_symbols/main_collect_symbols.o
[54/117] CXX src/04_analyze/instantiate/data/context.o
[55/117] CXX src/04_analyze/instantiate/constants.o
[56/117] CXX src/04_analyze/instantiate/data/members.o
[57/117] CXX src/04_analyze/instantiate/data/applications.o
[58/117] CXX src/04_analyze/instantiate/identities.o
[59/117] CXX src/04_analyze/instantiate/data/state.o
[60/117] CXX src/04_analyze/instantiate/data/result.o
[61/117] CXX src/04_analyze/resolve_symbols/data/declarations.o
[62/117] CXX src/04_analyze/instantiate/member_join.o
[63/117] CXX src/04_analyze/instantiate/members.o
[64/117] CXX src/04_analyze/instantiate/data/view.o
[65/117] CXX src/04_analyze/instantiate/data/store.o
[66/117] CXX src/04_analyze/resolve_symbols/data/structures.o
[67/117] CXX src/04_analyze/resolve_symbols/data/store.o
[68/117] CXX src/04_analyze/resolve_symbols/handlers/expressions.o
[69/117] CXX src/04_analyze/instantiate/join.o
[70/117] CXX src/04_analyze/resolve_symbols/handlers/declarations.o
[71/117] CXX src/04_analyze/resolve_symbols/data/result.o
[72/117] CXX src/04_analyze/resolve_symbols/data/traversal.o
[73/117] CXX src/04_analyze/resolve_symbols/body.o
[74/117] CXX src/04_analyze/resolve_symbols/handlers/names.o
[75/117] CXX src/04_analyze/resolve_symbols/handlers/statements.o
[76/117] CXX src/04_analyze/resolve_symbols/join.o
[77/117] CXX src/04_analyze/resolve_symbols/utilities/function_lookup.o
[78/117] CXX src/04_analyze/resolve_symbols/utilities/resolution_validity.o
[79/117] CXX src/04_analyze/resolve_symbols/utilities/declaration_lookup.o
[80/117] CXX src/04_analyze/resolve_symbols/main_resolve_symbols.o
[81/117] CXX src/04_analyze/resolve_symbols/select_tasks.o
[82/117] CXX src/04_analyze/resolve_types/data/entry_selection.o
[83/117] CXX src/04_analyze/resolve_symbols/utilities/binding_coverage.o
[84/117] CXX src/04_analyze/resolve_types/data/lifecycle_bodies.o
[85/117] CXX src/04_analyze/resolve_types/data/entry_contract.o
[86/117] CXX src/04_analyze/resolve_types/definition_view.o
[87/117] CXX src/04_analyze/resolve_types/source_lifecycle.o
[88/117] CXX src/04_analyze/resolve_types/lifecycle_composition.o
[89/117] CXX src/04_analyze/resolve_types/record_definitions.o
[90/117] CXX src/04_analyze/resolve_types/main_prepare_entry.o
[91/117] CXX src/04_analyze/resolve_types/utilities/annotation_types.o
[92/117] CXX src/04_analyze/resolve_types/storage.o
[93/117] CXX src/04_analyze/type_model/data/callable_modes.o
[94/117] CXX src/04_analyze/type_model/data/catalog.o
[95/117] CXX src/04_analyze/type_model/data/context.o
[96/117] CXX src/04_analyze/type_model/data/generic.o
[97/117] CXX src/04_analyze/resolve_types/utilities/type_cache.o
[98/117] CXX src/04_analyze/type_model/data/callables.o
[99/117] CXX src/04_analyze/type_model/data/lifecycle_roles.o
[100/117] CXX src/04_analyze/type_model/data/lifecycle.o
[101/117] CXX src/04_analyze/type_model/data/families.o
[102/117] CXX src/04_analyze/type_model/data/definitions.o
[103/117] CXX src/04_analyze/type_model/data/lifetime_contract.o
[104/117] CXX src/04_analyze/type_model/data/lifetime_policy_codec.o
[105/117] CXX src/04_analyze/type_model/data/records.o
[106/117] CXX src/04_analyze/type_model/data/native_record_layout.o
[107/117] CXX src/04_analyze/type_model/data/semantic_calls.o
[108/117] CXX src/04_analyze/type_model/data/semantic_modes.o
[109/117] CXX src/04_analyze/type_model/data/representations.o
[110/117] CXX src/04_analyze/type_model/data/resources.o
[111/117] CXX src/04_analyze/type_model/data/type_record.o
[112/117] CXX src/04_analyze/type_model/data/source_families.o
[113/117] CXX src/04_analyze/type_model/result_contracts.o
[114/117] CXX src/04_analyze/type_model/data/type_references.o
[115/117] CXX src/04_analyze/type_model/data/storage.o
[116/117] CXX src/04_analyze/type_model/data/store.o
[117/117] LINK main
Rebuilt outputs: .prism/build/app_pch.hpp.gch, .prism/build/main, .prism/build/main.o, .prism/build/probe.o, .prism/build/scpp_framework/collections.o, .prism/build/scpp_framework/exceptions.o, .prism/build/scpp_framework/filesystem.o, .prism/build/scpp_framework/json_document.o, .prism/build/scpp_framework/strings.o, .prism/build/src/01_prepare_inputs/load_runtime/main_load_runtime.o, .prism/build/src/01_prepare_inputs/load_runtime/utilities/catalog_syntax.o, .prism/build/src/01_prepare_inputs/read_sources/data/buffer.o, .prism/build/src/02_tokenize/store.o, .prism/build/src/02_tokenize/structures.o, .prism/build/src/02_tokenize/tokenize.o, .prism/build/src/03_parse/data/expression_state.o, .prism/build/src/03_parse/data/nodes.o, .prism/build/src/03_parse/data/result.o, .prism/build/src/03_parse/data/role_views.o, .prism/build/src/03_parse/data/store.o, .prism/build/src/03_parse/data/tree.o, .prism/build/src/03_parse/handlers/control_statements.o, .prism/build/src/03_parse/handlers/declarations.o, .prism/build/src/03_parse/handlers/expressions.o, .prism/build/src/03_parse/handlers/metaprogramming.o, .prism/build/src/03_parse/handlers/statements.o, .prism/build/src/03_parse/join.o, .prism/build/src/03_parse/main_parse.o, .prism/build/src/03_parse/parse_file.o, .prism/build/src/03_parse/select_tasks.o, .prism/build/src/03_parse/utilities/binary_syntax.o, .prism/build/src/03_parse/utilities/metaprogramming_syntax.o, .prism/build/src/03_parse/utilities/struct_member_cursor.o, .prism/build/src/03_parse/utilities/syntax_access.o, .prism/build/src/03_parse/utilities/syntax_comparer.o, .prism/build/src/04_analyze/check_bodies/utilities/decimal_range.o, .prism/build/src/04_analyze/check_bodies/utilities/literals.o, .prism/build/src/04_analyze/check_templates/body.o, .prism/build/src/04_analyze/check_templates/data/interpretation.o, .prism/build/src/04_analyze/check_templates/data/result.o, .prism/build/src/04_analyze/check_templates/data/structures.o, .prism/build/src/04_analyze/check_templates/data/terms.o, .prism/build/src/04_analyze/check_templates/join.o, .prism/build/src/04_analyze/check_templates/main_check_templates.o, .prism/build/src/04_analyze/check_templates/select_tasks.o, .prism/build/src/04_analyze/check_templates/terms.o, .prism/build/src/04_analyze/collect_symbols/collect.o, .prism/build/src/04_analyze/collect_symbols/data/provider_declaration.o, .prism/build/src/04_analyze/collect_symbols/data/result.o, .prism/build/src/04_analyze/collect_symbols/data/store.o, .prism/build/src/04_analyze/collect_symbols/data/structures.o, .prism/build/src/04_analyze/collect_symbols/main_collect_symbols.o, .prism/build/src/04_analyze/instantiate/applications.o, .prism/build/src/04_analyze/instantiate/bindings.o, .prism/build/src/04_analyze/instantiate/constants.o, .prism/build/src/04_analyze/instantiate/data/applications.o, .prism/build/src/04_analyze/instantiate/data/context.o, .prism/build/src/04_analyze/instantiate/data/members.o, .prism/build/src/04_analyze/instantiate/data/result.o, .prism/build/src/04_analyze/instantiate/data/state.o, .prism/build/src/04_analyze/instantiate/data/store.o, .prism/build/src/04_analyze/instantiate/data/view.o, .prism/build/src/04_analyze/instantiate/identities.o, .prism/build/src/04_analyze/instantiate/join.o, .prism/build/src/04_analyze/instantiate/member_join.o, .prism/build/src/04_analyze/instantiate/members.o, .prism/build/src/04_analyze/resolve_symbols/body.o, .prism/build/src/04_analyze/resolve_symbols/data/declarations.o, .prism/build/src/04_analyze/resolve_symbols/data/result.o, .prism/build/src/04_analyze/resolve_symbols/data/store.o, .prism/build/src/04_analyze/resolve_symbols/data/structures.o, .prism/build/src/04_analyze/resolve_symbols/data/traversal.o, .prism/build/src/04_analyze/resolve_symbols/handlers/declarations.o, .prism/build/src/04_analyze/resolve_symbols/handlers/expressions.o, .prism/build/src/04_analyze/resolve_symbols/handlers/names.o, .prism/build/src/04_analyze/resolve_symbols/handlers/statements.o, .prism/build/src/04_analyze/resolve_symbols/join.o, .prism/build/src/04_analyze/resolve_symbols/main_resolve_symbols.o, .prism/build/src/04_analyze/resolve_symbols/select_tasks.o, .prism/build/src/04_analyze/resolve_symbols/utilities/binding_coverage.o, .prism/build/src/04_analyze/resolve_symbols/utilities/declaration_lookup.o, .prism/build/src/04_analyze/resolve_symbols/utilities/function_lookup.o, .prism/build/src/04_analyze/resolve_symbols/utilities/resolution_validity.o, .prism/build/src/04_analyze/resolve_types/data/entry_contract.o, .prism/build/src/04_analyze/resolve_types/data/entry_selection.o, .prism/build/src/04_analyze/resolve_types/data/lifecycle_bodies.o, .prism/build/src/04_analyze/resolve_types/definition_view.o, .prism/build/src/04_analyze/resolve_types/lifecycle_composition.o, .prism/build/src/04_analyze/resolve_types/main_prepare_entry.o, .prism/build/src/04_analyze/resolve_types/record_definitions.o, .prism/build/src/04_analyze/resolve_types/source_lifecycle.o, .prism/build/src/04_analyze/resolve_types/storage.o, .prism/build/src/04_analyze/resolve_types/utilities/annotation_types.o, .prism/build/src/04_analyze/resolve_types/utilities/type_cache.o, .prism/build/src/04_analyze/type_model/data/callable_modes.o, .prism/build/src/04_analyze/type_model/data/callables.o, .prism/build/src/04_analyze/type_model/data/catalog.o, .prism/build/src/04_analyze/type_model/data/context.o, .prism/build/src/04_analyze/type_model/data/definitions.o, .prism/build/src/04_analyze/type_model/data/families.o, .prism/build/src/04_analyze/type_model/data/generic.o, .prism/build/src/04_analyze/type_model/data/lifecycle.o, .prism/build/src/04_analyze/type_model/data/lifecycle_roles.o, .prism/build/src/04_analyze/type_model/data/lifetime_contract.o, .prism/build/src/04_analyze/type_model/data/lifetime_policy_codec.o, .prism/build/src/04_analyze/type_model/data/native_record_layout.o, .prism/build/src/04_analyze/type_model/data/records.o, .prism/build/src/04_analyze/type_model/data/representations.o, .prism/build/src/04_analyze/type_model/data/resources.o, .prism/build/src/04_analyze/type_model/data/semantic_calls.o, .prism/build/src/04_analyze/type_model/data/semantic_modes.o, .prism/build/src/04_analyze/type_model/data/source_families.o, .prism/build/src/04_analyze/type_model/data/storage.o, .prism/build/src/04_analyze/type_model/data/store.o, .prism/build/src/04_analyze/type_model/data/type_record.o, .prism/build/src/04_analyze/type_model/data/type_references.o, .prism/build/src/04_analyze/type_model/result_contracts.o
Tip: set SCPP_NINJA_VERBOSE=1 to show full Ninja command lines.
Build completed: .prism/build/main
