Transpiled PHP files: 43, skipped unchanged: 0
Generated Ninja file: .prism/build/build.ninja
Using compiler: clang++-18 -fuse-ld=mold (gnu_like)
Using build mode: debug
Using build grouping policy: incremental (report_only)
Object cache: disabled (default disabled)
Using repo root: /tmp/scpp-json-240-probe
Resolved project dependency graph: 1 project(s)
Runtime compilation: enabled
Dependency compilation: reuse existing artifacts only
ninja: Entering directory `.prism/build'
[1/45] PCH app_pch.hpp.gch
[2/45] CXX scpp_framework/exceptions.o
[3/45] CXX src/01_prepare_inputs/load_runtime/data/family_preparation.o
[4/45] CXX scpp_framework/collections.o
[5/45] CXX scpp_framework/filesystem.o
[6/45] CXX src/01_prepare_inputs/load_runtime/data/runtime.o
[7/45] CXX src/01_prepare_inputs/load_runtime/handlers/native_import.o
[8/45] CXX src/01_prepare_inputs/load_runtime/data/project.o
[9/45] CXX src/01_prepare_inputs/load_runtime/handlers/lifecycle.o
[10/45] CXX src/01_prepare_inputs/load_runtime/handlers/package_syntax.o
[11/45] CXX scpp_framework/strings.o
[12/45] CXX scpp_framework/json_document.o
[13/45] CXX src/01_prepare_inputs/load_runtime/data/package_bindings.o
[14/45] CXX main.o
[15/45] CXX src/01_prepare_inputs/load_runtime/data/package.o
[16/45] CXX src/01_prepare_inputs/load_runtime/project_import.o
[17/45] CXX src/01_prepare_inputs/load_runtime/handlers/package_type_map.o
[18/45] CXX src/01_prepare_inputs/load_runtime/handlers/package_types.o
[19/45] CXX src/04_analyze/resolve_types/data/export_identity.o
[20/45] CXX src/04_analyze/type_model/data/callable_modes.o
[21/45] CXX src/01_prepare_inputs/load_runtime/handlers/type_exposure.o
[22/45] CXX src/04_analyze/type_model/data/context.o
[23/45] CXX src/04_analyze/type_model/data/callables.o
[24/45] CXX src/04_analyze/type_model/data/catalog.o
[25/45] CXX src/04_analyze/type_model/data/lifecycle_roles.o
[26/45] CXX src/04_analyze/type_model/data/generic.o
[27/45] CXX src/04_analyze/type_model/data/lifecycle.o
[28/45] CXX src/04_analyze/type_model/data/definitions.o
[29/45] CXX src/01_prepare_inputs/load_runtime/handlers/resources.o
[30/45] CXX probe.o
[31/45] CXX src/04_analyze/type_model/data/native_record_layout.o
[32/45] CXX src/04_analyze/type_model/data/lifetime_contract.o
[33/45] CXX src/04_analyze/type_model/data/semantic_modes.o
[34/45] CXX src/04_analyze/type_model/data/records.o
[35/45] CXX src/04_analyze/type_model/data/representations.o
[36/45] CXX src/05_generate_code/prepare_backend/data/configuration.o
[37/45] CXX src/04_analyze/type_model/data/type_references.o
[38/45] CXX src/04_analyze/type_model/data/semantic_calls.o
[39/45] CXX src/05_generate_code/prepare_backend/data/abi.o
[40/45] CXX src/04_analyze/type_model/data/resources.o
[41/45] CXX src/04_analyze/type_model/data/storage.o
[42/45] CXX src/compile/data/native_project.o
[43/45] CXX src/05_generate_code/prepare_backend/data/layout.o
[44/45] CXX src/05_generate_code/prepare_backend/data/source_exports.o
[45/45] LINK main
Rebuilt outputs: .prism/build/app_pch.hpp.gch, .prism/build/main, .prism/build/main.o, .prism/build/probe.o, .prism/build/scpp_framework/collections.o, .prism/build/scpp_framework/exceptions.o, .prism/build/scpp_framework/filesystem.o, .prism/build/scpp_framework/json_document.o, .prism/build/scpp_framework/strings.o, .prism/build/src/01_prepare_inputs/load_runtime/data/family_preparation.o, .prism/build/src/01_prepare_inputs/load_runtime/data/package.o, .prism/build/src/01_prepare_inputs/load_runtime/data/package_bindings.o, .prism/build/src/01_prepare_inputs/load_runtime/data/project.o, .prism/build/src/01_prepare_inputs/load_runtime/data/runtime.o, .prism/build/src/01_prepare_inputs/load_runtime/handlers/lifecycle.o, .prism/build/src/01_prepare_inputs/load_runtime/handlers/native_import.o, .prism/build/src/01_prepare_inputs/load_runtime/handlers/package_syntax.o, .prism/build/src/01_prepare_inputs/load_runtime/handlers/package_type_map.o, .prism/build/src/01_prepare_inputs/load_runtime/handlers/package_types.o, .prism/build/src/01_prepare_inputs/load_runtime/handlers/resources.o, .prism/build/src/01_prepare_inputs/load_runtime/handlers/type_exposure.o, .prism/build/src/01_prepare_inputs/load_runtime/project_import.o, .prism/build/src/04_analyze/resolve_types/data/export_identity.o, .prism/build/src/04_analyze/type_model/data/callable_modes.o, .prism/build/src/04_analyze/type_model/data/callables.o, .prism/build/src/04_analyze/type_model/data/catalog.o, .prism/build/src/04_analyze/type_model/data/context.o, .prism/build/src/04_analyze/type_model/data/definitions.o, .prism/build/src/04_analyze/type_model/data/generic.o, .prism/build/src/04_analyze/type_model/data/lifecycle.o, .prism/build/src/04_analyze/type_model/data/lifecycle_roles.o, .prism/build/src/04_analyze/type_model/data/lifetime_contract.o, .prism/build/src/04_analyze/type_model/data/native_record_layout.o, .prism/build/src/04_analyze/type_model/data/records.o, .prism/build/src/04_analyze/type_model/data/representations.o, .prism/build/src/04_analyze/type_model/data/resources.o, .prism/build/src/04_analyze/type_model/data/semantic_calls.o, .prism/build/src/04_analyze/type_model/data/semantic_modes.o, .prism/build/src/04_analyze/type_model/data/storage.o, .prism/build/src/04_analyze/type_model/data/type_references.o, .prism/build/src/05_generate_code/prepare_backend/data/abi.o, .prism/build/src/05_generate_code/prepare_backend/data/configuration.o, .prism/build/src/05_generate_code/prepare_backend/data/layout.o, .prism/build/src/05_generate_code/prepare_backend/data/source_exports.o, .prism/build/src/compile/data/native_project.o
Tip: set SCPP_NINJA_VERBOSE=1 to show full Ninja command lines.
Build completed: .prism/build/main
