[1/711] PCH expanded_runtime_pch.hpp.gch
[2/711] CXX expanded/compile/01_prepare_outputs.o
[3/711] CXX expanded/compile/backend/abi_bridge/llvm_abi_call_lowering.o
[4/711] CXX expanded/compile/backend/abi_bridge/string_runtime_abi.o
[5/711] CXX expanded/compile/artifacts/analysis_context_identity.o
[6/711] CXX expanded/compile/backend/abi_bridge/runtime_helper_effects.o
[7/711] CXX expanded/compile/backend/abi_bridge/llvm_abi_declarations.o
[8/711] CXX expanded/compile/artifacts/analysis_context.o
[9/711] CXX expanded/compile/backend/backend_emission_adapter_routes.o
[10/711] CXX expanded/compile/backend/backend_native_execution_adapter.o
[11/711] CXX expanded/compile/backend/backend_partition_readiness.o
[12/711] CXX expanded/compile/backend/backend_loop_text_emission.o
[13/711] CXX expanded/compile/backend/llvm_api_toolchain_probe.o
[14/711] CXX expanded/compile/backend/backend_emission_decisions.o
[15/711] clang++ -std=c++23 -fPIC -O0 -g1 -pipe -I../../../vendor/runtime/include -I../expanded/generated -DSCPP_LANGUAGE_TARGET_PHP=1 -DSCPP_HAS_MYSQLI=0 -DSCPP_HAS_REGEX=0 -DSCPP_HAS_CURL=0 -DSCPP_HAS_TASKS=1 -DSCPP_TASKS_DEFAULT_WORKER_POOL_SIZE=0 -DSCPP_HAS_UI=0 -DSCPP_HAS_WEBVIEW=0 -DSCPP_ENABLE_CALL_DEPTH_GUARD=1 -DSCPP_MAX_CALL_DEPTH=4096 -x c++-header -MD -MF expanded-project.pch.d ../expanded/generated/__project_units.hpp -o expanded-project.pch
[16/711] CXX expanded/compile/backend/llvm_api_sink_preflight.o
[17/711] CXX expanded/compile/backend/backend_module_composition.o
[18/711] CXX expanded/compile/backend/local_body_lowering_routes.o
[19/711] CXX expanded/compile/backend/abi_bridge/runtime_abi_bridge.o
[20/711] CXX expanded/compile/backend/scalar_body_backend_collection.o
[21/711] CXX expanded/compile/backend/backend_object_link_cache.o
[22/711] CXX expanded/compile/backend/scalar_loop_backend_requests.o
[23/711] CXX expanded/compile/backend/compiler_entry_backend.o
[24/711] CXX expanded/compile/backend/backend_preflight_requests.o
[25/711] CXX expanded/compile/backend/local_body_lowering.o
[26/711] CXX expanded/compile/backend/primitive_abi_adapter_matrix.o
[27/711] CXX expanded/compile/backend/lowering_plan.o
[28/711] CXX expanded/compile/frontend_adapter/phs/parser_cursor.o
[29/711] CXX expanded/compile/backend/scalar_body_statement_collection.o
[30/711] CXX expanded/compile/capabilities/capability_consumer_plans.o
[31/711] CXX expanded/compile/capabilities/type_traits.o
[32/711] CXX expanded/compile/frontend_adapter/phs/parser_diagnostics.o
[33/711] CXX expanded/compile/capabilities/storage_lifetime_readiness.o
[34/711] CXX expanded/compile/frontend_adapter/phs/parser_state.o
[35/711] CXX expanded/compile/incremental/deterministic_work_ordering.o
[36/711] CXX expanded/compile/control_flow/control_flow_dataflows.o
[37/711] CXX expanded/compile/control_flow/control_flow_transfers.o
[38/711] CXX expanded/compile/capabilities/runtime_helper_contract_readiness.o
[39/711] CXX expanded/compile/control_flow/control_flow_graphs.o
[40/711] CXX expanded/compile/incremental/mt_stage_evaluation.o
[41/711] CXX expanded/compile/frontend_adapter/phs/phs_tokenizer.o
[42/711] CXX expanded/compile/capabilities/type_capability_readiness.o
[43/711] CXX expanded/compile/incremental/partition_merge_reductions.o
[44/711] CXX expanded/compile/incremental/partition_readiness.o
[45/711] CXX expanded/compile/incremental/resident_body_dependencies.o
[46/711] CXX expanded/compile/incremental/resident_change_events.o
[47/711] CXX expanded/compile/incremental/resident_daemon_incremental_proof.o
[48/711] CXX expanded/compile/incremental/resident_dirty_propagation.o
[49/711] CXX expanded/compile/incremental/resident_dependency_edges.o
[50/711] CXX expanded/compile/incremental/resident_definition_granularity.o
[51/711] CXX expanded/compile/incremental/resident_frontend_node_lists.o
[52/711] CXX expanded/compile/incremental/resident_function_body_logical_frontend_reference_candidates.o
[53/711] CXX expanded/compile/incremental/resident_function_body_local_parse_proofs.o
[54/711] CXX expanded/compile/incremental/resident_function_body_logical_frontend_consumer_descriptors.o
[55/711] CXX expanded/compile/incremental/resident_function_body_incremental_acceptance.o
[56/711] CXX expanded/compile/incremental/resident_function_body_logical_frontend_views.o
[57/711] CXX expanded/compile/incremental/resident_function_body_mixed_frontend_assembly_proofs.o
[58/711] CXX expanded/compile/incremental/resident_function_body_parse_slices.o
[59/711] CXX expanded/compile/incremental/resident_daemon_file_ipc.o
[60/711] CXX expanded/compile/incremental/resident_function_body_ownership.o
[61/711] CXX expanded/compile/incremental/resident_function_body_publish_repoint_preflights.o
[62/711] CXX expanded/compile/incremental/resident_function_body_row_list_publish_plans.o
[63/711] CXX expanded/compile/incremental/resident_function_body_row_list_publish_results.o
[64/711] CXX expanded/compile/incremental/resident_function_body_source_unit_repoint_proofs.o
[65/711] CXX expanded/compile/incremental/resident_function_body_summary_project_references.o
[66/711] CXX expanded/compile/incremental/resident_function_body_stable_node_remap_proofs.o
[67/711] CXX expanded/compile/incremental/resident_function_body_work_decisions.o
[68/711] CXX expanded/compile/incremental/resident_project_symbol_name_lookups.o
[69/711] CXX expanded/compile/incremental/resident_public_surface_incremental_acceptance.o
[70/711] CXX expanded/compile/incremental/resident_reverse_dependencies.o
[71/711] CXX expanded/compile/incremental/resident_recompute_targets.o
[72/711] CXX expanded/compile/incremental/resident_reverse_dependency_indexes.o
[73/711] CXX expanded/compile/incremental/scheduler_api.o
[74/711] CXX expanded/compile/incremental/resident_source_unit_frontend_states.o
[75/711] CXX expanded/compile/model/callable_contract_identity.o
[76/711] CXX expanded/compile/incremental/resident_source_unit_symbol_states.o
[77/711] CXX expanded/compile/incremental/resident_transactions.o
[78/711] CXX expanded/compile/incremental/resident_token_lists.o
[79/711] CXX expanded/compile/model/dependency_graph_identity.o
[80/711] CXX expanded/compile/incremental/source_unit_early_skip.o
[81/711] CXX expanded/compile/incremental/source_unit_frontend_scheduler.o
[82/711] CXX expanded/compile/incremental/source_unit_frontend_work_decisions.o
[83/711] CXX expanded/compile/model/source_buffers.o
[84/711] CXX expanded/compile/model/project_callable_contracts.o
[85/711] CXX expanded/compile/model/type_ref_identity.o
[86/711] CXX expanded/compile/model/source_identity.o
[87/711] CXX expanded/compile/model/frontend_body_summaries.o
[88/711] CXX expanded/compile/model/project_symbol_identity.o
[89/711] CXX expanded/compile/model/reference_identity.o
[90/711] CXX expanded/compile/model/type_refs.o
[91/711] CXX expanded/compile/model/project_dependency_graph.o
[92/711] CXX expanded/compile/pipeline/pipeline_config_helpers.o
[93/711] CXX expanded/compile/pipeline/project_manifest.o
[94/711] CXX expanded/compile/pipeline/compiler_pipeline_runner.o
[95/711] CXX expanded/compile/model/project_reference_resolution.o
[96/711] CXX expanded/compile/semantic/semantic_body_capability_consumers.o
[97/711] CXX expanded/compile/operations/operation_readiness.o
[98/711] CXX expanded/compile/support/debug_profile_gate_results.o
[99/711] CXX expanded/compile/support/compiler_execution_artifacts.o
[100/711] CXX expanded/compile/support/output_paths.o
[101/711] CXX expanded/compile/support/artifact_writes.o
[102/711] CXX expanded/compile/pipeline/compiler_project_runner.o
[103/711] CXX expanded/compile/support/compiler_project_env_or_smoke_echo.o
[104/711] CXX expanded/compile/support/compiler_project_run_row_artifacts.o
[105/711] CXX expanded/compile/support/mt_publication_metrics.o
[106/711] CXX expanded/compile/support/compiler_export_artifacts.o
[107/711] CXX expanded/compile/support/source_files.o
[108/711] CXX expanded/debug/gate_result_debug_helpers.o
[109/711] CXX expanded/compile/support/pure_tdd_stage_artifacts.o
[110/711] CXX expanded/generated/semantic_callable_candidates.o
[111/711] CXX expanded/generated/semantic_lookup_manifest_generated.o
[112/711] CXX expanded/compile/support/performance_memory_estimates.o
[113/711] CXX expanded/generated/semantic_conversion_lookup.o
[114/711] CXX expanded/compile/support/resident_snapshots.o
[115/711] CXX expanded/compile/support/proof_metrics.o
[116/711] CXX expanded/compile/support/structure_kernel_smoke_runner.o
[117/711] CXX expanded/inspection/gate_result_inspection_helpers.o
[118/711] CXX expanded/generated/semantic_runtime_abi_declarations.o
[119/711] CXX expanded/generated/semantic_runtime_abi_bridge.o
[120/711] CXX expanded/structure_kernel/backend_request_row_lists.o
[121/711] CXX expanded/structure_kernel/frontend_model_kernel_counters.o
[122/711] CXX expanded/generated/semantic_module_api_lookup.o
[123/711] CXX expanded/generated/semantic_type_ref_providers.o
[124/711] CALLABLE_PART expanded_parts/main.o
[125/711] CXX expanded/structure_kernel/row_segment_policy.o
[126/711] CXX expanded/structure_kernel/frontend_node_lists.o
[127/711] CXX expanded/structure_kernel/row_ids.o
[128/711] CXX expanded/generated/semantic_operator_lookup.o
[129/711] CXX expanded/structures/artifacts/analysis_context.o
[130/711] CXX expanded/structures/artifacts/analysis_entry_context_row.o
[131/711] CXX expanded/structure_kernel/token_row_lists.o
[132/711] CXX expanded/structures/artifacts/artifact_writer_descriptor_artifact.o
[133/711] CXX expanded/structure_kernel/frontend_model_tables.o
[134/711] CXX expanded/structures/artifacts/artifact_cache_key_row.o
[135/711] CXX expanded/structure_kernel/token_tables.o
[136/711] CXX expanded/structures/artifacts/artifact_writer_descriptor_row.o
[137/711] CXX expanded/structures/artifacts/backend_sink_boundary_row.o
[138/711] CXX expanded/structures/artifacts/compiler_profile_event_row.o
[139/711] CXX expanded/structures/artifacts/debug_profile_gate_result_artifact.o
[140/711] CXX expanded/structures/artifacts/debug_profile_row_count_summary.o
[141/711] CXX expanded/structures/artifacts/debug_profile_stage_timing_summary.o
[142/711] CXX expanded/structures/artifacts/debug_profile_gate_result_row.o
[143/711] CXX expanded/structures/artifacts/incremental_callable_identity_row.o
[144/711] CXX expanded/structures/artifacts/incremental_identity_row.o
[145/711] CXX expanded/structures/artifacts/incremental_change_event_row.o
[146/711] CXX expanded/structures/artifacts/incremental_recompute_target_row.o
[147/711] CXX expanded/structures/artifacts/incremental_transaction_step_row.o
[148/711] CXX expanded/structures/artifacts/performance_memory_estimate_row.o
[149/711] CXX expanded/structures/artifacts/proof_metric_row.o
[150/711] CXX expanded/structures/backend/backend_binary_operand_row.o
[151/711] CXX expanded/structures/backend/backend_call_argument_row.o
[152/711] CXX expanded/structures/backend/backend_control_flow_operand_row.o
[153/711] CXX expanded/structures/backend/backend_emission_adapter_descriptor_artifact.o
[154/711] CXX expanded/structures/backend/backend_emission_block_row.o
[155/711] CXX expanded/structures/backend/backend_emission_adapter_descriptor_row.o
[156/711] CXX expanded/structures/backend/backend_emission_decision_artifact.o
[157/711] CXX expanded/structures/backend/backend_emission_decision_row.o
[158/711] CXX expanded/structures/backend/backend_emission_value_row.o
[159/711] CXX expanded/structures/backend/backend_link_decision_row.o
[160/711] CXX expanded/structures/backend/backend_link_cache_decision_row.o
[161/711] CXX expanded/structures/backend/backend_local_immediate_text_operand_row.o
[162/711] CXX expanded/structures/backend/backend_local_operand_row.o
[163/711] CXX expanded/structures/backend/backend_local_slot.o
[164/711] CXX expanded/structures/backend/backend_local_slots.o
[165/711] CXX expanded/structures/backend/backend_object_cache_decision_row.o
[166/711] CXX expanded/structures/backend/backend_object_link_cache_artifact.o
[167/711] CXX expanded/structures/backend/backend_object_output_row.o
[168/711] CXX expanded/structures/backend/backend_partition_execution_artifact.o
[169/711] CXX expanded/structures/backend/backend_refresh_row.o
[170/711] CXX expanded/structures/backend/backend_partition_execution_row.o
[171/711] CXX expanded/structures/backend/backend_project_link_execution_row.o
[172/711] CXX expanded/structures/backend/backend_request_authorization_row.o
[173/711] CXX expanded/structures/backend/backend_request_authorization_artifact.o
[174/711] CXX expanded/structures/backend/backend_request_list_ref.o
[175/711] CXX expanded/structures/backend/backend_request_row_list.o
[176/711] CXX expanded/structures/backend/backend_request_row_span.o
[177/711] CXX expanded/structures/backend/backend_stack_value.o
[178/711] CXX expanded/structures/backend/backend_step_route_descriptor_row.o
[179/711] CXX expanded/structures/backend/backend_string_literal_operand_row.o
[180/711] CXX expanded/structures/backend/callable_abi_readiness_artifact.o
[181/711] CXX expanded/structures/backend/backend_value_stack.o
[182/711] CXX expanded/structures/backend/callable_abi_readiness_row.o
[183/711] CXX expanded/structures/backend/direct_call_authorization_gate_row.o
[184/711] CXX expanded/structures/backend/direct_call_authorization_gate_artifact.o
[185/711] CXX expanded/structures/backend/direct_call_backend_request_transition_artifact.o
[186/711] CXX expanded/structures/backend/direct_call_backend_request_transition_row.o
[187/711] CXX expanded/structures/backend/direct_call_lowering_adapter_descriptor_row.o
[188/711] CXX expanded/structures/backend/direct_call_lowering_adapter_descriptor_artifact.o
[189/711] CXX expanded/structures/backend/function_body_emission_readiness_artifact.o
[190/711] CXX expanded/structures/backend/function_body_text_emission_preflight_artifact.o
[191/711] CXX expanded/structures/backend/function_body_emission_readiness_row.o
[192/711] CXX expanded/structures/backend/function_body_text_emission_preflight_row.o
[193/711] CXX expanded/structures/backend/function_definition_emission_preflight_row.o
[194/711] CXX expanded/structures/backend/function_definition_emission_preflight_artifact.o
[195/711] CXX expanded/structures/backend/llvm_api_handle_map_summary_row.o
[196/711] CXX expanded/structures/backend/llvm_api_sink_preflight_artifact.o
[197/711] CXX expanded/structures/backend/llvm_api_module_build_row.o
[198/711] CXX expanded/structures/backend/llvm_api_sink_preflight_row.o
[199/711] CXX expanded/structures/backend/llvm_api_toolchain_probe_artifact.o
[200/711] CXX expanded/structures/backend/llvm_function_symbol_preflight_artifact.o
[201/711] CXX expanded/structures/backend/llvm_function_symbol_preflight_row.o
[202/711] CXX expanded/structures/backend/llvm_api_toolchain_probe_row.o
[203/711] CXX expanded/structures/backend/local_body_lowering_route_descriptor_artifact.o
[204/711] CXX expanded/structures/backend/llvm_primitive_abi_descriptor_row.o
[205/711] CXX expanded/structures/backend/lowering_blocked_request_row.o
[206/711] CXX expanded/structures/backend/lowering_step.o
[207/711] CXX expanded/structures/backend/local_body_lowering_route_descriptor_row.o
[208/711] CXX expanded/structures/backend/lowering_plan.o
[209/711] CXX expanded/structures/backend/per_symbol_lowering_plan_row.o
[210/711] CXX expanded/structures/backend/per_symbol_lowering_plan_artifact.o
[211/711] CXX expanded/structures/backend/primitive_abi_adapter_row.o
[212/711] CXX expanded/structures/backend/primitive_abi_adapter_matrix_artifact.o
[213/711] CXX expanded/structures/backend/project_symbol_body_lookup_artifact.o
[214/711] CXX expanded/structures/backend/project_symbol_body_lookup_row.o
[215/711] CXX expanded/structures/backend/runtime_abi_bridge_artifact.o
[216/711] CXX expanded/structures/capabilities/callable_signature_readiness_row.o
[217/711] CXX expanded/structures/capabilities/capability_consumer_row.o
[218/711] CXX expanded/structures/capabilities/capability_provider_row.o
[219/711] CXX expanded/structures/capabilities/capability_coverage_artifact.o
[220/711] CXX expanded/structures/capabilities/capability_consumer_plan.o
[221/711] CXX expanded/structures/capabilities/capability_readiness_row.o
[222/711] CXX expanded/structures/capabilities/capability_registry_row.o
[223/711] CXX expanded/structures/capabilities/condition_truthiness_policy_artifact.o
[224/711] CXX expanded/structures/capabilities/closure_capture_policy_row.o
[225/711] CXX expanded/structures/capabilities/condition_truthiness_policy_row.o
[226/711] CXX expanded/structures/capabilities/contract_consumer_route_descriptor_row.o
[227/711] CXX expanded/structures/capabilities/contract_provider_row.o
[228/711] CXX expanded/structures/capabilities/contract_provider_route_descriptor_row.o
[229/711] CXX expanded/structures/capabilities/contract_consumer_row.o
[230/711] CXX expanded/structures/capabilities/contract_registry_row.o
[231/711] CXX expanded/structures/capabilities/contract_coverage_artifact.o
[232/711] CXX expanded/structures/capabilities/feature_coverage_axis_row.o
[233/711] CXX expanded/structures/capabilities/fixed_array_index_readiness_row.o
[234/711] CXX expanded/structures/capabilities/fixed_array_literal_readiness_row.o
[235/711] CXX expanded/structures/capabilities/fixed_array_readiness_table.o
[236/711] CXX expanded/structures/capabilities/layout_readiness_row.o
[237/711] CXX expanded/structures/capabilities/module_drift_audit_row.o
[238/711] CXX expanded/structures/capabilities/layout_lifecycle_readiness_row.o
[239/711] CXX expanded/structures/capabilities/module_metadata_provider_row.o
[240/711] CXX expanded/structures/capabilities/numeric_backend_adapter_decision_row.o
[241/711] CXX expanded/structures/capabilities/module_helper_surface_row.o
[242/711] CXX expanded/structures/capabilities/module_helper_backend_blocker_row.o
[243/711] CXX expanded/structures/capabilities/provider_descriptor_row.o
[244/711] CXX expanded/structures/capabilities/provider_trait_descriptor_row.o
[245/711] CXX expanded/structures/capabilities/provider_descriptor_table.o
[246/711] CXX expanded/structures/capabilities/object_value_layout_ownership_row.o
[247/711] CXX expanded/structures/capabilities/range_adapter_contract_row.o
[248/711] CXX expanded/structures/capabilities/representative_feature_path_row.o
[249/711] CXX expanded/structures/capabilities/runtime_helper_contract_readiness_artifact.o
[250/711] CXX expanded/structures/capabilities/runtime_helper_contract_readiness_row.o
[251/711] CXX expanded/structures/capabilities/storage_lifetime_request_row.o
[252/711] CXX expanded/structures/capabilities/storage_lifetime_route_descriptor_row.o
[253/711] CXX expanded/structures/capabilities/type_family_descriptor_table.o
[254/711] CXX expanded/structures/capabilities/type_capability.o
[255/711] CXX expanded/structures/capabilities/type_family_descriptor_row.o
[256/711] CXX expanded/structures/capabilities/type_trait_metadata_source_row.o
[257/711] CXX expanded/structures/capabilities/type_trait_row.o
[258/711] CXX expanded/structures/capabilities/type_trait_substrate_decision_row.o
[259/711] CXX expanded/structures/capabilities/wrapper_extraction_contract_row.o
[260/711] CXX expanded/structures/capabilities/type_trait_table.o
[261/711] CXX expanded/structures/capabilities/wrapper_extraction_readiness_row.o
[262/711] CXX expanded/structures/capabilities/wrapper_extraction_readiness_table.o
[263/711] CXX expanded/structures/capabilities/wrapper_output_mutation_adapter_table.o
[264/711] CXX expanded/structures/capabilities/wrapper_output_mutation_adapter_row.o
[265/711] CXX expanded/structures/capabilities/wrapper_family_row.o
[266/711] CXX expanded/structures/control_flow/control_flow_block_row.o
[267/711] CXX expanded/structures/control_flow/control_flow_dataflow_row.o
[268/711] CXX expanded/structures/capabilities/wrapper_runtime_abi_row.o
[269/711] CXX expanded/structures/control_flow/control_flow_dataflow_artifact.o
[270/711] CXX expanded/structures/capabilities/wrapper_runtime_abi_table.o
[271/711] CXX expanded/structures/control_flow/control_flow_edge_row.o
[272/711] CXX expanded/structures/control_flow/control_flow_graph_artifact.o
[273/711] CXX expanded/structures/frontend/frontend_body_summary_artifact.o
[274/711] CXX expanded/structures/frontend/frontend_body_summary_row.o
[275/711] CXX expanded/structures/frontend/frontend_declaration_payload_row.o
[276/711] CXX expanded/structures/frontend/frontend_local_binding_summary_row.o
[277/711] CXX expanded/structures/frontend/frontend_literal_payload_row.o
[278/711] CXX expanded/structures/frontend/frontend_expression_payload_row.o
[279/711] CXX expanded/structures/frontend/frontend_name_payload_row.o
[280/711] CXX expanded/structures/frontend/frontend_node_list.o
[281/711] CXX expanded/structures/frontend/frontend_node_list_ref.o
[282/711] CXX expanded/structures/frontend/frontend_model.o
[283/711] CXX expanded/structures/frontend/frontend_node_segment.o
[284/711] CXX expanded/structures/frontend/frontend_node_row.o
[285/711] CXX expanded/structures/frontend/frontend_node_list_owner.o
[286/711] CXX expanded/structures/frontend/frontend_node_span.o
[287/711] CXX expanded/structures/frontend/frontend_statement_payload_row.o
[288/711] CXX expanded/structures/frontend/frontend_type_syntax_payload_row.o
[289/711] CXX expanded/structures/frontend/parser_diagnostic_table.o
[290/711] CXX expanded/structures/frontend/parser_diagnostic_row.o
[291/711] CXX expanded/structures/frontend/line_start_row.o
[292/711] CXX expanded/structures/frontend/source_range_ext_row.o
[293/711] CXX expanded/structures/frontend/source_buffer_row.o
[294/711] CXX expanded/structures/frontend/phs_parser_state.o
[295/711] CXX expanded/structures/frontend/source_range_row.o
[296/711] CXX expanded/structures/frontend/phs_parser_cursor.o
[297/711] CXX expanded/structures/frontend/source_slice.o
[298/711] CXX expanded/structures/frontend/token_extended_length_row.o
[299/711] CXX expanded/structures/frontend/token_list_ref.o
[300/711] CXX expanded/structures/frontend/token_row.o
[301/711] CXX expanded/structures/frontend/token_row_list.o
[302/711] CXX expanded/structures/frontend/token_row_span.o
[303/711] CXX expanded/structures/frontend/token_row_segment.o
[304/711] CXX expanded/structures/incremental/deterministic_work_order_artifact.o
[305/711] CXX expanded/structures/incremental/deterministic_work_order_row.o
[306/711] CXX expanded/structures/frontend/token_stream.o
[307/711] CXX expanded/structures/incremental/incremental_snapshot_diff_row.o
[308/711] CXX expanded/structures/incremental/incremental_deferred_surface_row.o
[309/711] CXX expanded/structures/incremental/incremental_snapshot_row.o
[310/711] CXX expanded/structures/incremental/incremental_stage_presence_row.o
[311/711] CXX expanded/structures/incremental/mt_stage_evaluation_artifact.o
[312/711] CXX expanded/structures/incremental/mt_stage_evaluation_row.o
[313/711] CXX expanded/structures/incremental/mt_stage_measurement_row.o
[314/711] CXX expanded/structures/incremental/mt_stage_worker_activation_gate_row.o
[315/711] CXX expanded/structures/incremental/mt_stage_worker_payload_transfer_strategy_row.o
[316/711] CXX expanded/structures/incremental/mt_worker_segment_row.o
[317/711] CXX expanded/structures/incremental/mt_stage_worker_result_transfer_contract_row.o
[318/711] CXX expanded/structures/incremental/partition_merge_reduction_artifact.o
[319/711] CXX expanded/structures/incremental/partition_readiness_artifact.o
[320/711] CXX expanded/structures/incremental/partition_merge_reduction_row.o
[321/711] CXX expanded/structures/incremental/project_incremental_snapshot_diff_artifact.o
[322/711] CXX expanded/structures/incremental/partition_readiness_row.o
[323/711] CXX expanded/structures/incremental/project_incremental_snapshot_diff_row.o
[324/711] CXX expanded/structures/incremental/project_incremental_snapshot_row.o
[325/711] CXX expanded/structures/incremental/resident_body_dependency_row.o
[326/711] CXX expanded/structures/incremental/resident_change_event_row.o
[327/711] CXX expanded/structures/incremental/resident_daemon_request_row.o
[328/711] CXX expanded/structures/incremental/resident_daemon_dirty_source_projection_row.o
[329/711] CXX expanded/structures/incremental/resident_daemon_loop_policy_row.o
[330/711] CXX expanded/structures/incremental/resident_daemon_ipc_artifact.o
[331/711] CXX expanded/structures/incremental/resident_daemon_response_row.o
[332/711] CXX expanded/structures/incremental/resident_daemon_source_slot_event_row.o
[333/711] CXX expanded/structures/incremental/resident_daemon_session_row.o
[334/711] CXX expanded/structures/incremental/resident_daemon_source_slot_scan_row.o
[335/711] CXX expanded/structures/incremental/resident_daemon_source_slot_stat_row.o
[336/711] CXX expanded/structures/incremental/resident_dependency_edge_snapshot_row.o
[337/711] CXX expanded/structures/incremental/resident_dirty_bailout_row.o
[338/711] CXX expanded/structures/incremental/resident_dirty_budget_row.o
[339/711] CXX expanded/structures/incremental/resident_dirty_limit_check_row.o
[340/711] CXX expanded/structures/incremental/resident_dirty_processed_row.o
[341/711] CXX expanded/structures/incremental/resident_frontend_node_list_snapshot_row.o
[342/711] CXX expanded/structures/incremental/resident_dirty_queue_row.o
[343/711] CXX expanded/structures/incremental/resident_frontend_node_list_publish_row.o
[344/711] CXX expanded/structures/incremental/resident_function_body_incremental_acceptance_row.o
[345/711] CXX expanded/structures/incremental/resident_function_body_change_row.o
[346/711] CXX expanded/structures/incremental/resident_function_body_local_parse_proof_row.o
[347/711] CXX expanded/structures/incremental/resident_function_body_logical_frontend_consumer_descriptor_row.o
[348/711] CXX expanded/structures/incremental/resident_function_body_logical_frontend_body_span_descriptor_row.o
[349/711] CXX expanded/structures/incremental/resident_function_body_logical_frontend_reference_candidate_row.o
[350/711] CXX expanded/structures/incremental/resident_function_body_logical_frontend_view_row.o
[351/711] CXX expanded/structures/incremental/resident_function_body_mixed_frontend_assembly_proof_row.o
[352/711] CXX expanded/structures/incremental/resident_function_body_parse_slice_row.o
[353/711] CXX expanded/structures/incremental/resident_function_body_publish_repoint_preflight_row.o
[354/711] CXX expanded/structures/incremental/resident_function_body_row_list_publish_result_row.o
[355/711] CXX expanded/structures/incremental/resident_function_body_snapshot_row.o
[356/711] CXX expanded/structures/incremental/resident_function_body_row_list_publish_plan_row.o
[357/711] CXX expanded/structures/incremental/resident_function_body_source_unit_repoint_proof_row.o
[358/711] CXX expanded/structures/incremental/resident_function_body_stable_node_remap_proof_row.o
[359/711] CXX expanded/structures/incremental/resident_function_body_summary_project_reference_row.o
[360/711] CXX expanded/structures/incremental/resident_function_body_work_decision_row.o
[361/711] CXX expanded/structures/incremental/resident_incremental_file_change_row.o
[362/711] CXX expanded/structures/incremental/resident_incremental_transaction_row.o
[363/711] CXX expanded/structures/incremental/resident_project_snapshot_diff_row.o
[364/711] CXX expanded/structures/incremental/resident_project_snapshot_row.o
[365/711] CXX expanded/structures/incremental/resident_project_symbol_name_lookup_row.o
[366/711] CXX expanded/structures/incremental/resident_reverse_dependency_index_ref_row.o
[367/711] CXX expanded/structures/incremental/resident_public_surface_incremental_acceptance_row.o
[368/711] CXX expanded/structures/incremental/resident_reverse_dependency_lookup_row.o
[369/711] CXX expanded/structures/incremental/resident_recompute_target_row.o
[370/711] CXX expanded/structures/incremental/resident_reverse_dependency_index_row.o
[371/711] CXX expanded/structures/incremental/resident_source_unit_change_row.o
[372/711] CXX expanded/structures/incremental/resident_source_unit_early_skip_decision_row.o
[373/711] CXX expanded/structures/incremental/resident_source_unit_early_skip_artifact.o
[374/711] CXX expanded/structures/incremental/resident_source_unit_frontend_payload_arena_contract_row.o
[375/711] CXX expanded/structures/incremental/resident_source_unit_frontend_payload_adoption_row.o
[376/711] CXX expanded/structures/incremental/resident_source_unit_frontend_payload_table_row.o
[377/711] CXX expanded/structures/incremental/resident_source_unit_frontend_payload_transfer_contract_row.o
[378/711] CXX expanded/structures/incremental/resident_source_unit_frontend_state_row.o
[379/711] CXX expanded/structures/incremental/resident_source_unit_frontend_task_payload_segment_adoption_publication_row.o
[380/711] CXX expanded/structures/incremental/resident_source_unit_frontend_task_payload_segment_handle_reservation_row.o
[381/711] CXX expanded/structures/incremental/resident_source_unit_frontend_task_payload_segment_handle_request_row.o
[382/711] CXX expanded/structures/incremental/resident_source_unit_frontend_task_segment_handle_row.o
[383/711] CXX expanded/structures/incremental/resident_source_unit_frontend_task_payload_segment_materialization_row.o
[384/711] CXX expanded/structures/incremental/resident_source_unit_frontend_work_decision_row.o
[385/711] CXX expanded/structures/incremental/resident_source_unit_snapshot_row.o
[386/711] CXX expanded/structures/incremental/resident_source_unit_symbol_state_row.o
[387/711] CXX expanded/structures/incremental/resident_symbol_definition_change_row.o
[388/711] CXX expanded/structures/incremental/resident_symbol_definition_snapshot_row.o
[389/711] CXX expanded/structures/incremental/resident_transaction_step_row.o
[390/711] CXX expanded/structures/incremental/resident_token_list_publish_row.o
[391/711] CXX expanded/structures/incremental/scheduler_api_artifact.o
[392/711] CXX expanded/structures/incremental/resident_token_list_snapshot_row.o
[393/711] CXX expanded/structures/incremental/scheduler_session_row.o
[394/711] CXX expanded/structures/incremental/scheduler_task_row.o
[395/711] CXX expanded/structures/incremental/source_unit_frontend_dispatch_decision_row.o
[396/711] CXX expanded/structures/incremental/scheduler_worker_row.o
[397/711] CXX expanded/structures/incremental/source_unit_frontend_worker_activation_gate_row.o
[398/711] CXX expanded/structures/incremental/source_unit_frontend_worker_payload_carrier_contract_row.o
[399/711] CXX expanded/structures/incremental/source_unit_frontend_worker_payload_carrier_install_row.o
[400/711] CXX expanded/structures/incremental/source_unit_frontend_worker_payload_install_preflight_row.o
[401/711] CXX expanded/structures/incremental/source_unit_frontend_worker_payload_production_install_row.o
[402/711] CXX expanded/structures/model/frontend_row_kind_descriptor.o
[403/711] CXX expanded/structures/incremental/source_unit_frontend_worker_payload_production_swap_row.o
[404/711] CXX expanded/structures/incremental/source_unit_frontend_worker_payload_replacement_materializer_row.o
[405/711] CXX expanded/structures/model/primitive_type_ref_descriptor_row.o
[406/711] CXX expanded/structures/model/primitive_type_ref_spelling_descriptor_row.o
[407/711] CXX expanded/structures/model/type_arg_row.o
[408/711] CXX expanded/structures/model/type_ref_row.o
[409/711] CXX expanded/structures/model/type_ref_table.o
[410/711] CXX expanded/structures/operations/feature_operation_route_descriptor_row.o
[411/711] CXX expanded/structures/operations/operation_blocked_reason_route_row.o
[412/711] CXX expanded/structures/operations/operation_contract.o
[413/711] CXX expanded/structures/operations/operation_readiness.o
[414/711] CXX expanded/structures/operations/take_candidate_row.o
[415/711] CXX expanded/structures/operations/take_candidate_table.o
[416/711] CXX expanded/structures/pipeline/compiler_project_run_row.o
[417/711] CXX expanded/structures/pipeline/pipeline_config.o
[418/711] CXX expanded/structures/pipeline/pipeline_batch_config.o
[419/711] CXX expanded/structures/pipeline/project_manifest.o
[420/711] CXX expanded/structures/pipeline/project_manifest_source_row.o
[421/711] CXX expanded/structures/project/project_callable_contract_artifact.o
[422/711] CXX expanded/structures/project/project_callable_contract_row.o
[423/711] CXX expanded/structures/project/project_dependency_graph.o
[424/711] CXX expanded/structures/project/project_dependency_graph_edge_row.o
[425/711] CXX expanded/structures/project/project_dependency_graph_node_row.o
[426/711] CXX expanded/structures/project/project_dirty_fanout_row.o
[427/711] CXX expanded/structures/project/project_dirty_reuse_projection_row.o
[428/711] CXX expanded/structures/project/project_reference_actual_argument_row.o
[429/711] CXX expanded/structures/project/project_frontend_source_row.o
[430/711] CXX expanded/structures/project/project_frontend_model.o
[431/711] CXX expanded/structures/project/project_reference_resolution.o
[432/711] CXX expanded/structures/project/project_reference_resolution_row.o
[433/711] CXX expanded/structures/project/project_symbol_function_import_row.o
[434/711] CXX expanded/structures/project/project_symbol_index.o
[435/711] CXX expanded/structures/project/project_symbol_parameter_row.o
[436/711] CXX expanded/structures/project/source_read_result_row.o
[437/711] CXX expanded/structures/project/project_symbol_index_row.o
[438/711] CXX expanded/structures/project/source_read_descriptor_row.o
[439/711] CXX expanded/structures/project/source_read_table.o
[440/711] CXX expanded/structures/project/source_unit_table_row.o
[441/711] CXX expanded/structures/project/source_unit_table.o
[442/711] CXX expanded/structures/support/artifact_write_report_record.o
[443/711] CXX expanded/structures/support/artifact_write_record.o
[444/711] CXX expanded/structures/support/row_list_publish_result.o
[445/711] CALLABLE_PART expanded_parts/__callable/compiler_profile_events___scpp_static_accepts.o
[446/711] CALLABLE_PART expanded_parts/__callable/compiler_profile_events_stage_compiler_project_run_total_id.o
[447/711] CALLABLE_PART expanded_parts/__callable/compiler_profile_events_stage_output_setup_id.o
[448/711] CALLABLE_PART expanded_parts/__callable/compiler_profile_events_stage_manifest_id.o
[449/711] CALLABLE_PART expanded_parts/__callable/compiler_profile_events_stage_source_units_id.o
[450/711] CALLABLE_PART expanded_parts/__callable/compiler_profile_events_stage_frontend_symbols_id.o
[451/711] CALLABLE_PART expanded_parts/__callable/compiler_profile_events_stage_references_contracts_id.o
[452/711] CALLABLE_PART expanded_parts/__callable/compiler_profile_events_stage_analysis_capability_id.o
[453/711] CALLABLE_PART expanded_parts/__callable/compiler_profile_events_stage_backend_lowering_writes_id.o
[454/711] CALLABLE_PART expanded_parts/__callable/compiler_profile_events_stage_capability_load_probe_id.o
[455/711] CXX expanded/structures/pipeline/compiler_project_run_report.o
[456/711] CALLABLE_PART expanded_parts/__callable/compiler_profile_events_stage_backend_direct_call_setup_id.o
[457/711] CALLABLE_PART expanded_parts/__callable/compiler_profile_events_stage_backend_target_local_match_id.o
[458/711] CALLABLE_PART expanded_parts/__callable/compiler_profile_events_stage_backend_target_local_emission_id.o
[459/711] CALLABLE_PART expanded_parts/__callable/compiler_profile_events_stage_backend_entry_call_emission_id.o
[460/711] CALLABLE_PART expanded_parts/__callable/compiler_profile_events_stage_project_symbol_index_id.o
[461/711] CALLABLE_PART expanded_parts/__callable/compiler_profile_events_stage_frontend_source_units_id.o
[462/711] CALLABLE_PART expanded_parts/__callable/compiler_profile_events_stage_llvm_text_materialization_id.o
[463/711] CALLABLE_PART expanded_parts/__callable/compiler_profile_events_stage_tokenizer_id.o
[464/711] CALLABLE_PART expanded_parts/__callable/compiler_profile_events_stage_parser_frontend_model_id.o
[465/711] CALLABLE_PART expanded_parts/__callable/compiler_profile_events_stage_artifact_write_id.o
[466/711] CALLABLE_PART expanded_parts/__callable/compiler_profile_events_stage_resident_token_snapshots_id.o
[467/711] CALLABLE_PART expanded_parts/__callable/compiler_profile_events_stage_resident_frontend_node_snapshots_id.o
[468/711] CALLABLE_PART expanded_parts/__callable/compiler_profile_events_stage_symbol_definition_snapshots_id.o
[469/711] CALLABLE_PART expanded_parts/__callable/compiler_profile_events_stage_symbol_name_lookups_id.o
[470/711] CALLABLE_PART expanded_parts/__callable/compiler_profile_events_stage_function_body_ownership_snapshots_id.o
[471/711] CALLABLE_PART expanded_parts/__callable/compiler_profile_events_stage_frontend_payload_publication_metrics_id.o
[472/711] CALLABLE_PART expanded_parts/__callable/compiler_profile_events_stage_symbol_state_publication_id.o
[473/711] CALLABLE_PART expanded_parts/__callable/compiler_profile_events_status_blocked_id.o
[474/711] CALLABLE_PART expanded_parts/__callable/compiler_profile_events_now_us.o
[475/711] CALLABLE_PART expanded_parts/__callable/compiler_profile_events_elapsed_us_since.o
[476/711] CALLABLE_PART expanded_parts/__callable/compiler_profile_events_stage_symbol_fact_publication_metrics_id.o
[477/711] CALLABLE_PART expanded_parts/__callable/compiler_profile_events_status_completed_id.o
[478/711] CALLABLE_PART expanded_parts/__callable/compiler_profile_events_append_event.o
[479/711] CXX expanded/__callable/compiler_profile_events_locations.o
[480/711] CALLABLE_PART expanded_parts/__callable/compiler_profile_events_append_elapsed.o
[481/711] CALLABLE_PART expanded_parts/__callable/compiler_profile_events_status_name.o
[482/711] CALLABLE_PART expanded_parts/__callable/compiler_profile_events_stage_name.o
[483/711] CALLABLE_PART expanded_parts/__callable/compiler_profile_events_debug_string.o
[484/711] CALLABLE_PART expanded_parts/__callable/token_kinds___scpp_static_accepts.o
[485/711] CALLABLE_PART expanded_parts/__callable/token_kinds_eof.o
[486/711] CALLABLE_PART expanded_parts/__callable/token_kinds_unknown.o
[487/711] CALLABLE_PART expanded_parts/__callable/token_kinds_identifier.o
[488/711] CALLABLE_PART expanded_parts/__callable/token_kinds_string_literal.o
[489/711] CALLABLE_PART expanded_parts/__callable/token_kinds_keyword.o
[490/711] CALLABLE_PART expanded_parts/__callable/token_kinds_number.o
[491/711] CXX expanded/__callable/token_kinds_locations.o
[492/711] CALLABLE_PART expanded_parts/__callable/token_kinds_error.o
[493/711] CALLABLE_PART expanded_parts/__callable/token_kinds_symbol.o
[494/711] CALLABLE_PART expanded_parts/__callable/token_kinds_comment.o
[495/711] CALLABLE_PART expanded_parts/__callable/token_kinds_name.o
[496/711] CALLABLE_PART expanded_parts/__callable/frontend_model_builder___scpp_static_accepts.o
[497/711] CALLABLE_PART expanded_parts/__callable/frontend_model_builder_declaration_kind_function_id.o
[498/711] CALLABLE_PART expanded_parts/__callable/frontend_model_builder_declaration_kind_namespace_id.o
[499/711] CALLABLE_PART expanded_parts/__callable/frontend_model_builder_declaration_kind_use_function_id.o
[500/711] CALLABLE_PART expanded_parts/__callable/frontend_model_builder_synthetic_script_entry_name.o
[501/711] CALLABLE_PART expanded_parts/__callable/frontend_model_builder_declaration_flag_synthetic_script_entry_id.o
[502/711] CALLABLE_PART expanded_parts/__callable/frontend_model_builder_declaration_is_synthetic_script_entry.o
[503/711] CALLABLE_PART expanded_parts/__callable/frontend_model_builder_name_role_declaration_id.o
[504/711] CALLABLE_PART expanded_parts/__callable/frontend_model_builder_name_role_type_id.o
[505/711] CALLABLE_PART expanded_parts/__callable/frontend_model_builder_name_role_callee_id.o
[506/711] CALLABLE_PART expanded_parts/__callable/frontend_model_builder_name_role_variable_id.o
[507/711] CALLABLE_PART expanded_parts/__callable/frontend_model_builder_name_role_namespace_id.o
[508/711] CALLABLE_PART expanded_parts/__callable/frontend_model_builder_name_role_constant_id.o
[509/711] CALLABLE_PART expanded_parts/__callable/frontend_model_builder_statement_flag_append_target_id.o
[510/711] CALLABLE_PART expanded_parts/__callable/frontend_model_builder_statement_flag_const_binding_id.o
[511/711] CALLABLE_PART expanded_parts/__callable/frontend_model_builder_expression_flag_by_reference_parameter_id.o
[512/711] CALLABLE_PART expanded_parts/__callable/frontend_model_builder_literal_kind_integer_id.o
[513/711] CALLABLE_PART expanded_parts/__callable/frontend_model_builder_literal_kind_bool_id.o
[514/711] CALLABLE_PART expanded_parts/__callable/frontend_model_builder_literal_kind_floating_id.o
[515/711] CALLABLE_PART expanded_parts/__callable/frontend_model_builder_literal_kind_string_id.o
[516/711] CALLABLE_PART expanded_parts/__callable/frontend_model_builder_literal_kind_null_id.o
[517/711] CALLABLE_PART expanded_parts/__callable/frontend_model_builder_literal_status_ready_id.o
[518/711] CALLABLE_PART expanded_parts/__callable/frontend_model_builder_operator_plus_id.o
[519/711] CALLABLE_PART expanded_parts/__callable/frontend_model_builder_operator_minus_id.o
[520/711] CALLABLE_PART expanded_parts/__callable/frontend_model_builder_operator_multiply_id.o
[521/711] CALLABLE_PART expanded_parts/__callable/frontend_model_builder_operator_divide_id.o
[522/711] CALLABLE_PART expanded_parts/__callable/frontend_model_builder_primitive_int_type_ref_id.o
[523/711] CALLABLE_PART expanded_parts/__callable/frontend_model_builder_operator_unary_minus_id.o
[524/711] CALLABLE_PART expanded_parts/__callable/frontend_model_builder_operator_modulo_id.o
[525/711] CALLABLE_PART expanded_parts/__callable/frontend_model_builder_primitive_bool_type_ref_id.o
[526/711] CALLABLE_PART expanded_parts/__callable/frontend_model_builder_numeric_type_ref_is_integer_literal_target.o
[527/711] CALLABLE_PART expanded_parts/__callable/frontend_model_builder_integer_positive_limit_for_width.o
[528/711] CALLABLE_PART expanded_parts/__callable/frontend_model_builder_numeric_type_ref_accepts_decimal_literal.o
[529/711] CALLABLE_PART expanded_parts/__callable/frontend_model_builder_runtime_string_type_ref_id.o
[530/711] CALLABLE_PART expanded_parts/__callable/frontend_model_builder_integer_literal_fits_type_ref.o
[531/711] CALLABLE_PART expanded_parts/__callable/frontend_model_builder_token_end_offset.o
[532/711] CALLABLE_PART expanded_parts/__callable/frontend_model_builder_source_range_from_offsets.o
[533/711] CALLABLE_PART expanded_parts/__callable/frontend_model_builder_primitive_type_ref_id_for_name.o
[534/711] CALLABLE_PART expanded_parts/__callable/frontend_model_builder_source_range_from_token.o
[535/711] CALLABLE_PART expanded_parts/__callable/frontend_model_builder_source_type_ref_id_for_name.o
[536/711] CALLABLE_PART expanded_parts/__callable/frontend_model_builder_expect_type_name_token.o
[537/711] CALLABLE_PART expanded_parts/__callable/frontend_model_builder_parse_type_ref_id.o
[538/711] CALLABLE_PART expanded_parts/__callable/frontend_model_builder_append_declaration_name.o
[539/711] CALLABLE_PART expanded_parts/__callable/frontend_model_builder_append_name.o
[540/711] CALLABLE_PART expanded_parts/__callable/frontend_model_builder_append_callee_name.o
[541/711] CALLABLE_PART expanded_parts/__callable/frontend_model_builder_append_type_name.o
[542/711] CALLABLE_PART expanded_parts/__callable/frontend_model_builder_append_variable_name.o
[543/711] CALLABLE_PART expanded_parts/__callable/frontend_model_builder_append_namespace_name.o
[544/711] CALLABLE_PART expanded_parts/__callable/frontend_model_builder_append_constant_name.o
[545/711] CALLABLE_PART expanded_parts/__callable/frontend_model_builder_append_variable_expression_with_type.o
[546/711] CALLABLE_PART expanded_parts/__callable/frontend_model_builder_expression_type_ref_or_unknown.o
[547/711] CALLABLE_PART expanded_parts/__callable/frontend_model_builder_append_variable_expression.o
[548/711] CALLABLE_PART expanded_parts/__callable/frontend_model_builder_append_identifier_expression_from_token_with_type.o
[549/711] CALLABLE_PART expanded_parts/__callable/frontend_model_builder_append_identifier_expression_with_type.o
[550/711] CALLABLE_PART expanded_parts/__callable/frontend_model_builder_append_null_literal_expression.o
[551/711] CALLABLE_PART expanded_parts/__callable/frontend_model_builder_append_literal_expression_with_numeric_type.o
[552/711] CALLABLE_PART expanded_parts/__callable/frontend_model_builder_append_string_literal_expression.o
[553/711] CALLABLE_PART expanded_parts/__callable/frontend_model_builder_append_variable_expression_from_existing_node_with_type.o
[554/711] CALLABLE_PART expanded_parts/__callable/frontend_model_builder_consume_blocked_unary_logical_not_expression.o
[555/711] CALLABLE_PART expanded_parts/__callable/frontend_model_builder_append_unary_minus_integer_literal_expression_with_type.o
[556/711] CALLABLE_PART expanded_parts/__callable/frontend_model_builder_append_unary_minus_local_expression_with_type.o
[557/711] CALLABLE_PART expanded_parts/__callable/frontend_model_builder_at_call_argument_list_after_open_offset.o
[558/711] CALLABLE_PART expanded_parts/__callable/frontend_model_builder_append_call_expression.o
[559/711] CALLABLE_PART expanded_parts/__callable/frontend_model_builder_consume_blocked_unary_logical_not_operand.o
[560/711] CALLABLE_PART expanded_parts/__callable/frontend_model_builder_at_qualified_call_expression.o
[561/711] CALLABLE_PART expanded_parts/__callable/frontend_model_builder_at_scalar_expression_start_at_offset.o
[562/711] CALLABLE_PART expanded_parts/__callable/frontend_model_builder_mark_expression_node_flag.o
[563/711] CALLABLE_PART expanded_parts/__callable/frontend_model_builder_at_function_parameter.o
[564/711] CALLABLE_PART expanded_parts/__callable/frontend_model_builder_at_call_expression_with_argument_list.o
[565/711] CALLABLE_PART expanded_parts/__callable/frontend_model_builder_append_function_parameter_expression.o
[566/711] CALLABLE_PART expanded_parts/__callable/frontend_model_builder_append_parameter_default_literal_if_present.o
[567/711] CALLABLE_PART expanded_parts/__callable/frontend_model_builder_append_binary_minus_expression_from_left_with_type.o
[568/711] CALLABLE_PART expanded_parts/__callable/frontend_model_builder_append_binary_plus_expression_from_left_with_type.o
[569/711] CALLABLE_PART expanded_parts/__callable/frontend_model_builder_append_generated_binary_expression_from_left_with_type.o
[570/711] CALLABLE_PART expanded_parts/__callable/frontend_model_builder_append_index_access_expression_from_nodes_with_type.o
[571/711] CALLABLE_PART expanded_parts/__callable/frontend_model_builder_append_binary_expression_from_left_with_type.o
[572/711] CALLABLE_PART expanded_parts/__callable/frontend_model_builder_expression_type_ref_from_node.o
[573/711] CALLABLE_PART expanded_parts/__callable/frontend_model_builder_append_binary_expression_from_nodes_with_type.o
[574/711] CALLABLE_PART expanded_parts/__callable/frontend_model_builder_append_ternary_expression_from_nodes_with_type.o
[575/711] CALLABLE_PART expanded_parts/__callable/frontend_model_builder_append_empty_initializer_expression_with_type.o
[576/711] CALLABLE_PART expanded_parts/__callable/frontend_model_builder_binary_operator_row_for_current.o
[577/711] CALLABLE_PART expanded_parts/__callable/frontend_model_builder_operator_result_type_ref_for_left.o
[578/711] CALLABLE_PART expanded_parts/__callable/frontend_model_builder_at_const_keyword.o
[579/711] CALLABLE_PART expanded_parts/__callable/frontend_model_builder_operator_rhs_type_ref_for_left.o
[580/711] CALLABLE_PART expanded_parts/__callable/frontend_model_builder_at_local_declaration.o
[581/711] CALLABLE_PART expanded_parts/__callable/frontend_model_builder_expect_const_keyword.o
[582/711] CALLABLE_PART expanded_parts/__callable/frontend_model_builder_at_const_declaration_statement.o
[583/711] CALLABLE_PART expanded_parts/__callable/frontend_model_builder_node_is_synthetic_script_entry.o
[584/711] CALLABLE_PART expanded_parts/__callable/frontend_model_builder_compound_assignment_base_operator_at_offset.o
[585/711] CALLABLE_PART expanded_parts/__callable/frontend_model_builder_at_assignment_statement.o
[586/711] CALLABLE_PART expanded_parts/__callable/frontend_model_builder_at_bound_identifier_expression.o
[587/711] CALLABLE_PART expanded_parts/__callable/frontend_model_builder_at_compound_assignment_operator_after_target.o
[588/711] CALLABLE_PART expanded_parts/__callable/frontend_model_builder_prefix_update_variable_offset.o
[589/711] CALLABLE_PART expanded_parts/__callable/frontend_model_builder_at_double_symbol.o
[590/711] CALLABLE_PART expanded_parts/__callable/frontend_model_builder_at_echo_prefix_update_statement.o
[591/711] CALLABLE_PART expanded_parts/__callable/frontend_model_builder_at_echo_postfix_update_statement.o
[592/711] CALLABLE_PART expanded_parts/__callable/frontend_model_builder_consume_prefix_update_operator.o
[593/711] CALLABLE_PART expanded_parts/__callable/frontend_model_builder_consume_compound_assignment_operator.o
[594/711] CALLABLE_PART expanded_parts/__callable/frontend_model_builder_retag_expression_node_type.o
[595/711] CALLABLE_PART expanded_parts/__callable/frontend_model_builder_parse_scalar_expression.o
[596/711] CALLABLE_PART expanded_parts/__callable/frontend_model_builder_ternary_result_type_ref.o
[597/711] CALLABLE_PART expanded_parts/__callable/frontend_model_builder_parse_scalar_primary_expression.o
[598/711] CALLABLE_PART expanded_parts/__callable/frontend_model_builder_parse_const_declaration_statement.o
[599/711] CALLABLE_PART expanded_parts/__callable/frontend_model_builder_parse_local_declaration_statement.o
[600/711] CALLABLE_PART expanded_parts/__callable/frontend_model_builder_parse_scalar_expression_with_min_precedence.o
[601/711] CALLABLE_PART expanded_parts/__callable/frontend_model_builder_parse_assignment_statement_with_terminator.o
[602/711] CALLABLE_PART expanded_parts/__callable/frontend_model_builder_parse_assignment_statement.o
[603/711] CALLABLE_PART expanded_parts/__callable/frontend_model_builder_append_assignment_statement_from_nodes.o
[604/711] CALLABLE_PART expanded_parts/__callable/frontend_model_builder_append_echo_statement_from_value.o
[605/711] CALLABLE_PART expanded_parts/__callable/frontend_model_builder_consume_optional_echo_trailing_string_argument.o
[606/711] CALLABLE_PART expanded_parts/__callable/frontend_model_builder_parse_echo_argument_expression.o
[607/711] CALLABLE_PART expanded_parts/__callable/frontend_model_builder_parse_echo_argument_list.o
[608/711] CALLABLE_PART expanded_parts/__callable/frontend_model_builder_patch_echo_argument_parent_links.o
[609/711] CALLABLE_PART expanded_parts/__callable/frontend_model_builder_parse_echo_prefix_update_statement_sequence.o
[610/711] CALLABLE_PART expanded_parts/__callable/frontend_model_builder_parse_echo_postfix_update_statement_sequence.o
[611/711] CALLABLE_PART expanded_parts/__callable/frontend_model_builder_parse_echo_statement.o
[612/711] CALLABLE_PART expanded_parts/__callable/frontend_model_builder_statement_list_last_node_id.o
[613/711] CALLABLE_PART expanded_parts/__callable/frontend_model_builder_parse_if_statement.o
[614/711] CALLABLE_PART expanded_parts/__callable/frontend_model_builder_parse_while_statement.o
[615/711] CALLABLE_PART expanded_parts/__callable/frontend_model_builder_parse_for_statement.o
[616/711] CALLABLE_PART expanded_parts/__callable/frontend_model_builder_parse_return_expression.o
[617/711] CALLABLE_PART expanded_parts/__callable/frontend_model_builder_parse_return_statement.o
[618/711] CALLABLE_PART expanded_parts/__callable/frontend_model_builder_at_call_expression_statement.o
[619/711] CALLABLE_PART expanded_parts/__callable/frontend_model_builder_parse_expression_statement.o
[620/711] CALLABLE_PART expanded_parts/__callable/frontend_model_builder_parse_body_statement.o
[621/711] CALLABLE_PART expanded_parts/__callable/frontend_model_builder_parse_control_transfer_statement.o
[622/711] CALLABLE_PART expanded_parts/__callable/frontend_model_builder_parse_statement_list_until_close.o
[623/711] CALLABLE_PART expanded_parts/__callable/frontend_model_builder_append_synthetic_literal_expression.o
[624/711] CALLABLE_PART expanded_parts/__callable/frontend_model_builder_append_implicit_return_after_statement_list.o
[625/711] CALLABLE_PART expanded_parts/__callable/frontend_model_builder_parse_statement_list_until_close_with_implicit_return.o
[626/711] CALLABLE_PART expanded_parts/__callable/frontend_model_builder_append_synthetic_bool_literal_expression.o
[627/711] CALLABLE_PART expanded_parts/__callable/frontend_model_builder_append_synthetic_return_literal_statement.o
[628/711] CALLABLE_PART expanded_parts/__callable/frontend_model_builder_statement_node_is_return.o
[629/711] CALLABLE_PART expanded_parts/__callable/frontend_model_builder_parse_function_body.o
[630/711] CALLABLE_PART expanded_parts/__callable/frontend_model_builder_parse_statement_list_until_eof_with_implicit_return.o
[631/711] CALLABLE_PART expanded_parts/__callable/frontend_model_builder_body_shape_digest_from_body_node.o
[632/711] CALLABLE_PART expanded_parts/__callable/frontend_model_builder_record_function_parameter_local_types.o
[633/711] CALLABLE_PART expanded_parts/__callable/frontend_model_builder_at_namespace_declaration.o
[634/711] CALLABLE_PART expanded_parts/__callable/frontend_model_builder_parse_namespace_name_range.o
[635/711] CALLABLE_PART expanded_parts/__callable/frontend_model_builder_expect_namespace_keyword.o
[636/711] CALLABLE_PART expanded_parts/__callable/frontend_model_builder_at_use_keyword.o
[637/711] CALLABLE_PART expanded_parts/__callable/frontend_model_builder_at_use_function_declaration.o
[638/711] CALLABLE_PART expanded_parts/__callable/frontend_model_builder_expect_function_import_keyword.o
[639/711] CALLABLE_PART expanded_parts/__callable/frontend_model_builder_expect_use_keyword.o
[640/711] CALLABLE_PART expanded_parts/__callable/frontend_model_builder_append_use_function_declaration_node.o
[641/711] CALLABLE_PART expanded_parts/__callable/frontend_model_builder_append_namespace_declaration_node.o
[642/711] CALLABLE_PART expanded_parts/__callable/frontend_model_builder_parse_namespace_declaration.o
[643/711] CALLABLE_PART expanded_parts/__callable/frontend_model_builder_parse_use_function_declaration.o
[644/711] CALLABLE_PART expanded_parts/__callable/frontend_model_builder_attach_synthetic_script_entry_body.o
[645/711] CALLABLE_PART expanded_parts/__callable/frontend_model_builder_parse_function_declaration.o
[646/711] CALLABLE_PART expanded_parts/__callable/frontend_model_builder_append_synthetic_script_entry_declaration_shell.o
[647/711] CALLABLE_PART expanded_parts/__callable/frontend_model_builder_parse_synthetic_script_entry_declaration.o
[648/711] CALLABLE_PART expanded_parts/__callable/frontend_model_builder_parse_synthetic_script_entry_declaration_until_close.o
[649/711] CALLABLE_PART expanded_parts/__callable/frontend_model_builder_reserve_model_for_tokens.o
[650/711] CALLABLE_PART expanded_parts/__callable/frontend_model_builder_capacity_at_least.o
[651/711] CXX expanded/__callable/frontend_model_builder_locations.o
[652/711] CALLABLE_PART expanded_parts/__callable/frontend_model_builder_apply_node_segment_policy.o
[653/711] CALLABLE_PART expanded_parts/__callable/frontend_model_builder_parse_source_unit.o
[654/711] CALLABLE_PART expanded_parts/__callable/frontend_model_builder_parse_source_unit_with_node_segment_policy.o
[655/711] CALLABLE_PART expanded_parts/compile/model/source_units/part_1.o
[656/711] CALLABLE_PART expanded_parts/compile/model/source_units/part_4.o
[657/711] CALLABLE_PART expanded_parts/compile/model/source_units/part_0.o
[658/711] CXX expanded_parts/compile/model/source_units/locations.o
[659/711] CALLABLE_PART expanded_parts/compile/model/project_symbol_index/part_2.o
[660/711] CALLABLE_PART expanded_parts/compile/model/project_symbol_index/part_1.o
[661/711] CALLABLE_PART expanded_parts/compile/model/source_units/part_2.o
[662/711] CXX expanded_parts/compile/model/project_symbol_index/locations.o
[663/711] CALLABLE_PART expanded_parts/compile/model/project_symbol_index/part_0.o
[664/711] CALLABLE_PART expanded_parts/compile/model/project_symbol_index/part_3.o
[665/711] CALLABLE_PART expanded_parts/compile/model/source_units/part_3.o
[666/711] CALLABLE_PART expanded_parts/compile/incremental/resident_source_unit_frontend_payload_tables/part_0.o
[667/711] CALLABLE_PART expanded_parts/compile/model/project_symbol_index/part_4.o
[668/711] CALLABLE_PART expanded_parts/compile/incremental/resident_source_unit_frontend_payload_tables/part_1.o
[669/711] CALLABLE_PART expanded_parts/compile/incremental/resident_source_unit_frontend_payload_tables/part_2.o
[670/711] CALLABLE_PART expanded_parts/compile/incremental/resident_source_unit_frontend_payload_tables/part_5.o
[671/711] CALLABLE_PART expanded_parts/compile/incremental/resident_source_unit_frontend_payload_tables/part_3.o
[672/711] CALLABLE_PART expanded_parts/compile/incremental/resident_source_unit_frontend_payload_tables/part_4.o
[673/711] CALLABLE_PART expanded_parts/compile/incremental/resident_source_unit_frontend_payload_tables/part_6.o
[674/711] CALLABLE_PART expanded_parts/compile/incremental/resident_source_unit_frontend_payload_tables/part_8.o
[675/711] CALLABLE_PART expanded_parts/compile/incremental/resident_source_unit_frontend_payload_tables/part_9.o
[676/711] CALLABLE_PART expanded_parts/compile/incremental/resident_source_unit_frontend_payload_tables/part_7.o
[677/711] CALLABLE_PART expanded_parts/compile/incremental/resident_source_unit_frontend_payload_tables/part_10.o
[678/711] CALLABLE_PART expanded_parts/compile/incremental/resident_source_unit_frontend_payload_tables/part_11.o
[679/711] CALLABLE_PART expanded_parts/compile/incremental/resident_source_unit_frontend_payload_tables/part_13.o
[680/711] CALLABLE_PART expanded_parts/compile/incremental/resident_source_unit_frontend_payload_tables/part_12.o
[681/711] CALLABLE_PART expanded_parts/compile/incremental/resident_source_unit_frontend_payload_tables/part_15.o
[682/711] CALLABLE_PART expanded_parts/compile/incremental/resident_source_unit_frontend_payload_tables/part_14.o
[683/711] CXX expanded_parts/compile/incremental/resident_source_unit_frontend_payload_tables/locations.o
[684/711] CALLABLE_PART expanded_parts/compile/incremental/resident_source_unit_frontend_payload_tables/part_16.o
[685/711] CALLABLE_PART expanded_parts/compile/incremental/resident_source_unit_frontend_payload_tables/part_18.o
[686/711] CALLABLE_PART expanded_parts/compile/incremental/resident_source_unit_frontend_payload_tables/part_17.o
[687/711] CALLABLE_PART expanded_parts/compile/incremental/resident_source_unit_frontend_payload_tables/part_20.o
[688/711] CXX expanded_parts/compile/support/production_mt_heartbeat/locations.o
[689/711] CALLABLE_PART expanded_parts/compile/support/production_mt_heartbeat/part_0.o
[690/711] CXX expanded_parts/profile/gate_profile_helpers/locations.o
[691/711] CALLABLE_PART expanded_parts/profile/gate_profile_helpers/part_0.o
[692/711] CALLABLE_PART expanded_parts/compile/incremental/resident_source_unit_frontend_payload_tables/part_19.o
[693/711] CALLABLE_PART expanded_parts/compile/backend/llvm_text_from_plan/part_0.o
[694/711] CALLABLE_PART expanded_parts/compile/backend/llvm_text_from_plan/part_1.o
[695/711] CALLABLE_PART expanded_parts/compile/backend/llvm_text_from_plan/part_4.o
[696/711] CALLABLE_PART expanded_parts/compile/backend/llvm_text_from_plan/part_2.o
[697/711] CALLABLE_PART expanded_parts/compile/backend/llvm_text_from_plan/part_3.o
[698/711] CALLABLE_PART expanded_parts/compile/backend/llvm_text_from_plan/part_7.o
[699/711] CALLABLE_PART expanded_parts/compile/backend/llvm_text_from_plan/part_5.o
[700/711] CALLABLE_PART expanded_parts/compile/backend/llvm_text_from_plan/part_6.o
[701/711] CALLABLE_PART expanded_parts/compile/backend/llvm_text_from_plan/part_8.o
[702/711] CALLABLE_PART expanded_parts/compile/backend/llvm_text_from_plan/part_9.o
[703/711] CALLABLE_PART expanded_parts/compile/backend/llvm_text_from_plan/part_11.o
[704/711] CALLABLE_PART expanded_parts/compile/backend/llvm_text_from_plan/part_10.o
[705/711] CALLABLE_PART expanded_parts/compile/backend/llvm_text_from_plan/part_12.o
[706/711] CXX expanded_parts/compile/backend/llvm_text_from_plan/locations.o
[707/711] CALLABLE_PART expanded_parts/compile/backend/llvm_text_from_plan/part_13.o
[708/711] CALLABLE_PART expanded_parts/compile/backend/llvm_text_from_plan/part_15.o
[709/711] CALLABLE_PART expanded_parts/compile/backend/llvm_text_from_plan/part_14.o
[710/711] CALLABLE_PART expanded_parts/compile/backend/llvm_text_from_plan/part_16.o
[711/711] LINK main
