Transpiled PHP files: 17, skipped unchanged: 0
Generated Ninja file: .prism/build/build.ninja
Using compiler: clang++-18 -fuse-ld=mold (gnu_like)
Using build mode: debug
Using build grouping policy: incremental (report_only)
Object cache: disabled (default disabled)
Using repo root: /tmp/scpp-json-240-probe
Resolved project dependency graph: 1 project(s)
Runtime compilation: enabled
Dependency compilation: reuse existing artifacts only
ninja: Entering directory `.prism/build'
[1/19] PCH app_pch.hpp.gch
[2/19] CXX scpp_framework/collections.o
[3/19] CXX src/04_analyze/type_model/data/semantic_calls.o
[4/19] CXX src/04_analyze/type_model/data/lifecycle_roles.o
[5/19] CXX src/04_analyze/type_model/data/callables.o
[6/19] CXX src/04_analyze/type_model/data/semantic_modes.o
[7/19] CXX scpp_framework/exceptions.o
[8/19] CXX src/04_analyze/type_model/data/lifetime_contract.o
[9/19] CXX src/04_analyze/type_model/data/lifecycle.o
[10/19] CXX src/04_analyze/type_model/data/callable_modes.o
[11/19] CXX scpp_framework/filesystem.o
[12/19] CXX scpp_framework/strings.o
[13/19] CXX main.o
[14/19] CXX src/04_analyze/type_model/data/representations.o
[15/19] CXX src/04_analyze/type_model/data/resources.o
[16/19] CXX scpp_framework/json_document.o
[17/19] CXX probe.o
[18/19] CXX src/04_analyze/type_model/data/type_references.o
[19/19] LINK main
Rebuilt outputs: .prism/build/app_pch.hpp.gch, .prism/build/main, .prism/build/main.o, .prism/build/probe.o, .prism/build/scpp_framework/collections.o, .prism/build/scpp_framework/exceptions.o, .prism/build/scpp_framework/filesystem.o, .prism/build/scpp_framework/json_document.o, .prism/build/scpp_framework/strings.o, .prism/build/src/04_analyze/type_model/data/callable_modes.o, .prism/build/src/04_analyze/type_model/data/callables.o, .prism/build/src/04_analyze/type_model/data/lifecycle.o, .prism/build/src/04_analyze/type_model/data/lifecycle_roles.o, .prism/build/src/04_analyze/type_model/data/lifetime_contract.o, .prism/build/src/04_analyze/type_model/data/representations.o, .prism/build/src/04_analyze/type_model/data/resources.o, .prism/build/src/04_analyze/type_model/data/semantic_calls.o, .prism/build/src/04_analyze/type_model/data/semantic_modes.o, .prism/build/src/04_analyze/type_model/data/type_references.o
Tip: set SCPP_NINJA_VERBOSE=1 to show full Ninja command lines.
Build completed: .prism/build/main
