Transpiled PHP files: 182, skipped unchanged: 0
Generated Ninja file: .prism/build/build.ninja
Using compiler: clang++-18 -fuse-ld=mold (gnu_like)
Using build mode: debug
Using build grouping policy: incremental (report_only)
Object cache: disabled (default disabled)
Using repo root: /tmp/scpp-json-240-probe
Resolved project dependency graph: 1 project(s)
Runtime compilation: enabled
Dependency compilation: reuse existing artifacts only
ninja: Entering directory `.prism/build'
[1/184] PCH app_pch.hpp.gch
[2/184] CXX scpp_framework/exceptions.o
[3/184] CXX scpp_framework/filesystem.o
[4/184] CXX src/01_prepare_inputs/load_runtime/data/package_context.o
[5/184] CXX src/01_prepare_inputs/load_runtime/handlers/lifecycle.o
[6/184] CXX scpp_framework/json_document.o
[7/184] CXX scpp_framework/collections.o
[8/184] CXX src/01_prepare_inputs/load_runtime/data/runtime.o
[9/184] CXX src/01_prepare_inputs/load_runtime/data/family_preparation.o
[10/184] CXX main.o
[11/184] CXX src/01_prepare_inputs/load_runtime/data/project.o
[12/184] CXX scpp_framework/strings.o
[13/184] CXX src/01_prepare_inputs/load_runtime/data/package_bindings.o
[14/184] CXX src/01_prepare_inputs/load_runtime/data/family_results.o
[15/184] CXX probe.o
[16/184] CXX src/01_prepare_inputs/load_runtime/data/package.o
[17/184] CXX fixture.o
[18/184] CXX src/01_prepare_inputs/load_runtime/handlers/package_types.o
[19/184] CXX src/01_prepare_inputs/load_runtime/handlers/native_import.o
[20/184] CXX src/01_prepare_inputs/load_runtime/handlers/package_syntax.o
[21/184] CXX src/01_prepare_inputs/load_runtime/handlers/type_exposure.o
[22/184] CXX src/01_prepare_inputs/read_sources/data/buffer.o
[23/184] CXX src/01_prepare_inputs/load_runtime/main_load_runtime.o
[24/184] CXX src/01_prepare_inputs/load_runtime/project_import.o
[25/184] CXX src/02_tokenize/store.o
[26/184] CXX src/01_prepare_inputs/load_runtime/handlers/resources.o
[27/184] CXX src/02_tokenize/structures.o
[28/184] CXX src/03_parse/data/nodes.o
[29/184] CXX src/03_parse/data/expression_state.o
[30/184] CXX src/02_tokenize/tokenize.o
[31/184] CXX src/01_prepare_inputs/load_runtime/utilities/catalog_syntax.o
[32/184] CXX src/01_prepare_inputs/load_runtime/handlers/package_type_map.o
[33/184] CXX src/03_parse/data/result.o
[34/184] CXX src/03_parse/data/role_views.o
[35/184] CXX src/03_parse/handlers/metaprogramming.o
[36/184] CXX src/03_parse/data/tree.o
[37/184] CXX src/03_parse/handlers/control_statements.o
[38/184] CXX src/03_parse/handlers/expressions.o
[39/184] CXX src/03_parse/handlers/declarations.o
[40/184] CXX src/03_parse/handlers/statements.o
[41/184] CXX src/03_parse/data/store.o
[42/184] CXX src/03_parse/main_parse.o
[43/184] CXX src/03_parse/utilities/metaprogramming_syntax.o
[44/184] CXX src/03_parse/utilities/struct_member_cursor.o
[45/184] CXX src/03_parse/parse_file.o
[46/184] CXX src/03_parse/select_tasks.o
[47/184] CXX src/03_parse/utilities/binary_syntax.o
[48/184] CXX src/03_parse/utilities/syntax_comparer.o
[49/184] CXX src/03_parse/join.o
[50/184] CXX src/03_parse/utilities/syntax_access.o
[51/184] CXX src/04_analyze/check_bodies/data/conversions.o
[52/184] CXX src/04_analyze/check_bodies/data/dependencies.o
[53/184] CXX src/04_analyze/check_bodies/data/flow.o
[54/184] CXX src/04_analyze/check_bodies/data/places.o
[55/184] CXX src/04_analyze/check_bodies/data/statements.o
[56/184] CXX src/04_analyze/check_bodies/data/output.o
[57/184] CXX src/04_analyze/check_bodies/handlers/control_statements.o
[58/184] CXX src/04_analyze/check_bodies/flow.o
[59/184] CXX src/04_analyze/check_bodies/context.o
[60/184] CXX src/04_analyze/check_bodies/data/values.o
[61/184] CXX src/04_analyze/check_bodies/body.o
[62/184] CXX src/04_analyze/check_bodies/handlers/expressions.o
[63/184] CXX src/04_analyze/check_bodies/data/result.o
[64/184] CXX src/04_analyze/check_bodies/data/traversal.o
[65/184] CXX src/04_analyze/check_bodies/handlers/places.o
[66/184] CXX src/04_analyze/check_bodies/handlers/statements.o
[67/184] CXX src/04_analyze/check_bodies/handlers/writes.o
[68/184] CXX src/04_analyze/check_bodies/utilities/decimal_range.o
[69/184] CXX src/04_analyze/check_bodies/utilities/byte_literals.o
[70/184] CXX src/04_analyze/check_bodies/utilities/flow_graph.o
[71/184] CXX src/04_analyze/check_bodies/utilities/conversions.o
[72/184] CXX src/04_analyze/check_bodies/utilities/literals.o
[73/184] CXX src/04_analyze/check_bodies/utilities/evaluation.o
[74/184] CXX src/04_analyze/check_templates/data/interpretation.o
[75/184] CXX src/04_analyze/check_bodies/utilities/operations.o
[76/184] CXX src/04_analyze/check_templates/data/structures.o
[77/184] CXX src/04_analyze/check_templates/data/terms.o
[78/184] CXX src/04_analyze/check_templates/join.o
[79/184] CXX src/04_analyze/check_templates/body.o
[80/184] CXX src/04_analyze/check_templates/main_check_templates.o
[81/184] CXX src/04_analyze/check_templates/data/result.o
[82/184] CXX src/04_analyze/collect_symbols/data/provider_declaration.o
[83/184] CXX src/04_analyze/check_templates/select_tasks.o
[84/184] CXX src/04_analyze/check_templates/terms.o
[85/184] CXX src/04_analyze/collect_symbols/collect.o
[86/184] CXX src/04_analyze/collect_symbols/data/result.o
[87/184] CXX src/04_analyze/collect_symbols/data/structures.o
[88/184] CXX src/04_analyze/collect_symbols/data/store.o
[89/184] CXX src/04_analyze/instantiate/applications.o
[90/184] CXX src/04_analyze/instantiate/bindings.o
[91/184] CXX src/04_analyze/collect_symbols/main_collect_symbols.o
[92/184] CXX src/04_analyze/instantiate/constants.o
[93/184] CXX src/04_analyze/instantiate/data/applications.o
[94/184] CXX src/04_analyze/instantiate/data/context.o
[95/184] CXX src/04_analyze/instantiate/data/members.o
[96/184] CXX src/04_analyze/instantiate/members.o
[97/184] CXX src/04_analyze/instantiate/data/state.o
[98/184] CXX src/04_analyze/instantiate/identities.o
[99/184] CXX src/04_analyze/instantiate/data/result.o
[100/184] CXX src/04_analyze/instantiate/join.o
[101/184] CXX src/04_analyze/resolve_symbols/data/declarations.o
[102/184] CXX src/04_analyze/instantiate/member_join.o
[103/184] CXX src/04_analyze/instantiate/data/view.o
[104/184] CXX src/04_analyze/resolve_symbols/handlers/declarations.o
[105/184] CXX src/04_analyze/resolve_symbols/data/structures.o
[106/184] CXX src/04_analyze/resolve_symbols/data/store.o
[107/184] CXX src/04_analyze/instantiate/data/store.o
[108/184] CXX src/04_analyze/resolve_symbols/data/traversal.o
[109/184] CXX src/04_analyze/resolve_symbols/handlers/expressions.o
[110/184] CXX src/04_analyze/resolve_symbols/data/result.o
[111/184] CXX src/04_analyze/resolve_symbols/body.o
[112/184] CXX src/04_analyze/resolve_symbols/handlers/names.o
[113/184] CXX src/04_analyze/resolve_symbols/handlers/statements.o
[114/184] CXX src/04_analyze/resolve_symbols/join.o
[115/184] CXX src/04_analyze/resolve_symbols/main_resolve_symbols.o
[116/184] CXX src/04_analyze/resolve_symbols/utilities/declaration_lookup.o
[117/184] CXX src/04_analyze/resolve_symbols/utilities/function_lookup.o
[118/184] CXX src/04_analyze/resolve_symbols/select_tasks.o
[119/184] CXX src/04_analyze/resolve_symbols/utilities/binding_coverage.o
[120/184] CXX src/04_analyze/resolve_types/construction_types.o
[121/184] CXX src/04_analyze/resolve_symbols/utilities/resolution_validity.o
[122/184] CXX src/04_analyze/resolve_types/data/entry_selection.o
[123/184] CXX src/04_analyze/resolve_types/data/entry_contract.o
[124/184] CXX src/04_analyze/resolve_types/data/lifecycle_bodies.o
[125/184] CXX src/04_analyze/resolve_types/data/locals.o
[126/184] CXX src/04_analyze/resolve_types/data/records.o
[127/184] CXX src/04_analyze/resolve_types/data/export_identity.o
[128/184] CXX src/04_analyze/resolve_types/data/signature_set.o
[129/184] CXX src/04_analyze/resolve_types/definition_view.o
[130/184] CXX src/04_analyze/resolve_types/data/result.o
[131/184] CXX src/04_analyze/resolve_types/lifecycle_composition.o
[132/184] CXX src/04_analyze/resolve_types/data/signatures.o
[133/184] CXX src/04_analyze/resolve_types/locals.o
[134/184] CXX src/04_analyze/resolve_types/data/type_resolution.o
[135/184] CXX src/04_analyze/resolve_types/record_definitions.o
[136/184] CXX src/04_analyze/resolve_types/main_prepare_entry.o
[137/184] CXX src/04_analyze/resolve_types/select_signatures.o
[138/184] CXX src/04_analyze/resolve_types/source_lifecycle.o
[139/184] CXX src/04_analyze/resolve_types/local_join.o
[140/184] CXX src/04_analyze/resolve_types/record_join.o
[141/184] CXX src/04_analyze/resolve_types/records.o
[142/184] CXX src/04_analyze/resolve_types/signatures.o
[143/184] CXX src/04_analyze/resolve_types/source_lifecycle_signature.o
[144/184] CXX src/04_analyze/resolve_types/storage_signatures.o
[145/184] CXX src/04_analyze/resolve_types/storage.o
[146/184] CXX src/04_analyze/resolve_types/signature_join.o
[147/184] CXX src/04_analyze/resolve_types/utilities/annotation_types.o
[148/184] CXX src/04_analyze/resolve_types/utilities/callable_inputs.o
[149/184] CXX src/04_analyze/resolve_types/source_lifecycle_bodies.o
[150/184] CXX src/04_analyze/resolve_types/utilities/signature_validity.o
[151/184] CXX src/04_analyze/resolve_types/utilities/parameter_contracts.o
[152/184] CXX src/04_analyze/type_model/callable_contracts.o
[153/184] CXX src/04_analyze/resolve_types/utilities/local_type_validity.o
[154/184] CXX src/04_analyze/resolve_types/utilities/type_cache.o
[155/184] CXX src/04_analyze/type_model/data/callable_modes.o
[156/184] CXX src/04_analyze/type_model/data/context.o
[157/184] CXX src/04_analyze/type_model/data/callables.o
[158/184] CXX src/04_analyze/type_model/data/catalog.o
[159/184] CXX src/04_analyze/type_model/data/definitions.o
[160/184] CXX src/04_analyze/type_model/data/generic.o
[161/184] CXX src/04_analyze/type_model/data/lifecycle_roles.o
[162/184] CXX src/04_analyze/type_model/data/lifetime_policy_codec.o
[163/184] CXX src/04_analyze/type_model/data/lifecycle.o
[164/184] CXX src/04_analyze/type_model/data/lifetime_contract.o
[165/184] CXX src/04_analyze/type_model/data/representations.o
[166/184] CXX src/04_analyze/type_model/data/native_record_layout.o
[167/184] CXX src/04_analyze/type_model/data/records.o
[168/184] CXX src/04_analyze/type_model/data/operations.o
[169/184] CXX src/04_analyze/type_model/data/resources.o
[170/184] CXX src/04_analyze/type_model/data/families.o
[171/184] CXX src/04_analyze/type_model/data/semantic_calls.o
[172/184] CXX src/04_analyze/type_model/data/type_record.o
[173/184] CXX src/04_analyze/type_model/data/semantic_modes.o
[174/184] CXX src/04_analyze/type_model/result_contracts.o
[175/184] CXX src/04_analyze/type_model/data/type_references.o
[176/184] CXX src/04_analyze/type_model/data/source_families.o
[177/184] CXX src/05_generate_code/prepare_backend/data/abi.o
[178/184] CXX src/04_analyze/type_model/data/storage.o
[179/184] CXX src/05_generate_code/prepare_backend/data/layout.o
[180/184] CXX src/05_generate_code/prepare_backend/data/configuration.o
[181/184] CXX src/04_analyze/type_model/data/store.o
[182/184] CXX src/compile/data/native_project.o
[183/184] CXX src/05_generate_code/prepare_backend/data/source_exports.o
[184/184] LINK main
Rebuilt outputs: .prism/build/app_pch.hpp.gch, .prism/build/fixture.o, .prism/build/main, .prism/build/main.o, .prism/build/probe.o, .prism/build/scpp_framework/collections.o, .prism/build/scpp_framework/exceptions.o, .prism/build/scpp_framework/filesystem.o, .prism/build/scpp_framework/json_document.o, .prism/build/scpp_framework/strings.o, .prism/build/src/01_prepare_inputs/load_runtime/data/family_preparation.o, .prism/build/src/01_prepare_inputs/load_runtime/data/family_results.o, .prism/build/src/01_prepare_inputs/load_runtime/data/package.o, .prism/build/src/01_prepare_inputs/load_runtime/data/package_bindings.o, .prism/build/src/01_prepare_inputs/load_runtime/data/package_context.o, .prism/build/src/01_prepare_inputs/load_runtime/data/project.o, .prism/build/src/01_prepare_inputs/load_runtime/data/runtime.o, .prism/build/src/01_prepare_inputs/load_runtime/handlers/lifecycle.o, .prism/build/src/01_prepare_inputs/load_runtime/handlers/native_import.o, .prism/build/src/01_prepare_inputs/load_runtime/handlers/package_syntax.o, .prism/build/src/01_prepare_inputs/load_runtime/handlers/package_type_map.o, .prism/build/src/01_prepare_inputs/load_runtime/handlers/package_types.o, .prism/build/src/01_prepare_inputs/load_runtime/handlers/resources.o, .prism/build/src/01_prepare_inputs/load_runtime/handlers/type_exposure.o, .prism/build/src/01_prepare_inputs/load_runtime/main_load_runtime.o, .prism/build/src/01_prepare_inputs/load_runtime/project_import.o, .prism/build/src/01_prepare_inputs/load_runtime/utilities/catalog_syntax.o, .prism/build/src/01_prepare_inputs/read_sources/data/buffer.o, .prism/build/src/02_tokenize/store.o, .prism/build/src/02_tokenize/structures.o, .prism/build/src/02_tokenize/tokenize.o, .prism/build/src/03_parse/data/expression_state.o, .prism/build/src/03_parse/data/nodes.o, .prism/build/src/03_parse/data/result.o, .prism/build/src/03_parse/data/role_views.o, .prism/build/src/03_parse/data/store.o, .prism/build/src/03_parse/data/tree.o, .prism/build/src/03_parse/handlers/control_statements.o, .prism/build/src/03_parse/handlers/declarations.o, .prism/build/src/03_parse/handlers/expressions.o, .prism/build/src/03_parse/handlers/metaprogramming.o, .prism/build/src/03_parse/handlers/statements.o, .prism/build/src/03_parse/join.o, .prism/build/src/03_parse/main_parse.o, .prism/build/src/03_parse/parse_file.o, .prism/build/src/03_parse/select_tasks.o, .prism/build/src/03_parse/utilities/binary_syntax.o, .prism/build/src/03_parse/utilities/metaprogramming_syntax.o, .prism/build/src/03_parse/utilities/struct_member_cursor.o, .prism/build/src/03_parse/utilities/syntax_access.o, .prism/build/src/03_parse/utilities/syntax_comparer.o, .prism/build/src/04_analyze/check_bodies/body.o, .prism/build/src/04_analyze/check_bodies/context.o, .prism/build/src/04_analyze/check_bodies/data/conversions.o, .prism/build/src/04_analyze/check_bodies/data/dependencies.o, .prism/build/src/04_analyze/check_bodies/data/flow.o, .prism/build/src/04_analyze/check_bodies/data/output.o, .prism/build/src/04_analyze/check_bodies/data/places.o, .prism/build/src/04_analyze/check_bodies/data/result.o, .prism/build/src/04_analyze/check_bodies/data/statements.o, .prism/build/src/04_analyze/check_bodies/data/traversal.o, .prism/build/src/04_analyze/check_bodies/data/values.o, .prism/build/src/04_analyze/check_bodies/flow.o, .prism/build/src/04_analyze/check_bodies/handlers/control_statements.o, .prism/build/src/04_analyze/check_bodies/handlers/expressions.o, .prism/build/src/04_analyze/check_bodies/handlers/places.o, .prism/build/src/04_analyze/check_bodies/handlers/statements.o, .prism/build/src/04_analyze/check_bodies/handlers/writes.o, .prism/build/src/04_analyze/check_bodies/utilities/byte_literals.o, .prism/build/src/04_analyze/check_bodies/utilities/conversions.o, .prism/build/src/04_analyze/check_bodies/utilities/decimal_range.o, .prism/build/src/04_analyze/check_bodies/utilities/evaluation.o, .prism/build/src/04_analyze/check_bodies/utilities/flow_graph.o, .prism/build/src/04_analyze/check_bodies/utilities/literals.o, .prism/build/src/04_analyze/check_bodies/utilities/operations.o, .prism/build/src/04_analyze/check_templates/body.o, .prism/build/src/04_analyze/check_templates/data/interpretation.o, .prism/build/src/04_analyze/check_templates/data/result.o, .prism/build/src/04_analyze/check_templates/data/structures.o, .prism/build/src/04_analyze/check_templates/data/terms.o, .prism/build/src/04_analyze/check_templates/join.o, .prism/build/src/04_analyze/check_templates/main_check_templates.o, .prism/build/src/04_analyze/check_templates/select_tasks.o, .prism/build/src/04_analyze/check_templates/terms.o, .prism/build/src/04_analyze/collect_symbols/collect.o, .prism/build/src/04_analyze/collect_symbols/data/provider_declaration.o, .prism/build/src/04_analyze/collect_symbols/data/result.o, .prism/build/src/04_analyze/collect_symbols/data/store.o, .prism/build/src/04_analyze/collect_symbols/data/structures.o, .prism/build/src/04_analyze/collect_symbols/main_collect_symbols.o, .prism/build/src/04_analyze/instantiate/applications.o, .prism/build/src/04_analyze/instantiate/bindings.o, .prism/build/src/04_analyze/instantiate/constants.o, .prism/build/src/04_analyze/instantiate/data/applications.o, .prism/build/src/04_analyze/instantiate/data/context.o, .prism/build/src/04_analyze/instantiate/data/members.o, .prism/build/src/04_analyze/instantiate/data/result.o, .prism/build/src/04_analyze/instantiate/data/state.o, .prism/build/src/04_analyze/instantiate/data/store.o, .prism/build/src/04_analyze/instantiate/data/view.o, .prism/build/src/04_analyze/instantiate/identities.o, .prism/build/src/04_analyze/instantiate/join.o, .prism/build/src/04_analyze/instantiate/member_join.o, .prism/build/src/04_analyze/instantiate/members.o, .prism/build/src/04_analyze/resolve_symbols/body.o, .prism/build/src/04_analyze/resolve_symbols/data/declarations.o, .prism/build/src/04_analyze/resolve_symbols/data/result.o, .prism/build/src/04_analyze/resolve_symbols/data/store.o, .prism/build/src/04_analyze/resolve_symbols/data/structures.o, .prism/build/src/04_analyze/resolve_symbols/data/traversal.o, .prism/build/src/04_analyze/resolve_symbols/handlers/declarations.o, .prism/build/src/04_analyze/resolve_symbols/handlers/expressions.o, .prism/build/src/04_analyze/resolve_symbols/handlers/names.o, .prism/build/src/04_analyze/resolve_symbols/handlers/statements.o, .prism/build/src/04_analyze/resolve_symbols/join.o, .prism/build/src/04_analyze/resolve_symbols/main_resolve_symbols.o, .prism/build/src/04_analyze/resolve_symbols/select_tasks.o, .prism/build/src/04_analyze/resolve_symbols/utilities/binding_coverage.o, .prism/build/src/04_analyze/resolve_symbols/utilities/declaration_lookup.o, .prism/build/src/04_analyze/resolve_symbols/utilities/function_lookup.o, .prism/build/src/04_analyze/resolve_symbols/utilities/resolution_validity.o, .prism/build/src/04_analyze/resolve_types/construction_types.o, .prism/build/src/04_analyze/resolve_types/data/entry_contract.o, .prism/build/src/04_analyze/resolve_types/data/entry_selection.o, .prism/build/src/04_analyze/resolve_types/data/export_identity.o, .prism/build/src/04_analyze/resolve_types/data/lifecycle_bodies.o, .prism/build/src/04_analyze/resolve_types/data/locals.o, .prism/build/src/04_analyze/resolve_types/data/records.o, .prism/build/src/04_analyze/resolve_types/data/result.o, .prism/build/src/04_analyze/resolve_types/data/signature_set.o, .prism/build/src/04_analyze/resolve_types/data/signatures.o, .prism/build/src/04_analyze/resolve_types/data/type_resolution.o, .prism/build/src/04_analyze/resolve_types/definition_view.o, .prism/build/src/04_analyze/resolve_types/lifecycle_composition.o, .prism/build/src/04_analyze/resolve_types/local_join.o, .prism/build/src/04_analyze/resolve_types/locals.o, .prism/build/src/04_analyze/resolve_types/main_prepare_entry.o, .prism/build/src/04_analyze/resolve_types/record_definitions.o, .prism/build/src/04_analyze/resolve_types/record_join.o, .prism/build/src/04_analyze/resolve_types/records.o, .prism/build/src/04_analyze/resolve_types/select_signatures.o, .prism/build/src/04_analyze/resolve_types/signature_join.o, .prism/build/src/04_analyze/resolve_types/signatures.o, .prism/build/src/04_analyze/resolve_types/source_lifecycle.o, .prism/build/src/04_analyze/resolve_types/source_lifecycle_bodies.o, .prism/build/src/04_analyze/resolve_types/source_lifecycle_signature.o, .prism/build/src/04_analyze/resolve_types/storage.o, .prism/build/src/04_analyze/resolve_types/storage_signatures.o, .prism/build/src/04_analyze/resolve_types/utilities/annotation_types.o, .prism/build/src/04_analyze/resolve_types/utilities/callable_inputs.o, .prism/build/src/04_analyze/resolve_types/utilities/local_type_validity.o, .prism/build/src/04_analyze/resolve_types/utilities/parameter_contracts.o, .prism/build/src/04_analyze/resolve_types/utilities/signature_validity.o, .prism/build/src/04_analyze/resolve_types/utilities/type_cache.o, .prism/build/src/04_analyze/type_model/callable_contracts.o, .prism/build/src/04_analyze/type_model/data/callable_modes.o, .prism/build/src/04_analyze/type_model/data/callables.o, .prism/build/src/04_analyze/type_model/data/catalog.o, .prism/build/src/04_analyze/type_model/data/context.o, .prism/build/src/04_analyze/type_model/data/definitions.o, .prism/build/src/04_analyze/type_model/data/families.o, .prism/build/src/04_analyze/type_model/data/generic.o, .prism/build/src/04_analyze/type_model/data/lifecycle.o, .prism/build/src/04_analyze/type_model/data/lifecycle_roles.o, .prism/build/src/04_analyze/type_model/data/lifetime_contract.o, .prism/build/src/04_analyze/type_model/data/lifetime_policy_codec.o, .prism/build/src/04_analyze/type_model/data/native_record_layout.o, .prism/build/src/04_analyze/type_model/data/operations.o, .prism/build/src/04_analyze/type_model/data/records.o, .prism/build/src/04_analyze/type_model/data/representations.o, .prism/build/src/04_analyze/type_model/data/resources.o, .prism/build/src/04_analyze/type_model/data/semantic_calls.o, .prism/build/src/04_analyze/type_model/data/semantic_modes.o, .prism/build/src/04_analyze/type_model/data/source_families.o, .prism/build/src/04_analyze/type_model/data/storage.o, .prism/build/src/04_analyze/type_model/data/store.o, .prism/build/src/04_analyze/type_model/data/type_record.o, .prism/build/src/04_analyze/type_model/data/type_references.o, .prism/build/src/04_analyze/type_model/result_contracts.o, .prism/build/src/05_generate_code/prepare_backend/data/abi.o, .prism/build/src/05_generate_code/prepare_backend/data/configuration.o, .prism/build/src/05_generate_code/prepare_backend/data/layout.o, .prism/build/src/05_generate_code/prepare_backend/data/source_exports.o, .prism/build/src/compile/data/native_project.o
Tip: set SCPP_NINJA_VERBOSE=1 to show full Ninja command lines.
Build completed: .prism/build/main
