Transpiled PHP files: 89, skipped unchanged: 0
Generated Ninja file: .prism/build/build.ninja
Using compiler: clang++-18 -fuse-ld=mold (gnu_like)
Using build mode: debug
Using build grouping policy: incremental (report_only)
Object cache: disabled (default disabled)
Using repo root: /tmp/scpp-json-240-probe
Resolved project dependency graph: 1 project(s)
Runtime compilation: enabled
Dependency compilation: reuse existing artifacts only
ninja: Entering directory `.prism/build'
[1/91] PCH app_pch.hpp.gch
[2/91] CXX src/01_prepare_inputs/read_sources/data/buffer.o
[3/91] CXX src/03_parse/data/result.o
[4/91] CXX src/03_parse/data/nodes.o
[5/91] CXX scpp_framework/collections.o
[6/91] CXX src/01_prepare_inputs/load_runtime/main_load_runtime.o
[7/91] CXX src/02_tokenize/store.o
[8/91] CXX scpp_framework/exceptions.o
[9/91] CXX src/03_parse/data/expression_state.o
[10/91] CXX src/02_tokenize/tokenize.o
[11/91] CXX scpp_framework/json_document.o
[12/91] CXX scpp_framework/strings.o
[13/91] CXX src/02_tokenize/structures.o
[14/91] CXX main.o
[15/91] CXX scpp_framework/filesystem.o
[16/91] CXX probe.o
[17/91] CXX src/01_prepare_inputs/load_runtime/utilities/catalog_syntax.o
[18/91] CXX src/03_parse/data/role_views.o
[19/91] CXX src/03_parse/handlers/statements.o
[20/91] CXX src/03_parse/handlers/control_statements.o
[21/91] CXX src/03_parse/handlers/metaprogramming.o
[22/91] CXX src/03_parse/handlers/expressions.o
[23/91] CXX src/03_parse/data/tree.o
[24/91] CXX src/03_parse/handlers/declarations.o
[25/91] CXX src/03_parse/data/store.o
[26/91] CXX src/03_parse/utilities/metaprogramming_syntax.o
[27/91] CXX src/03_parse/main_parse.o
[28/91] CXX src/03_parse/utilities/binary_syntax.o
[29/91] CXX src/03_parse/select_tasks.o
[30/91] CXX src/03_parse/utilities/struct_member_cursor.o
[31/91] CXX src/03_parse/parse_file.o
[32/91] CXX src/03_parse/utilities/syntax_access.o
[33/91] CXX src/03_parse/join.o
[34/91] CXX src/04_analyze/check_templates/data/interpretation.o
[35/91] CXX src/03_parse/utilities/syntax_comparer.o
[36/91] CXX src/04_analyze/check_templates/data/structures.o
[37/91] CXX src/04_analyze/check_templates/data/terms.o
[38/91] CXX src/04_analyze/collect_symbols/data/result.o
[39/91] CXX src/04_analyze/check_templates/main_check_templates.o
[40/91] CXX src/04_analyze/check_templates/select_tasks.o
[41/91] CXX src/04_analyze/check_templates/data/result.o
[42/91] CXX src/04_analyze/collect_symbols/collect.o
[43/91] CXX src/04_analyze/check_templates/body.o
[44/91] CXX src/04_analyze/check_templates/join.o
[45/91] CXX src/04_analyze/collect_symbols/data/provider_declaration.o
[46/91] CXX src/04_analyze/collect_symbols/data/structures.o
[47/91] CXX src/04_analyze/resolve_symbols/data/declarations.o
[48/91] CXX src/04_analyze/collect_symbols/data/store.o
[49/91] CXX src/04_analyze/resolve_symbols/data/structures.o
[50/91] CXX src/04_analyze/resolve_symbols/handlers/names.o
[51/91] CXX src/04_analyze/check_templates/terms.o
[52/91] CXX src/04_analyze/resolve_symbols/handlers/statements.o
[53/91] CXX src/04_analyze/collect_symbols/main_collect_symbols.o
[54/91] CXX src/04_analyze/resolve_symbols/handlers/expressions.o
[55/91] CXX src/04_analyze/resolve_symbols/handlers/declarations.o
[56/91] CXX src/04_analyze/resolve_symbols/data/traversal.o
[57/91] CXX src/04_analyze/resolve_symbols/data/store.o
[58/91] CXX src/04_analyze/resolve_symbols/data/result.o
[59/91] CXX src/04_analyze/resolve_symbols/body.o
[60/91] CXX src/04_analyze/resolve_symbols/main_resolve_symbols.o
[61/91] CXX src/04_analyze/resolve_symbols/join.o
[62/91] CXX src/04_analyze/resolve_symbols/select_tasks.o
[63/91] CXX src/04_analyze/resolve_symbols/utilities/function_lookup.o
[64/91] CXX src/04_analyze/resolve_symbols/utilities/declaration_lookup.o
[65/91] CXX src/04_analyze/resolve_symbols/utilities/resolution_validity.o
[66/91] CXX src/04_analyze/resolve_types/data/entry_selection.o
[67/91] CXX src/04_analyze/resolve_types/source_lifecycle.o
[68/91] CXX src/04_analyze/resolve_types/data/entry_contract.o
[69/91] CXX src/04_analyze/type_model/data/callable_modes.o
[70/91] CXX src/04_analyze/resolve_symbols/utilities/binding_coverage.o
[71/91] CXX src/04_analyze/type_model/data/context.o
[72/91] CXX src/04_analyze/resolve_types/main_prepare_entry.o
[73/91] CXX src/04_analyze/type_model/data/callables.o
[74/91] CXX src/04_analyze/type_model/data/definitions.o
[75/91] CXX src/04_analyze/type_model/data/generic.o
[76/91] CXX src/04_analyze/type_model/data/catalog.o
[77/91] CXX src/04_analyze/type_model/data/lifecycle_roles.o
[78/91] CXX src/04_analyze/type_model/data/families.o
[79/91] CXX src/04_analyze/type_model/data/lifecycle.o
[80/91] CXX src/04_analyze/type_model/data/native_record_layout.o
[81/91] CXX src/04_analyze/type_model/data/lifetime_policy_codec.o
[82/91] CXX src/04_analyze/type_model/data/records.o
[83/91] CXX src/04_analyze/type_model/data/semantic_calls.o
[84/91] CXX src/04_analyze/type_model/data/lifetime_contract.o
[85/91] CXX src/04_analyze/type_model/data/representations.o
[86/91] CXX src/04_analyze/type_model/data/semantic_modes.o
[87/91] CXX src/04_analyze/type_model/data/resources.o
[88/91] CXX src/04_analyze/type_model/data/source_families.o
[89/91] CXX src/04_analyze/type_model/data/type_references.o
[90/91] CXX src/04_analyze/type_model/data/storage.o
[91/91] LINK main
Rebuilt outputs: .prism/build/app_pch.hpp.gch, .prism/build/main, .prism/build/main.o, .prism/build/probe.o, .prism/build/scpp_framework/collections.o, .prism/build/scpp_framework/exceptions.o, .prism/build/scpp_framework/filesystem.o, .prism/build/scpp_framework/json_document.o, .prism/build/scpp_framework/strings.o, .prism/build/src/01_prepare_inputs/load_runtime/main_load_runtime.o, .prism/build/src/01_prepare_inputs/load_runtime/utilities/catalog_syntax.o, .prism/build/src/01_prepare_inputs/read_sources/data/buffer.o, .prism/build/src/02_tokenize/store.o, .prism/build/src/02_tokenize/structures.o, .prism/build/src/02_tokenize/tokenize.o, .prism/build/src/03_parse/data/expression_state.o, .prism/build/src/03_parse/data/nodes.o, .prism/build/src/03_parse/data/result.o, .prism/build/src/03_parse/data/role_views.o, .prism/build/src/03_parse/data/store.o, .prism/build/src/03_parse/data/tree.o, .prism/build/src/03_parse/handlers/control_statements.o, .prism/build/src/03_parse/handlers/declarations.o, .prism/build/src/03_parse/handlers/expressions.o, .prism/build/src/03_parse/handlers/metaprogramming.o, .prism/build/src/03_parse/handlers/statements.o, .prism/build/src/03_parse/join.o, .prism/build/src/03_parse/main_parse.o, .prism/build/src/03_parse/parse_file.o, .prism/build/src/03_parse/select_tasks.o, .prism/build/src/03_parse/utilities/binary_syntax.o, .prism/build/src/03_parse/utilities/metaprogramming_syntax.o, .prism/build/src/03_parse/utilities/struct_member_cursor.o, .prism/build/src/03_parse/utilities/syntax_access.o, .prism/build/src/03_parse/utilities/syntax_comparer.o, .prism/build/src/04_analyze/check_templates/body.o, .prism/build/src/04_analyze/check_templates/data/interpretation.o, .prism/build/src/04_analyze/check_templates/data/result.o, .prism/build/src/04_analyze/check_templates/data/structures.o, .prism/build/src/04_analyze/check_templates/data/terms.o, .prism/build/src/04_analyze/check_templates/join.o, .prism/build/src/04_analyze/check_templates/main_check_templates.o, .prism/build/src/04_analyze/check_templates/select_tasks.o, .prism/build/src/04_analyze/check_templates/terms.o, .prism/build/src/04_analyze/collect_symbols/collect.o, .prism/build/src/04_analyze/collect_symbols/data/provider_declaration.o, .prism/build/src/04_analyze/collect_symbols/data/result.o, .prism/build/src/04_analyze/collect_symbols/data/store.o, .prism/build/src/04_analyze/collect_symbols/data/structures.o, .prism/build/src/04_analyze/collect_symbols/main_collect_symbols.o, .prism/build/src/04_analyze/resolve_symbols/body.o, .prism/build/src/04_analyze/resolve_symbols/data/declarations.o, .prism/build/src/04_analyze/resolve_symbols/data/result.o, .prism/build/src/04_analyze/resolve_symbols/data/store.o, .prism/build/src/04_analyze/resolve_symbols/data/structures.o, .prism/build/src/04_analyze/resolve_symbols/data/traversal.o, .prism/build/src/04_analyze/resolve_symbols/handlers/declarations.o, .prism/build/src/04_analyze/resolve_symbols/handlers/expressions.o, .prism/build/src/04_analyze/resolve_symbols/handlers/names.o, .prism/build/src/04_analyze/resolve_symbols/handlers/statements.o, .prism/build/src/04_analyze/resolve_symbols/join.o, .prism/build/src/04_analyze/resolve_symbols/main_resolve_symbols.o, .prism/build/src/04_analyze/resolve_symbols/select_tasks.o, .prism/build/src/04_analyze/resolve_symbols/utilities/binding_coverage.o, .prism/build/src/04_analyze/resolve_symbols/utilities/declaration_lookup.o, .prism/build/src/04_analyze/resolve_symbols/utilities/function_lookup.o, .prism/build/src/04_analyze/resolve_symbols/utilities/resolution_validity.o, .prism/build/src/04_analyze/resolve_types/data/entry_contract.o, .prism/build/src/04_analyze/resolve_types/data/entry_selection.o, .prism/build/src/04_analyze/resolve_types/main_prepare_entry.o, .prism/build/src/04_analyze/resolve_types/source_lifecycle.o, .prism/build/src/04_analyze/type_model/data/callable_modes.o, .prism/build/src/04_analyze/type_model/data/callables.o, .prism/build/src/04_analyze/type_model/data/catalog.o, .prism/build/src/04_analyze/type_model/data/context.o, .prism/build/src/04_analyze/type_model/data/definitions.o, .prism/build/src/04_analyze/type_model/data/families.o, .prism/build/src/04_analyze/type_model/data/generic.o, .prism/build/src/04_analyze/type_model/data/lifecycle.o, .prism/build/src/04_analyze/type_model/data/lifecycle_roles.o, .prism/build/src/04_analyze/type_model/data/lifetime_contract.o, .prism/build/src/04_analyze/type_model/data/lifetime_policy_codec.o, .prism/build/src/04_analyze/type_model/data/native_record_layout.o, .prism/build/src/04_analyze/type_model/data/records.o, .prism/build/src/04_analyze/type_model/data/representations.o, .prism/build/src/04_analyze/type_model/data/resources.o, .prism/build/src/04_analyze/type_model/data/semantic_calls.o, .prism/build/src/04_analyze/type_model/data/semantic_modes.o, .prism/build/src/04_analyze/type_model/data/source_families.o, .prism/build/src/04_analyze/type_model/data/storage.o, .prism/build/src/04_analyze/type_model/data/type_references.o
Tip: set SCPP_NINJA_VERBOSE=1 to show full Ninja command lines.
Build completed: .prism/build/main
