compiler_project_run_rows_tsv_write=ok
compiler_project_run_rows_tsv_path=/tmp/scpp-edit-latency-20260919/return-policy-results/return-policy-r2-allowed.rows.tsv
v2_compiler_project_runner
compiler_project_runner=active
compiler_project_runner_rows=1
compiler_project_runner_completed=1
compiler_project_runner_blocked=0
latency_body_00=1
latency_body_01=1
latency_body_02=1
latency_body_03=1000000007
latency_body_04=1
latency_body_05=1
latency_body_06=1
latency_body_07=1
latency_body_08=1
latency_body_09=1
latency_body_10=1
latency_body_11=1
latency_body_12=1
latency_body_13=1
latency_body_14=1
latency_body_15=1
latency_body_16=1
latency_body_17=1
latency_body_18=1
latency_body_19=1
