Runtime artifact already up to date: .prism/runtime/project/php-strict/20d193eafa25561b/libruntime.so
Transpiled PHP files: 1, skipped unchanged: 2
Generated Ninja file: .prism/build/build.ninja
Using compiler: clang++-18 -fuse-ld=mold (gnu_like)
Using build mode: debug
Using build grouping policy: incremental (report_only)
Object cache: disabled (default disabled)
Using repo root: /tmp/scpp-2f0d667f-probe
Resolved project dependency graph: 1 project(s)
Runtime compilation: enabled
Dependency compilation: reuse existing artifacts only
ninja: Entering directory `.prism/build'
[1/2] CXX main.o
[2/2] LINK main
Rebuilt outputs: .prism/build/main, .prism/build/main.o
Tip: set SCPP_NINJA_VERBOSE=1 to show full Ninja command lines.
Build completed: .prism/build/main
7:test.phs:3:2
test.phs: byte 3: bad token
same
test.phs: byte 3: bad token
handler escape
broad fallback
