0
0
1
-1
-1
-1
-1
-1

























5
5
1
-1
97
115
-1
-1
ascii
asc

as
ascii
i


i
i
ascii
asc

as
ascii
scii
sc

sc
scii





3
9
1
-1
233
20013
-1
-1
é中😀
é

é中
é中😀
😀


😀
😀
é中😀
é

é中
é中😀
中😀


中😀
中😀





2
3
1
-1
101
769
-1
-1
é


é
é
́


́
́
é


é
é
́


́
́





3
11
1
-1
128105
8205
-1
-1
👩‍💻
👩

👩‍
👩‍💻
💻


💻
💻
👩‍💻
👩

👩‍
👩‍💻
‍💻


‍💻
‍💻





1
4
1
-1
1114111
-1
-1
-1
􏿿


􏿿
􏿿
􏿿


􏿿
􏿿
􏿿


􏿿
􏿿










0
0
3
3
0
3
3
3
F
F
0
3
2
F
F
2
2
2
2
2
F
F
2
2
2
F
F
2
2
2
2
2
F
F
2
2
F
F
F
F
F
F
F
F
F
F
F
F
0
0
3
3
0
4
1
4
4
4
0
4
0
0
0
0
1
1
0
Text operation requires valid UTF-8
Text operation requires valid UTF-8
Text operation requires valid UTF-8
Text operation requires valid UTF-8
Text operation requires valid UTF-8
Text operation requires valid UTF-8
Text operation requires valid UTF-8
0
Text operation requires valid UTF-8
Text operation requires valid UTF-8
Text operation requires valid UTF-8
Text operation requires valid UTF-8
Text operation requires valid UTF-8
Text operation requires valid UTF-8
Text operation requires valid UTF-8
0
Text operation requires valid UTF-8
Text operation requires valid UTF-8
Text operation requires valid UTF-8
Text operation requires valid UTF-8
Text operation requires valid UTF-8
Text operation requires valid UTF-8
Text operation requires valid UTF-8
0
Text operation requires valid UTF-8
Text operation requires valid UTF-8
Text operation requires valid UTF-8
Text operation requires valid UTF-8
Text operation requires valid UTF-8
Text operation requires valid UTF-8
Text operation requires valid UTF-8
0
Text operation requires valid UTF-8
Text operation requires valid UTF-8
Text operation requires valid UTF-8
Text operation requires valid UTF-8
Text operation requires valid UTF-8
Text operation requires valid UTF-8
Text operation requires valid UTF-8
1
1
Text search offset is out of range
Text search offset is out of range
