Transpiled PHP files: 27, skipped unchanged: 0
Generated Ninja file: .prism/build/build.ninja
Using compiler: clang++-18 -fuse-ld=mold (gnu_like)
Using build mode: debug
Using build grouping policy: incremental (report_only)
Object cache: disabled (default disabled)
Using repo root: /tmp/scpp-json-240-probe
Resolved project dependency graph: 1 project(s)
Runtime compilation: enabled
Dependency compilation: reuse existing artifacts only
ninja: Entering directory `.prism/build'
[1/29] PCH app_pch.hpp.gch
[2/29] CXX src/02_tokenize/structures.o
[3/29] CXX src/03_parse/data/nodes.o
[4/29] CXX src/01_prepare_inputs/read_sources/data/buffer.o
[5/29] CXX src/03_parse/data/result.o
[6/29] CXX src/03_parse/data/role_views.o
[7/29] CXX scpp_framework/filesystem.o
[8/29] CXX src/02_tokenize/store.o
[9/29] CXX scpp_framework/json_document.o
[10/29] CXX src/03_parse/data/tree.o
[11/29] CXX src/03_parse/data/expression_state.o
[12/29] CXX scpp_framework/collections.o
[13/29] CXX scpp_framework/exceptions.o
[14/29] CXX scpp_framework/strings.o
[15/29] CXX src/02_tokenize/tokenize.o
[16/29] CXX probe.o
[17/29] CXX main.o
[18/29] CXX src/03_parse/handlers/statements.o
[19/29] CXX src/03_parse/handlers/control_statements.o
[20/29] CXX src/03_parse/handlers/declarations.o
[21/29] CXX src/03_parse/utilities/metaprogramming_syntax.o
[22/29] CXX src/03_parse/utilities/struct_member_cursor.o
[23/29] CXX src/03_parse/handlers/expressions.o
[24/29] CXX src/03_parse/handlers/metaprogramming.o
[25/29] CXX src/03_parse/utilities/syntax_access.o
[26/29] CXX src/03_parse/utilities/binary_syntax.o
[27/29] CXX src/03_parse/utilities/syntax_comparer.o
[28/29] CXX src/03_parse/parse_file.o
[29/29] LINK main
Rebuilt outputs: .prism/build/app_pch.hpp.gch, .prism/build/main, .prism/build/main.o, .prism/build/probe.o, .prism/build/scpp_framework/collections.o, .prism/build/scpp_framework/exceptions.o, .prism/build/scpp_framework/filesystem.o, .prism/build/scpp_framework/json_document.o, .prism/build/scpp_framework/strings.o, .prism/build/src/01_prepare_inputs/read_sources/data/buffer.o, .prism/build/src/02_tokenize/store.o, .prism/build/src/02_tokenize/structures.o, .prism/build/src/02_tokenize/tokenize.o, .prism/build/src/03_parse/data/expression_state.o, .prism/build/src/03_parse/data/nodes.o, .prism/build/src/03_parse/data/result.o, .prism/build/src/03_parse/data/role_views.o, .prism/build/src/03_parse/data/tree.o, .prism/build/src/03_parse/handlers/control_statements.o, .prism/build/src/03_parse/handlers/declarations.o, .prism/build/src/03_parse/handlers/expressions.o, .prism/build/src/03_parse/handlers/metaprogramming.o, .prism/build/src/03_parse/handlers/statements.o, .prism/build/src/03_parse/parse_file.o, .prism/build/src/03_parse/utilities/binary_syntax.o, .prism/build/src/03_parse/utilities/metaprogramming_syntax.o, .prism/build/src/03_parse/utilities/struct_member_cursor.o, .prism/build/src/03_parse/utilities/syntax_access.o, .prism/build/src/03_parse/utilities/syntax_comparer.o
Tip: set SCPP_NINJA_VERBOSE=1 to show full Ninja command lines.
Build completed: .prism/build/main
