Transpiled PHP files: 102, skipped unchanged: 0
Generated Ninja file: .prism/build/build.ninja
Using compiler: clang++-18 -fuse-ld=mold (gnu_like)
Using build mode: debug
Using build grouping policy: incremental (report_only)
Object cache: disabled (default disabled)
Using repo root: /tmp/scpp-json-240-probe
Resolved project dependency graph: 1 project(s)
Runtime compilation: enabled
Dependency compilation: reuse existing artifacts only
ninja: Entering directory `.prism/build'
[1/104] PCH app_pch.hpp.gch
[2/104] CXX src/01_prepare_inputs/read_sources/data/buffer.o
[3/104] CXX scpp_framework/collections.o
[4/104] CXX scpp_framework/exceptions.o
[5/104] CXX src/03_parse/data/expression_state.o
[6/104] CXX src/02_tokenize/structures.o
[7/104] CXX scpp_framework/filesystem.o
[8/104] CXX src/03_parse/data/nodes.o
[9/104] CXX scpp_framework/strings.o
[10/104] CXX src/02_tokenize/store.o
[11/104] CXX src/01_prepare_inputs/load_runtime/main_load_runtime.o
[12/104] CXX src/03_parse/data/result.o
[13/104] CXX scpp_framework/json_document.o
[14/104] CXX src/02_tokenize/tokenize.o
[15/104] CXX main.o
[16/104] CXX src/01_prepare_inputs/load_runtime/utilities/catalog_syntax.o
[17/104] CXX probe.o
[18/104] CXX src/03_parse/handlers/control_statements.o
[19/104] CXX src/03_parse/handlers/expressions.o
[20/104] CXX src/03_parse/handlers/declarations.o
[21/104] CXX src/03_parse/handlers/metaprogramming.o
[22/104] CXX src/03_parse/data/role_views.o
[23/104] CXX src/03_parse/handlers/statements.o
[24/104] CXX src/03_parse/utilities/metaprogramming_syntax.o
[25/104] CXX src/03_parse/data/tree.o
[26/104] CXX src/03_parse/data/store.o
[27/104] CXX src/03_parse/main_parse.o
[28/104] CXX src/03_parse/utilities/binary_syntax.o
[29/104] CXX src/03_parse/parse_file.o
[30/104] CXX src/03_parse/utilities/struct_member_cursor.o
[31/104] CXX src/03_parse/select_tasks.o
[32/104] CXX src/03_parse/join.o
[33/104] CXX src/03_parse/utilities/syntax_access.o
[34/104] CXX src/04_analyze/check_templates/data/structures.o
[35/104] CXX src/04_analyze/check_templates/data/interpretation.o
[36/104] CXX src/03_parse/utilities/syntax_comparer.o
[37/104] CXX src/04_analyze/check_templates/data/terms.o
[38/104] CXX src/04_analyze/check_templates/join.o
[39/104] CXX src/04_analyze/check_templates/data/result.o
[40/104] CXX src/04_analyze/check_templates/main_check_templates.o
[41/104] CXX src/04_analyze/check_templates/body.o
[42/104] CXX src/04_analyze/check_templates/select_tasks.o
[43/104] CXX src/04_analyze/collect_symbols/data/result.o
[44/104] CXX src/04_analyze/collect_symbols/collect.o
[45/104] CXX src/04_analyze/check_templates/terms.o
[46/104] CXX src/04_analyze/collect_symbols/data/provider_declaration.o
[47/104] CXX src/04_analyze/instantiate/data/context.o
[48/104] CXX src/04_analyze/collect_symbols/data/structures.o
[49/104] CXX src/04_analyze/collect_symbols/main_collect_symbols.o
[50/104] CXX src/04_analyze/instantiate/data/state.o
[51/104] CXX src/04_analyze/collect_symbols/data/store.o
[52/104] CXX src/04_analyze/resolve_symbols/data/declarations.o
[53/104] CXX src/04_analyze/instantiate/data/result.o
[54/104] CXX src/04_analyze/resolve_symbols/data/store.o
[55/104] CXX src/04_analyze/instantiate/identities.o
[56/104] CXX src/04_analyze/resolve_symbols/handlers/names.o
[57/104] CXX src/04_analyze/instantiate/data/view.o
[58/104] CXX src/04_analyze/resolve_symbols/handlers/expressions.o
[59/104] CXX src/04_analyze/resolve_symbols/handlers/declarations.o
[60/104] CXX src/04_analyze/resolve_symbols/data/structures.o
[61/104] CXX src/04_analyze/instantiate/data/store.o
[62/104] CXX src/04_analyze/resolve_symbols/data/result.o
[63/104] CXX src/04_analyze/resolve_symbols/data/traversal.o
[64/104] CXX src/04_analyze/resolve_symbols/handlers/statements.o
[65/104] CXX src/04_analyze/resolve_symbols/main_resolve_symbols.o
[66/104] CXX src/04_analyze/resolve_symbols/body.o
[67/104] CXX src/04_analyze/resolve_symbols/join.o
[68/104] CXX src/04_analyze/resolve_symbols/select_tasks.o
[69/104] CXX src/04_analyze/resolve_symbols/utilities/function_lookup.o
[70/104] CXX src/04_analyze/resolve_symbols/utilities/declaration_lookup.o
[71/104] CXX src/04_analyze/resolve_types/data/lifecycle_bodies.o
[72/104] CXX src/04_analyze/resolve_symbols/utilities/resolution_validity.o
[73/104] CXX src/04_analyze/resolve_types/data/entry_selection.o
[74/104] CXX src/04_analyze/resolve_types/data/entry_contract.o
[75/104] CXX src/04_analyze/resolve_types/source_lifecycle.o
[76/104] CXX src/04_analyze/resolve_types/main_prepare_entry.o
[77/104] CXX src/04_analyze/resolve_types/lifecycle_composition.o
[78/104] CXX src/04_analyze/resolve_symbols/utilities/binding_coverage.o
[79/104] CXX src/04_analyze/type_model/data/callable_modes.o
[80/104] CXX src/04_analyze/resolve_types/utilities/type_cache.o
[81/104] CXX src/04_analyze/resolve_types/record_definitions.o
[82/104] CXX src/04_analyze/type_model/data/callables.o
[83/104] CXX src/04_analyze/type_model/data/context.o
[84/104] CXX src/04_analyze/type_model/data/catalog.o
[85/104] CXX src/04_analyze/type_model/data/generic.o
[86/104] CXX src/04_analyze/type_model/data/lifecycle_roles.o
[87/104] CXX src/04_analyze/type_model/data/definitions.o
[88/104] CXX src/04_analyze/type_model/data/lifetime_policy_codec.o
[89/104] CXX src/04_analyze/type_model/data/families.o
[90/104] CXX src/04_analyze/type_model/data/native_record_layout.o
[91/104] CXX src/04_analyze/type_model/data/records.o
[92/104] CXX src/04_analyze/type_model/data/lifecycle.o
[93/104] CXX src/04_analyze/type_model/data/representations.o
[94/104] CXX src/04_analyze/type_model/data/lifetime_contract.o
[95/104] CXX src/04_analyze/type_model/data/semantic_calls.o
[96/104] CXX src/04_analyze/type_model/data/semantic_modes.o
[97/104] CXX src/04_analyze/type_model/data/resources.o
[98/104] CXX src/04_analyze/type_model/data/type_record.o
[99/104] CXX src/04_analyze/type_model/result_contracts.o
[100/104] CXX src/04_analyze/type_model/data/type_references.o
[101/104] CXX src/04_analyze/type_model/data/source_families.o
[102/104] CXX src/04_analyze/type_model/data/storage.o
[103/104] CXX src/04_analyze/type_model/data/store.o
[104/104] LINK main
Rebuilt outputs: .prism/build/app_pch.hpp.gch, .prism/build/main, .prism/build/main.o, .prism/build/probe.o, .prism/build/scpp_framework/collections.o, .prism/build/scpp_framework/exceptions.o, .prism/build/scpp_framework/filesystem.o, .prism/build/scpp_framework/json_document.o, .prism/build/scpp_framework/strings.o, .prism/build/src/01_prepare_inputs/load_runtime/main_load_runtime.o, .prism/build/src/01_prepare_inputs/load_runtime/utilities/catalog_syntax.o, .prism/build/src/01_prepare_inputs/read_sources/data/buffer.o, .prism/build/src/02_tokenize/store.o, .prism/build/src/02_tokenize/structures.o, .prism/build/src/02_tokenize/tokenize.o, .prism/build/src/03_parse/data/expression_state.o, .prism/build/src/03_parse/data/nodes.o, .prism/build/src/03_parse/data/result.o, .prism/build/src/03_parse/data/role_views.o, .prism/build/src/03_parse/data/store.o, .prism/build/src/03_parse/data/tree.o, .prism/build/src/03_parse/handlers/control_statements.o, .prism/build/src/03_parse/handlers/declarations.o, .prism/build/src/03_parse/handlers/expressions.o, .prism/build/src/03_parse/handlers/metaprogramming.o, .prism/build/src/03_parse/handlers/statements.o, .prism/build/src/03_parse/join.o, .prism/build/src/03_parse/main_parse.o, .prism/build/src/03_parse/parse_file.o, .prism/build/src/03_parse/select_tasks.o, .prism/build/src/03_parse/utilities/binary_syntax.o, .prism/build/src/03_parse/utilities/metaprogramming_syntax.o, .prism/build/src/03_parse/utilities/struct_member_cursor.o, .prism/build/src/03_parse/utilities/syntax_access.o, .prism/build/src/03_parse/utilities/syntax_comparer.o, .prism/build/src/04_analyze/check_templates/body.o, .prism/build/src/04_analyze/check_templates/data/interpretation.o, .prism/build/src/04_analyze/check_templates/data/result.o, .prism/build/src/04_analyze/check_templates/data/structures.o, .prism/build/src/04_analyze/check_templates/data/terms.o, .prism/build/src/04_analyze/check_templates/join.o, .prism/build/src/04_analyze/check_templates/main_check_templates.o, .prism/build/src/04_analyze/check_templates/select_tasks.o, .prism/build/src/04_analyze/check_templates/terms.o, .prism/build/src/04_analyze/collect_symbols/collect.o, .prism/build/src/04_analyze/collect_symbols/data/provider_declaration.o, .prism/build/src/04_analyze/collect_symbols/data/result.o, .prism/build/src/04_analyze/collect_symbols/data/store.o, .prism/build/src/04_analyze/collect_symbols/data/structures.o, .prism/build/src/04_analyze/collect_symbols/main_collect_symbols.o, .prism/build/src/04_analyze/instantiate/data/context.o, .prism/build/src/04_analyze/instantiate/data/result.o, .prism/build/src/04_analyze/instantiate/data/state.o, .prism/build/src/04_analyze/instantiate/data/store.o, .prism/build/src/04_analyze/instantiate/data/view.o, .prism/build/src/04_analyze/instantiate/identities.o, .prism/build/src/04_analyze/resolve_symbols/body.o, .prism/build/src/04_analyze/resolve_symbols/data/declarations.o, .prism/build/src/04_analyze/resolve_symbols/data/result.o, .prism/build/src/04_analyze/resolve_symbols/data/store.o, .prism/build/src/04_analyze/resolve_symbols/data/structures.o, .prism/build/src/04_analyze/resolve_symbols/data/traversal.o, .prism/build/src/04_analyze/resolve_symbols/handlers/declarations.o, .prism/build/src/04_analyze/resolve_symbols/handlers/expressions.o, .prism/build/src/04_analyze/resolve_symbols/handlers/names.o, .prism/build/src/04_analyze/resolve_symbols/handlers/statements.o, .prism/build/src/04_analyze/resolve_symbols/join.o, .prism/build/src/04_analyze/resolve_symbols/main_resolve_symbols.o, .prism/build/src/04_analyze/resolve_symbols/select_tasks.o, .prism/build/src/04_analyze/resolve_symbols/utilities/binding_coverage.o, .prism/build/src/04_analyze/resolve_symbols/utilities/declaration_lookup.o, .prism/build/src/04_analyze/resolve_symbols/utilities/function_lookup.o, .prism/build/src/04_analyze/resolve_symbols/utilities/resolution_validity.o, .prism/build/src/04_analyze/resolve_types/data/entry_contract.o, .prism/build/src/04_analyze/resolve_types/data/entry_selection.o, .prism/build/src/04_analyze/resolve_types/data/lifecycle_bodies.o, .prism/build/src/04_analyze/resolve_types/lifecycle_composition.o, .prism/build/src/04_analyze/resolve_types/main_prepare_entry.o, .prism/build/src/04_analyze/resolve_types/record_definitions.o, .prism/build/src/04_analyze/resolve_types/source_lifecycle.o, .prism/build/src/04_analyze/resolve_types/utilities/type_cache.o, .prism/build/src/04_analyze/type_model/data/callable_modes.o, .prism/build/src/04_analyze/type_model/data/callables.o, .prism/build/src/04_analyze/type_model/data/catalog.o, .prism/build/src/04_analyze/type_model/data/context.o, .prism/build/src/04_analyze/type_model/data/definitions.o, .prism/build/src/04_analyze/type_model/data/families.o, .prism/build/src/04_analyze/type_model/data/generic.o, .prism/build/src/04_analyze/type_model/data/lifecycle.o, .prism/build/src/04_analyze/type_model/data/lifecycle_roles.o, .prism/build/src/04_analyze/type_model/data/lifetime_contract.o, .prism/build/src/04_analyze/type_model/data/lifetime_policy_codec.o, .prism/build/src/04_analyze/type_model/data/native_record_layout.o, .prism/build/src/04_analyze/type_model/data/records.o, .prism/build/src/04_analyze/type_model/data/representations.o, .prism/build/src/04_analyze/type_model/data/resources.o, .prism/build/src/04_analyze/type_model/data/semantic_calls.o, .prism/build/src/04_analyze/type_model/data/semantic_modes.o, .prism/build/src/04_analyze/type_model/data/source_families.o, .prism/build/src/04_analyze/type_model/data/storage.o, .prism/build/src/04_analyze/type_model/data/store.o, .prism/build/src/04_analyze/type_model/data/type_record.o, .prism/build/src/04_analyze/type_model/data/type_references.o, .prism/build/src/04_analyze/type_model/result_contracts.o
Tip: set SCPP_NINJA_VERBOSE=1 to show full Ninja command lines.
Build completed: .prism/build/main
