Transpiled PHP files: 31, skipped unchanged: 0
Generated Ninja file: .prism/build/build.ninja
Using compiler: clang++-18 -fuse-ld=mold (gnu_like)
Using build mode: debug
Using build grouping policy: incremental (report_only)
Object cache: disabled (default disabled)
Using repo root: /tmp/scpp-json-240-probe
Resolved project dependency graph: 1 project(s)
Runtime compilation: enabled
Dependency compilation: reuse existing artifacts only
ninja: Entering directory `.prism/build'
[1/33] PCH app_pch.hpp.gch
[2/33] CXX src/03_parse/data/role_views.o
[3/33] CXX src/03_parse/data/result.o
[4/33] CXX scpp_framework/collections.o
[5/33] CXX scpp_framework/filesystem.o
[6/33] CXX scpp_framework/exceptions.o
[7/33] CXX src/03_parse/data/nodes.o
[8/33] CXX src/03_parse/data/expression_state.o
[9/33] CXX src/01_prepare_inputs/read_sources/data/buffer.o
[10/33] CXX src/02_tokenize/tokenize.o
[11/33] CXX src/02_tokenize/store.o
[12/33] CXX scpp_framework/strings.o
[13/33] CXX src/02_tokenize/structures.o
[14/33] CXX src/03_parse/data/store.o
[15/33] CXX scpp_framework/json_document.o
[16/33] CXX main.o
[17/33] CXX src/03_parse/data/tree.o
[18/33] CXX src/03_parse/handlers/control_statements.o
[19/33] CXX probe.o
[20/33] CXX src/03_parse/handlers/expressions.o
[21/33] CXX src/03_parse/handlers/declarations.o
[22/33] CXX src/03_parse/handlers/metaprogramming.o
[23/33] CXX src/03_parse/handlers/statements.o
[24/33] CXX src/03_parse/main_parse.o
[25/33] CXX src/03_parse/utilities/metaprogramming_syntax.o
[26/33] CXX src/03_parse/utilities/struct_member_cursor.o
[27/33] CXX src/03_parse/utilities/binary_syntax.o
[28/33] CXX src/03_parse/utilities/syntax_access.o
[29/33] CXX src/03_parse/select_tasks.o
[30/33] CXX src/03_parse/join.o
[31/33] CXX src/03_parse/utilities/syntax_comparer.o
[32/33] CXX src/03_parse/parse_file.o
[33/33] LINK main
Rebuilt outputs: .prism/build/app_pch.hpp.gch, .prism/build/main, .prism/build/main.o, .prism/build/probe.o, .prism/build/scpp_framework/collections.o, .prism/build/scpp_framework/exceptions.o, .prism/build/scpp_framework/filesystem.o, .prism/build/scpp_framework/json_document.o, .prism/build/scpp_framework/strings.o, .prism/build/src/01_prepare_inputs/read_sources/data/buffer.o, .prism/build/src/02_tokenize/store.o, .prism/build/src/02_tokenize/structures.o, .prism/build/src/02_tokenize/tokenize.o, .prism/build/src/03_parse/data/expression_state.o, .prism/build/src/03_parse/data/nodes.o, .prism/build/src/03_parse/data/result.o, .prism/build/src/03_parse/data/role_views.o, .prism/build/src/03_parse/data/store.o, .prism/build/src/03_parse/data/tree.o, .prism/build/src/03_parse/handlers/control_statements.o, .prism/build/src/03_parse/handlers/declarations.o, .prism/build/src/03_parse/handlers/expressions.o, .prism/build/src/03_parse/handlers/metaprogramming.o, .prism/build/src/03_parse/handlers/statements.o, .prism/build/src/03_parse/join.o, .prism/build/src/03_parse/main_parse.o, .prism/build/src/03_parse/parse_file.o, .prism/build/src/03_parse/select_tasks.o, .prism/build/src/03_parse/utilities/binary_syntax.o, .prism/build/src/03_parse/utilities/metaprogramming_syntax.o, .prism/build/src/03_parse/utilities/struct_member_cursor.o, .prism/build/src/03_parse/utilities/syntax_access.o, .prism/build/src/03_parse/utilities/syntax_comparer.o
Tip: set SCPP_NINJA_VERBOSE=1 to show full Ninja command lines.
Build completed: .prism/build/main
