ninja: Entering directory `/tmp/scpp-edit-latency-20260919/app/.prism/build'
[1/619] CXX expanded/__callable/llvm_text_from_plan_locations.o
[2/619] CXX expanded/__callable/compiler_entry_backend_locations.o
[3/619] CXX expanded/__callable/backend_object_link_cache_locations.o
[4/619] CXX expanded/compile/control_flow/control_flow_transfers.o
[5/619] CXX expanded/generated/semantic_operator_lookup.o
[6/619] CXX expanded/__callable/storage_lifetime_readiness_locations.o
[7/619] CXX expanded/compile/control_flow/control_flow_dataflows.o
[8/619] CXX expanded/__callable/scalar_loop_backend_requests_locations.o
[9/619] CXX expanded/compile/support/structure_kernel_smoke_runner.o
[10/619] CXX expanded/compile/backend/backend_loop_text_emission.o
[11/619] CXX expanded/__callable/lowering_plan_locations.o
[12/619] CXX expanded/compile/backend/scalar_body_statement_collection.o
[13/619] CXX expanded/compile/support/compiler_project_env_or_smoke_echo.o
[14/619] CXX expanded/__callable/type_capability_readiness_locations.o
[15/619] CXX expanded/__callable/control_flow_dataflows_locations.o
[16/619] CXX expanded/__callable/mt_stage_evaluation_locations.o
[17/619] CXX expanded/__callable/partition_merge_reductions_locations.o
[18/619] CXX expanded/__callable/resident_source_unit_symbol_states_locations.o
[19/619] CXX expanded/__callable/resident_source_unit_frontend_payload_tables_locations.o
[20/619] CXX expanded/__callable/deterministic_work_ordering_locations.o
[21/619] CXX expanded/__callable/control_flow_transfers_locations.o
[22/619] CXX expanded/__callable/scheduler_api_locations.o
[23/619] CXX expanded/__callable/project_reference_resolution_locations.o
[24/619] CXX expanded/__callable/source_units_locations.o
[25/619] CXX expanded/__callable/project_symbol_index_locations.o
[26/619] CXX expanded/__callable/source_files_locations.o
[27/619] CXX expanded/__callable/compiler_export_artifacts_locations.o
[28/619] CXX expanded_parts/compile/model/source_units/locations.o
[29/619] CXX expanded_parts/compile/incremental/resident_source_unit_frontend_payload_tables/locations.o
[30/619] CXX expanded/__callable/pure_tdd_stage_artifacts_locations.o
[31/619] CXX expanded/structures/pipeline/compiler_project_run_report.o
[32/619] CXX expanded_parts/compile/backend/llvm_text_from_plan/locations.o
[33/619] CXX expanded_parts/compile/capabilities/storage_lifetime_readiness/locations.o
[34/619] CXX expanded_parts/compile/backend/backend_object_link_cache/locations.o
[35/619] CXX expanded_parts/compile/capabilities/type_capability_readiness/locations.o
[36/619] CXX expanded_parts/compile/backend/lowering_plan/locations.o
[37/619] CXX expanded_parts/compile/model/project_reference_resolution/locations.o
[38/619] clang++ -std=c++23 -fPIC -O0 -g1 -pipe -I../../../vendor/runtime/include -I../expanded/generated -DSCPP_LANGUAGE_TARGET_PHP=1 -DSCPP_HAS_MYSQLI=0 -DSCPP_HAS_REGEX=0 -DSCPP_HAS_CURL=0 -DSCPP_HAS_TASKS=1 -DSCPP_TASKS_DEFAULT_WORKER_POOL_SIZE=0 -DSCPP_HAS_UI=0 -DSCPP_HAS_WEBVIEW=0 -DSCPP_ENABLE_CALL_DEPTH_GUARD=1 -DSCPP_MAX_CALL_DEPTH=4096 -x c++-header -MD -MF expanded-project.pch.d ../expanded/generated/__project_units.hpp -o expanded-project.pch
[39/619] CALLABLE_PART expanded_parts/__callable/prepare_outputs_group_0.o
[40/619] CALLABLE_PART expanded_parts/__callable/runtime_helper_effects_group_0.o
[41/619] CALLABLE_PART expanded_parts/__callable/analysis_context_group_0.o
[42/619] CALLABLE_PART expanded_parts/__callable/runtime_abi_bridge_group_0.o
[43/619] CALLABLE_PART expanded_parts/__callable/runtime_abi_bridge_group_2.o
[44/619] CALLABLE_PART expanded_parts/__callable/analysis_context_identity_group_0.o
[45/619] CALLABLE_PART expanded_parts/__callable/llvm_abi_declarations_group_0.o
[46/619] CALLABLE_PART expanded_parts/__callable/runtime_abi_bridge_group_1.o
[47/619] CALLABLE_PART expanded_parts/__callable/llvm_abi_call_lowering_group_0.o
[48/619] CALLABLE_PART expanded_parts/__callable/string_runtime_abi_group_0.o
[49/619] CALLABLE_PART expanded_parts/__callable/analysis_context_group_1.o
[50/619] CALLABLE_PART expanded_parts/main.o
[51/619] CALLABLE_PART expanded_parts/__callable/backend_emission_adapter_routes_group_0.o
[52/619] CALLABLE_PART expanded_parts/__callable/string_runtime_abi_group_1.o
[53/619] CALLABLE_PART expanded_parts/__callable/backend_emission_adapter_routes_group_1.o
[54/619] CALLABLE_PART expanded_parts/__callable/backend_emission_decisions_group_0.o
[55/619] CALLABLE_PART expanded_parts/__callable/backend_emission_decisions_group_1.o
[56/619] CALLABLE_PART expanded_parts/__callable/backend_emission_adapter_routes_group_2.o
[57/619] CALLABLE_PART expanded_parts/__callable/backend_emission_decisions_group_2.o
[58/619] CALLABLE_PART expanded_parts/__callable/backend_emission_decisions_group_4.o
[59/619] CALLABLE_PART expanded_parts/__callable/backend_emission_decisions_group_5.o
[60/619] CALLABLE_PART expanded_parts/__callable/backend_emission_decisions_group_6.o
[61/619] CALLABLE_PART expanded_parts/__callable/backend_emission_decisions_group_3.o
[62/619] CALLABLE_PART expanded_parts/__callable/backend_native_execution_adapter_group_0.o
[63/619] CALLABLE_PART expanded_parts/__callable/backend_native_execution_adapter_group_1.o
[64/619] CALLABLE_PART expanded_parts/__callable/backend_loop_text_emission_group_0.o
[65/619] CALLABLE_PART expanded_parts/__callable/backend_object_link_cache_group_1.o
[66/619] CALLABLE_PART expanded_parts/__callable/backend_module_composition_group_0.o
[67/619] CALLABLE_PART expanded_parts/__callable/backend_object_link_cache_group_2.o
[68/619] CALLABLE_PART expanded_parts/__callable/backend_object_link_cache_group_0.o
[69/619] CALLABLE_PART expanded_parts/__callable/backend_object_link_cache_group_3.o
[70/619] CALLABLE_PART expanded_parts/__callable/backend_partition_readiness_group_2.o
[71/619] CALLABLE_PART expanded_parts/__callable/backend_object_link_cache_group_6.o
[72/619] CALLABLE_PART expanded_parts/__callable/backend_object_link_cache_group_5.o
[73/619] CALLABLE_PART expanded_parts/__callable/backend_partition_readiness_group_0.o
[74/619] CALLABLE_PART expanded_parts/__callable/backend_partition_readiness_group_1.o
[75/619] CALLABLE_PART expanded_parts/__callable/backend_preflight_requests_group_1.o
[76/619] CALLABLE_PART expanded_parts/__callable/backend_object_link_cache_group_4.o
[77/619] CALLABLE_PART expanded_parts/__callable/backend_preflight_requests_group_3.o
[78/619] CALLABLE_PART expanded_parts/__callable/backend_preflight_requests_group_2.o
[79/619] CALLABLE_PART expanded_parts/__callable/backend_preflight_requests_group_0.o
[80/619] CALLABLE_PART expanded_parts/__callable/backend_preflight_requests_group_4.o
[81/619] CALLABLE_PART expanded_parts/__callable/backend_preflight_requests_group_6.o
[82/619] CALLABLE_PART expanded_parts/__callable/backend_preflight_requests_group_9.o
[83/619] CALLABLE_PART expanded_parts/__callable/backend_preflight_requests_group_5.o
[84/619] CALLABLE_PART expanded_parts/__callable/backend_preflight_requests_group_11.o
[85/619] CALLABLE_PART expanded_parts/__callable/backend_preflight_requests_group_12.o
[86/619] CALLABLE_PART expanded_parts/__callable/backend_preflight_requests_group_8.o
[87/619] CALLABLE_PART expanded_parts/__callable/backend_preflight_requests_group_7.o
[88/619] CALLABLE_PART expanded_parts/__callable/backend_preflight_requests_group_15.o
[89/619] CALLABLE_PART expanded_parts/__callable/backend_preflight_requests_group_10.o
[90/619] CALLABLE_PART expanded_parts/__callable/backend_preflight_requests_group_13.o
[91/619] CALLABLE_PART expanded_parts/__callable/backend_preflight_requests_group_14.o
[92/619] CALLABLE_PART expanded_parts/__callable/backend_preflight_requests_group_16.o
[93/619] CALLABLE_PART expanded_parts/__callable/backend_preflight_requests_group_17.o
[94/619] CALLABLE_PART expanded_parts/__callable/compiler_entry_backend_group_0.o
[95/619] CALLABLE_PART expanded_parts/__callable/llvm_api_sink_preflight_group_0.o
[96/619] CALLABLE_PART expanded_parts/__callable/compiler_entry_backend_group_2.o
[97/619] CALLABLE_PART expanded_parts/__callable/llvm_api_toolchain_probe_group_0.o
[98/619] CALLABLE_PART expanded_parts/__callable/llvm_api_sink_preflight_group_2.o
[99/619] CALLABLE_PART expanded_parts/__callable/compiler_entry_backend_group_1.o
[100/619] CALLABLE_PART expanded_parts/__callable/llvm_api_sink_preflight_group_3.o
[101/619] CALLABLE_PART expanded_parts/__callable/llvm_api_sink_preflight_group_1.o
[102/619] CALLABLE_PART expanded_parts/__callable/llvm_api_toolchain_probe_group_2.o
[103/619] CALLABLE_PART expanded_parts/__callable/llvm_api_toolchain_probe_group_1.o
[104/619] CALLABLE_PART expanded_parts/__callable/llvm_text_from_plan_group_0.o
[105/619] CALLABLE_PART expanded_parts/__callable/llvm_text_from_plan_group_1.o
[106/619] CALLABLE_PART expanded_parts/__callable/llvm_text_from_plan_group_4.o
[107/619] CALLABLE_PART expanded_parts/__callable/llvm_text_from_plan_group_3.o
[108/619] CALLABLE_PART expanded_parts/__callable/llvm_text_from_plan_group_2.o
[109/619] CALLABLE_PART expanded_parts/__callable/llvm_text_from_plan_group_6.o
[110/619] CALLABLE_PART expanded_parts/__callable/llvm_text_from_plan_group_7.o
[111/619] CALLABLE_PART expanded_parts/__callable/llvm_text_from_plan_group_5.o
[112/619] CALLABLE_PART expanded_parts/__callable/llvm_text_from_plan_group_8.o
[113/619] CALLABLE_PART expanded_parts/__callable/llvm_text_from_plan_group_10.o
[114/619] CALLABLE_PART expanded_parts/__callable/llvm_text_from_plan_group_9.o
[115/619] CALLABLE_PART expanded_parts/__callable/llvm_text_from_plan_group_11.o
[116/619] CALLABLE_PART expanded_parts/__callable/llvm_text_from_plan_group_12.o
[117/619] CALLABLE_PART expanded_parts/__callable/llvm_text_from_plan_group_13.o
[118/619] CALLABLE_PART expanded_parts/__callable/llvm_text_from_plan_group_14.o
[119/619] CALLABLE_PART expanded_parts/__callable/llvm_text_from_plan_group_15.o
[120/619] CALLABLE_PART expanded_parts/__callable/llvm_text_from_plan_group_18.o
[121/619] CALLABLE_PART expanded_parts/__callable/llvm_text_from_plan_group_17.o
[122/619] CALLABLE_PART expanded_parts/__callable/llvm_text_from_plan_group_16.o
[123/619] CALLABLE_PART expanded_parts/__callable/llvm_text_from_plan_group_19.o
[124/619] CALLABLE_PART expanded_parts/__callable/llvm_text_from_plan_group_21.o
[125/619] CALLABLE_PART expanded_parts/__callable/llvm_text_from_plan_group_20.o
[126/619] CALLABLE_PART expanded_parts/__callable/llvm_text_from_plan_group_22.o
[127/619] CALLABLE_PART expanded_parts/__callable/llvm_text_from_plan_group_24.o
[128/619] CALLABLE_PART expanded_parts/__callable/local_body_lowering_group_0.o
[129/619] CALLABLE_PART expanded_parts/__callable/llvm_text_from_plan_group_23.o
[130/619] CALLABLE_PART expanded_parts/__callable/local_body_lowering_group_1.o
[131/619] CALLABLE_PART expanded_parts/__callable/local_body_lowering_group_2.o
[132/619] CALLABLE_PART expanded_parts/__callable/local_body_lowering_routes_group_0.o
[133/619] CALLABLE_PART expanded_parts/__callable/lowering_plan_group_1.o
[134/619] CALLABLE_PART expanded_parts/__callable/local_body_lowering_routes_group_1.o
[135/619] CALLABLE_PART expanded_parts/__callable/lowering_plan_group_0.o
[136/619] CALLABLE_PART expanded_parts/__callable/lowering_plan_group_2.o
[137/619] CALLABLE_PART expanded_parts/__callable/lowering_plan_group_6.o
[138/619] CALLABLE_PART expanded_parts/__callable/lowering_plan_group_4.o
[139/619] CALLABLE_PART expanded_parts/__callable/lowering_plan_group_3.o
[140/619] CALLABLE_PART expanded_parts/__callable/primitive_abi_adapter_matrix_group_0.o
[141/619] CALLABLE_PART expanded_parts/__callable/lowering_plan_group_5.o
[142/619] CALLABLE_PART expanded_parts/__callable/primitive_abi_adapter_matrix_group_2.o
[143/619] CALLABLE_PART expanded_parts/__callable/primitive_abi_adapter_matrix_group_1.o
[144/619] CALLABLE_PART expanded_parts/__callable/lowering_plan_group_7.o
[145/619] CALLABLE_PART expanded_parts/__callable/primitive_abi_adapter_matrix_group_3.o
[146/619] CALLABLE_PART expanded_parts/__callable/scalar_body_statement_collection_group_0.o
[147/619] CALLABLE_PART expanded_parts/__callable/scalar_body_statement_collection_group_1.o
[148/619] CALLABLE_PART expanded_parts/__callable/primitive_abi_adapter_matrix_group_4.o
[149/619] CALLABLE_PART expanded_parts/__callable/scalar_loop_backend_requests_group_0.o
[150/619] CALLABLE_PART expanded_parts/__callable/scalar_body_backend_collection_group_0.o
[151/619] CALLABLE_PART expanded_parts/__callable/capability_consumer_plans_group_0.o
[152/619] CALLABLE_PART expanded_parts/__callable/runtime_helper_contract_readiness_group_0.o
[153/619] CALLABLE_PART expanded_parts/__callable/runtime_helper_contract_readiness_group_2.o
[154/619] CALLABLE_PART expanded_parts/__callable/runtime_helper_contract_readiness_group_1.o
[155/619] CALLABLE_PART expanded_parts/__callable/storage_lifetime_readiness_group_0.o
[156/619] CALLABLE_PART expanded_parts/__callable/storage_lifetime_readiness_group_1.o
[157/619] CALLABLE_PART expanded_parts/__callable/storage_lifetime_readiness_group_2.o
[158/619] CALLABLE_PART expanded_parts/__callable/storage_lifetime_readiness_group_4.o
[159/619] CALLABLE_PART expanded_parts/__callable/storage_lifetime_readiness_group_5.o
[160/619] CALLABLE_PART expanded_parts/__callable/type_capability_readiness_group_0.o
[161/619] CALLABLE_PART expanded_parts/__callable/storage_lifetime_readiness_group_3.o
[162/619] CALLABLE_PART expanded_parts/__callable/storage_lifetime_readiness_group_7.o
[163/619] CALLABLE_PART expanded_parts/__callable/type_capability_readiness_group_1.o
[164/619] CALLABLE_PART expanded_parts/__callable/type_capability_readiness_group_3.o
[165/619] CALLABLE_PART expanded_parts/__callable/storage_lifetime_readiness_group_6.o
[166/619] CALLABLE_PART expanded_parts/__callable/type_capability_readiness_group_2.o
[167/619] CALLABLE_PART expanded_parts/__callable/type_capability_readiness_group_4.o
[168/619] CALLABLE_PART expanded_parts/__callable/type_capability_readiness_group_8.o
[169/619] CALLABLE_PART expanded_parts/__callable/type_capability_readiness_group_7.o
[170/619] CALLABLE_PART expanded_parts/__callable/type_capability_readiness_group_9.o
[171/619] CALLABLE_PART expanded_parts/__callable/type_capability_readiness_group_6.o
[172/619] CALLABLE_PART expanded_parts/__callable/type_capability_readiness_group_10.o
[173/619] CALLABLE_PART expanded_parts/__callable/type_capability_readiness_group_5.o
[174/619] CALLABLE_PART expanded_parts/__callable/type_capability_readiness_group_13.o
[175/619] CALLABLE_PART expanded_parts/__callable/type_capability_readiness_group_11.o
[176/619] CALLABLE_PART expanded_parts/__callable/type_capability_readiness_group_12.o
[177/619] CALLABLE_PART expanded_parts/__callable/type_capability_readiness_group_15.o
[178/619] CALLABLE_PART expanded_parts/__callable/type_capability_readiness_group_14.o
[179/619] CALLABLE_PART expanded_parts/__callable/type_capability_readiness_group_16.o
[180/619] CALLABLE_PART expanded_parts/__callable/type_capability_readiness_group_17.o
[181/619] CALLABLE_PART expanded_parts/__callable/type_capability_readiness_group_18.o
[182/619] CALLABLE_PART expanded_parts/__callable/type_capability_readiness_group_23.o
[183/619] CALLABLE_PART expanded_parts/__callable/type_capability_readiness_group_20.o
[184/619] CALLABLE_PART expanded_parts/__callable/type_traits_group_1.o
[185/619] CALLABLE_PART expanded_parts/__callable/type_traits_group_0.o
[186/619] CALLABLE_PART expanded_parts/__callable/type_capability_readiness_group_21.o
[187/619] CALLABLE_PART expanded_parts/__callable/type_capability_readiness_group_22.o
[188/619] CALLABLE_PART expanded_parts/__callable/type_traits_group_2.o
[189/619] CALLABLE_PART expanded_parts/__callable/type_capability_readiness_group_19.o
[190/619] CALLABLE_PART expanded_parts/__callable/type_traits_group_3.o
[191/619] CALLABLE_PART expanded_parts/__callable/type_traits_group_5.o
[192/619] CALLABLE_PART expanded_parts/__callable/type_traits_group_6.o
[193/619] CALLABLE_PART expanded_parts/__callable/control_flow_graphs_group_0.o
[194/619] CALLABLE_PART expanded_parts/__callable/control_flow_dataflows_group_0.o
[195/619] CALLABLE_PART expanded_parts/__callable/control_flow_graphs_group_3.o
[196/619] CALLABLE_PART expanded_parts/__callable/control_flow_graphs_group_2.o
[197/619] CALLABLE_PART expanded_parts/__callable/type_traits_group_4.o
[198/619] CALLABLE_PART expanded_parts/__callable/control_flow_dataflows_group_1.o
[199/619] CALLABLE_PART expanded_parts/__callable/control_flow_dataflows_group_4.o
[200/619] CALLABLE_PART expanded_parts/__callable/control_flow_dataflows_group_3.o
[201/619] CALLABLE_PART expanded_parts/__callable/control_flow_dataflows_group_2.o
[202/619] CALLABLE_PART expanded_parts/__callable/control_flow_graphs_group_1.o
[203/619] CALLABLE_PART expanded_parts/__callable/control_flow_transfers_group_1.o
[204/619] CALLABLE_PART expanded_parts/__callable/control_flow_transfers_group_0.o
[205/619] CALLABLE_PART expanded_parts/__callable/frontend_model_builder_group_0.o
[206/619] CALLABLE_PART expanded_parts/__callable/frontend_model_builder_group_4.o
[207/619] CALLABLE_PART expanded_parts/__callable/frontend_model_builder_group_6.o
[208/619] CALLABLE_PART expanded_parts/__callable/frontend_model_builder_group_5.o
[209/619] CALLABLE_PART expanded_parts/__callable/frontend_model_builder_group_7.o
[210/619] CALLABLE_PART expanded_parts/__callable/frontend_model_builder_group_2.o
[211/619] CALLABLE_PART expanded_parts/__callable/frontend_model_builder_group_3.o
[212/619] CALLABLE_PART expanded_parts/__callable/frontend_model_builder_group_8.o
[213/619] CALLABLE_PART expanded_parts/__callable/frontend_model_builder_group_1.o
[214/619] CALLABLE_PART expanded_parts/__callable/frontend_model_builder_group_9.o
[215/619] CALLABLE_PART expanded_parts/__callable/frontend_model_builder_group_12.o
[216/619] CALLABLE_PART expanded_parts/__callable/frontend_model_builder_group_13.o
[217/619] CALLABLE_PART expanded_parts/__callable/frontend_model_builder_group_10.o
[218/619] CALLABLE_PART expanded_parts/__callable/frontend_model_builder_group_14.o
[219/619] CALLABLE_PART expanded_parts/__callable/frontend_model_builder_group_11.o
[220/619] CALLABLE_PART expanded_parts/__callable/frontend_model_builder_group_16.o
[221/619] CALLABLE_PART expanded_parts/__callable/frontend_model_builder_group_15.o
[222/619] CALLABLE_PART expanded_parts/__callable/frontend_model_builder_group_17.o
[223/619] CALLABLE_PART expanded_parts/__callable/frontend_model_builder_group_18.o
[224/619] CALLABLE_PART expanded_parts/__callable/parser_cursor_group_0.o
[225/619] CALLABLE_PART expanded_parts/__callable/frontend_model_builder_group_19.o
[226/619] CALLABLE_PART expanded_parts/__callable/parser_diagnostics_group_0.o
[227/619] CALLABLE_PART expanded_parts/__callable/parser_diagnostics_group_1.o
[228/619] CALLABLE_PART expanded_parts/__callable/phs_tokenizer_group_0.o
[229/619] CALLABLE_PART expanded_parts/__callable/phs_tokenizer_group_2.o
[230/619] CALLABLE_PART expanded_parts/__callable/parser_state_group_0.o
[231/619] CALLABLE_PART expanded_parts/__callable/token_kinds_group_0.o
[232/619] CALLABLE_PART expanded_parts/__callable/parser_state_group_1.o
[233/619] CALLABLE_PART expanded_parts/__callable/deterministic_work_ordering_group_0.o
[234/619] CALLABLE_PART expanded_parts/__callable/phs_tokenizer_group_1.o
[235/619] CALLABLE_PART expanded_parts/__callable/deterministic_work_ordering_group_1.o
[236/619] CALLABLE_PART expanded_parts/__callable/mt_stage_evaluation_group_1.o
[237/619] CALLABLE_PART expanded_parts/__callable/mt_stage_evaluation_group_2.o
[238/619] CALLABLE_PART expanded_parts/__callable/mt_stage_evaluation_group_0.o
[239/619] CALLABLE_PART expanded_parts/__callable/mt_stage_evaluation_group_4.o
[240/619] CALLABLE_PART expanded_parts/__callable/mt_stage_evaluation_group_3.o
[241/619] CALLABLE_PART expanded_parts/__callable/partition_merge_reductions_group_0.o
[242/619] CALLABLE_PART expanded_parts/__callable/partition_readiness_group_0.o
[243/619] CALLABLE_PART expanded_parts/__callable/partition_merge_reductions_group_1.o
[244/619] CALLABLE_PART expanded_parts/__callable/partition_readiness_group_1.o
[245/619] CALLABLE_PART expanded_parts/__callable/partition_readiness_group_2.o
[246/619] CALLABLE_PART expanded_parts/__callable/partition_merge_reductions_group_3.o
[247/619] CALLABLE_PART expanded_parts/__callable/partition_readiness_group_4.o
[248/619] CALLABLE_PART expanded_parts/__callable/partition_readiness_group_3.o
[249/619] CALLABLE_PART expanded_parts/__callable/partition_merge_reductions_group_2.o
[250/619] CALLABLE_PART expanded_parts/__callable/partition_readiness_group_5.o
[251/619] CALLABLE_PART expanded_parts/__callable/resident_body_dependencies_group_0.o
[252/619] CALLABLE_PART expanded_parts/__callable/resident_change_events_group_1.o
[253/619] CALLABLE_PART expanded_parts/__callable/resident_change_events_group_0.o
[254/619] CALLABLE_PART expanded_parts/__callable/resident_change_events_group_2.o
[255/619] CALLABLE_PART expanded_parts/__callable/resident_daemon_file_ipc_group_0.o
[256/619] CALLABLE_PART expanded_parts/__callable/resident_daemon_file_ipc_group_6.o
[257/619] CALLABLE_PART expanded_parts/__callable/resident_daemon_file_ipc_group_1.o
[258/619] CALLABLE_PART expanded_parts/__callable/resident_daemon_file_ipc_group_2.o
[259/619] CALLABLE_PART expanded_parts/__callable/resident_daemon_file_ipc_group_9.o
[260/619] CALLABLE_PART expanded_parts/__callable/resident_daemon_file_ipc_group_8.o
[261/619] CALLABLE_PART expanded_parts/__callable/resident_daemon_file_ipc_group_3.o
[262/619] CALLABLE_PART expanded_parts/__callable/resident_daemon_file_ipc_group_7.o
[263/619] CALLABLE_PART expanded_parts/__callable/resident_daemon_file_ipc_group_5.o
[264/619] CALLABLE_PART expanded_parts/__callable/resident_daemon_file_ipc_group_4.o
[265/619] CALLABLE_PART expanded_parts/__callable/resident_daemon_file_ipc_group_10.o
[266/619] CALLABLE_PART expanded_parts/__callable/resident_daemon_file_ipc_group_11.o
[267/619] CALLABLE_PART expanded_parts/__callable/resident_daemon_incremental_proof_group_0.o
[268/619] CALLABLE_PART expanded_parts/__callable/resident_definition_granularity_group_0.o
[269/619] CALLABLE_PART expanded_parts/__callable/resident_definition_granularity_group_2.o
[270/619] CALLABLE_PART expanded_parts/__callable/resident_dirty_propagation_group_1.o
[271/619] CALLABLE_PART expanded_parts/__callable/resident_definition_granularity_group_5.o
[272/619] CALLABLE_PART expanded_parts/__callable/resident_definition_granularity_group_1.o
[273/619] CALLABLE_PART expanded_parts/__callable/resident_definition_granularity_group_3.o
[274/619] CALLABLE_PART expanded_parts/__callable/resident_definition_granularity_group_4.o
[275/619] CALLABLE_PART expanded_parts/__callable/resident_definition_granularity_group_6.o
[276/619] CALLABLE_PART expanded_parts/__callable/resident_dirty_propagation_group_0.o
[277/619] CALLABLE_PART expanded_parts/__callable/resident_dirty_propagation_group_2.o
[278/619] CALLABLE_PART expanded_parts/__callable/resident_dependency_edges_group_0.o
[279/619] CALLABLE_PART expanded_parts/__callable/resident_dirty_propagation_group_3.o
[280/619] CALLABLE_PART expanded_parts/__callable/resident_dirty_propagation_group_4.o
[281/619] CALLABLE_PART expanded_parts/__callable/resident_dirty_propagation_group_6.o
[282/619] CALLABLE_PART expanded_parts/__callable/resident_frontend_node_lists_group_0.o
[283/619] CALLABLE_PART expanded_parts/__callable/resident_function_body_incremental_acceptance_group_0.o
[284/619] CALLABLE_PART expanded_parts/__callable/resident_dirty_propagation_group_5.o
[285/619] CALLABLE_PART expanded_parts/__callable/resident_function_body_incremental_acceptance_group_2.o
[286/619] CALLABLE_PART expanded_parts/__callable/resident_function_body_local_parse_proofs_group_0.o
[287/619] CALLABLE_PART expanded_parts/__callable/resident_frontend_node_lists_group_1.o
[288/619] CALLABLE_PART expanded_parts/__callable/resident_function_body_incremental_acceptance_group_3.o
[289/619] CALLABLE_PART expanded_parts/__callable/resident_function_body_incremental_acceptance_group_1.o
[290/619] CALLABLE_PART expanded_parts/__callable/resident_function_body_local_parse_proofs_group_1.o
[291/619] CALLABLE_PART expanded_parts/__callable/resident_function_body_logical_frontend_consumer_descriptors_group_0.o
[292/619] CALLABLE_PART expanded_parts/__callable/resident_function_body_logical_frontend_consumer_descriptors_group_1.o
[293/619] CALLABLE_PART expanded_parts/__callable/resident_function_body_logical_frontend_consumer_descriptors_group_2.o
[294/619] CALLABLE_PART expanded_parts/__callable/resident_function_body_logical_frontend_views_group_0.o
[295/619] CALLABLE_PART expanded_parts/__callable/resident_function_body_logical_frontend_reference_candidates_group_0.o
[296/619] CALLABLE_PART expanded_parts/__callable/resident_function_body_logical_frontend_consumer_descriptors_group_3.o
[297/619] CALLABLE_PART expanded_parts/__callable/resident_function_body_logical_frontend_views_group_1.o
[298/619] CALLABLE_PART expanded_parts/__callable/resident_function_body_logical_frontend_reference_candidates_group_1.o
[299/619] CALLABLE_PART expanded_parts/__callable/resident_function_body_mixed_frontend_assembly_proofs_group_2.o
[300/619] CALLABLE_PART expanded_parts/__callable/resident_function_body_mixed_frontend_assembly_proofs_group_0.o
[301/619] CALLABLE_PART expanded_parts/__callable/resident_function_body_mixed_frontend_assembly_proofs_group_1.o
[302/619] CALLABLE_PART expanded_parts/__callable/resident_function_body_ownership_group_2.o
[303/619] CALLABLE_PART expanded_parts/__callable/resident_function_body_ownership_group_3.o
[304/619] CALLABLE_PART expanded_parts/__callable/resident_function_body_ownership_group_4.o
[305/619] CALLABLE_PART expanded_parts/__callable/resident_function_body_ownership_group_1.o
[306/619] CALLABLE_PART expanded_parts/__callable/resident_function_body_ownership_group_0.o
[307/619] CALLABLE_PART expanded_parts/__callable/resident_function_body_publish_repoint_preflights_group_0.o
[308/619] CALLABLE_PART expanded_parts/__callable/resident_function_body_parse_slices_group_0.o
[309/619] CALLABLE_PART expanded_parts/__callable/resident_function_body_parse_slices_group_1.o
[310/619] CALLABLE_PART expanded_parts/__callable/resident_function_body_publish_repoint_preflights_group_1.o
[311/619] CALLABLE_PART expanded_parts/__callable/resident_function_body_row_list_publish_plans_group_0.o
[312/619] CALLABLE_PART expanded_parts/__callable/resident_function_body_row_list_publish_results_group_0.o
[313/619] CALLABLE_PART expanded_parts/__callable/resident_function_body_row_list_publish_results_group_2.o
[314/619] CALLABLE_PART expanded_parts/__callable/resident_function_body_row_list_publish_plans_group_1.o
[315/619] CALLABLE_PART expanded_parts/__callable/resident_function_body_row_list_publish_plans_group_2.o
[316/619] CALLABLE_PART expanded_parts/__callable/resident_function_body_row_list_publish_results_group_1.o
[317/619] CALLABLE_PART expanded_parts/__callable/resident_function_body_stable_node_remap_proofs_group_0.o
[318/619] CALLABLE_PART expanded_parts/__callable/resident_function_body_source_unit_repoint_proofs_group_0.o
[319/619] CALLABLE_PART expanded_parts/__callable/resident_function_body_summary_project_references_group_0.o
[320/619] CALLABLE_PART expanded_parts/__callable/resident_function_body_stable_node_remap_proofs_group_1.o
[321/619] CALLABLE_PART expanded_parts/__callable/resident_function_body_source_unit_repoint_proofs_group_1.o
[322/619] CALLABLE_PART expanded_parts/__callable/resident_function_body_work_decisions_group_0.o
[323/619] CALLABLE_PART expanded_parts/__callable/resident_function_body_work_decisions_group_1.o
[324/619] CALLABLE_PART expanded_parts/__callable/resident_function_body_summary_project_references_group_1.o
[325/619] CALLABLE_PART expanded_parts/__callable/resident_function_body_work_decisions_group_2.o
[326/619] CALLABLE_PART expanded_parts/__callable/resident_project_symbol_name_lookups_group_1.o
[327/619] CALLABLE_PART expanded_parts/__callable/resident_public_surface_incremental_acceptance_group_0.o
[328/619] CALLABLE_PART expanded_parts/__callable/resident_project_symbol_name_lookups_group_0.o
[329/619] CALLABLE_PART expanded_parts/__callable/resident_function_body_work_decisions_group_3.o
[330/619] CALLABLE_PART expanded_parts/__callable/resident_public_surface_incremental_acceptance_group_3.o
[331/619] CALLABLE_PART expanded_parts/__callable/resident_public_surface_incremental_acceptance_group_1.o
[332/619] CALLABLE_PART expanded_parts/__callable/resident_public_surface_incremental_acceptance_group_2.o
[333/619] CALLABLE_PART expanded_parts/__callable/resident_recompute_targets_group_0.o
[334/619] CALLABLE_PART expanded_parts/__callable/resident_recompute_targets_group_1.o
[335/619] CALLABLE_PART expanded_parts/__callable/resident_reverse_dependencies_group_1.o
[336/619] CALLABLE_PART expanded_parts/__callable/resident_reverse_dependency_indexes_group_0.o
[337/619] CALLABLE_PART expanded_parts/__callable/resident_source_unit_frontend_payload_tables_group_2.o
[338/619] CALLABLE_PART expanded_parts/__callable/resident_recompute_targets_group_2.o
[339/619] CALLABLE_PART expanded_parts/__callable/resident_reverse_dependencies_group_0.o
[340/619] CALLABLE_PART expanded_parts/__callable/resident_reverse_dependency_indexes_group_1.o
[341/619] CALLABLE_PART expanded_parts/__callable/resident_source_unit_frontend_payload_tables_group_4.o
[342/619] CALLABLE_PART expanded_parts/__callable/resident_source_unit_frontend_payload_tables_group_0.o
[343/619] CALLABLE_PART expanded_parts/__callable/resident_source_unit_frontend_payload_tables_group_1.o
[344/619] CALLABLE_PART expanded_parts/__callable/resident_source_unit_frontend_payload_tables_group_5.o
[345/619] CALLABLE_PART expanded_parts/__callable/resident_source_unit_frontend_payload_tables_group_3.o
[346/619] CALLABLE_PART expanded_parts/__callable/resident_source_unit_frontend_payload_tables_group_6.o
[347/619] CALLABLE_PART expanded_parts/__callable/resident_source_unit_frontend_payload_tables_group_7.o
[348/619] CALLABLE_PART expanded_parts/__callable/resident_source_unit_frontend_payload_tables_group_11.o
[349/619] CALLABLE_PART expanded_parts/__callable/resident_source_unit_frontend_payload_tables_group_9.o
[350/619] CALLABLE_PART expanded_parts/__callable/resident_source_unit_frontend_payload_tables_group_13.o
[351/619] CALLABLE_PART expanded_parts/__callable/resident_source_unit_frontend_payload_tables_group_8.o
[352/619] CALLABLE_PART expanded_parts/__callable/resident_source_unit_frontend_payload_tables_group_10.o
[353/619] CALLABLE_PART expanded_parts/__callable/resident_source_unit_frontend_payload_tables_group_12.o
[354/619] CALLABLE_PART expanded_parts/__callable/resident_source_unit_frontend_payload_tables_group_14.o
[355/619] CALLABLE_PART expanded_parts/__callable/resident_source_unit_frontend_payload_tables_group_16.o
[356/619] CALLABLE_PART expanded_parts/__callable/resident_source_unit_frontend_payload_tables_group_15.o
[357/619] CALLABLE_PART expanded_parts/__callable/resident_source_unit_frontend_payload_tables_group_17.o
[358/619] CALLABLE_PART expanded_parts/__callable/resident_source_unit_frontend_payload_tables_group_18.o
[359/619] CALLABLE_PART expanded_parts/__callable/resident_source_unit_frontend_payload_tables_group_20.o
[360/619] CALLABLE_PART expanded_parts/__callable/resident_source_unit_frontend_payload_tables_group_19.o
[361/619] CALLABLE_PART expanded_parts/__callable/resident_source_unit_frontend_payload_tables_group_22.o
[362/619] CALLABLE_PART expanded_parts/__callable/resident_source_unit_frontend_payload_tables_group_21.o
[363/619] CALLABLE_PART expanded_parts/__callable/resident_source_unit_frontend_payload_tables_group_23.o
[364/619] CALLABLE_PART expanded_parts/__callable/resident_source_unit_frontend_payload_tables_group_24.o
[365/619] CALLABLE_PART expanded_parts/__callable/resident_source_unit_frontend_payload_tables_group_27.o
[366/619] CALLABLE_PART expanded_parts/__callable/resident_source_unit_frontend_payload_tables_group_26.o
[367/619] CALLABLE_PART expanded_parts/__callable/resident_source_unit_frontend_payload_tables_group_25.o
[368/619] CALLABLE_PART expanded_parts/__callable/resident_source_unit_frontend_payload_tables_group_28.o
[369/619] CALLABLE_PART expanded_parts/__callable/resident_source_unit_frontend_payload_tables_group_29.o
[370/619] CALLABLE_PART expanded_parts/__callable/resident_source_unit_frontend_payload_tables_group_31.o
[371/619] CALLABLE_PART expanded_parts/__callable/resident_source_unit_frontend_payload_tables_group_30.o
[372/619] CALLABLE_PART expanded_parts/__callable/resident_source_unit_frontend_states_group_1.o
[373/619] CALLABLE_PART expanded_parts/__callable/resident_source_unit_symbol_states_group_0.o
[374/619] CALLABLE_PART expanded_parts/__callable/resident_source_unit_frontend_states_group_0.o
[375/619] CALLABLE_PART expanded_parts/__callable/resident_source_unit_symbol_states_group_1.o
[376/619] CALLABLE_PART expanded_parts/__callable/resident_source_unit_frontend_states_group_3.o
[377/619] CALLABLE_PART expanded_parts/__callable/resident_source_unit_frontend_states_group_2.o
[378/619] CALLABLE_PART expanded_parts/__callable/resident_source_unit_symbol_states_group_4.o
[379/619] CALLABLE_PART expanded_parts/__callable/resident_source_unit_symbol_states_group_2.o
[380/619] CALLABLE_PART expanded_parts/__callable/resident_transactions_group_0.o
[381/619] CALLABLE_PART expanded_parts/__callable/resident_token_lists_group_0.o
[382/619] CALLABLE_PART expanded_parts/__callable/resident_source_unit_symbol_states_group_3.o
[383/619] CALLABLE_PART expanded_parts/__callable/resident_token_lists_group_1.o
[384/619] CALLABLE_PART expanded_parts/__callable/scheduler_api_group_0.o
[385/619] CALLABLE_PART expanded_parts/__callable/resident_transactions_group_2.o
[386/619] CALLABLE_PART expanded_parts/__callable/scheduler_api_group_1.o
[387/619] CALLABLE_PART expanded_parts/__callable/resident_transactions_group_1.o
[388/619] CALLABLE_PART expanded_parts/__callable/scheduler_api_group_3.o
[389/619] CALLABLE_PART expanded_parts/__callable/scheduler_api_group_2.o
[390/619] CALLABLE_PART expanded_parts/__callable/source_unit_early_skip_group_1.o
[391/619] CALLABLE_PART expanded_parts/__callable/source_unit_frontend_scheduler_group_0.o
[392/619] CALLABLE_PART expanded_parts/__callable/source_unit_early_skip_group_3.o
[393/619] CALLABLE_PART expanded_parts/__callable/scheduler_api_group_4.o
[394/619] CALLABLE_PART expanded_parts/__callable/source_unit_early_skip_group_0.o
[395/619] CALLABLE_PART expanded_parts/__callable/source_unit_frontend_scheduler_group_2.o
[396/619] CALLABLE_PART expanded_parts/__callable/source_unit_frontend_scheduler_group_1.o
[397/619] CALLABLE_PART expanded_parts/__callable/source_unit_frontend_work_decisions_group_0.o
[398/619] CALLABLE_PART expanded_parts/__callable/source_unit_frontend_scheduler_group_3.o
[399/619] CALLABLE_PART expanded_parts/__callable/source_unit_early_skip_group_2.o
[400/619] CALLABLE_PART expanded_parts/__callable/source_unit_frontend_work_decisions_group_1.o
[401/619] CALLABLE_PART expanded_parts/__callable/source_unit_frontend_work_decisions_group_2.o
[402/619] CALLABLE_PART expanded_parts/__callable/callable_contract_identity_group_0.o
[403/619] CALLABLE_PART expanded_parts/__callable/dependency_graph_identity_group_0.o
[404/619] CALLABLE_PART expanded_parts/__callable/project_callable_contracts_group_0.o
[405/619] CALLABLE_PART expanded_parts/__callable/frontend_body_summaries_group_4.o
[406/619] CALLABLE_PART expanded_parts/__callable/project_callable_contracts_group_1.o
[407/619] CALLABLE_PART expanded_parts/__callable/frontend_body_summaries_group_0.o
[408/619] CALLABLE_PART expanded_parts/__callable/frontend_body_summaries_group_1.o
[409/619] CALLABLE_PART expanded_parts/__callable/frontend_body_summaries_group_2.o
[410/619] CALLABLE_PART expanded_parts/__callable/frontend_body_summaries_group_3.o
[411/619] CALLABLE_PART expanded_parts/__callable/project_callable_contracts_group_2.o
[412/619] CALLABLE_PART expanded_parts/__callable/project_callable_contracts_group_3.o
[413/619] CALLABLE_PART expanded_parts/__callable/project_dependency_graph_group_1.o
[414/619] CALLABLE_PART expanded_parts/__callable/project_dependency_graph_group_0.o
[415/619] CALLABLE_PART expanded_parts/__callable/project_dependency_graph_group_2.o
[416/619] CALLABLE_PART expanded_parts/__callable/project_dependency_graph_group_3.o
[417/619] CALLABLE_PART expanded_parts/__callable/project_dependency_graph_group_5.o
[418/619] CALLABLE_PART expanded_parts/__callable/project_dependency_graph_group_4.o
[419/619] CALLABLE_PART expanded_parts/__callable/project_reference_resolution_group_0.o
[420/619] CALLABLE_PART expanded_parts/__callable/project_reference_resolution_group_1.o
[421/619] CALLABLE_PART expanded_parts/__callable/project_reference_resolution_group_3.o
[422/619] CALLABLE_PART expanded_parts/__callable/project_reference_resolution_group_2.o
[423/619] CALLABLE_PART expanded_parts/__callable/project_reference_resolution_group_4.o
[424/619] CALLABLE_PART expanded_parts/__callable/project_reference_resolution_group_9.o
[425/619] CALLABLE_PART expanded_parts/__callable/project_reference_resolution_group_5.o
[426/619] CALLABLE_PART expanded_parts/__callable/project_reference_resolution_group_7.o
[427/619] CALLABLE_PART expanded_parts/__callable/project_reference_resolution_group_6.o
[428/619] CALLABLE_PART expanded_parts/__callable/project_symbol_index_group_0.o
[429/619] CALLABLE_PART expanded_parts/__callable/project_symbol_identity_group_0.o
[430/619] CALLABLE_PART expanded_parts/__callable/project_reference_resolution_group_8.o
[431/619] CALLABLE_PART expanded_parts/__callable/project_symbol_index_group_2.o
[432/619] CALLABLE_PART expanded_parts/__callable/project_symbol_index_group_1.o
[433/619] CALLABLE_PART expanded_parts/__callable/project_symbol_index_group_4.o
[434/619] CALLABLE_PART expanded_parts/__callable/project_symbol_index_group_6.o
[435/619] CALLABLE_PART expanded_parts/__callable/project_symbol_index_group_3.o
[436/619] CALLABLE_PART expanded_parts/__callable/project_symbol_index_group_7.o
[437/619] CALLABLE_PART expanded_parts/__callable/project_symbol_index_group_5.o
[438/619] CALLABLE_PART expanded_parts/__callable/source_buffers_group_0.o
[439/619] CALLABLE_PART expanded_parts/__callable/reference_identity_group_0.o
[440/619] CALLABLE_PART expanded_parts/__callable/project_symbol_index_group_8.o
[441/619] CALLABLE_PART expanded_parts/__callable/source_identity_group_0.o
[442/619] CALLABLE_PART expanded_parts/__callable/source_identity_group_1.o
[443/619] CALLABLE_PART expanded_parts/__callable/source_units_group_0.o
[444/619] CALLABLE_PART expanded_parts/__callable/source_units_group_1.o
[445/619] CALLABLE_PART expanded_parts/__callable/source_units_group_3.o
[446/619] CALLABLE_PART expanded_parts/__callable/source_units_group_5.o
[447/619] CALLABLE_PART expanded_parts/__callable/source_units_group_7.o
[448/619] CALLABLE_PART expanded_parts/__callable/source_units_group_2.o
[449/619] CALLABLE_PART expanded_parts/__callable/source_units_group_4.o
[450/619] CALLABLE_PART expanded_parts/__callable/source_units_group_8.o
[451/619] CALLABLE_PART expanded_parts/__callable/type_ref_identity_group_0.o
[452/619] CALLABLE_PART expanded_parts/__callable/type_refs_group_0.o
[453/619] CALLABLE_PART expanded_parts/__callable/source_units_group_6.o
[454/619] CALLABLE_PART expanded_parts/__callable/type_refs_group_1.o
[455/619] CALLABLE_PART expanded_parts/__callable/type_refs_group_2.o
[456/619] CALLABLE_PART expanded_parts/__callable/type_refs_group_8.o
[457/619] CALLABLE_PART expanded_parts/__callable/operation_readiness_group_1.o
[458/619] CALLABLE_PART expanded_parts/__callable/type_refs_group_5.o
[459/619] CALLABLE_PART expanded_parts/__callable/type_refs_group_3.o
[460/619] CALLABLE_PART expanded_parts/__callable/type_refs_group_6.o
[461/619] CALLABLE_PART expanded_parts/__callable/type_refs_group_4.o
[462/619] CALLABLE_PART expanded_parts/__callable/operation_readiness_group_0.o
[463/619] CALLABLE_PART expanded_parts/__callable/operation_readiness_group_2.o
[464/619] CALLABLE_PART expanded_parts/__callable/operation_readiness_group_3.o
[465/619] CALLABLE_PART expanded_parts/__callable/type_refs_group_7.o
[466/619] CALLABLE_PART expanded_parts/__callable/operation_readiness_group_5.o
[467/619] CALLABLE_PART expanded_parts/__callable/operation_readiness_group_4.o
[468/619] CALLABLE_PART expanded_parts/__callable/operation_readiness_group_7.o
[469/619] CALLABLE_PART expanded_parts/__callable/compiler_pipeline_runner_group_0.o
[470/619] CALLABLE_PART expanded_parts/__callable/operation_readiness_group_8.o
[471/619] CALLABLE_PART expanded_parts/__callable/compiler_project_runner_group_0.o
[472/619] CALLABLE_PART expanded_parts/__callable/operation_readiness_group_6.o
[473/619] CALLABLE_PART expanded_parts/__callable/compiler_project_runner_group_2.o
[474/619] CALLABLE_PART expanded_parts/__callable/operation_readiness_group_9.o
[475/619] CALLABLE_PART expanded_parts/__callable/pipeline_config_helpers_group_1.o
[476/619] CALLABLE_PART expanded_parts/__callable/compiler_project_runner_group_1.o
[477/619] CALLABLE_PART expanded_parts/__callable/project_manifest_group_1.o
[478/619] CALLABLE_PART expanded_parts/__callable/pipeline_config_helpers_group_0.o
[479/619] CALLABLE_PART expanded_parts/__callable/artifact_writes_group_0.o
[480/619] CALLABLE_PART expanded_parts/__callable/semantic_body_capability_consumers_group_0.o
[481/619] CALLABLE_PART expanded_parts/__callable/project_manifest_group_0.o
[482/619] CALLABLE_PART expanded_parts/__callable/artifact_writes_group_1.o
[483/619] CALLABLE_PART expanded_parts/__callable/compiler_execution_artifacts_group_0.o
[484/619] CALLABLE_PART expanded_parts/__callable/compiler_profile_events_group_0.o
[485/619] CALLABLE_PART expanded_parts/__callable/artifact_writes_group_2.o
[486/619] CALLABLE_PART expanded_parts/__callable/compiler_profile_events_group_2.o
[487/619] CALLABLE_PART expanded_parts/__callable/compiler_profile_events_group_1.o
[488/619] CALLABLE_PART expanded_parts/__callable/compiler_export_artifacts_group_0.o
[489/619] CALLABLE_PART expanded_parts/__callable/compiler_project_run_row_artifacts_group_0.o
[490/619] CALLABLE_PART expanded_parts/__callable/mt_publication_metrics_group_0.o
[491/619] CALLABLE_PART expanded_parts/__callable/performance_memory_estimates_group_0.o
[492/619] CALLABLE_PART expanded_parts/__callable/output_paths_group_0.o
[493/619] CALLABLE_PART expanded_parts/__callable/debug_profile_gate_results_group_0.o
[494/619] CALLABLE_PART expanded_parts/__callable/debug_profile_gate_results_group_1.o
[495/619] CALLABLE_PART expanded_parts/__callable/production_mt_heartbeat_group_0.o
[496/619] CALLABLE_PART expanded_parts/__callable/performance_memory_estimates_group_1.o
[497/619] CALLABLE_PART expanded_parts/__callable/performance_memory_estimates_group_3.o
[498/619] CALLABLE_PART expanded_parts/__callable/proof_metrics_group_2.o
[499/619] CALLABLE_PART expanded_parts/__callable/production_mt_heartbeat_group_1.o
[500/619] CALLABLE_PART expanded_parts/__callable/performance_memory_estimates_group_2.o
[501/619] CALLABLE_PART expanded_parts/__callable/proof_metrics_group_3.o
[502/619] CALLABLE_PART expanded_parts/__callable/proof_metrics_group_0.o
[503/619] CALLABLE_PART expanded_parts/__callable/proof_metrics_group_1.o
[504/619] CALLABLE_PART expanded_parts/__callable/proof_metrics_group_4.o
[505/619] CALLABLE_PART expanded_parts/__callable/proof_metrics_group_7.o
[506/619] CALLABLE_PART expanded_parts/__callable/proof_metrics_group_6.o
[507/619] CALLABLE_PART expanded_parts/__callable/proof_metrics_group_5.o
[508/619] CALLABLE_PART expanded_parts/__callable/proof_metrics_group_9.o
[509/619] CALLABLE_PART expanded_parts/__callable/proof_metrics_group_10.o
[510/619] CALLABLE_PART expanded_parts/__callable/proof_metrics_group_8.o
[511/619] CALLABLE_PART expanded_parts/__callable/proof_metrics_group_13.o
[512/619] CALLABLE_PART expanded_parts/__callable/proof_metrics_group_11.o
[513/619] CALLABLE_PART expanded_parts/__callable/proof_metrics_group_14.o
[514/619] CALLABLE_PART expanded_parts/__callable/proof_metrics_group_12.o
[515/619] CALLABLE_PART expanded_parts/__callable/proof_metrics_group_15.o
[516/619] CALLABLE_PART expanded_parts/__callable/proof_metrics_group_16.o
[517/619] CALLABLE_PART expanded_parts/__callable/proof_metrics_group_17.o
[518/619] CALLABLE_PART expanded_parts/__callable/proof_metrics_group_19.o
[519/619] CALLABLE_PART expanded_parts/__callable/proof_metrics_group_18.o
[520/619] CALLABLE_PART expanded_parts/__callable/proof_metrics_group_21.o
[521/619] CALLABLE_PART expanded_parts/__callable/proof_metrics_group_23.o
[522/619] CALLABLE_PART expanded_parts/__callable/proof_metrics_group_20.o
[523/619] CALLABLE_PART expanded_parts/__callable/proof_metrics_group_22.o
[524/619] CALLABLE_PART expanded_parts/__callable/proof_metrics_group_24.o
[525/619] CALLABLE_PART expanded_parts/__callable/proof_metrics_group_25.o
[526/619] CALLABLE_PART expanded_parts/__callable/proof_metrics_group_29.o
[527/619] CALLABLE_PART expanded_parts/__callable/proof_metrics_group_28.o
[528/619] CALLABLE_PART expanded_parts/__callable/proof_metrics_group_30.o
[529/619] CALLABLE_PART expanded_parts/__callable/proof_metrics_group_26.o
[530/619] CALLABLE_PART expanded_parts/__callable/proof_metrics_group_27.o
[531/619] CALLABLE_PART expanded_parts/__callable/proof_metrics_group_31.o
[532/619] CALLABLE_PART expanded_parts/__callable/proof_metrics_group_33.o
[533/619] CALLABLE_PART expanded_parts/__callable/proof_metrics_group_32.o
[534/619] CALLABLE_PART expanded_parts/__callable/proof_metrics_group_34.o
[535/619] CALLABLE_PART expanded_parts/__callable/proof_metrics_group_36.o
[536/619] CALLABLE_PART expanded_parts/__callable/proof_metrics_group_37.o
[537/619] CALLABLE_PART expanded_parts/__callable/proof_metrics_group_38.o
[538/619] CALLABLE_PART expanded_parts/__callable/proof_metrics_group_35.o
[539/619] CALLABLE_PART expanded_parts/__callable/proof_metrics_group_40.o
[540/619] CALLABLE_PART expanded_parts/__callable/proof_metrics_group_39.o
[541/619] CALLABLE_PART expanded_parts/__callable/proof_metrics_group_43.o
[542/619] CALLABLE_PART expanded_parts/__callable/proof_metrics_group_41.o
[543/619] CALLABLE_PART expanded_parts/__callable/proof_metrics_group_42.o
[544/619] CALLABLE_PART expanded_parts/__callable/proof_metrics_group_45.o
[545/619] CALLABLE_PART expanded_parts/__callable/proof_metrics_group_44.o
[546/619] CALLABLE_PART expanded_parts/__callable/resident_snapshots_group_0.o
[547/619] CALLABLE_PART expanded_parts/__callable/source_files_group_0.o
[548/619] CALLABLE_PART expanded_parts/__callable/pure_tdd_stage_artifacts_group_1.o
[549/619] CALLABLE_PART expanded_parts/__callable/gate_result_debug_helpers_group_0.o
[550/619] CALLABLE_PART expanded_parts/__callable/proof_metrics_group_46.o
[551/619] CALLABLE_PART expanded_parts/__callable/pure_tdd_stage_artifacts_group_0.o
[552/619] CALLABLE_PART expanded_parts/__callable/resident_snapshots_group_1.o
[553/619] CALLABLE_PART expanded_parts/__callable/semantic_callable_candidates_group_0.o
[554/619] CALLABLE_PART expanded_parts/__callable/semantic_conversion_lookup_group_1.o
[555/619] CALLABLE_PART expanded_parts/__callable/semantic_callable_candidates_group_1.o
[556/619] CALLABLE_PART expanded_parts/__callable/semantic_conversion_lookup_group_0.o
[557/619] CALLABLE_PART expanded_parts/__callable/semantic_conversion_lookup_group_2.o
[558/619] CALLABLE_PART expanded_parts/__callable/semantic_lookup_manifest_generated_group_0.o
[559/619] CALLABLE_PART expanded_parts/__callable/semantic_lookup_manifest_generated_group_1.o
[560/619] CALLABLE_PART expanded_parts/__callable/semantic_module_api_lookup_group_1.o
[561/619] CALLABLE_PART expanded_parts/__callable/semantic_module_api_lookup_group_0.o
[562/619] CALLABLE_PART expanded_parts/__callable/semantic_operator_lookup_group_0.o
[563/619] CALLABLE_PART expanded_parts/__callable/semantic_module_api_lookup_group_3.o
[564/619] CALLABLE_PART expanded_parts/__callable/semantic_operator_lookup_group_1.o
[565/619] CALLABLE_PART expanded_parts/__callable/semantic_operator_lookup_group_2.o
[566/619] CALLABLE_PART expanded_parts/__callable/semantic_operator_lookup_group_3.o
[567/619] CALLABLE_PART expanded_parts/__callable/semantic_operator_lookup_group_4.o
[568/619] CALLABLE_PART expanded_parts/__callable/semantic_runtime_abi_bridge_group_0.o
[569/619] CALLABLE_PART expanded_parts/__callable/semantic_operator_lookup_group_5.o
[570/619] CALLABLE_PART expanded_parts/__callable/semantic_runtime_abi_bridge_group_2.o
[571/619] CALLABLE_PART expanded_parts/__callable/semantic_module_api_lookup_group_2.o
[572/619] CALLABLE_PART expanded_parts/__callable/semantic_runtime_abi_bridge_group_1.o
[573/619] CALLABLE_PART expanded_parts/__callable/semantic_runtime_abi_declarations_group_0.o
[574/619] CALLABLE_PART expanded_parts/__callable/semantic_runtime_abi_bridge_group_5.o
[575/619] CALLABLE_PART expanded_parts/__callable/semantic_runtime_abi_bridge_group_3.o
[576/619] CALLABLE_PART expanded_parts/__callable/semantic_runtime_abi_bridge_group_4.o
[577/619] CALLABLE_PART expanded_parts/__callable/semantic_runtime_abi_declarations_group_1.o
[578/619] CALLABLE_PART expanded_parts/__callable/semantic_type_ref_providers_group_0.o
[579/619] CALLABLE_PART expanded_parts/__callable/semantic_type_ref_providers_group_1.o
[580/619] CALLABLE_PART expanded_parts/__callable/semantic_runtime_abi_declarations_group_2.o
[581/619] CALLABLE_PART expanded_parts/__callable/semantic_type_ref_providers_group_3.o
[582/619] CALLABLE_PART expanded_parts/__callable/semantic_type_ref_providers_group_2.o
[583/619] CALLABLE_PART expanded_parts/__callable/gate_result_inspection_helpers_group_0.o
[584/619] CALLABLE_PART expanded_parts/__callable/gate_profile_helpers_group_0.o
[585/619] CALLABLE_PART expanded_parts/__callable/backend_request_row_lists_group_0.o
[586/619] CALLABLE_PART expanded_parts/__callable/backend_request_row_lists_group_1.o
[587/619] CALLABLE_PART expanded_parts/__callable/frontend_model_tables_group_3.o
[588/619] CALLABLE_PART expanded_parts/__callable/frontend_model_tables_group_0.o
[589/619] CALLABLE_PART expanded_parts/__callable/frontend_model_tables_group_1.o
[590/619] CALLABLE_PART expanded_parts/__callable/frontend_model_tables_group_4.o
[591/619] CALLABLE_PART expanded_parts/__callable/frontend_model_tables_group_2.o
[592/619] CALLABLE_PART expanded_parts/__callable/frontend_model_tables_group_6.o
[593/619] CALLABLE_PART expanded_parts/__callable/frontend_model_tables_group_5.o
[594/619] CALLABLE_PART expanded_parts/__callable/frontend_model_tables_group_7.o
[595/619] CALLABLE_PART expanded_parts/__callable/frontend_node_lists_group_2.o
[596/619] CALLABLE_PART expanded_parts/__callable/frontend_model_tables_group_8.o
[597/619] CALLABLE_PART expanded_parts/__callable/frontend_node_lists_group_0.o
[598/619] CALLABLE_PART expanded_parts/__callable/frontend_node_lists_group_1.o
[599/619] CALLABLE_PART expanded_parts/__callable/structure_row_ids_group_0.o
[600/619] CALLABLE_PART expanded_parts/__callable/row_segment_policy_group_0.o
[601/619] CALLABLE_PART expanded_parts/__callable/structure_row_ids_group_1.o
[602/619] CALLABLE_PART expanded_parts/__callable/row_segment_policy_group_1.o
[603/619] CALLABLE_PART expanded_parts/__callable/frontend_node_lists_group_3.o
[604/619] CALLABLE_PART expanded_parts/__callable/token_row_lists_group_0.o
[605/619] CALLABLE_PART expanded_parts/__callable/token_row_lists_group_1.o
[606/619] CALLABLE_PART expanded_parts/__callable/token_row_lists_group_2.o
[607/619] CALLABLE_PART expanded_parts/__callable/token_tables_group_0.o
[608/619] CALLABLE_PART expanded_parts/__callable/token_tables_group_2.o
[609/619] CALLABLE_PART expanded_parts/__callable/token_tables_group_3.o
[610/619] CALLABLE_PART expanded_parts/__callable/token_tables_group_1.o
[611/619] CALLABLE_PART expanded_parts/compile/model/source_units/part_0.o
[612/619] CALLABLE_PART expanded_parts/compile/backend/llvm_text_from_plan/part_0.o
[613/619] CALLABLE_PART expanded_parts/compile/backend/backend_object_link_cache/part_0.o
[614/619] CALLABLE_PART expanded_parts/compile/backend/lowering_plan/part_0.o
[615/619] CALLABLE_PART expanded_parts/compile/incremental/resident_source_unit_frontend_payload_tables/part_0.o
[616/619] CALLABLE_PART expanded_parts/compile/capabilities/storage_lifetime_readiness/part_0.o
[617/619] CALLABLE_PART expanded_parts/compile/capabilities/type_capability_readiness/part_0.o
[618/619] CALLABLE_PART expanded_parts/compile/model/project_reference_resolution/part_0.o
[619/619] LINK main
