ninja: Entering directory `/tmp/scpp-edit-latency-20260919/app/.prism/build'
[1/596] CXX expanded/compile/backend/scalar_body_backend_collection.o
[2/596] CXX expanded/generated/semantic_module_api_lookup.o
[3/596] CXX expanded/generated/semantic_conversion_lookup.o
[4/596] CXX expanded/generated/semantic_runtime_abi_bridge.o
[5/596] CXX expanded/compile/control_flow/control_flow_dataflows.o
[6/596] CXX expanded/compile/backend/scalar_body_statement_collection.o
[7/596] CXX expanded/compile/support/compiler_project_env_or_smoke_echo.o
[8/596] CXX expanded/generated/semantic_operator_lookup.o
[9/596] CXX expanded/compile/backend/backend_loop_text_emission.o
[10/596] CXX expanded/structures/project/project_frontend_model.o
[11/596] CXX expanded/compile/control_flow/control_flow_transfers.o
[12/596] CXX expanded/structures/frontend/frontend_model.o
[13/596] CXX expanded/compile/support/structure_kernel_smoke_runner.o
[14/596] CXX expanded/structures/pipeline/compiler_project_run_report.o
[15/596] clang++ -std=c++23 -fPIC -O0 -g1 -pipe -I../../../vendor/runtime/include -I../expanded/generated -DSCPP_LANGUAGE_TARGET_PHP=1 -DSCPP_HAS_MYSQLI=0 -DSCPP_HAS_REGEX=0 -DSCPP_HAS_CURL=0 -DSCPP_HAS_TASKS=1 -DSCPP_TASKS_DEFAULT_WORKER_POOL_SIZE=0 -DSCPP_HAS_UI=0 -DSCPP_HAS_WEBVIEW=0 -DSCPP_ENABLE_CALL_DEPTH_GUARD=1 -DSCPP_MAX_CALL_DEPTH=4096 -x c++-header -MD -MF expanded-project.pch.d ../expanded/generated/__project_units.hpp -o expanded-project.pch
[16/596] CALLABLE_PART expanded_parts/__callable/string_runtime_abi_group_0.o
[17/596] CALLABLE_PART expanded_parts/__callable/analysis_context_identity_group_0.o
[18/596] CALLABLE_PART expanded_parts/__callable/llvm_abi_declarations_group_0.o
[19/596] CALLABLE_PART expanded_parts/__callable/analysis_context_group_0.o
[20/596] CALLABLE_PART expanded_parts/__callable/runtime_abi_bridge_group_2.o
[21/596] CALLABLE_PART expanded_parts/__callable/prepare_outputs_group_0.o
[22/596] CALLABLE_PART expanded_parts/__callable/runtime_helper_effects_group_0.o
[23/596] CALLABLE_PART expanded_parts/__callable/runtime_abi_bridge_group_0.o
[24/596] CALLABLE_PART expanded_parts/__callable/llvm_abi_call_lowering_group_0.o
[25/596] CALLABLE_PART expanded_parts/__callable/runtime_abi_bridge_group_1.o
[26/596] CALLABLE_PART expanded_parts/__callable/analysis_context_group_1.o
[27/596] CALLABLE_PART expanded_parts/main.o
[28/596] CALLABLE_PART expanded_parts/__callable/backend_emission_adapter_routes_group_0.o
[29/596] CALLABLE_PART expanded_parts/__callable/string_runtime_abi_group_1.o
[30/596] CALLABLE_PART expanded_parts/__callable/backend_emission_adapter_routes_group_1.o
[31/596] CALLABLE_PART expanded_parts/__callable/backend_emission_decisions_group_2.o
[32/596] CALLABLE_PART expanded_parts/__callable/backend_emission_adapter_routes_group_2.o
[33/596] CALLABLE_PART expanded_parts/__callable/backend_emission_decisions_group_1.o
[34/596] CALLABLE_PART expanded_parts/__callable/backend_emission_decisions_group_6.o
[35/596] CALLABLE_PART expanded_parts/__callable/backend_emission_decisions_group_5.o
[36/596] CALLABLE_PART expanded_parts/__callable/backend_emission_decisions_group_0.o
[37/596] CALLABLE_PART expanded_parts/__callable/backend_emission_decisions_group_4.o
[38/596] CALLABLE_PART expanded_parts/__callable/backend_emission_decisions_group_3.o
[39/596] CALLABLE_PART expanded_parts/__callable/backend_loop_text_emission_group_0.o
[40/596] CALLABLE_PART expanded_parts/__callable/backend_native_execution_adapter_group_1.o
[41/596] CALLABLE_PART expanded_parts/__callable/backend_native_execution_adapter_group_0.o
[42/596] CALLABLE_PART expanded_parts/__callable/backend_module_composition_group_0.o
[43/596] CALLABLE_PART expanded_parts/__callable/backend_object_link_cache_group_0.o
[44/596] CALLABLE_PART expanded_parts/__callable/backend_object_link_cache_group_1.o
[45/596] CALLABLE_PART expanded_parts/__callable/backend_object_link_cache_group_2.o
[46/596] CALLABLE_PART expanded_parts/__callable/backend_object_link_cache_group_3.o
[47/596] CALLABLE_PART expanded_parts/__callable/backend_object_link_cache_group_6.o
[48/596] CALLABLE_PART expanded_parts/__callable/backend_object_link_cache_group_5.o
[49/596] CALLABLE_PART expanded_parts/__callable/backend_partition_readiness_group_0.o
[50/596] CALLABLE_PART expanded_parts/__callable/backend_object_link_cache_group_4.o
[51/596] CALLABLE_PART expanded_parts/__callable/backend_preflight_requests_group_0.o
[52/596] CALLABLE_PART expanded_parts/__callable/backend_partition_readiness_group_1.o
[53/596] CALLABLE_PART expanded_parts/__callable/backend_partition_readiness_group_2.o
[54/596] CALLABLE_PART expanded_parts/__callable/backend_preflight_requests_group_1.o
[55/596] CALLABLE_PART expanded_parts/__callable/backend_preflight_requests_group_2.o
[56/596] CALLABLE_PART expanded_parts/__callable/backend_preflight_requests_group_3.o
[57/596] CALLABLE_PART expanded_parts/__callable/backend_preflight_requests_group_4.o
[58/596] CALLABLE_PART expanded_parts/__callable/backend_preflight_requests_group_5.o
[59/596] CALLABLE_PART expanded_parts/__callable/backend_preflight_requests_group_6.o
[60/596] CALLABLE_PART expanded_parts/__callable/backend_preflight_requests_group_9.o
[61/596] CALLABLE_PART expanded_parts/__callable/backend_preflight_requests_group_7.o
[62/596] CALLABLE_PART expanded_parts/__callable/backend_preflight_requests_group_12.o
[63/596] CALLABLE_PART expanded_parts/__callable/backend_preflight_requests_group_10.o
[64/596] CALLABLE_PART expanded_parts/__callable/backend_preflight_requests_group_8.o
[65/596] CALLABLE_PART expanded_parts/__callable/backend_preflight_requests_group_13.o
[66/596] CALLABLE_PART expanded_parts/__callable/backend_preflight_requests_group_14.o
[67/596] CALLABLE_PART expanded_parts/__callable/backend_preflight_requests_group_15.o
[68/596] CALLABLE_PART expanded_parts/__callable/backend_preflight_requests_group_11.o
[69/596] CALLABLE_PART expanded_parts/__callable/backend_preflight_requests_group_16.o
[70/596] CALLABLE_PART expanded_parts/__callable/backend_preflight_requests_group_17.o
[71/596] CALLABLE_PART expanded_parts/__callable/llvm_api_sink_preflight_group_0.o
[72/596] CALLABLE_PART expanded_parts/__callable/llvm_api_sink_preflight_group_3.o
[73/596] CALLABLE_PART expanded_parts/__callable/compiler_entry_backend_group_0.o
[74/596] CALLABLE_PART expanded_parts/__callable/llvm_api_sink_preflight_group_1.o
[75/596] CALLABLE_PART expanded_parts/__callable/compiler_entry_backend_group_2.o
[76/596] CALLABLE_PART expanded_parts/__callable/llvm_api_toolchain_probe_group_1.o
[77/596] CALLABLE_PART expanded_parts/__callable/llvm_api_sink_preflight_group_2.o
[78/596] CALLABLE_PART expanded_parts/__callable/llvm_api_toolchain_probe_group_0.o
[79/596] CALLABLE_PART expanded_parts/__callable/compiler_entry_backend_group_1.o
[80/596] CALLABLE_PART expanded_parts/__callable/llvm_api_toolchain_probe_group_2.o
[81/596] CALLABLE_PART expanded_parts/__callable/llvm_text_from_plan_group_0.o
[82/596] CALLABLE_PART expanded_parts/__callable/llvm_text_from_plan_group_3.o
[83/596] CALLABLE_PART expanded_parts/__callable/llvm_text_from_plan_group_1.o
[84/596] CALLABLE_PART expanded_parts/__callable/llvm_text_from_plan_group_2.o
[85/596] CALLABLE_PART expanded_parts/__callable/llvm_text_from_plan_group_5.o
[86/596] CALLABLE_PART expanded_parts/__callable/llvm_text_from_plan_group_4.o
[87/596] CALLABLE_PART expanded_parts/__callable/llvm_text_from_plan_group_7.o
[88/596] CALLABLE_PART expanded_parts/__callable/llvm_text_from_plan_group_6.o
[89/596] CALLABLE_PART expanded_parts/__callable/llvm_text_from_plan_group_11.o
[90/596] CALLABLE_PART expanded_parts/__callable/llvm_text_from_plan_group_9.o
[91/596] CALLABLE_PART expanded_parts/__callable/llvm_text_from_plan_group_8.o
[92/596] CALLABLE_PART expanded_parts/__callable/llvm_text_from_plan_group_10.o
[93/596] CALLABLE_PART expanded_parts/__callable/llvm_text_from_plan_group_13.o
[94/596] CALLABLE_PART expanded_parts/__callable/llvm_text_from_plan_group_14.o
[95/596] CALLABLE_PART expanded_parts/__callable/llvm_text_from_plan_group_15.o
[96/596] CALLABLE_PART expanded_parts/__callable/llvm_text_from_plan_group_12.o
[97/596] CALLABLE_PART expanded_parts/__callable/llvm_text_from_plan_group_16.o
[98/596] CALLABLE_PART expanded_parts/__callable/llvm_text_from_plan_group_17.o
[99/596] CALLABLE_PART expanded_parts/__callable/llvm_text_from_plan_group_19.o
[100/596] CALLABLE_PART expanded_parts/__callable/llvm_text_from_plan_group_18.o
[101/596] CALLABLE_PART expanded_parts/__callable/llvm_text_from_plan_group_21.o
[102/596] CALLABLE_PART expanded_parts/__callable/llvm_text_from_plan_group_20.o
[103/596] CALLABLE_PART expanded_parts/__callable/llvm_text_from_plan_group_22.o
[104/596] CALLABLE_PART expanded_parts/__callable/local_body_lowering_group_0.o
[105/596] CALLABLE_PART expanded_parts/__callable/llvm_text_from_plan_group_24.o
[106/596] CALLABLE_PART expanded_parts/__callable/local_body_lowering_group_1.o
[107/596] CALLABLE_PART expanded_parts/__callable/local_body_lowering_routes_group_0.o
[108/596] CALLABLE_PART expanded_parts/__callable/llvm_text_from_plan_group_23.o
[109/596] CALLABLE_PART expanded_parts/__callable/local_body_lowering_group_2.o
[110/596] CALLABLE_PART expanded_parts/__callable/lowering_plan_group_0.o
[111/596] CALLABLE_PART expanded_parts/__callable/local_body_lowering_routes_group_1.o
[112/596] CALLABLE_PART expanded_parts/__callable/lowering_plan_group_1.o
[113/596] CALLABLE_PART expanded_parts/__callable/lowering_plan_group_2.o
[114/596] CALLABLE_PART expanded_parts/__callable/lowering_plan_group_3.o
[115/596] CALLABLE_PART expanded_parts/__callable/lowering_plan_group_4.o
[116/596] CALLABLE_PART expanded_parts/__callable/lowering_plan_group_6.o
[117/596] CALLABLE_PART expanded_parts/__callable/primitive_abi_adapter_matrix_group_0.o
[118/596] CALLABLE_PART expanded_parts/__callable/primitive_abi_adapter_matrix_group_2.o
[119/596] CALLABLE_PART expanded_parts/__callable/lowering_plan_group_5.o
[120/596] CALLABLE_PART expanded_parts/__callable/lowering_plan_group_7.o
[121/596] CALLABLE_PART expanded_parts/__callable/primitive_abi_adapter_matrix_group_1.o
[122/596] CALLABLE_PART expanded_parts/__callable/primitive_abi_adapter_matrix_group_4.o
[123/596] CALLABLE_PART expanded_parts/__callable/primitive_abi_adapter_matrix_group_3.o
[124/596] CALLABLE_PART expanded_parts/__callable/scalar_body_backend_collection_group_0.o
[125/596] CALLABLE_PART expanded_parts/__callable/scalar_body_statement_collection_group_1.o
[126/596] CALLABLE_PART expanded_parts/__callable/scalar_loop_backend_requests_group_0.o
[127/596] CALLABLE_PART expanded_parts/__callable/runtime_helper_contract_readiness_group_0.o
[128/596] CALLABLE_PART expanded_parts/__callable/scalar_body_statement_collection_group_0.o
[129/596] CALLABLE_PART expanded_parts/__callable/capability_consumer_plans_group_0.o
[130/596] CALLABLE_PART expanded_parts/__callable/runtime_helper_contract_readiness_group_1.o
[131/596] CALLABLE_PART expanded_parts/__callable/storage_lifetime_readiness_group_0.o
[132/596] CALLABLE_PART expanded_parts/__callable/runtime_helper_contract_readiness_group_2.o
[133/596] CALLABLE_PART expanded_parts/__callable/storage_lifetime_readiness_group_1.o
[134/596] CALLABLE_PART expanded_parts/__callable/storage_lifetime_readiness_group_2.o
[135/596] CALLABLE_PART expanded_parts/__callable/storage_lifetime_readiness_group_3.o
[136/596] CALLABLE_PART expanded_parts/__callable/storage_lifetime_readiness_group_4.o
[137/596] CALLABLE_PART expanded_parts/__callable/storage_lifetime_readiness_group_5.o
[138/596] CALLABLE_PART expanded_parts/__callable/storage_lifetime_readiness_group_7.o
[139/596] CALLABLE_PART expanded_parts/__callable/type_capability_readiness_group_2.o
[140/596] CALLABLE_PART expanded_parts/__callable/type_capability_readiness_group_0.o
[141/596] CALLABLE_PART expanded_parts/__callable/type_capability_readiness_group_1.o
[142/596] CALLABLE_PART expanded_parts/__callable/storage_lifetime_readiness_group_6.o
[143/596] CALLABLE_PART expanded_parts/__callable/type_capability_readiness_group_3.o
[144/596] CALLABLE_PART expanded_parts/__callable/type_capability_readiness_group_6.o
[145/596] CALLABLE_PART expanded_parts/__callable/type_capability_readiness_group_4.o
[146/596] CALLABLE_PART expanded_parts/__callable/type_capability_readiness_group_7.o
[147/596] CALLABLE_PART expanded_parts/__callable/type_capability_readiness_group_10.o
[148/596] CALLABLE_PART expanded_parts/__callable/type_capability_readiness_group_9.o
[149/596] CALLABLE_PART expanded_parts/__callable/type_capability_readiness_group_11.o
[150/596] CALLABLE_PART expanded_parts/__callable/type_capability_readiness_group_5.o
[151/596] CALLABLE_PART expanded_parts/__callable/type_capability_readiness_group_8.o
[152/596] CALLABLE_PART expanded_parts/__callable/type_capability_readiness_group_13.o
[153/596] CALLABLE_PART expanded_parts/__callable/type_capability_readiness_group_14.o
[154/596] CALLABLE_PART expanded_parts/__callable/type_capability_readiness_group_12.o
[155/596] CALLABLE_PART expanded_parts/__callable/type_capability_readiness_group_15.o
[156/596] CALLABLE_PART expanded_parts/__callable/type_capability_readiness_group_17.o
[157/596] CALLABLE_PART expanded_parts/__callable/type_capability_readiness_group_21.o
[158/596] CALLABLE_PART expanded_parts/__callable/type_capability_readiness_group_16.o
[159/596] CALLABLE_PART expanded_parts/__callable/type_capability_readiness_group_18.o
[160/596] CALLABLE_PART expanded_parts/__callable/type_capability_readiness_group_20.o
[161/596] CALLABLE_PART expanded_parts/__callable/type_capability_readiness_group_22.o
[162/596] CALLABLE_PART expanded_parts/__callable/type_capability_readiness_group_19.o
[163/596] CALLABLE_PART expanded_parts/__callable/type_traits_group_0.o
[164/596] CALLABLE_PART expanded_parts/__callable/type_capability_readiness_group_23.o
[165/596] CALLABLE_PART expanded_parts/__callable/type_traits_group_1.o
[166/596] CALLABLE_PART expanded_parts/__callable/type_traits_group_3.o
[167/596] CALLABLE_PART expanded_parts/__callable/type_traits_group_2.o
[168/596] CALLABLE_PART expanded_parts/__callable/type_traits_group_5.o
[169/596] CALLABLE_PART expanded_parts/__callable/control_flow_dataflows_group_0.o
[170/596] CALLABLE_PART expanded_parts/__callable/control_flow_dataflows_group_1.o
[171/596] CALLABLE_PART expanded_parts/__callable/type_traits_group_4.o
[172/596] CALLABLE_PART expanded_parts/__callable/control_flow_dataflows_group_3.o
[173/596] CALLABLE_PART expanded_parts/__callable/type_traits_group_6.o
[174/596] CALLABLE_PART expanded_parts/__callable/control_flow_dataflows_group_4.o
[175/596] CALLABLE_PART expanded_parts/__callable/control_flow_graphs_group_1.o
[176/596] CALLABLE_PART expanded_parts/__callable/control_flow_graphs_group_0.o
[177/596] CALLABLE_PART expanded_parts/__callable/control_flow_dataflows_group_2.o
[178/596] CALLABLE_PART expanded_parts/__callable/control_flow_graphs_group_3.o
[179/596] CALLABLE_PART expanded_parts/__callable/control_flow_graphs_group_2.o
[180/596] CALLABLE_PART expanded_parts/__callable/control_flow_transfers_group_0.o
[181/596] CALLABLE_PART expanded_parts/__callable/control_flow_transfers_group_1.o
[182/596] CALLABLE_PART expanded_parts/__callable/frontend_model_builder_group_1.o
[183/596] CALLABLE_PART expanded_parts/__callable/frontend_model_builder_group_3.o
[184/596] CALLABLE_PART expanded_parts/__callable/frontend_model_builder_group_0.o
[185/596] CALLABLE_PART expanded_parts/__callable/frontend_model_builder_group_2.o
[186/596] CALLABLE_PART expanded_parts/__callable/frontend_model_builder_group_5.o
[187/596] CALLABLE_PART expanded_parts/__callable/frontend_model_builder_group_4.o
[188/596] CALLABLE_PART expanded_parts/__callable/frontend_model_builder_group_7.o
[189/596] CALLABLE_PART expanded_parts/__callable/frontend_model_builder_group_6.o
[190/596] CALLABLE_PART expanded_parts/__callable/frontend_model_builder_group_10.o
[191/596] CALLABLE_PART expanded_parts/__callable/frontend_model_builder_group_8.o
[192/596] CALLABLE_PART expanded_parts/__callable/frontend_model_builder_group_11.o
[193/596] CALLABLE_PART expanded_parts/__callable/frontend_model_builder_group_9.o
[194/596] CALLABLE_PART expanded_parts/__callable/frontend_model_builder_group_14.o
[195/596] CALLABLE_PART expanded_parts/__callable/frontend_model_builder_group_12.o
[196/596] CALLABLE_PART expanded_parts/__callable/frontend_model_builder_group_13.o
[197/596] CALLABLE_PART expanded_parts/__callable/frontend_model_builder_group_16.o
[198/596] CALLABLE_PART expanded_parts/__callable/frontend_model_builder_group_17.o
[199/596] CALLABLE_PART expanded_parts/__callable/frontend_model_builder_group_15.o
[200/596] CALLABLE_PART expanded_parts/__callable/frontend_model_builder_group_18.o
[201/596] CALLABLE_PART expanded_parts/__callable/parser_cursor_group_0.o
[202/596] CALLABLE_PART expanded_parts/__callable/parser_diagnostics_group_1.o
[203/596] CALLABLE_PART expanded_parts/__callable/frontend_model_builder_group_19.o
[204/596] CALLABLE_PART expanded_parts/__callable/parser_state_group_1.o
[205/596] CALLABLE_PART expanded_parts/__callable/parser_diagnostics_group_0.o
[206/596] CALLABLE_PART expanded_parts/__callable/phs_tokenizer_group_0.o
[207/596] CALLABLE_PART expanded_parts/__callable/phs_tokenizer_group_1.o
[208/596] CALLABLE_PART expanded_parts/__callable/parser_state_group_0.o
[209/596] CALLABLE_PART expanded_parts/__callable/phs_tokenizer_group_2.o
[210/596] CALLABLE_PART expanded_parts/__callable/token_kinds_group_0.o
[211/596] CALLABLE_PART expanded_parts/__callable/deterministic_work_ordering_group_0.o
[212/596] CALLABLE_PART expanded_parts/__callable/mt_stage_evaluation_group_1.o
[213/596] CALLABLE_PART expanded_parts/__callable/deterministic_work_ordering_group_1.o
[214/596] CALLABLE_PART expanded_parts/__callable/mt_stage_evaluation_group_2.o
[215/596] CALLABLE_PART expanded_parts/__callable/mt_stage_evaluation_group_0.o
[216/596] CALLABLE_PART expanded_parts/__callable/mt_stage_evaluation_group_3.o
[217/596] CALLABLE_PART expanded_parts/__callable/partition_merge_reductions_group_1.o
[218/596] CALLABLE_PART expanded_parts/__callable/partition_merge_reductions_group_3.o
[219/596] CALLABLE_PART expanded_parts/__callable/mt_stage_evaluation_group_4.o
[220/596] CALLABLE_PART expanded_parts/__callable/partition_merge_reductions_group_0.o
[221/596] CALLABLE_PART expanded_parts/__callable/partition_readiness_group_0.o
[222/596] CALLABLE_PART expanded_parts/__callable/partition_readiness_group_2.o
[223/596] CALLABLE_PART expanded_parts/__callable/partition_merge_reductions_group_2.o
[224/596] CALLABLE_PART expanded_parts/__callable/partition_readiness_group_1.o
[225/596] CALLABLE_PART expanded_parts/__callable/partition_readiness_group_3.o
[226/596] CALLABLE_PART expanded_parts/__callable/partition_readiness_group_4.o
[227/596] CALLABLE_PART expanded_parts/__callable/resident_change_events_group_0.o
[228/596] CALLABLE_PART expanded_parts/__callable/partition_readiness_group_5.o
[229/596] CALLABLE_PART expanded_parts/__callable/resident_change_events_group_1.o
[230/596] CALLABLE_PART expanded_parts/__callable/resident_body_dependencies_group_0.o
[231/596] CALLABLE_PART expanded_parts/__callable/resident_daemon_file_ipc_group_0.o
[232/596] CALLABLE_PART expanded_parts/__callable/resident_daemon_file_ipc_group_1.o
[233/596] CALLABLE_PART expanded_parts/__callable/resident_daemon_file_ipc_group_2.o
[234/596] CALLABLE_PART expanded_parts/__callable/resident_change_events_group_2.o
[235/596] CALLABLE_PART expanded_parts/__callable/resident_daemon_file_ipc_group_4.o
[236/596] CALLABLE_PART expanded_parts/__callable/resident_daemon_file_ipc_group_3.o
[237/596] CALLABLE_PART expanded_parts/__callable/resident_daemon_file_ipc_group_5.o
[238/596] CALLABLE_PART expanded_parts/__callable/resident_daemon_file_ipc_group_6.o
[239/596] CALLABLE_PART expanded_parts/__callable/resident_daemon_file_ipc_group_9.o
[240/596] CALLABLE_PART expanded_parts/__callable/resident_daemon_file_ipc_group_10.o
[241/596] CALLABLE_PART expanded_parts/__callable/resident_daemon_file_ipc_group_7.o
[242/596] CALLABLE_PART expanded_parts/__callable/resident_daemon_file_ipc_group_8.o
[243/596] CALLABLE_PART expanded_parts/__callable/resident_daemon_incremental_proof_group_0.o
[244/596] CALLABLE_PART expanded_parts/__callable/resident_daemon_file_ipc_group_11.o
[245/596] CALLABLE_PART expanded_parts/__callable/resident_definition_granularity_group_0.o
[246/596] CALLABLE_PART expanded_parts/__callable/resident_definition_granularity_group_1.o
[247/596] CALLABLE_PART expanded_parts/__callable/resident_definition_granularity_group_3.o
[248/596] CALLABLE_PART expanded_parts/__callable/resident_definition_granularity_group_2.o
[249/596] CALLABLE_PART expanded_parts/__callable/resident_dirty_propagation_group_0.o
[250/596] CALLABLE_PART expanded_parts/__callable/resident_definition_granularity_group_5.o
[251/596] CALLABLE_PART expanded_parts/__callable/resident_definition_granularity_group_6.o
[252/596] CALLABLE_PART expanded_parts/__callable/resident_definition_granularity_group_4.o
[253/596] CALLABLE_PART expanded_parts/__callable/resident_dirty_propagation_group_2.o
[254/596] CALLABLE_PART expanded_parts/__callable/resident_dependency_edges_group_0.o
[255/596] CALLABLE_PART expanded_parts/__callable/resident_dirty_propagation_group_1.o
[256/596] CALLABLE_PART expanded_parts/__callable/resident_dirty_propagation_group_4.o
[257/596] CALLABLE_PART expanded_parts/__callable/resident_dirty_propagation_group_3.o
[258/596] CALLABLE_PART expanded_parts/__callable/resident_dirty_propagation_group_5.o
[259/596] CALLABLE_PART expanded_parts/__callable/resident_dirty_propagation_group_6.o
[260/596] CALLABLE_PART expanded_parts/__callable/resident_function_body_incremental_acceptance_group_0.o
[261/596] CALLABLE_PART expanded_parts/__callable/resident_function_body_incremental_acceptance_group_2.o
[262/596] CALLABLE_PART expanded_parts/__callable/resident_frontend_node_lists_group_1.o
[263/596] CALLABLE_PART expanded_parts/__callable/resident_function_body_logical_frontend_consumer_descriptors_group_0.o
[264/596] CALLABLE_PART expanded_parts/__callable/resident_function_body_incremental_acceptance_group_3.o
[265/596] CALLABLE_PART expanded_parts/__callable/resident_function_body_local_parse_proofs_group_1.o
[266/596] CALLABLE_PART expanded_parts/__callable/resident_function_body_local_parse_proofs_group_0.o
[267/596] CALLABLE_PART expanded_parts/__callable/resident_frontend_node_lists_group_0.o
[268/596] CALLABLE_PART expanded_parts/__callable/resident_function_body_incremental_acceptance_group_1.o
[269/596] CALLABLE_PART expanded_parts/__callable/resident_function_body_logical_frontend_consumer_descriptors_group_1.o
[270/596] CALLABLE_PART expanded_parts/__callable/resident_function_body_logical_frontend_consumer_descriptors_group_3.o
[271/596] CALLABLE_PART expanded_parts/__callable/resident_function_body_logical_frontend_views_group_0.o
[272/596] CALLABLE_PART expanded_parts/__callable/resident_function_body_logical_frontend_reference_candidates_group_0.o
[273/596] CALLABLE_PART expanded_parts/__callable/resident_function_body_logical_frontend_reference_candidates_group_1.o
[274/596] CALLABLE_PART expanded_parts/__callable/resident_function_body_logical_frontend_views_group_1.o
[275/596] CALLABLE_PART expanded_parts/__callable/resident_function_body_mixed_frontend_assembly_proofs_group_2.o
[276/596] CALLABLE_PART expanded_parts/__callable/resident_function_body_logical_frontend_consumer_descriptors_group_2.o
[277/596] CALLABLE_PART expanded_parts/__callable/resident_function_body_mixed_frontend_assembly_proofs_group_1.o
[278/596] CALLABLE_PART expanded_parts/__callable/resident_function_body_mixed_frontend_assembly_proofs_group_0.o
[279/596] CALLABLE_PART expanded_parts/__callable/resident_function_body_ownership_group_0.o
[280/596] CALLABLE_PART expanded_parts/__callable/resident_function_body_ownership_group_1.o
[281/596] CALLABLE_PART expanded_parts/__callable/resident_function_body_ownership_group_2.o
[282/596] CALLABLE_PART expanded_parts/__callable/resident_function_body_ownership_group_3.o
[283/596] CALLABLE_PART expanded_parts/__callable/resident_function_body_ownership_group_4.o
[284/596] CALLABLE_PART expanded_parts/__callable/resident_function_body_publish_repoint_preflights_group_0.o
[285/596] CALLABLE_PART expanded_parts/__callable/resident_function_body_publish_repoint_preflights_group_1.o
[286/596] CALLABLE_PART expanded_parts/__callable/resident_function_body_row_list_publish_plans_group_0.o
[287/596] CALLABLE_PART expanded_parts/__callable/resident_function_body_parse_slices_group_1.o
[288/596] CALLABLE_PART expanded_parts/__callable/resident_function_body_parse_slices_group_0.o
[289/596] CALLABLE_PART expanded_parts/__callable/resident_function_body_row_list_publish_plans_group_1.o
[290/596] CALLABLE_PART expanded_parts/__callable/resident_function_body_row_list_publish_plans_group_2.o
[291/596] CALLABLE_PART expanded_parts/__callable/resident_function_body_row_list_publish_results_group_0.o
[292/596] CALLABLE_PART expanded_parts/__callable/resident_function_body_stable_node_remap_proofs_group_0.o
[293/596] CALLABLE_PART expanded_parts/__callable/resident_function_body_source_unit_repoint_proofs_group_1.o
[294/596] CALLABLE_PART expanded_parts/__callable/resident_function_body_source_unit_repoint_proofs_group_0.o
[295/596] CALLABLE_PART expanded_parts/__callable/resident_function_body_work_decisions_group_0.o
[296/596] CALLABLE_PART expanded_parts/__callable/resident_function_body_row_list_publish_results_group_1.o
[297/596] CALLABLE_PART expanded_parts/__callable/resident_function_body_summary_project_references_group_0.o
[298/596] CALLABLE_PART expanded_parts/__callable/resident_function_body_row_list_publish_results_group_2.o
[299/596] CALLABLE_PART expanded_parts/__callable/resident_function_body_work_decisions_group_1.o
[300/596] CALLABLE_PART expanded_parts/__callable/resident_function_body_stable_node_remap_proofs_group_1.o
[301/596] CALLABLE_PART expanded_parts/__callable/resident_function_body_summary_project_references_group_1.o
[302/596] CALLABLE_PART expanded_parts/__callable/resident_function_body_work_decisions_group_2.o
[303/596] CALLABLE_PART expanded_parts/__callable/resident_function_body_work_decisions_group_3.o
[304/596] CALLABLE_PART expanded_parts/__callable/resident_public_surface_incremental_acceptance_group_0.o
[305/596] CALLABLE_PART expanded_parts/__callable/resident_project_symbol_name_lookups_group_1.o
[306/596] CALLABLE_PART expanded_parts/__callable/resident_project_symbol_name_lookups_group_0.o
[307/596] CALLABLE_PART expanded_parts/__callable/resident_recompute_targets_group_0.o
[308/596] CALLABLE_PART expanded_parts/__callable/resident_public_surface_incremental_acceptance_group_3.o
[309/596] CALLABLE_PART expanded_parts/__callable/resident_public_surface_incremental_acceptance_group_1.o
[310/596] CALLABLE_PART expanded_parts/__callable/resident_public_surface_incremental_acceptance_group_2.o
[311/596] CALLABLE_PART expanded_parts/__callable/resident_reverse_dependencies_group_1.o
[312/596] CALLABLE_PART expanded_parts/__callable/resident_recompute_targets_group_2.o
[313/596] CALLABLE_PART expanded_parts/__callable/resident_recompute_targets_group_1.o
[314/596] CALLABLE_PART expanded_parts/__callable/resident_reverse_dependencies_group_0.o
[315/596] CALLABLE_PART expanded_parts/__callable/resident_source_unit_frontend_payload_tables_group_0.o
[316/596] CALLABLE_PART expanded_parts/__callable/resident_reverse_dependency_indexes_group_1.o
[317/596] CALLABLE_PART expanded_parts/__callable/resident_reverse_dependency_indexes_group_0.o
[318/596] CALLABLE_PART expanded_parts/__callable/resident_source_unit_frontend_payload_tables_group_1.o
[319/596] CALLABLE_PART expanded_parts/__callable/resident_source_unit_frontend_payload_tables_group_2.o
[320/596] CALLABLE_PART expanded_parts/__callable/resident_source_unit_frontend_payload_tables_group_3.o
[321/596] CALLABLE_PART expanded_parts/__callable/resident_source_unit_frontend_payload_tables_group_4.o
[322/596] CALLABLE_PART expanded_parts/__callable/resident_source_unit_frontend_payload_tables_group_6.o
[323/596] CALLABLE_PART expanded_parts/__callable/resident_source_unit_frontend_payload_tables_group_11.o
[324/596] CALLABLE_PART expanded_parts/__callable/resident_source_unit_frontend_payload_tables_group_5.o
[325/596] CALLABLE_PART expanded_parts/__callable/resident_source_unit_frontend_payload_tables_group_10.o
[326/596] CALLABLE_PART expanded_parts/__callable/resident_source_unit_frontend_payload_tables_group_7.o
[327/596] CALLABLE_PART expanded_parts/__callable/resident_source_unit_frontend_payload_tables_group_13.o
[328/596] CALLABLE_PART expanded_parts/__callable/resident_source_unit_frontend_payload_tables_group_12.o
[329/596] CALLABLE_PART expanded_parts/__callable/resident_source_unit_frontend_payload_tables_group_9.o
[330/596] CALLABLE_PART expanded_parts/__callable/resident_source_unit_frontend_payload_tables_group_14.o
[331/596] CALLABLE_PART expanded_parts/__callable/resident_source_unit_frontend_payload_tables_group_8.o
[332/596] CALLABLE_PART expanded_parts/__callable/resident_source_unit_frontend_payload_tables_group_16.o
[333/596] CALLABLE_PART expanded_parts/__callable/resident_source_unit_frontend_payload_tables_group_17.o
[334/596] CALLABLE_PART expanded_parts/__callable/resident_source_unit_frontend_payload_tables_group_15.o
[335/596] CALLABLE_PART expanded_parts/__callable/resident_source_unit_frontend_payload_tables_group_18.o
[336/596] CALLABLE_PART expanded_parts/__callable/resident_source_unit_frontend_payload_tables_group_20.o
[337/596] CALLABLE_PART expanded_parts/__callable/resident_source_unit_frontend_payload_tables_group_21.o
[338/596] CALLABLE_PART expanded_parts/__callable/resident_source_unit_frontend_payload_tables_group_23.o
[339/596] CALLABLE_PART expanded_parts/__callable/resident_source_unit_frontend_payload_tables_group_19.o
[340/596] CALLABLE_PART expanded_parts/__callable/resident_source_unit_frontend_payload_tables_group_24.o
[341/596] CALLABLE_PART expanded_parts/__callable/resident_source_unit_frontend_payload_tables_group_27.o
[342/596] CALLABLE_PART expanded_parts/__callable/resident_source_unit_frontend_payload_tables_group_22.o
[343/596] CALLABLE_PART expanded_parts/__callable/resident_source_unit_frontend_payload_tables_group_25.o
[344/596] CALLABLE_PART expanded_parts/__callable/resident_source_unit_frontend_payload_tables_group_26.o
[345/596] CALLABLE_PART expanded_parts/__callable/resident_source_unit_frontend_payload_tables_group_28.o
[346/596] CALLABLE_PART expanded_parts/__callable/resident_source_unit_frontend_payload_tables_group_29.o
[347/596] CALLABLE_PART expanded_parts/__callable/resident_source_unit_frontend_states_group_2.o
[348/596] CALLABLE_PART expanded_parts/__callable/resident_source_unit_frontend_payload_tables_group_31.o
[349/596] CALLABLE_PART expanded_parts/__callable/resident_source_unit_frontend_states_group_0.o
[350/596] CALLABLE_PART expanded_parts/__callable/resident_source_unit_frontend_states_group_1.o
[351/596] CALLABLE_PART expanded_parts/__callable/resident_source_unit_frontend_states_group_3.o
[352/596] CALLABLE_PART expanded_parts/__callable/resident_source_unit_frontend_payload_tables_group_30.o
[353/596] CALLABLE_PART expanded_parts/__callable/resident_source_unit_symbol_states_group_2.o
[354/596] CALLABLE_PART expanded_parts/__callable/resident_source_unit_symbol_states_group_0.o
[355/596] CALLABLE_PART expanded_parts/__callable/resident_source_unit_symbol_states_group_1.o
[356/596] CALLABLE_PART expanded_parts/__callable/resident_source_unit_symbol_states_group_4.o
[357/596] CALLABLE_PART expanded_parts/__callable/resident_source_unit_symbol_states_group_3.o
[358/596] CALLABLE_PART expanded_parts/__callable/resident_transactions_group_0.o
[359/596] CALLABLE_PART expanded_parts/__callable/resident_token_lists_group_1.o
[360/596] CALLABLE_PART expanded_parts/__callable/resident_token_lists_group_0.o
[361/596] CALLABLE_PART expanded_parts/__callable/resident_transactions_group_1.o
[362/596] CALLABLE_PART expanded_parts/__callable/resident_transactions_group_2.o
[363/596] CALLABLE_PART expanded_parts/__callable/scheduler_api_group_1.o
[364/596] CALLABLE_PART expanded_parts/__callable/scheduler_api_group_2.o
[365/596] CALLABLE_PART expanded_parts/__callable/scheduler_api_group_0.o
[366/596] CALLABLE_PART expanded_parts/__callable/scheduler_api_group_4.o
[367/596] CALLABLE_PART expanded_parts/__callable/scheduler_api_group_3.o
[368/596] CALLABLE_PART expanded_parts/__callable/source_unit_early_skip_group_0.o
[369/596] CALLABLE_PART expanded_parts/__callable/source_unit_early_skip_group_1.o
[370/596] CALLABLE_PART expanded_parts/__callable/source_unit_frontend_scheduler_group_2.o
[371/596] CALLABLE_PART expanded_parts/__callable/source_unit_early_skip_group_2.o
[372/596] CALLABLE_PART expanded_parts/__callable/source_unit_frontend_scheduler_group_1.o
[373/596] CALLABLE_PART expanded_parts/__callable/source_unit_frontend_scheduler_group_3.o
[374/596] CALLABLE_PART expanded_parts/__callable/source_unit_frontend_scheduler_group_0.o
[375/596] CALLABLE_PART expanded_parts/__callable/source_unit_early_skip_group_3.o
[376/596] CALLABLE_PART expanded_parts/__callable/source_unit_frontend_work_decisions_group_2.o
[377/596] CALLABLE_PART expanded_parts/__callable/source_unit_frontend_work_decisions_group_0.o
[378/596] CALLABLE_PART expanded_parts/__callable/callable_contract_identity_group_0.o
[379/596] CALLABLE_PART expanded_parts/__callable/source_unit_frontend_work_decisions_group_1.o
[380/596] CALLABLE_PART expanded_parts/__callable/dependency_graph_identity_group_0.o
[381/596] CALLABLE_PART expanded_parts/__callable/frontend_body_summaries_group_0.o
[382/596] CALLABLE_PART expanded_parts/__callable/frontend_body_summaries_group_1.o
[383/596] CALLABLE_PART expanded_parts/__callable/frontend_body_summaries_group_3.o
[384/596] CALLABLE_PART expanded_parts/__callable/project_callable_contracts_group_0.o
[385/596] CALLABLE_PART expanded_parts/__callable/project_callable_contracts_group_2.o
[386/596] CALLABLE_PART expanded_parts/__callable/frontend_body_summaries_group_4.o
[387/596] CALLABLE_PART expanded_parts/__callable/frontend_body_summaries_group_2.o
[388/596] CALLABLE_PART expanded_parts/__callable/project_callable_contracts_group_1.o
[389/596] CALLABLE_PART expanded_parts/__callable/project_dependency_graph_group_0.o
[390/596] CALLABLE_PART expanded_parts/__callable/project_callable_contracts_group_3.o
[391/596] CALLABLE_PART expanded_parts/__callable/project_dependency_graph_group_2.o
[392/596] CALLABLE_PART expanded_parts/__callable/project_dependency_graph_group_1.o
[393/596] CALLABLE_PART expanded_parts/__callable/project_dependency_graph_group_5.o
[394/596] CALLABLE_PART expanded_parts/__callable/project_dependency_graph_group_4.o
[395/596] CALLABLE_PART expanded_parts/__callable/project_dependency_graph_group_3.o
[396/596] CALLABLE_PART expanded_parts/__callable/project_reference_resolution_group_0.o
[397/596] CALLABLE_PART expanded_parts/__callable/project_reference_resolution_group_1.o
[398/596] CALLABLE_PART expanded_parts/__callable/project_reference_resolution_group_2.o
[399/596] CALLABLE_PART expanded_parts/__callable/project_reference_resolution_group_4.o
[400/596] CALLABLE_PART expanded_parts/__callable/project_reference_resolution_group_6.o
[401/596] CALLABLE_PART expanded_parts/__callable/project_reference_resolution_group_7.o
[402/596] CALLABLE_PART expanded_parts/__callable/project_reference_resolution_group_3.o
[403/596] CALLABLE_PART expanded_parts/__callable/project_reference_resolution_group_5.o
[404/596] CALLABLE_PART expanded_parts/__callable/project_symbol_identity_group_0.o
[405/596] CALLABLE_PART expanded_parts/__callable/project_reference_resolution_group_9.o
[406/596] CALLABLE_PART expanded_parts/__callable/project_reference_resolution_group_8.o
[407/596] CALLABLE_PART expanded_parts/__callable/project_symbol_index_group_0.o
[408/596] CALLABLE_PART expanded_parts/__callable/project_symbol_index_group_3.o
[409/596] CALLABLE_PART expanded_parts/__callable/project_symbol_index_group_4.o
[410/596] CALLABLE_PART expanded_parts/__callable/project_symbol_index_group_2.o
[411/596] CALLABLE_PART expanded_parts/__callable/project_symbol_index_group_1.o
[412/596] CALLABLE_PART expanded_parts/__callable/project_symbol_index_group_5.o
[413/596] CALLABLE_PART expanded_parts/__callable/project_symbol_index_group_7.o
[414/596] CALLABLE_PART expanded_parts/__callable/project_symbol_index_group_6.o
[415/596] CALLABLE_PART expanded_parts/__callable/project_symbol_index_group_8.o
[416/596] CALLABLE_PART expanded_parts/__callable/reference_identity_group_0.o
[417/596] CALLABLE_PART expanded_parts/__callable/source_buffers_group_0.o
[418/596] CALLABLE_PART expanded_parts/__callable/source_identity_group_0.o
[419/596] CALLABLE_PART expanded_parts/__callable/source_units_group_1.o
[420/596] CALLABLE_PART expanded_parts/__callable/source_identity_group_1.o
[421/596] CALLABLE_PART expanded_parts/__callable/source_units_group_3.o
[422/596] CALLABLE_PART expanded_parts/__callable/source_units_group_2.o
[423/596] CALLABLE_PART expanded_parts/__callable/source_units_group_0.o
[424/596] CALLABLE_PART expanded_parts/__callable/source_units_group_5.o
[425/596] CALLABLE_PART expanded_parts/__callable/source_units_group_7.o
[426/596] CALLABLE_PART expanded_parts/__callable/source_units_group_4.o
[427/596] CALLABLE_PART expanded_parts/__callable/source_units_group_6.o
[428/596] CALLABLE_PART expanded_parts/__callable/source_units_group_8.o
[429/596] CALLABLE_PART expanded_parts/__callable/type_refs_group_1.o
[430/596] CALLABLE_PART expanded_parts/__callable/type_ref_identity_group_0.o
[431/596] CALLABLE_PART expanded_parts/__callable/type_refs_group_2.o
[432/596] CALLABLE_PART expanded_parts/__callable/type_refs_group_3.o
[433/596] CALLABLE_PART expanded_parts/__callable/type_refs_group_0.o
[434/596] CALLABLE_PART expanded_parts/__callable/type_refs_group_5.o
[435/596] CALLABLE_PART expanded_parts/__callable/type_refs_group_4.o
[436/596] CALLABLE_PART expanded_parts/__callable/operation_readiness_group_0.o
[437/596] CALLABLE_PART expanded_parts/__callable/type_refs_group_7.o
[438/596] CALLABLE_PART expanded_parts/__callable/type_refs_group_6.o
[439/596] CALLABLE_PART expanded_parts/__callable/type_refs_group_8.o
[440/596] CALLABLE_PART expanded_parts/__callable/operation_readiness_group_2.o
[441/596] CALLABLE_PART expanded_parts/__callable/operation_readiness_group_1.o
[442/596] CALLABLE_PART expanded_parts/__callable/operation_readiness_group_3.o
[443/596] CALLABLE_PART expanded_parts/__callable/operation_readiness_group_4.o
[444/596] CALLABLE_PART expanded_parts/__callable/operation_readiness_group_7.o
[445/596] CALLABLE_PART expanded_parts/__callable/operation_readiness_group_8.o
[446/596] CALLABLE_PART expanded_parts/__callable/operation_readiness_group_5.o
[447/596] CALLABLE_PART expanded_parts/__callable/compiler_pipeline_runner_group_0.o
[448/596] CALLABLE_PART expanded_parts/__callable/operation_readiness_group_6.o
[449/596] CALLABLE_PART expanded_parts/__callable/operation_readiness_group_9.o
[450/596] CALLABLE_PART expanded_parts/__callable/compiler_project_runner_group_0.o
[451/596] CALLABLE_PART expanded_parts/__callable/compiler_project_runner_group_2.o
[452/596] CALLABLE_PART expanded_parts/__callable/project_manifest_group_1.o
[453/596] CALLABLE_PART expanded_parts/__callable/pipeline_config_helpers_group_1.o
[454/596] CALLABLE_PART expanded_parts/__callable/artifact_writes_group_0.o
[455/596] CALLABLE_PART expanded_parts/__callable/pipeline_config_helpers_group_0.o
[456/596] CALLABLE_PART expanded_parts/__callable/project_manifest_group_0.o
[457/596] CALLABLE_PART expanded_parts/__callable/semantic_body_capability_consumers_group_0.o
[458/596] CALLABLE_PART expanded_parts/__callable/compiler_project_runner_group_1.o
[459/596] CALLABLE_PART expanded_parts/__callable/compiler_profile_events_group_0.o
[460/596] CALLABLE_PART expanded_parts/__callable/compiler_execution_artifacts_group_0.o
[461/596] CALLABLE_PART expanded_parts/__callable/compiler_export_artifacts_group_0.o
[462/596] CALLABLE_PART expanded_parts/__callable/artifact_writes_group_1.o
[463/596] CALLABLE_PART expanded_parts/__callable/artifact_writes_group_2.o
[464/596] CALLABLE_PART expanded_parts/__callable/compiler_profile_events_group_1.o
[465/596] CALLABLE_PART expanded_parts/__callable/compiler_profile_events_group_2.o
[466/596] CALLABLE_PART expanded_parts/__callable/debug_profile_gate_results_group_1.o
[467/596] CALLABLE_PART expanded_parts/__callable/output_paths_group_0.o
[468/596] CALLABLE_PART expanded_parts/__callable/debug_profile_gate_results_group_0.o
[469/596] CALLABLE_PART expanded_parts/__callable/compiler_project_run_row_artifacts_group_0.o
[470/596] CALLABLE_PART expanded_parts/__callable/performance_memory_estimates_group_1.o
[471/596] CALLABLE_PART expanded_parts/__callable/mt_publication_metrics_group_0.o
[472/596] CALLABLE_PART expanded_parts/__callable/performance_memory_estimates_group_0.o
[473/596] CALLABLE_PART expanded_parts/__callable/performance_memory_estimates_group_3.o
[474/596] CALLABLE_PART expanded_parts/__callable/performance_memory_estimates_group_2.o
[475/596] CALLABLE_PART expanded_parts/__callable/production_mt_heartbeat_group_0.o
[476/596] CALLABLE_PART expanded_parts/__callable/production_mt_heartbeat_group_1.o
[477/596] CALLABLE_PART expanded_parts/__callable/proof_metrics_group_0.o
[478/596] CALLABLE_PART expanded_parts/__callable/proof_metrics_group_2.o
[479/596] CALLABLE_PART expanded_parts/__callable/proof_metrics_group_3.o
[480/596] CALLABLE_PART expanded_parts/__callable/proof_metrics_group_1.o
[481/596] CALLABLE_PART expanded_parts/__callable/proof_metrics_group_4.o
[482/596] CALLABLE_PART expanded_parts/__callable/proof_metrics_group_6.o
[483/596] CALLABLE_PART expanded_parts/__callable/proof_metrics_group_8.o
[484/596] CALLABLE_PART expanded_parts/__callable/proof_metrics_group_5.o
[485/596] CALLABLE_PART expanded_parts/__callable/proof_metrics_group_9.o
[486/596] CALLABLE_PART expanded_parts/__callable/proof_metrics_group_7.o
[487/596] CALLABLE_PART expanded_parts/__callable/proof_metrics_group_11.o
[488/596] CALLABLE_PART expanded_parts/__callable/proof_metrics_group_10.o
[489/596] CALLABLE_PART expanded_parts/__callable/proof_metrics_group_16.o
[490/596] CALLABLE_PART expanded_parts/__callable/proof_metrics_group_14.o
[491/596] CALLABLE_PART expanded_parts/__callable/proof_metrics_group_18.o
[492/596] CALLABLE_PART expanded_parts/__callable/proof_metrics_group_17.o
[493/596] CALLABLE_PART expanded_parts/__callable/proof_metrics_group_12.o
[494/596] CALLABLE_PART expanded_parts/__callable/proof_metrics_group_13.o
[495/596] CALLABLE_PART expanded_parts/__callable/proof_metrics_group_19.o
[496/596] CALLABLE_PART expanded_parts/__callable/proof_metrics_group_15.o
[497/596] CALLABLE_PART expanded_parts/__callable/proof_metrics_group_21.o
[498/596] CALLABLE_PART expanded_parts/__callable/proof_metrics_group_20.o
[499/596] CALLABLE_PART expanded_parts/__callable/proof_metrics_group_23.o
[500/596] CALLABLE_PART expanded_parts/__callable/proof_metrics_group_24.o
[501/596] CALLABLE_PART expanded_parts/__callable/proof_metrics_group_22.o
[502/596] CALLABLE_PART expanded_parts/__callable/proof_metrics_group_25.o
[503/596] CALLABLE_PART expanded_parts/__callable/proof_metrics_group_30.o
[504/596] CALLABLE_PART expanded_parts/__callable/proof_metrics_group_26.o
[505/596] CALLABLE_PART expanded_parts/__callable/proof_metrics_group_27.o
[506/596] CALLABLE_PART expanded_parts/__callable/proof_metrics_group_28.o
[507/596] CALLABLE_PART expanded_parts/__callable/proof_metrics_group_32.o
[508/596] CALLABLE_PART expanded_parts/__callable/proof_metrics_group_29.o
[509/596] CALLABLE_PART expanded_parts/__callable/proof_metrics_group_31.o
[510/596] CALLABLE_PART expanded_parts/__callable/proof_metrics_group_34.o
[511/596] CALLABLE_PART expanded_parts/__callable/proof_metrics_group_33.o
[512/596] CALLABLE_PART expanded_parts/__callable/proof_metrics_group_35.o
[513/596] CALLABLE_PART expanded_parts/__callable/proof_metrics_group_38.o
[514/596] CALLABLE_PART expanded_parts/__callable/proof_metrics_group_37.o
[515/596] CALLABLE_PART expanded_parts/__callable/proof_metrics_group_36.o
[516/596] CALLABLE_PART expanded_parts/__callable/proof_metrics_group_39.o
[517/596] CALLABLE_PART expanded_parts/__callable/proof_metrics_group_41.o
[518/596] CALLABLE_PART expanded_parts/__callable/proof_metrics_group_43.o
[519/596] CALLABLE_PART expanded_parts/__callable/proof_metrics_group_42.o
[520/596] CALLABLE_PART expanded_parts/__callable/proof_metrics_group_44.o
[521/596] CALLABLE_PART expanded_parts/__callable/proof_metrics_group_40.o
[522/596] CALLABLE_PART expanded_parts/__callable/pure_tdd_stage_artifacts_group_1.o
[523/596] CALLABLE_PART expanded_parts/__callable/proof_metrics_group_46.o
[524/596] CALLABLE_PART expanded_parts/__callable/proof_metrics_group_45.o
[525/596] CALLABLE_PART expanded_parts/__callable/resident_snapshots_group_0.o
[526/596] CALLABLE_PART expanded_parts/__callable/pure_tdd_stage_artifacts_group_0.o
[527/596] CALLABLE_PART expanded_parts/__callable/gate_result_debug_helpers_group_0.o
[528/596] CALLABLE_PART expanded_parts/__callable/source_files_group_0.o
[529/596] CALLABLE_PART expanded_parts/__callable/semantic_conversion_lookup_group_0.o
[530/596] CALLABLE_PART expanded_parts/__callable/semantic_callable_candidates_group_0.o
[531/596] CALLABLE_PART expanded_parts/__callable/semantic_callable_candidates_group_1.o
[532/596] CALLABLE_PART expanded_parts/__callable/resident_snapshots_group_1.o
[533/596] CALLABLE_PART expanded_parts/__callable/semantic_conversion_lookup_group_1.o
[534/596] CALLABLE_PART expanded_parts/__callable/semantic_lookup_manifest_generated_group_1.o
[535/596] CALLABLE_PART expanded_parts/__callable/semantic_conversion_lookup_group_2.o
[536/596] CALLABLE_PART expanded_parts/__callable/semantic_module_api_lookup_group_1.o
[537/596] CALLABLE_PART expanded_parts/__callable/semantic_lookup_manifest_generated_group_0.o
[538/596] CALLABLE_PART expanded_parts/__callable/semantic_module_api_lookup_group_0.o
[539/596] CALLABLE_PART expanded_parts/__callable/semantic_operator_lookup_group_0.o
[540/596] CALLABLE_PART expanded_parts/__callable/semantic_module_api_lookup_group_3.o
[541/596] CALLABLE_PART expanded_parts/__callable/semantic_operator_lookup_group_1.o
[542/596] CALLABLE_PART expanded_parts/__callable/semantic_operator_lookup_group_4.o
[543/596] CALLABLE_PART expanded_parts/__callable/semantic_operator_lookup_group_2.o
[544/596] CALLABLE_PART expanded_parts/__callable/semantic_runtime_abi_bridge_group_0.o
[545/596] CALLABLE_PART expanded_parts/__callable/semantic_operator_lookup_group_3.o
[546/596] CALLABLE_PART expanded_parts/__callable/semantic_operator_lookup_group_5.o
[547/596] CALLABLE_PART expanded_parts/__callable/semantic_module_api_lookup_group_2.o
[548/596] CALLABLE_PART expanded_parts/__callable/semantic_runtime_abi_bridge_group_3.o
[549/596] CALLABLE_PART expanded_parts/__callable/semantic_runtime_abi_bridge_group_4.o
[550/596] CALLABLE_PART expanded_parts/__callable/semantic_runtime_abi_bridge_group_1.o
[551/596] CALLABLE_PART expanded_parts/__callable/semantic_runtime_abi_bridge_group_2.o
[552/596] CALLABLE_PART expanded_parts/__callable/semantic_runtime_abi_bridge_group_5.o
[553/596] CALLABLE_PART expanded_parts/__callable/semantic_runtime_abi_declarations_group_0.o
[554/596] CALLABLE_PART expanded_parts/__callable/semantic_type_ref_providers_group_0.o
[555/596] CALLABLE_PART expanded_parts/__callable/semantic_runtime_abi_declarations_group_1.o
[556/596] CALLABLE_PART expanded_parts/__callable/semantic_type_ref_providers_group_1.o
[557/596] CALLABLE_PART expanded_parts/__callable/semantic_runtime_abi_declarations_group_2.o
[558/596] CALLABLE_PART expanded_parts/__callable/semantic_type_ref_providers_group_2.o
[559/596] CALLABLE_PART expanded_parts/__callable/gate_profile_helpers_group_0.o
[560/596] CALLABLE_PART expanded_parts/__callable/semantic_type_ref_providers_group_3.o
[561/596] CALLABLE_PART expanded_parts/__callable/gate_result_inspection_helpers_group_0.o
[562/596] CALLABLE_PART expanded_parts/__callable/backend_request_row_lists_group_0.o
[563/596] CALLABLE_PART expanded_parts/__callable/backend_request_row_lists_group_1.o
[564/596] CALLABLE_PART expanded_parts/__callable/frontend_model_tables_group_0.o
[565/596] CALLABLE_PART expanded_parts/__callable/frontend_model_tables_group_2.o
[566/596] CALLABLE_PART expanded_parts/__callable/frontend_model_tables_group_3.o
[567/596] CALLABLE_PART expanded_parts/__callable/frontend_model_tables_group_1.o
[568/596] CALLABLE_PART expanded_parts/__callable/frontend_model_tables_group_7.o
[569/596] CALLABLE_PART expanded_parts/__callable/frontend_model_tables_group_6.o
[570/596] CALLABLE_PART expanded_parts/__callable/frontend_model_tables_group_4.o
[571/596] CALLABLE_PART expanded_parts/__callable/frontend_model_tables_group_8.o
[572/596] CALLABLE_PART expanded_parts/__callable/frontend_node_lists_group_0.o
[573/596] CALLABLE_PART expanded_parts/__callable/frontend_model_tables_group_5.o
[574/596] CALLABLE_PART expanded_parts/__callable/frontend_node_lists_group_1.o
[575/596] CALLABLE_PART expanded_parts/__callable/frontend_node_lists_group_3.o
[576/596] CALLABLE_PART expanded_parts/__callable/frontend_node_lists_group_2.o
[577/596] CALLABLE_PART expanded_parts/__callable/structure_row_ids_group_1.o
[578/596] CALLABLE_PART expanded_parts/__callable/row_segment_policy_group_1.o
[579/596] CALLABLE_PART expanded_parts/__callable/structure_row_ids_group_0.o
[580/596] CALLABLE_PART expanded_parts/__callable/token_tables_group_0.o
[581/596] CALLABLE_PART expanded_parts/__callable/row_segment_policy_group_0.o
[582/596] CALLABLE_PART expanded_parts/__callable/token_row_lists_group_0.o
[583/596] CALLABLE_PART expanded_parts/__callable/token_row_lists_group_2.o
[584/596] CALLABLE_PART expanded_parts/__callable/token_row_lists_group_1.o
[585/596] CALLABLE_PART expanded_parts/__callable/token_tables_group_3.o
[586/596] CALLABLE_PART expanded_parts/__callable/token_tables_group_1.o
[587/596] CALLABLE_PART expanded_parts/__callable/token_tables_group_2.o
[588/596] CALLABLE_PART expanded_parts/compile/backend/llvm_text_from_plan/part_0.o
[589/596] CALLABLE_PART expanded_parts/compile/model/source_units/part_0.o
[590/596] CALLABLE_PART expanded_parts/compile/incremental/resident_source_unit_frontend_payload_tables/part_0.o
[591/596] CALLABLE_PART expanded_parts/compile/backend/lowering_plan/part_0.o
[592/596] CALLABLE_PART expanded_parts/compile/backend/backend_object_link_cache/part_0.o
[593/596] CALLABLE_PART expanded_parts/compile/capabilities/storage_lifetime_readiness/part_0.o
[594/596] CALLABLE_PART expanded_parts/compile/capabilities/type_capability_readiness/part_0.o
[595/596] CALLABLE_PART expanded_parts/compile/model/project_reference_resolution/part_0.o
[596/596] LINK main
