Transpiled PHP files: 38, skipped unchanged: 0
Generated Ninja file: .prism/build/build.ninja
Using compiler: clang++-18 -fuse-ld=mold (gnu_like)
Using build mode: debug
Using build grouping policy: incremental (report_only)
Object cache: disabled (default disabled)
Using repo root: /tmp/scpp-json-240-probe
Resolved project dependency graph: 1 project(s)
Runtime compilation: enabled
Dependency compilation: reuse existing artifacts only
ninja: Entering directory `.prism/build'
[1/40] PCH app_pch.hpp.gch
[2/40] CXX src/01_prepare_inputs/read_sources/data/buffer.o
[3/40] CXX src/02_tokenize/structures.o
[4/40] CXX src/03_parse/data/role_views.o
[5/40] CXX src/03_parse/data/nodes.o
[6/40] CXX scpp_framework/collections.o
[7/40] CXX scpp_framework/exceptions.o
[8/40] CXX scpp_framework/json_document.o
[9/40] CXX scpp_framework/filesystem.o
[10/40] CXX src/02_tokenize/store.o
[11/40] CXX scpp_framework/strings.o
[12/40] CXX src/03_parse/data/result.o
[13/40] CXX main.o
[14/40] CXX src/03_parse/data/expression_state.o
[15/40] CXX probe.o
[16/40] CXX src/02_tokenize/tokenize.o
[17/40] CXX src/03_parse/data/store.o
[18/40] CXX src/03_parse/handlers/metaprogramming.o
[19/40] CXX src/03_parse/handlers/statements.o
[20/40] CXX src/03_parse/data/tree.o
[21/40] CXX src/03_parse/handlers/control_statements.o
[22/40] CXX src/03_parse/handlers/expressions.o
[23/40] CXX src/03_parse/handlers/declarations.o
[24/40] CXX src/03_parse/utilities/metaprogramming_syntax.o
[25/40] CXX src/03_parse/main_parse.o
[26/40] CXX src/03_parse/utilities/struct_member_cursor.o
[27/40] CXX src/03_parse/utilities/binary_syntax.o
[28/40] CXX src/03_parse/utilities/syntax_access.o
[29/40] CXX src/03_parse/select_tasks.o
[30/40] CXX src/04_analyze/collect_symbols/collect.o
[31/40] CXX src/03_parse/utilities/syntax_comparer.o
[32/40] CXX src/03_parse/parse_file.o
[33/40] CXX src/04_analyze/collect_symbols/data/result.o
[34/40] CXX src/03_parse/join.o
[35/40] CXX src/04_analyze/collect_symbols/data/structures.o
[36/40] CXX src/04_analyze/resolve_types/data/entry_selection.o
[37/40] CXX src/04_analyze/resolve_types/main_prepare_entry.o
[38/40] CXX src/04_analyze/collect_symbols/data/store.o
[39/40] CXX src/04_analyze/collect_symbols/main_collect_symbols.o
[40/40] LINK main
Rebuilt outputs: .prism/build/app_pch.hpp.gch, .prism/build/main, .prism/build/main.o, .prism/build/probe.o, .prism/build/scpp_framework/collections.o, .prism/build/scpp_framework/exceptions.o, .prism/build/scpp_framework/filesystem.o, .prism/build/scpp_framework/json_document.o, .prism/build/scpp_framework/strings.o, .prism/build/src/01_prepare_inputs/read_sources/data/buffer.o, .prism/build/src/02_tokenize/store.o, .prism/build/src/02_tokenize/structures.o, .prism/build/src/02_tokenize/tokenize.o, .prism/build/src/03_parse/data/expression_state.o, .prism/build/src/03_parse/data/nodes.o, .prism/build/src/03_parse/data/result.o, .prism/build/src/03_parse/data/role_views.o, .prism/build/src/03_parse/data/store.o, .prism/build/src/03_parse/data/tree.o, .prism/build/src/03_parse/handlers/control_statements.o, .prism/build/src/03_parse/handlers/declarations.o, .prism/build/src/03_parse/handlers/expressions.o, .prism/build/src/03_parse/handlers/metaprogramming.o, .prism/build/src/03_parse/handlers/statements.o, .prism/build/src/03_parse/join.o, .prism/build/src/03_parse/main_parse.o, .prism/build/src/03_parse/parse_file.o, .prism/build/src/03_parse/select_tasks.o, .prism/build/src/03_parse/utilities/binary_syntax.o, .prism/build/src/03_parse/utilities/metaprogramming_syntax.o, .prism/build/src/03_parse/utilities/struct_member_cursor.o, .prism/build/src/03_parse/utilities/syntax_access.o, .prism/build/src/03_parse/utilities/syntax_comparer.o, .prism/build/src/04_analyze/collect_symbols/collect.o, .prism/build/src/04_analyze/collect_symbols/data/result.o, .prism/build/src/04_analyze/collect_symbols/data/store.o, .prism/build/src/04_analyze/collect_symbols/data/structures.o, .prism/build/src/04_analyze/collect_symbols/main_collect_symbols.o, .prism/build/src/04_analyze/resolve_types/data/entry_selection.o, .prism/build/src/04_analyze/resolve_types/main_prepare_entry.o
Tip: set SCPP_NINJA_VERBOSE=1 to show full Ninja command lines.
Build completed: .prism/build/main
