Transpiled PHP files: 17, skipped unchanged: 0
Generated Ninja file: .prism/build/build.ninja
Using compiler: clang++-18 -fuse-ld=mold (gnu_like)
Using build mode: debug
Using build grouping policy: incremental (report_only)
Object cache: disabled (default disabled)
Using repo root: /tmp/scpp-json-240-probe
Resolved project dependency graph: 1 project(s)
Runtime compilation: enabled
Dependency compilation: reuse existing artifacts only
ninja: Entering directory `.prism/build'
[1/19] PCH app_pch.hpp.gch
[2/19] CXX src/01_prepare_inputs/read_sources/data/buffer.o
[3/19] CXX src/01_prepare_inputs/read_manifest/data/project_manifest.o
[4/19] CXX src/01_prepare_inputs/read_sources/data/listing.o
[5/19] CXX scpp_framework/exceptions.o
[6/19] CXX src/01_prepare_inputs/read_sources/read.o
[7/19] CXX scpp_framework/collections.o
[8/19] CXX src/01_prepare_inputs/read_manifest/manifest_reader.o
[9/19] CXX scpp_framework/filesystem.o
[10/19] CXX probe.o
[11/19] CXX src/01_prepare_inputs/read_manifest/utilities/manifest_syntax.o
[12/19] CXX src/01_prepare_inputs/read_sources/main_discover_sources.o
[13/19] CXX src/01_prepare_inputs/read_sources/main_read_sources.o
[14/19] CXX scpp_framework/json_document.o
[15/19] CXX main.o
[16/19] CXX scpp_framework/strings.o
[17/19] CXX src/01_prepare_inputs/read_sources/scan.o
[18/19] CXX src/01_prepare_inputs/read_sources/utilities/paths.o
[19/19] LINK main
Rebuilt outputs: .prism/build/app_pch.hpp.gch, .prism/build/main, .prism/build/main.o, .prism/build/probe.o, .prism/build/scpp_framework/collections.o, .prism/build/scpp_framework/exceptions.o, .prism/build/scpp_framework/filesystem.o, .prism/build/scpp_framework/json_document.o, .prism/build/scpp_framework/strings.o, .prism/build/src/01_prepare_inputs/read_manifest/data/project_manifest.o, .prism/build/src/01_prepare_inputs/read_manifest/manifest_reader.o, .prism/build/src/01_prepare_inputs/read_manifest/utilities/manifest_syntax.o, .prism/build/src/01_prepare_inputs/read_sources/data/buffer.o, .prism/build/src/01_prepare_inputs/read_sources/data/listing.o, .prism/build/src/01_prepare_inputs/read_sources/main_discover_sources.o, .prism/build/src/01_prepare_inputs/read_sources/main_read_sources.o, .prism/build/src/01_prepare_inputs/read_sources/read.o, .prism/build/src/01_prepare_inputs/read_sources/scan.o, .prism/build/src/01_prepare_inputs/read_sources/utilities/paths.o
Tip: set SCPP_NINJA_VERBOSE=1 to show full Ninja command lines.
Build completed: .prism/build/main
