Transpiled PHP files: 154, skipped unchanged: 0
Generated Ninja file: .prism/build/build.ninja
Using compiler: clang++-18 -fuse-ld=mold (gnu_like)
Using build mode: debug
Using build grouping policy: incremental (report_only)
Object cache: disabled (default disabled)
Using repo root: /tmp/scpp-json-240-probe
Resolved project dependency graph: 1 project(s)
Runtime compilation: enabled
Dependency compilation: reuse existing artifacts only
ninja: Entering directory `.prism/build'
[1/156] PCH app_pch.hpp.gch
[2/156] CXX scpp_framework/exceptions.o
[3/156] CXX scpp_framework/filesystem.o
[4/156] CXX scpp_framework/collections.o
[5/156] CXX src/01_prepare_inputs/load_runtime/data/project.o
[6/156] CXX src/01_prepare_inputs/load_runtime/data/family_preparation.o
[7/156] CXX src/01_prepare_inputs/load_runtime/data/runtime.o
[8/156] CXX main.o
[9/156] CXX scpp_framework/json_document.o
[10/156] CXX src/01_prepare_inputs/load_runtime/data/package_context.o
[11/156] CXX src/01_prepare_inputs/load_runtime/handlers/lifecycle.o
[12/156] CXX src/01_prepare_inputs/load_runtime/data/package_bindings.o
[13/156] CXX src/01_prepare_inputs/load_runtime/data/family_results.o
[14/156] CXX scpp_framework/strings.o
[15/156] CXX src/01_prepare_inputs/load_runtime/data/package.o
[16/156] CXX probe.o
[17/156] CXX src/02_tokenize/store.o
[18/156] CXX src/01_prepare_inputs/load_runtime/handlers/package_syntax.o
[19/156] CXX src/01_prepare_inputs/load_runtime/main_load_runtime.o
[20/156] CXX src/01_prepare_inputs/load_runtime/project_import.o
[21/156] CXX src/01_prepare_inputs/load_runtime/handlers/native_import.o
[22/156] CXX src/02_tokenize/structures.o
[23/156] CXX fixture.o
[24/156] CXX src/01_prepare_inputs/load_runtime/handlers/type_exposure.o
[25/156] CXX src/01_prepare_inputs/load_runtime/handlers/package_types.o
[26/156] CXX src/01_prepare_inputs/read_sources/data/buffer.o
[27/156] CXX src/01_prepare_inputs/load_runtime/handlers/resources.o
[28/156] CXX src/01_prepare_inputs/load_runtime/utilities/catalog_syntax.o
[29/156] CXX src/02_tokenize/tokenize.o
[30/156] CXX src/03_parse/data/expression_state.o
[31/156] CXX src/01_prepare_inputs/load_runtime/handlers/package_type_map.o
[32/156] CXX src/03_parse/data/nodes.o
[33/156] CXX src/03_parse/data/role_views.o
[34/156] CXX src/03_parse/handlers/statements.o
[35/156] CXX src/03_parse/handlers/control_statements.o
[36/156] CXX src/03_parse/data/tree.o
[37/156] CXX src/03_parse/handlers/metaprogramming.o
[38/156] CXX src/03_parse/handlers/declarations.o
[39/156] CXX src/03_parse/data/result.o
[40/156] CXX src/03_parse/data/store.o
[41/156] CXX src/03_parse/handlers/expressions.o
[42/156] CXX src/03_parse/main_parse.o
[43/156] CXX src/03_parse/utilities/binary_syntax.o
[44/156] CXX src/03_parse/utilities/struct_member_cursor.o
[45/156] CXX src/03_parse/utilities/metaprogramming_syntax.o
[46/156] CXX src/03_parse/parse_file.o
[47/156] CXX src/03_parse/utilities/syntax_access.o
[48/156] CXX src/03_parse/select_tasks.o
[49/156] CXX src/04_analyze/check_bodies/utilities/decimal_range.o
[50/156] CXX src/03_parse/join.o
[51/156] CXX src/04_analyze/check_bodies/utilities/literals.o
[52/156] CXX src/03_parse/utilities/syntax_comparer.o
[53/156] CXX src/04_analyze/check_templates/data/interpretation.o
[54/156] CXX src/04_analyze/check_templates/data/terms.o
[55/156] CXX src/04_analyze/check_templates/data/structures.o
[56/156] CXX src/04_analyze/check_templates/data/result.o
[57/156] CXX src/04_analyze/check_templates/join.o
[58/156] CXX src/04_analyze/collect_symbols/collect.o
[59/156] CXX src/04_analyze/check_templates/body.o
[60/156] CXX src/04_analyze/collect_symbols/data/provider_declaration.o
[61/156] CXX src/04_analyze/check_templates/main_check_templates.o
[62/156] CXX src/04_analyze/check_templates/select_tasks.o
[63/156] CXX src/04_analyze/collect_symbols/data/result.o
[64/156] CXX src/04_analyze/collect_symbols/data/structures.o
[65/156] CXX src/04_analyze/instantiate/applications.o
[66/156] CXX src/04_analyze/collect_symbols/data/store.o
[67/156] CXX src/04_analyze/instantiate/bindings.o
[68/156] CXX src/04_analyze/collect_symbols/main_collect_symbols.o
[69/156] CXX src/04_analyze/check_templates/terms.o
[70/156] CXX src/04_analyze/instantiate/data/applications.o
[71/156] CXX src/04_analyze/instantiate/data/context.o
[72/156] CXX src/04_analyze/instantiate/data/members.o
[73/156] CXX src/04_analyze/instantiate/constants.o
[74/156] CXX src/04_analyze/instantiate/data/state.o
[75/156] CXX src/04_analyze/instantiate/identities.o
[76/156] CXX src/04_analyze/instantiate/members.o
[77/156] CXX src/04_analyze/resolve_symbols/data/declarations.o
[78/156] CXX src/04_analyze/resolve_symbols/data/structures.o
[79/156] CXX src/04_analyze/instantiate/data/result.o
[80/156] CXX src/04_analyze/instantiate/member_join.o
[81/156] CXX src/04_analyze/resolve_symbols/handlers/declarations.o
[82/156] CXX src/04_analyze/instantiate/join.o
[83/156] CXX src/04_analyze/resolve_symbols/data/store.o
[84/156] CXX src/04_analyze/resolve_symbols/handlers/expressions.o
[85/156] CXX src/04_analyze/instantiate/data/store.o
[86/156] CXX src/04_analyze/instantiate/data/view.o
[87/156] CXX src/04_analyze/resolve_symbols/handlers/names.o
[88/156] CXX src/04_analyze/resolve_symbols/data/traversal.o
[89/156] CXX src/04_analyze/resolve_symbols/data/result.o
[90/156] CXX src/04_analyze/resolve_symbols/handlers/statements.o
[91/156] CXX src/04_analyze/resolve_symbols/body.o
[92/156] CXX src/04_analyze/resolve_symbols/join.o
[93/156] CXX src/04_analyze/resolve_symbols/main_resolve_symbols.o
[94/156] CXX src/04_analyze/resolve_symbols/utilities/function_lookup.o
[95/156] CXX src/04_analyze/resolve_types/data/entry_contract.o
[96/156] CXX src/04_analyze/resolve_symbols/select_tasks.o
[97/156] CXX src/04_analyze/resolve_types/data/lifecycle_bodies.o
[98/156] CXX src/04_analyze/resolve_symbols/utilities/declaration_lookup.o
[99/156] CXX src/04_analyze/resolve_types/data/entry_selection.o
[100/156] CXX src/04_analyze/resolve_symbols/utilities/resolution_validity.o
[101/156] CXX src/04_analyze/resolve_types/data/records.o
[102/156] CXX src/04_analyze/resolve_types/data/export_identity.o
[103/156] CXX src/04_analyze/resolve_symbols/utilities/binding_coverage.o
[104/156] CXX src/04_analyze/resolve_types/data/result.o
[105/156] CXX src/04_analyze/resolve_types/data/signature_set.o
[106/156] CXX src/04_analyze/resolve_types/data/signatures.o
[107/156] CXX src/04_analyze/resolve_types/definition_view.o
[108/156] CXX src/04_analyze/resolve_types/select_signatures.o
[109/156] CXX src/04_analyze/resolve_types/source_lifecycle.o
[110/156] CXX src/04_analyze/resolve_types/main_prepare_entry.o
[111/156] CXX src/04_analyze/resolve_types/record_definitions.o
[112/156] CXX src/04_analyze/resolve_types/source_lifecycle_bodies.o
[113/156] CXX src/04_analyze/resolve_types/signatures.o
[114/156] CXX src/04_analyze/resolve_types/data/type_resolution.o
[115/156] CXX src/04_analyze/resolve_types/lifecycle_composition.o
[116/156] CXX src/04_analyze/resolve_types/records.o
[117/156] CXX src/04_analyze/resolve_types/record_join.o
[118/156] CXX src/04_analyze/resolve_types/storage.o
[119/156] CXX src/04_analyze/resolve_types/signature_join.o
[120/156] CXX src/04_analyze/resolve_types/source_lifecycle_signature.o
[121/156] CXX src/04_analyze/resolve_types/utilities/signature_validity.o
[122/156] CXX src/04_analyze/resolve_types/utilities/callable_inputs.o
[123/156] CXX src/04_analyze/resolve_types/utilities/annotation_types.o
[124/156] CXX src/04_analyze/resolve_types/storage_signatures.o
[125/156] CXX src/04_analyze/resolve_types/utilities/parameter_contracts.o
[126/156] CXX src/04_analyze/resolve_types/utilities/type_cache.o
[127/156] CXX src/04_analyze/type_model/data/callables.o
[128/156] CXX src/04_analyze/type_model/data/context.o
[129/156] CXX src/04_analyze/type_model/callable_contracts.o
[130/156] CXX src/04_analyze/type_model/data/callable_modes.o
[131/156] CXX src/04_analyze/type_model/data/generic.o
[132/156] CXX src/04_analyze/type_model/data/definitions.o
[133/156] CXX src/04_analyze/type_model/data/lifecycle.o
[134/156] CXX src/04_analyze/type_model/data/catalog.o
[135/156] CXX src/04_analyze/type_model/data/native_record_layout.o
[136/156] CXX src/04_analyze/type_model/data/lifecycle_roles.o
[137/156] CXX src/04_analyze/type_model/data/families.o
[138/156] CXX src/04_analyze/type_model/data/lifetime_policy_codec.o
[139/156] CXX src/04_analyze/type_model/data/representations.o
[140/156] CXX src/04_analyze/type_model/data/lifetime_contract.o
[141/156] CXX src/04_analyze/type_model/data/records.o
[142/156] CXX src/04_analyze/type_model/data/resources.o
[143/156] CXX src/04_analyze/type_model/data/semantic_calls.o
[144/156] CXX src/04_analyze/type_model/data/semantic_modes.o
[145/156] CXX src/04_analyze/type_model/data/source_families.o
[146/156] CXX src/04_analyze/type_model/data/type_record.o
[147/156] CXX src/04_analyze/type_model/result_contracts.o
[148/156] CXX src/05_generate_code/prepare_backend/data/abi.o
[149/156] CXX src/05_generate_code/prepare_backend/data/configuration.o
[150/156] CXX src/04_analyze/type_model/data/storage.o
[151/156] CXX src/04_analyze/type_model/data/type_references.o
[152/156] CXX src/04_analyze/type_model/data/store.o
[153/156] CXX src/compile/data/native_project.o
[154/156] CXX src/05_generate_code/prepare_backend/data/layout.o
[155/156] CXX src/05_generate_code/prepare_backend/data/source_exports.o
[156/156] LINK main
Rebuilt outputs: .prism/build/app_pch.hpp.gch, .prism/build/fixture.o, .prism/build/main, .prism/build/main.o, .prism/build/probe.o, .prism/build/scpp_framework/collections.o, .prism/build/scpp_framework/exceptions.o, .prism/build/scpp_framework/filesystem.o, .prism/build/scpp_framework/json_document.o, .prism/build/scpp_framework/strings.o, .prism/build/src/01_prepare_inputs/load_runtime/data/family_preparation.o, .prism/build/src/01_prepare_inputs/load_runtime/data/family_results.o, .prism/build/src/01_prepare_inputs/load_runtime/data/package.o, .prism/build/src/01_prepare_inputs/load_runtime/data/package_bindings.o, .prism/build/src/01_prepare_inputs/load_runtime/data/package_context.o, .prism/build/src/01_prepare_inputs/load_runtime/data/project.o, .prism/build/src/01_prepare_inputs/load_runtime/data/runtime.o, .prism/build/src/01_prepare_inputs/load_runtime/handlers/lifecycle.o, .prism/build/src/01_prepare_inputs/load_runtime/handlers/native_import.o, .prism/build/src/01_prepare_inputs/load_runtime/handlers/package_syntax.o, .prism/build/src/01_prepare_inputs/load_runtime/handlers/package_type_map.o, .prism/build/src/01_prepare_inputs/load_runtime/handlers/package_types.o, .prism/build/src/01_prepare_inputs/load_runtime/handlers/resources.o, .prism/build/src/01_prepare_inputs/load_runtime/handlers/type_exposure.o, .prism/build/src/01_prepare_inputs/load_runtime/main_load_runtime.o, .prism/build/src/01_prepare_inputs/load_runtime/project_import.o, .prism/build/src/01_prepare_inputs/load_runtime/utilities/catalog_syntax.o, .prism/build/src/01_prepare_inputs/read_sources/data/buffer.o, .prism/build/src/02_tokenize/store.o, .prism/build/src/02_tokenize/structures.o, .prism/build/src/02_tokenize/tokenize.o, .prism/build/src/03_parse/data/expression_state.o, .prism/build/src/03_parse/data/nodes.o, .prism/build/src/03_parse/data/result.o, .prism/build/src/03_parse/data/role_views.o, .prism/build/src/03_parse/data/store.o, .prism/build/src/03_parse/data/tree.o, .prism/build/src/03_parse/handlers/control_statements.o, .prism/build/src/03_parse/handlers/declarations.o, .prism/build/src/03_parse/handlers/expressions.o, .prism/build/src/03_parse/handlers/metaprogramming.o, .prism/build/src/03_parse/handlers/statements.o, .prism/build/src/03_parse/join.o, .prism/build/src/03_parse/main_parse.o, .prism/build/src/03_parse/parse_file.o, .prism/build/src/03_parse/select_tasks.o, .prism/build/src/03_parse/utilities/binary_syntax.o, .prism/build/src/03_parse/utilities/metaprogramming_syntax.o, .prism/build/src/03_parse/utilities/struct_member_cursor.o, .prism/build/src/03_parse/utilities/syntax_access.o, .prism/build/src/03_parse/utilities/syntax_comparer.o, .prism/build/src/04_analyze/check_bodies/utilities/decimal_range.o, .prism/build/src/04_analyze/check_bodies/utilities/literals.o, .prism/build/src/04_analyze/check_templates/body.o, .prism/build/src/04_analyze/check_templates/data/interpretation.o, .prism/build/src/04_analyze/check_templates/data/result.o, .prism/build/src/04_analyze/check_templates/data/structures.o, .prism/build/src/04_analyze/check_templates/data/terms.o, .prism/build/src/04_analyze/check_templates/join.o, .prism/build/src/04_analyze/check_templates/main_check_templates.o, .prism/build/src/04_analyze/check_templates/select_tasks.o, .prism/build/src/04_analyze/check_templates/terms.o, .prism/build/src/04_analyze/collect_symbols/collect.o, .prism/build/src/04_analyze/collect_symbols/data/provider_declaration.o, .prism/build/src/04_analyze/collect_symbols/data/result.o, .prism/build/src/04_analyze/collect_symbols/data/store.o, .prism/build/src/04_analyze/collect_symbols/data/structures.o, .prism/build/src/04_analyze/collect_symbols/main_collect_symbols.o, .prism/build/src/04_analyze/instantiate/applications.o, .prism/build/src/04_analyze/instantiate/bindings.o, .prism/build/src/04_analyze/instantiate/constants.o, .prism/build/src/04_analyze/instantiate/data/applications.o, .prism/build/src/04_analyze/instantiate/data/context.o, .prism/build/src/04_analyze/instantiate/data/members.o, .prism/build/src/04_analyze/instantiate/data/result.o, .prism/build/src/04_analyze/instantiate/data/state.o, .prism/build/src/04_analyze/instantiate/data/store.o, .prism/build/src/04_analyze/instantiate/data/view.o, .prism/build/src/04_analyze/instantiate/identities.o, .prism/build/src/04_analyze/instantiate/join.o, .prism/build/src/04_analyze/instantiate/member_join.o, .prism/build/src/04_analyze/instantiate/members.o, .prism/build/src/04_analyze/resolve_symbols/body.o, .prism/build/src/04_analyze/resolve_symbols/data/declarations.o, .prism/build/src/04_analyze/resolve_symbols/data/result.o, .prism/build/src/04_analyze/resolve_symbols/data/store.o, .prism/build/src/04_analyze/resolve_symbols/data/structures.o, .prism/build/src/04_analyze/resolve_symbols/data/traversal.o, .prism/build/src/04_analyze/resolve_symbols/handlers/declarations.o, .prism/build/src/04_analyze/resolve_symbols/handlers/expressions.o, .prism/build/src/04_analyze/resolve_symbols/handlers/names.o, .prism/build/src/04_analyze/resolve_symbols/handlers/statements.o, .prism/build/src/04_analyze/resolve_symbols/join.o, .prism/build/src/04_analyze/resolve_symbols/main_resolve_symbols.o, .prism/build/src/04_analyze/resolve_symbols/select_tasks.o, .prism/build/src/04_analyze/resolve_symbols/utilities/binding_coverage.o, .prism/build/src/04_analyze/resolve_symbols/utilities/declaration_lookup.o, .prism/build/src/04_analyze/resolve_symbols/utilities/function_lookup.o, .prism/build/src/04_analyze/resolve_symbols/utilities/resolution_validity.o, .prism/build/src/04_analyze/resolve_types/data/entry_contract.o, .prism/build/src/04_analyze/resolve_types/data/entry_selection.o, .prism/build/src/04_analyze/resolve_types/data/export_identity.o, .prism/build/src/04_analyze/resolve_types/data/lifecycle_bodies.o, .prism/build/src/04_analyze/resolve_types/data/records.o, .prism/build/src/04_analyze/resolve_types/data/result.o, .prism/build/src/04_analyze/resolve_types/data/signature_set.o, .prism/build/src/04_analyze/resolve_types/data/signatures.o, .prism/build/src/04_analyze/resolve_types/data/type_resolution.o, .prism/build/src/04_analyze/resolve_types/definition_view.o, .prism/build/src/04_analyze/resolve_types/lifecycle_composition.o, .prism/build/src/04_analyze/resolve_types/main_prepare_entry.o, .prism/build/src/04_analyze/resolve_types/record_definitions.o, .prism/build/src/04_analyze/resolve_types/record_join.o, .prism/build/src/04_analyze/resolve_types/records.o, .prism/build/src/04_analyze/resolve_types/select_signatures.o, .prism/build/src/04_analyze/resolve_types/signature_join.o, .prism/build/src/04_analyze/resolve_types/signatures.o, .prism/build/src/04_analyze/resolve_types/source_lifecycle.o, .prism/build/src/04_analyze/resolve_types/source_lifecycle_bodies.o, .prism/build/src/04_analyze/resolve_types/source_lifecycle_signature.o, .prism/build/src/04_analyze/resolve_types/storage.o, .prism/build/src/04_analyze/resolve_types/storage_signatures.o, .prism/build/src/04_analyze/resolve_types/utilities/annotation_types.o, .prism/build/src/04_analyze/resolve_types/utilities/callable_inputs.o, .prism/build/src/04_analyze/resolve_types/utilities/parameter_contracts.o, .prism/build/src/04_analyze/resolve_types/utilities/signature_validity.o, .prism/build/src/04_analyze/resolve_types/utilities/type_cache.o, .prism/build/src/04_analyze/type_model/callable_contracts.o, .prism/build/src/04_analyze/type_model/data/callable_modes.o, .prism/build/src/04_analyze/type_model/data/callables.o, .prism/build/src/04_analyze/type_model/data/catalog.o, .prism/build/src/04_analyze/type_model/data/context.o, .prism/build/src/04_analyze/type_model/data/definitions.o, .prism/build/src/04_analyze/type_model/data/families.o, .prism/build/src/04_analyze/type_model/data/generic.o, .prism/build/src/04_analyze/type_model/data/lifecycle.o, .prism/build/src/04_analyze/type_model/data/lifecycle_roles.o, .prism/build/src/04_analyze/type_model/data/lifetime_contract.o, .prism/build/src/04_analyze/type_model/data/lifetime_policy_codec.o, .prism/build/src/04_analyze/type_model/data/native_record_layout.o, .prism/build/src/04_analyze/type_model/data/records.o, .prism/build/src/04_analyze/type_model/data/representations.o, .prism/build/src/04_analyze/type_model/data/resources.o, .prism/build/src/04_analyze/type_model/data/semantic_calls.o, .prism/build/src/04_analyze/type_model/data/semantic_modes.o, .prism/build/src/04_analyze/type_model/data/source_families.o, .prism/build/src/04_analyze/type_model/data/storage.o, .prism/build/src/04_analyze/type_model/data/store.o, .prism/build/src/04_analyze/type_model/data/type_record.o, .prism/build/src/04_analyze/type_model/data/type_references.o, .prism/build/src/04_analyze/type_model/result_contracts.o, .prism/build/src/05_generate_code/prepare_backend/data/abi.o, .prism/build/src/05_generate_code/prepare_backend/data/configuration.o, .prism/build/src/05_generate_code/prepare_backend/data/layout.o, .prism/build/src/05_generate_code/prepare_backend/data/source_exports.o, .prism/build/src/compile/data/native_project.o
Tip: set SCPP_NINJA_VERBOSE=1 to show full Ninja command lines.
Build completed: .prism/build/main
