Transpiled PHP files: 190, skipped unchanged: 0
Generated Ninja file: .prism/build/build.ninja
Using compiler: clang++-18 -fuse-ld=mold (gnu_like)
Using build mode: debug
Using build grouping policy: incremental (report_only)
Object cache: disabled (default disabled)
Using repo root: /tmp/scpp-json-240-probe
Resolved project dependency graph: 1 project(s)
Runtime compilation: enabled
Dependency compilation: reuse existing artifacts only
ninja: Entering directory `.prism/build'
[1/192] PCH app_pch.hpp.gch
[2/192] CXX src/01_prepare_inputs/load_runtime/data/runtime.o
[3/192] CXX src/01_prepare_inputs/load_runtime/data/project.o
[4/192] CXX src/01_prepare_inputs/load_runtime/data/package_context.o
[5/192] CXX src/01_prepare_inputs/load_runtime/handlers/lifecycle.o
[6/192] CXX scpp_framework/collections.o
[7/192] CXX scpp_framework/exceptions.o
[8/192] CXX scpp_framework/strings.o
[9/192] CXX src/01_prepare_inputs/load_runtime/data/family_results.o
[10/192] CXX scpp_framework/json_document.o
[11/192] CXX main.o
[12/192] CXX scpp_framework/filesystem.o
[13/192] CXX probe.o
[14/192] CXX src/01_prepare_inputs/load_runtime/data/package_bindings.o
[15/192] CXX src/01_prepare_inputs/load_runtime/data/package.o
[16/192] CXX src/01_prepare_inputs/load_runtime/data/family_preparation.o
[17/192] CXX fixture.o
[18/192] CXX src/01_prepare_inputs/load_runtime/main_load_runtime.o
[19/192] CXX src/01_prepare_inputs/load_runtime/handlers/native_import.o
[20/192] CXX src/01_prepare_inputs/load_runtime/handlers/package_syntax.o
[21/192] CXX src/01_prepare_inputs/load_runtime/project_import.o
[22/192] CXX src/01_prepare_inputs/read_sources/data/buffer.o
[23/192] CXX src/03_parse/data/nodes.o
[24/192] CXX src/01_prepare_inputs/load_runtime/handlers/package_types.o
[25/192] CXX src/01_prepare_inputs/load_runtime/utilities/catalog_syntax.o
[26/192] CXX src/02_tokenize/tokenize.o
[27/192] CXX src/02_tokenize/structures.o
[28/192] CXX src/03_parse/data/expression_state.o
[29/192] CXX src/01_prepare_inputs/load_runtime/handlers/resources.o
[30/192] CXX src/01_prepare_inputs/load_runtime/handlers/type_exposure.o
[31/192] CXX src/02_tokenize/store.o
[32/192] CXX src/01_prepare_inputs/load_runtime/handlers/package_type_map.o
[33/192] CXX src/03_parse/data/result.o
[34/192] CXX src/03_parse/data/role_views.o
[35/192] CXX src/03_parse/handlers/declarations.o
[36/192] CXX src/03_parse/handlers/control_statements.o
[37/192] CXX src/03_parse/handlers/expressions.o
[38/192] CXX src/03_parse/data/tree.o
[39/192] CXX src/03_parse/handlers/metaprogramming.o
[40/192] CXX src/03_parse/main_parse.o
[41/192] CXX src/03_parse/data/store.o
[42/192] CXX src/03_parse/handlers/statements.o
[43/192] CXX src/03_parse/utilities/metaprogramming_syntax.o
[44/192] CXX src/03_parse/select_tasks.o
[45/192] CXX src/03_parse/parse_file.o
[46/192] CXX src/03_parse/join.o
[47/192] CXX src/03_parse/utilities/binary_syntax.o
[48/192] CXX src/03_parse/utilities/struct_member_cursor.o
[49/192] CXX src/04_analyze/analyze_lifetimes/handlers/values.o
[50/192] CXX src/03_parse/utilities/syntax_comparer.o
[51/192] CXX src/04_analyze/analyze_lifetimes/handlers/locals.o
[52/192] CXX src/03_parse/utilities/syntax_access.o
[53/192] CXX src/04_analyze/analyze_lifetimes/handlers/statements.o
[54/192] CXX src/04_analyze/analyze_lifetimes/data/lifetimes.o
[55/192] CXX src/04_analyze/analyze_lifetimes/data/initialization.o
[56/192] CXX src/04_analyze/analyze_lifetimes/flow.o
../generated/src/04_analyze/analyze_lifetimes/flow.cpp:31:3: warning: ignoring return value of function declared with 'nodiscard' attribute [-Wunused-result]
   31 |                 queued.remove(id);
      |                 ^~~~~~~~~~~~~ ~~
1 warning generated.
[57/192] CXX src/04_analyze/analyze_lifetimes/data/plan.o
../generated/src/04_analyze/analyze_lifetimes/data/plan.cpp:172:3: warning: ignoring return value of function declared with 'nodiscard' attribute [-Wunused-result]
  172 |                 expected.remove(key);
      |                 ^~~~~~~~~~~~~~~ ~~~
1 warning generated.
[58/192] CXX src/04_analyze/check_bodies/data/dependencies.o
[59/192] CXX src/04_analyze/check_bodies/data/flow.o
[60/192] CXX src/04_analyze/check_bodies/data/conversions.o
[61/192] CXX src/04_analyze/check_bodies/context.o
[62/192] CXX src/04_analyze/analyze_lifetimes/plan_body.o
../generated/src/04_analyze/analyze_lifetimes/plan_body.cpp:293:2: warning: ignoring return value of function declared with 'nodiscard' attribute [-Wunused-result]
  293 |         this->live_values.remove(id);
      |         ^~~~~~~~~~~~~~~~~~~~~~~~ ~~
../generated/src/04_analyze/analyze_lifetimes/plan_body.cpp:336:2: warning: ignoring return value of function declared with 'nodiscard' attribute [-Wunused-result]
  336 |         this->live.remove(id);
      |         ^~~~~~~~~~~~~~~~~ ~~
2 warnings generated.
[63/192] CXX src/04_analyze/check_bodies/data/output.o
[64/192] CXX src/04_analyze/check_bodies/data/places.o
[65/192] CXX src/04_analyze/check_bodies/data/statements.o
[66/192] CXX src/04_analyze/check_bodies/handlers/control_statements.o
[67/192] CXX src/04_analyze/check_bodies/handlers/places.o
[68/192] CXX src/04_analyze/check_bodies/data/values.o
[69/192] CXX src/04_analyze/check_bodies/flow.o
[70/192] CXX src/04_analyze/check_bodies/handlers/expressions.o
[71/192] CXX src/04_analyze/check_bodies/data/traversal.o
[72/192] CXX src/04_analyze/check_bodies/utilities/byte_literals.o
[73/192] CXX src/04_analyze/check_bodies/handlers/writes.o
[74/192] CXX src/04_analyze/check_bodies/data/result.o
[75/192] CXX src/04_analyze/check_bodies/body.o
[76/192] CXX src/04_analyze/check_bodies/handlers/statements.o
[77/192] CXX src/04_analyze/check_bodies/utilities/conversions.o
[78/192] CXX src/04_analyze/check_bodies/utilities/decimal_range.o
[79/192] CXX src/04_analyze/check_bodies/utilities/flow_graph.o
[80/192] CXX src/04_analyze/check_bodies/utilities/literals.o
[81/192] CXX src/04_analyze/check_bodies/utilities/evaluation.o
[82/192] CXX src/04_analyze/check_templates/data/interpretation.o
[83/192] CXX src/04_analyze/check_bodies/utilities/operations.o
[84/192] CXX src/04_analyze/check_templates/data/structures.o
[85/192] CXX src/04_analyze/check_templates/data/terms.o
[86/192] CXX src/04_analyze/collect_symbols/collect.o
[87/192] CXX src/04_analyze/check_templates/main_check_templates.o
[88/192] CXX src/04_analyze/check_templates/data/result.o
[89/192] CXX src/04_analyze/check_templates/join.o
[90/192] CXX src/04_analyze/collect_symbols/data/result.o
[91/192] CXX src/04_analyze/check_templates/select_tasks.o
[92/192] CXX src/04_analyze/check_templates/terms.o
[93/192] CXX src/04_analyze/check_templates/body.o
[94/192] CXX src/04_analyze/collect_symbols/data/provider_declaration.o
[95/192] CXX src/04_analyze/collect_symbols/data/structures.o
[96/192] CXX src/04_analyze/instantiate/bindings.o
[97/192] CXX src/04_analyze/collect_symbols/data/store.o
[98/192] CXX src/04_analyze/collect_symbols/main_collect_symbols.o
[99/192] CXX src/04_analyze/instantiate/applications.o
[100/192] CXX src/04_analyze/instantiate/constants.o
[101/192] CXX src/04_analyze/instantiate/data/context.o
[102/192] CXX src/04_analyze/instantiate/data/members.o
[103/192] CXX src/04_analyze/instantiate/data/applications.o
[104/192] CXX src/04_analyze/instantiate/data/state.o
[105/192] CXX src/04_analyze/instantiate/data/result.o
[106/192] CXX src/04_analyze/instantiate/identities.o
[107/192] CXX src/04_analyze/instantiate/data/view.o
[108/192] CXX src/04_analyze/instantiate/members.o
[109/192] CXX src/04_analyze/instantiate/join.o
[110/192] CXX src/04_analyze/instantiate/data/store.o
[111/192] CXX src/04_analyze/resolve_symbols/data/declarations.o
[112/192] CXX src/04_analyze/instantiate/member_join.o
[113/192] CXX src/04_analyze/resolve_symbols/data/structures.o
[114/192] CXX src/04_analyze/resolve_symbols/data/result.o
[115/192] CXX src/04_analyze/resolve_symbols/body.o
[116/192] CXX src/04_analyze/resolve_symbols/data/store.o
[117/192] CXX src/04_analyze/resolve_symbols/data/traversal.o
[118/192] CXX src/04_analyze/resolve_symbols/handlers/declarations.o
[119/192] CXX src/04_analyze/resolve_symbols/handlers/expressions.o
[120/192] CXX src/04_analyze/resolve_symbols/handlers/names.o
[121/192] CXX src/04_analyze/resolve_symbols/handlers/statements.o
[122/192] CXX src/04_analyze/resolve_symbols/join.o
[123/192] CXX src/04_analyze/resolve_symbols/utilities/resolution_validity.o
[124/192] CXX src/04_analyze/resolve_types/construction_types.o
[125/192] CXX src/04_analyze/resolve_symbols/main_resolve_symbols.o
[126/192] CXX src/04_analyze/resolve_types/data/export_identity.o
[127/192] CXX src/04_analyze/resolve_symbols/utilities/declaration_lookup.o
[128/192] CXX src/04_analyze/resolve_symbols/utilities/function_lookup.o
[129/192] CXX src/04_analyze/resolve_types/data/entry_contract.o
[130/192] CXX src/04_analyze/resolve_types/data/lifecycle_bodies.o
[131/192] CXX src/04_analyze/resolve_symbols/select_tasks.o
[132/192] CXX src/04_analyze/resolve_symbols/utilities/binding_coverage.o
[133/192] CXX src/04_analyze/resolve_types/data/entry_selection.o
[134/192] CXX src/04_analyze/resolve_types/data/locals.o
[135/192] CXX src/04_analyze/resolve_types/data/records.o
[136/192] CXX src/04_analyze/resolve_types/data/signature_set.o
[137/192] CXX src/04_analyze/resolve_types/data/result.o
[138/192] CXX src/04_analyze/resolve_types/definition_view.o
[139/192] CXX src/04_analyze/resolve_types/data/signatures.o
[140/192] CXX src/04_analyze/resolve_types/lifecycle_composition.o
[141/192] CXX src/04_analyze/resolve_types/locals.o
[142/192] CXX src/04_analyze/resolve_types/select_signatures.o
[143/192] CXX src/04_analyze/resolve_types/main_prepare_entry.o
[144/192] CXX src/04_analyze/resolve_types/records.o
[145/192] CXX src/04_analyze/resolve_types/source_lifecycle.o
[146/192] CXX src/04_analyze/resolve_types/local_join.o
[147/192] CXX src/04_analyze/resolve_types/data/type_resolution.o
[148/192] CXX src/04_analyze/resolve_types/signatures.o
[149/192] CXX src/04_analyze/resolve_types/record_join.o
[150/192] CXX src/04_analyze/resolve_types/record_definitions.o
[151/192] CXX src/04_analyze/resolve_types/signature_join.o
[152/192] CXX src/04_analyze/resolve_types/source_lifecycle_signature.o
[153/192] CXX src/04_analyze/resolve_types/source_lifecycle_bodies.o
[154/192] CXX src/04_analyze/resolve_types/storage_signatures.o
[155/192] CXX src/04_analyze/resolve_types/utilities/local_type_validity.o
[156/192] CXX src/04_analyze/resolve_types/storage.o
[157/192] CXX src/04_analyze/resolve_types/utilities/annotation_types.o
[158/192] CXX src/04_analyze/resolve_types/utilities/parameter_contracts.o
[159/192] CXX src/04_analyze/type_model/data/callable_modes.o
[160/192] CXX src/04_analyze/resolve_types/utilities/callable_inputs.o
[161/192] CXX src/04_analyze/type_model/data/context.o
[162/192] CXX src/04_analyze/resolve_types/utilities/type_cache.o
[163/192] CXX src/04_analyze/resolve_types/utilities/signature_validity.o
[164/192] CXX src/04_analyze/type_model/callable_contracts.o
[165/192] CXX src/04_analyze/type_model/data/callables.o
[166/192] CXX src/04_analyze/type_model/data/catalog.o
[167/192] CXX src/04_analyze/type_model/data/definitions.o
[168/192] CXX src/04_analyze/type_model/data/generic.o
[169/192] CXX src/04_analyze/type_model/data/lifecycle.o
[170/192] CXX src/04_analyze/type_model/data/lifecycle_roles.o
[171/192] CXX src/04_analyze/type_model/data/families.o
[172/192] CXX src/04_analyze/type_model/data/lifetime_contract.o
[173/192] CXX src/04_analyze/type_model/data/operations.o
[174/192] CXX src/04_analyze/type_model/data/lifetime_policy_codec.o
[175/192] CXX src/04_analyze/type_model/data/records.o
[176/192] CXX src/04_analyze/type_model/data/semantic_calls.o
[177/192] CXX src/04_analyze/type_model/data/representations.o
[178/192] CXX src/04_analyze/type_model/data/native_record_layout.o
[179/192] CXX src/04_analyze/type_model/data/semantic_modes.o
[180/192] CXX src/04_analyze/type_model/data/resources.o
[181/192] CXX src/04_analyze/type_model/data/source_families.o
[182/192] CXX src/04_analyze/type_model/data/storage.o
[183/192] CXX src/04_analyze/type_model/data/type_record.o
[184/192] CXX src/05_generate_code/prepare_backend/data/configuration.o
[185/192] CXX src/04_analyze/type_model/result_contracts.o
[186/192] CXX src/04_analyze/type_model/data/store.o
[187/192] CXX src/04_analyze/type_model/data/type_references.o
[188/192] CXX src/compile/data/native_project.o
[189/192] CXX src/05_generate_code/prepare_backend/data/abi.o
[190/192] CXX src/05_generate_code/prepare_backend/data/source_exports.o
[191/192] CXX src/05_generate_code/prepare_backend/data/layout.o
[192/192] LINK main
Rebuilt outputs: .prism/build/app_pch.hpp.gch, .prism/build/fixture.o, .prism/build/main, .prism/build/main.o, .prism/build/probe.o, .prism/build/scpp_framework/collections.o, .prism/build/scpp_framework/exceptions.o, .prism/build/scpp_framework/filesystem.o, .prism/build/scpp_framework/json_document.o, .prism/build/scpp_framework/strings.o, .prism/build/src/01_prepare_inputs/load_runtime/data/family_preparation.o, .prism/build/src/01_prepare_inputs/load_runtime/data/family_results.o, .prism/build/src/01_prepare_inputs/load_runtime/data/package.o, .prism/build/src/01_prepare_inputs/load_runtime/data/package_bindings.o, .prism/build/src/01_prepare_inputs/load_runtime/data/package_context.o, .prism/build/src/01_prepare_inputs/load_runtime/data/project.o, .prism/build/src/01_prepare_inputs/load_runtime/data/runtime.o, .prism/build/src/01_prepare_inputs/load_runtime/handlers/lifecycle.o, .prism/build/src/01_prepare_inputs/load_runtime/handlers/native_import.o, .prism/build/src/01_prepare_inputs/load_runtime/handlers/package_syntax.o, .prism/build/src/01_prepare_inputs/load_runtime/handlers/package_type_map.o, .prism/build/src/01_prepare_inputs/load_runtime/handlers/package_types.o, .prism/build/src/01_prepare_inputs/load_runtime/handlers/resources.o, .prism/build/src/01_prepare_inputs/load_runtime/handlers/type_exposure.o, .prism/build/src/01_prepare_inputs/load_runtime/main_load_runtime.o, .prism/build/src/01_prepare_inputs/load_runtime/project_import.o, .prism/build/src/01_prepare_inputs/load_runtime/utilities/catalog_syntax.o, .prism/build/src/01_prepare_inputs/read_sources/data/buffer.o, .prism/build/src/02_tokenize/store.o, .prism/build/src/02_tokenize/structures.o, .prism/build/src/02_tokenize/tokenize.o, .prism/build/src/03_parse/data/expression_state.o, .prism/build/src/03_parse/data/nodes.o, .prism/build/src/03_parse/data/result.o, .prism/build/src/03_parse/data/role_views.o, .prism/build/src/03_parse/data/store.o, .prism/build/src/03_parse/data/tree.o, .prism/build/src/03_parse/handlers/control_statements.o, .prism/build/src/03_parse/handlers/declarations.o, .prism/build/src/03_parse/handlers/expressions.o, .prism/build/src/03_parse/handlers/metaprogramming.o, .prism/build/src/03_parse/handlers/statements.o, .prism/build/src/03_parse/join.o, .prism/build/src/03_parse/main_parse.o, .prism/build/src/03_parse/parse_file.o, .prism/build/src/03_parse/select_tasks.o, .prism/build/src/03_parse/utilities/binary_syntax.o, .prism/build/src/03_parse/utilities/metaprogramming_syntax.o, .prism/build/src/03_parse/utilities/struct_member_cursor.o, .prism/build/src/03_parse/utilities/syntax_access.o, .prism/build/src/03_parse/utilities/syntax_comparer.o, .prism/build/src/04_analyze/analyze_lifetimes/data/initialization.o, .prism/build/src/04_analyze/analyze_lifetimes/data/lifetimes.o, .prism/build/src/04_analyze/analyze_lifetimes/data/plan.o, .prism/build/src/04_analyze/analyze_lifetimes/flow.o, .prism/build/src/04_analyze/analyze_lifetimes/handlers/locals.o, .prism/build/src/04_analyze/analyze_lifetimes/handlers/statements.o, .prism/build/src/04_analyze/analyze_lifetimes/handlers/values.o, .prism/build/src/04_analyze/analyze_lifetimes/plan_body.o, .prism/build/src/04_analyze/check_bodies/body.o, .prism/build/src/04_analyze/check_bodies/context.o, .prism/build/src/04_analyze/check_bodies/data/conversions.o, .prism/build/src/04_analyze/check_bodies/data/dependencies.o, .prism/build/src/04_analyze/check_bodies/data/flow.o, .prism/build/src/04_analyze/check_bodies/data/output.o, .prism/build/src/04_analyze/check_bodies/data/places.o, .prism/build/src/04_analyze/check_bodies/data/result.o, .prism/build/src/04_analyze/check_bodies/data/statements.o, .prism/build/src/04_analyze/check_bodies/data/traversal.o, .prism/build/src/04_analyze/check_bodies/data/values.o, .prism/build/src/04_analyze/check_bodies/flow.o, .prism/build/src/04_analyze/check_bodies/handlers/control_statements.o, .prism/build/src/04_analyze/check_bodies/handlers/expressions.o, .prism/build/src/04_analyze/check_bodies/handlers/places.o, .prism/build/src/04_analyze/check_bodies/handlers/statements.o, .prism/build/src/04_analyze/check_bodies/handlers/writes.o, .prism/build/src/04_analyze/check_bodies/utilities/byte_literals.o, .prism/build/src/04_analyze/check_bodies/utilities/conversions.o, .prism/build/src/04_analyze/check_bodies/utilities/decimal_range.o, .prism/build/src/04_analyze/check_bodies/utilities/evaluation.o, .prism/build/src/04_analyze/check_bodies/utilities/flow_graph.o, .prism/build/src/04_analyze/check_bodies/utilities/literals.o, .prism/build/src/04_analyze/check_bodies/utilities/operations.o, .prism/build/src/04_analyze/check_templates/body.o, .prism/build/src/04_analyze/check_templates/data/interpretation.o, .prism/build/src/04_analyze/check_templates/data/result.o, .prism/build/src/04_analyze/check_templates/data/structures.o, .prism/build/src/04_analyze/check_templates/data/terms.o, .prism/build/src/04_analyze/check_templates/join.o, .prism/build/src/04_analyze/check_templates/main_check_templates.o, .prism/build/src/04_analyze/check_templates/select_tasks.o, .prism/build/src/04_analyze/check_templates/terms.o, .prism/build/src/04_analyze/collect_symbols/collect.o, .prism/build/src/04_analyze/collect_symbols/data/provider_declaration.o, .prism/build/src/04_analyze/collect_symbols/data/result.o, .prism/build/src/04_analyze/collect_symbols/data/store.o, .prism/build/src/04_analyze/collect_symbols/data/structures.o, .prism/build/src/04_analyze/collect_symbols/main_collect_symbols.o, .prism/build/src/04_analyze/instantiate/applications.o, .prism/build/src/04_analyze/instantiate/bindings.o, .prism/build/src/04_analyze/instantiate/constants.o, .prism/build/src/04_analyze/instantiate/data/applications.o, .prism/build/src/04_analyze/instantiate/data/context.o, .prism/build/src/04_analyze/instantiate/data/members.o, .prism/build/src/04_analyze/instantiate/data/result.o, .prism/build/src/04_analyze/instantiate/data/state.o, .prism/build/src/04_analyze/instantiate/data/store.o, .prism/build/src/04_analyze/instantiate/data/view.o, .prism/build/src/04_analyze/instantiate/identities.o, .prism/build/src/04_analyze/instantiate/join.o, .prism/build/src/04_analyze/instantiate/member_join.o, .prism/build/src/04_analyze/instantiate/members.o, .prism/build/src/04_analyze/resolve_symbols/body.o, .prism/build/src/04_analyze/resolve_symbols/data/declarations.o, .prism/build/src/04_analyze/resolve_symbols/data/result.o, .prism/build/src/04_analyze/resolve_symbols/data/store.o, .prism/build/src/04_analyze/resolve_symbols/data/structures.o, .prism/build/src/04_analyze/resolve_symbols/data/traversal.o, .prism/build/src/04_analyze/resolve_symbols/handlers/declarations.o, .prism/build/src/04_analyze/resolve_symbols/handlers/expressions.o, .prism/build/src/04_analyze/resolve_symbols/handlers/names.o, .prism/build/src/04_analyze/resolve_symbols/handlers/statements.o, .prism/build/src/04_analyze/resolve_symbols/join.o, .prism/build/src/04_analyze/resolve_symbols/main_resolve_symbols.o, .prism/build/src/04_analyze/resolve_symbols/select_tasks.o, .prism/build/src/04_analyze/resolve_symbols/utilities/binding_coverage.o, .prism/build/src/04_analyze/resolve_symbols/utilities/declaration_lookup.o, .prism/build/src/04_analyze/resolve_symbols/utilities/function_lookup.o, .prism/build/src/04_analyze/resolve_symbols/utilities/resolution_validity.o, .prism/build/src/04_analyze/resolve_types/construction_types.o, .prism/build/src/04_analyze/resolve_types/data/entry_contract.o, .prism/build/src/04_analyze/resolve_types/data/entry_selection.o, .prism/build/src/04_analyze/resolve_types/data/export_identity.o, .prism/build/src/04_analyze/resolve_types/data/lifecycle_bodies.o, .prism/build/src/04_analyze/resolve_types/data/locals.o, .prism/build/src/04_analyze/resolve_types/data/records.o, .prism/build/src/04_analyze/resolve_types/data/result.o, .prism/build/src/04_analyze/resolve_types/data/signature_set.o, .prism/build/src/04_analyze/resolve_types/data/signatures.o, .prism/build/src/04_analyze/resolve_types/data/type_resolution.o, .prism/build/src/04_analyze/resolve_types/definition_view.o, .prism/build/src/04_analyze/resolve_types/lifecycle_composition.o, .prism/build/src/04_analyze/resolve_types/local_join.o, .prism/build/src/04_analyze/resolve_types/locals.o, .prism/build/src/04_analyze/resolve_types/main_prepare_entry.o, .prism/build/src/04_analyze/resolve_types/record_definitions.o, .prism/build/src/04_analyze/resolve_types/record_join.o, .prism/build/src/04_analyze/resolve_types/records.o, .prism/build/src/04_analyze/resolve_types/select_signatures.o, .prism/build/src/04_analyze/resolve_types/signature_join.o, .prism/build/src/04_analyze/resolve_types/signatures.o, .prism/build/src/04_analyze/resolve_types/source_lifecycle.o, .prism/build/src/04_analyze/resolve_types/source_lifecycle_bodies.o, .prism/build/src/04_analyze/resolve_types/source_lifecycle_signature.o, .prism/build/src/04_analyze/resolve_types/storage.o, .prism/build/src/04_analyze/resolve_types/storage_signatures.o, .prism/build/src/04_analyze/resolve_types/utilities/annotation_types.o, .prism/build/src/04_analyze/resolve_types/utilities/callable_inputs.o, .prism/build/src/04_analyze/resolve_types/utilities/local_type_validity.o, .prism/build/src/04_analyze/resolve_types/utilities/parameter_contracts.o, .prism/build/src/04_analyze/resolve_types/utilities/signature_validity.o, .prism/build/src/04_analyze/resolve_types/utilities/type_cache.o, .prism/build/src/04_analyze/type_model/callable_contracts.o, .prism/build/src/04_analyze/type_model/data/callable_modes.o, .prism/build/src/04_analyze/type_model/data/callables.o, .prism/build/src/04_analyze/type_model/data/catalog.o, .prism/build/src/04_analyze/type_model/data/context.o, .prism/build/src/04_analyze/type_model/data/definitions.o, .prism/build/src/04_analyze/type_model/data/families.o, .prism/build/src/04_analyze/type_model/data/generic.o, .prism/build/src/04_analyze/type_model/data/lifecycle.o, .prism/build/src/04_analyze/type_model/data/lifecycle_roles.o, .prism/build/src/04_analyze/type_model/data/lifetime_contract.o, .prism/build/src/04_analyze/type_model/data/lifetime_policy_codec.o, .prism/build/src/04_analyze/type_model/data/native_record_layout.o, .prism/build/src/04_analyze/type_model/data/operations.o, .prism/build/src/04_analyze/type_model/data/records.o, .prism/build/src/04_analyze/type_model/data/representations.o, .prism/build/src/04_analyze/type_model/data/resources.o, .prism/build/src/04_analyze/type_model/data/semantic_calls.o, .prism/build/src/04_analyze/type_model/data/semantic_modes.o, .prism/build/src/04_analyze/type_model/data/source_families.o, .prism/build/src/04_analyze/type_model/data/storage.o, .prism/build/src/04_analyze/type_model/data/store.o, .prism/build/src/04_analyze/type_model/data/type_record.o, .prism/build/src/04_analyze/type_model/data/type_references.o, .prism/build/src/04_analyze/type_model/result_contracts.o, .prism/build/src/05_generate_code/prepare_backend/data/abi.o, .prism/build/src/05_generate_code/prepare_backend/data/configuration.o, .prism/build/src/05_generate_code/prepare_backend/data/layout.o, .prism/build/src/05_generate_code/prepare_backend/data/source_exports.o, .prism/build/src/compile/data/native_project.o
Tip: set SCPP_NINJA_VERBOSE=1 to show full Ninja command lines.
Build completed: .prism/build/main
