Transpiled PHP files: 162, skipped unchanged: 0
Generated Ninja file: .prism/build/build.ninja
Using compiler: clang++-18 -fuse-ld=mold (gnu_like)
Using build mode: debug
Using build grouping policy: incremental (report_only)
Object cache: disabled (default disabled)
Using repo root: /tmp/scpp-json-240-probe
Resolved project dependency graph: 1 project(s)
Runtime compilation: enabled
Dependency compilation: reuse existing artifacts only
ninja: Entering directory `.prism/build'
[1/164] PCH app_pch.hpp.gch
[2/164] CXX src/01_prepare_inputs/load_runtime/data/family_preparation.o
[3/164] CXX src/01_prepare_inputs/load_runtime/data/package_context.o
[4/164] CXX scpp_framework/filesystem.o
[5/164] CXX scpp_framework/exceptions.o
[6/164] CXX src/01_prepare_inputs/load_runtime/data/project.o
[7/164] CXX src/01_prepare_inputs/load_runtime/data/runtime.o
[8/164] CXX scpp_framework/collections.o
[9/164] CXX main.o
[10/164] CXX src/01_prepare_inputs/load_runtime/handlers/lifecycle.o
[11/164] CXX scpp_framework/strings.o
[12/164] CXX scpp_framework/json_document.o
[13/164] CXX src/01_prepare_inputs/load_runtime/data/package_bindings.o
[14/164] CXX src/01_prepare_inputs/load_runtime/data/family_results.o
[15/164] CXX src/01_prepare_inputs/load_runtime/data/package.o
[16/164] CXX probe.o
[17/164] CXX fixture.o
[18/164] CXX src/01_prepare_inputs/load_runtime/main_load_runtime.o
[19/164] CXX src/01_prepare_inputs/load_runtime/handlers/native_import.o
[20/164] CXX src/01_prepare_inputs/load_runtime/project_import.o
[21/164] CXX src/02_tokenize/store.o
[22/164] CXX src/02_tokenize/structures.o
[23/164] CXX src/01_prepare_inputs/load_runtime/handlers/type_exposure.o
[24/164] CXX src/01_prepare_inputs/load_runtime/handlers/package_types.o
[25/164] CXX src/01_prepare_inputs/read_sources/data/buffer.o
[26/164] CXX src/01_prepare_inputs/load_runtime/handlers/package_syntax.o
[27/164] CXX src/01_prepare_inputs/load_runtime/handlers/resources.o
[28/164] CXX src/03_parse/data/expression_state.o
[29/164] CXX src/01_prepare_inputs/load_runtime/handlers/package_type_map.o
[30/164] CXX src/03_parse/data/nodes.o
[31/164] CXX src/02_tokenize/tokenize.o
[32/164] CXX src/03_parse/data/result.o
[33/164] CXX src/01_prepare_inputs/load_runtime/utilities/catalog_syntax.o
[34/164] CXX src/03_parse/handlers/declarations.o
[35/164] CXX src/03_parse/data/role_views.o
[36/164] CXX src/03_parse/handlers/statements.o
[37/164] CXX src/03_parse/handlers/metaprogramming.o
[38/164] CXX src/03_parse/handlers/control_statements.o
[39/164] CXX src/03_parse/handlers/expressions.o
[40/164] CXX src/03_parse/data/tree.o
[41/164] CXX src/03_parse/data/store.o
[42/164] CXX src/03_parse/main_parse.o
[43/164] CXX src/03_parse/join.o
[44/164] CXX src/03_parse/parse_file.o
[45/164] CXX src/03_parse/utilities/metaprogramming_syntax.o
[46/164] CXX src/03_parse/select_tasks.o
[47/164] CXX src/03_parse/utilities/binary_syntax.o
[48/164] CXX src/03_parse/utilities/struct_member_cursor.o
[49/164] CXX src/03_parse/utilities/syntax_access.o
[50/164] CXX src/04_analyze/check_bodies/data/flow.o
[51/164] CXX src/04_analyze/check_bodies/data/places.o
[52/164] CXX src/04_analyze/check_bodies/data/dependencies.o
[53/164] CXX src/03_parse/utilities/syntax_comparer.o
[54/164] CXX src/04_analyze/check_bodies/data/statements.o
[55/164] CXX src/04_analyze/check_bodies/utilities/decimal_range.o
[56/164] CXX src/04_analyze/check_bodies/data/values.o
[57/164] CXX src/04_analyze/check_bodies/utilities/evaluation.o
[58/164] CXX src/04_analyze/check_bodies/data/result.o
[59/164] CXX src/04_analyze/check_templates/data/interpretation.o
[60/164] CXX src/04_analyze/check_bodies/utilities/literals.o
[61/164] CXX src/04_analyze/check_templates/data/structures.o
[62/164] CXX src/04_analyze/check_templates/data/terms.o
[63/164] CXX src/04_analyze/check_templates/main_check_templates.o
[64/164] CXX src/04_analyze/check_templates/join.o
[65/164] CXX src/04_analyze/check_templates/body.o
[66/164] CXX src/04_analyze/collect_symbols/data/result.o
[67/164] CXX src/04_analyze/check_templates/data/result.o
[68/164] CXX src/04_analyze/check_templates/terms.o
[69/164] CXX src/04_analyze/collect_symbols/data/provider_declaration.o
[70/164] CXX src/04_analyze/check_templates/select_tasks.o
[71/164] CXX src/04_analyze/collect_symbols/collect.o
[72/164] CXX src/04_analyze/collect_symbols/data/structures.o
[73/164] CXX src/04_analyze/collect_symbols/data/store.o
[74/164] CXX src/04_analyze/instantiate/applications.o
[75/164] CXX src/04_analyze/instantiate/bindings.o
[76/164] CXX src/04_analyze/instantiate/data/context.o
[77/164] CXX src/04_analyze/instantiate/constants.o
[78/164] CXX src/04_analyze/instantiate/data/members.o
[79/164] CXX src/04_analyze/collect_symbols/main_collect_symbols.o
[80/164] CXX src/04_analyze/instantiate/data/applications.o
[81/164] CXX src/04_analyze/instantiate/data/state.o
[82/164] CXX src/04_analyze/instantiate/identities.o
[83/164] CXX src/04_analyze/instantiate/members.o
[84/164] CXX src/04_analyze/instantiate/join.o
[85/164] CXX src/04_analyze/instantiate/data/store.o
[86/164] CXX src/04_analyze/resolve_symbols/data/declarations.o
[87/164] CXX src/04_analyze/instantiate/member_join.o
[88/164] CXX src/04_analyze/instantiate/data/result.o
[89/164] CXX src/04_analyze/resolve_symbols/handlers/expressions.o
[90/164] CXX src/04_analyze/instantiate/data/view.o
[91/164] CXX src/04_analyze/resolve_symbols/data/store.o
[92/164] CXX src/04_analyze/resolve_symbols/data/structures.o
[93/164] CXX src/04_analyze/resolve_symbols/data/traversal.o
[94/164] CXX src/04_analyze/resolve_symbols/data/result.o
[95/164] CXX src/04_analyze/resolve_symbols/body.o
[96/164] CXX src/04_analyze/resolve_symbols/handlers/names.o
[97/164] CXX src/04_analyze/resolve_symbols/handlers/declarations.o
[98/164] CXX src/04_analyze/resolve_symbols/handlers/statements.o
[99/164] CXX src/04_analyze/resolve_symbols/join.o
[100/164] CXX src/04_analyze/resolve_symbols/utilities/function_lookup.o
[101/164] CXX src/04_analyze/resolve_symbols/utilities/declaration_lookup.o
[102/164] CXX src/04_analyze/resolve_symbols/main_resolve_symbols.o
[103/164] CXX src/04_analyze/resolve_symbols/select_tasks.o
[104/164] CXX src/04_analyze/resolve_symbols/utilities/resolution_validity.o
[105/164] CXX src/04_analyze/resolve_types/data/entry_contract.o
[106/164] CXX src/04_analyze/resolve_types/data/lifecycle_bodies.o
[107/164] CXX src/04_analyze/resolve_types/data/entry_selection.o
[108/164] CXX src/04_analyze/resolve_types/data/export_identity.o
[109/164] CXX src/04_analyze/resolve_types/data/result.o
[110/164] CXX src/04_analyze/resolve_types/data/records.o
[111/164] CXX src/04_analyze/resolve_symbols/utilities/binding_coverage.o
[112/164] CXX src/04_analyze/resolve_types/data/signatures.o
[113/164] CXX src/04_analyze/resolve_types/data/signature_set.o
[114/164] CXX src/04_analyze/resolve_types/definition_view.o
[115/164] CXX src/04_analyze/resolve_types/main_prepare_entry.o
[116/164] CXX src/04_analyze/resolve_types/data/type_resolution.o
[117/164] CXX src/04_analyze/resolve_types/lifecycle_composition.o
[118/164] CXX src/04_analyze/resolve_types/select_signatures.o
[119/164] CXX src/04_analyze/resolve_types/record_definitions.o
[120/164] CXX src/04_analyze/resolve_types/source_lifecycle_bodies.o
[121/164] CXX src/04_analyze/resolve_types/records.o
[122/164] CXX src/04_analyze/resolve_types/source_lifecycle.o
[123/164] CXX src/04_analyze/resolve_types/record_join.o
[124/164] CXX src/04_analyze/resolve_types/source_lifecycle_signature.o
[125/164] CXX src/04_analyze/resolve_types/signatures.o
[126/164] CXX src/04_analyze/resolve_types/storage_signatures.o
[127/164] CXX src/04_analyze/resolve_types/signature_join.o
[128/164] CXX src/04_analyze/resolve_types/utilities/annotation_types.o
[129/164] CXX src/04_analyze/resolve_types/storage.o
[130/164] CXX src/04_analyze/resolve_types/utilities/parameter_contracts.o
[131/164] CXX src/04_analyze/resolve_types/utilities/callable_inputs.o
[132/164] CXX src/04_analyze/resolve_types/utilities/signature_validity.o
[133/164] CXX src/04_analyze/type_model/data/callable_modes.o
[134/164] CXX src/04_analyze/resolve_types/utilities/type_cache.o
[135/164] CXX src/04_analyze/type_model/callable_contracts.o
[136/164] CXX src/04_analyze/type_model/data/definitions.o
[137/164] CXX src/04_analyze/type_model/data/lifecycle_roles.o
[138/164] CXX src/04_analyze/type_model/data/callables.o
[139/164] CXX src/04_analyze/type_model/data/context.o
[140/164] CXX src/04_analyze/type_model/data/lifecycle.o
[141/164] CXX src/04_analyze/type_model/data/generic.o
[142/164] CXX src/04_analyze/type_model/data/families.o
[143/164] CXX src/04_analyze/type_model/data/lifetime_policy_codec.o
[144/164] CXX src/04_analyze/type_model/data/native_record_layout.o
[145/164] CXX src/04_analyze/type_model/data/catalog.o
[146/164] CXX src/04_analyze/type_model/data/lifetime_contract.o
[147/164] CXX src/04_analyze/type_model/data/operations.o
[148/164] CXX src/04_analyze/type_model/data/representations.o
[149/164] CXX src/04_analyze/type_model/data/semantic_calls.o
[150/164] CXX src/04_analyze/type_model/data/records.o
[151/164] CXX src/04_analyze/type_model/data/semantic_modes.o
[152/164] CXX src/04_analyze/type_model/data/resources.o
[153/164] CXX src/04_analyze/type_model/result_contracts.o
[154/164] CXX src/04_analyze/type_model/data/type_record.o
[155/164] CXX src/04_analyze/type_model/data/type_references.o
[156/164] CXX src/04_analyze/type_model/data/source_families.o
[157/164] CXX src/05_generate_code/prepare_backend/data/abi.o
[158/164] CXX src/05_generate_code/prepare_backend/data/configuration.o
[159/164] CXX src/04_analyze/type_model/data/store.o
[160/164] CXX src/04_analyze/type_model/data/storage.o
[161/164] CXX src/compile/data/native_project.o
[162/164] CXX src/05_generate_code/prepare_backend/data/source_exports.o
[163/164] CXX src/05_generate_code/prepare_backend/data/layout.o
[164/164] LINK main
Rebuilt outputs: .prism/build/app_pch.hpp.gch, .prism/build/fixture.o, .prism/build/main, .prism/build/main.o, .prism/build/probe.o, .prism/build/scpp_framework/collections.o, .prism/build/scpp_framework/exceptions.o, .prism/build/scpp_framework/filesystem.o, .prism/build/scpp_framework/json_document.o, .prism/build/scpp_framework/strings.o, .prism/build/src/01_prepare_inputs/load_runtime/data/family_preparation.o, .prism/build/src/01_prepare_inputs/load_runtime/data/family_results.o, .prism/build/src/01_prepare_inputs/load_runtime/data/package.o, .prism/build/src/01_prepare_inputs/load_runtime/data/package_bindings.o, .prism/build/src/01_prepare_inputs/load_runtime/data/package_context.o, .prism/build/src/01_prepare_inputs/load_runtime/data/project.o, .prism/build/src/01_prepare_inputs/load_runtime/data/runtime.o, .prism/build/src/01_prepare_inputs/load_runtime/handlers/lifecycle.o, .prism/build/src/01_prepare_inputs/load_runtime/handlers/native_import.o, .prism/build/src/01_prepare_inputs/load_runtime/handlers/package_syntax.o, .prism/build/src/01_prepare_inputs/load_runtime/handlers/package_type_map.o, .prism/build/src/01_prepare_inputs/load_runtime/handlers/package_types.o, .prism/build/src/01_prepare_inputs/load_runtime/handlers/resources.o, .prism/build/src/01_prepare_inputs/load_runtime/handlers/type_exposure.o, .prism/build/src/01_prepare_inputs/load_runtime/main_load_runtime.o, .prism/build/src/01_prepare_inputs/load_runtime/project_import.o, .prism/build/src/01_prepare_inputs/load_runtime/utilities/catalog_syntax.o, .prism/build/src/01_prepare_inputs/read_sources/data/buffer.o, .prism/build/src/02_tokenize/store.o, .prism/build/src/02_tokenize/structures.o, .prism/build/src/02_tokenize/tokenize.o, .prism/build/src/03_parse/data/expression_state.o, .prism/build/src/03_parse/data/nodes.o, .prism/build/src/03_parse/data/result.o, .prism/build/src/03_parse/data/role_views.o, .prism/build/src/03_parse/data/store.o, .prism/build/src/03_parse/data/tree.o, .prism/build/src/03_parse/handlers/control_statements.o, .prism/build/src/03_parse/handlers/declarations.o, .prism/build/src/03_parse/handlers/expressions.o, .prism/build/src/03_parse/handlers/metaprogramming.o, .prism/build/src/03_parse/handlers/statements.o, .prism/build/src/03_parse/join.o, .prism/build/src/03_parse/main_parse.o, .prism/build/src/03_parse/parse_file.o, .prism/build/src/03_parse/select_tasks.o, .prism/build/src/03_parse/utilities/binary_syntax.o, .prism/build/src/03_parse/utilities/metaprogramming_syntax.o, .prism/build/src/03_parse/utilities/struct_member_cursor.o, .prism/build/src/03_parse/utilities/syntax_access.o, .prism/build/src/03_parse/utilities/syntax_comparer.o, .prism/build/src/04_analyze/check_bodies/data/dependencies.o, .prism/build/src/04_analyze/check_bodies/data/flow.o, .prism/build/src/04_analyze/check_bodies/data/places.o, .prism/build/src/04_analyze/check_bodies/data/result.o, .prism/build/src/04_analyze/check_bodies/data/statements.o, .prism/build/src/04_analyze/check_bodies/data/values.o, .prism/build/src/04_analyze/check_bodies/utilities/decimal_range.o, .prism/build/src/04_analyze/check_bodies/utilities/evaluation.o, .prism/build/src/04_analyze/check_bodies/utilities/literals.o, .prism/build/src/04_analyze/check_templates/body.o, .prism/build/src/04_analyze/check_templates/data/interpretation.o, .prism/build/src/04_analyze/check_templates/data/result.o, .prism/build/src/04_analyze/check_templates/data/structures.o, .prism/build/src/04_analyze/check_templates/data/terms.o, .prism/build/src/04_analyze/check_templates/join.o, .prism/build/src/04_analyze/check_templates/main_check_templates.o, .prism/build/src/04_analyze/check_templates/select_tasks.o, .prism/build/src/04_analyze/check_templates/terms.o, .prism/build/src/04_analyze/collect_symbols/collect.o, .prism/build/src/04_analyze/collect_symbols/data/provider_declaration.o, .prism/build/src/04_analyze/collect_symbols/data/result.o, .prism/build/src/04_analyze/collect_symbols/data/store.o, .prism/build/src/04_analyze/collect_symbols/data/structures.o, .prism/build/src/04_analyze/collect_symbols/main_collect_symbols.o, .prism/build/src/04_analyze/instantiate/applications.o, .prism/build/src/04_analyze/instantiate/bindings.o, .prism/build/src/04_analyze/instantiate/constants.o, .prism/build/src/04_analyze/instantiate/data/applications.o, .prism/build/src/04_analyze/instantiate/data/context.o, .prism/build/src/04_analyze/instantiate/data/members.o, .prism/build/src/04_analyze/instantiate/data/result.o, .prism/build/src/04_analyze/instantiate/data/state.o, .prism/build/src/04_analyze/instantiate/data/store.o, .prism/build/src/04_analyze/instantiate/data/view.o, .prism/build/src/04_analyze/instantiate/identities.o, .prism/build/src/04_analyze/instantiate/join.o, .prism/build/src/04_analyze/instantiate/member_join.o, .prism/build/src/04_analyze/instantiate/members.o, .prism/build/src/04_analyze/resolve_symbols/body.o, .prism/build/src/04_analyze/resolve_symbols/data/declarations.o, .prism/build/src/04_analyze/resolve_symbols/data/result.o, .prism/build/src/04_analyze/resolve_symbols/data/store.o, .prism/build/src/04_analyze/resolve_symbols/data/structures.o, .prism/build/src/04_analyze/resolve_symbols/data/traversal.o, .prism/build/src/04_analyze/resolve_symbols/handlers/declarations.o, .prism/build/src/04_analyze/resolve_symbols/handlers/expressions.o, .prism/build/src/04_analyze/resolve_symbols/handlers/names.o, .prism/build/src/04_analyze/resolve_symbols/handlers/statements.o, .prism/build/src/04_analyze/resolve_symbols/join.o, .prism/build/src/04_analyze/resolve_symbols/main_resolve_symbols.o, .prism/build/src/04_analyze/resolve_symbols/select_tasks.o, .prism/build/src/04_analyze/resolve_symbols/utilities/binding_coverage.o, .prism/build/src/04_analyze/resolve_symbols/utilities/declaration_lookup.o, .prism/build/src/04_analyze/resolve_symbols/utilities/function_lookup.o, .prism/build/src/04_analyze/resolve_symbols/utilities/resolution_validity.o, .prism/build/src/04_analyze/resolve_types/data/entry_contract.o, .prism/build/src/04_analyze/resolve_types/data/entry_selection.o, .prism/build/src/04_analyze/resolve_types/data/export_identity.o, .prism/build/src/04_analyze/resolve_types/data/lifecycle_bodies.o, .prism/build/src/04_analyze/resolve_types/data/records.o, .prism/build/src/04_analyze/resolve_types/data/result.o, .prism/build/src/04_analyze/resolve_types/data/signature_set.o, .prism/build/src/04_analyze/resolve_types/data/signatures.o, .prism/build/src/04_analyze/resolve_types/data/type_resolution.o, .prism/build/src/04_analyze/resolve_types/definition_view.o, .prism/build/src/04_analyze/resolve_types/lifecycle_composition.o, .prism/build/src/04_analyze/resolve_types/main_prepare_entry.o, .prism/build/src/04_analyze/resolve_types/record_definitions.o, .prism/build/src/04_analyze/resolve_types/record_join.o, .prism/build/src/04_analyze/resolve_types/records.o, .prism/build/src/04_analyze/resolve_types/select_signatures.o, .prism/build/src/04_analyze/resolve_types/signature_join.o, .prism/build/src/04_analyze/resolve_types/signatures.o, .prism/build/src/04_analyze/resolve_types/source_lifecycle.o, .prism/build/src/04_analyze/resolve_types/source_lifecycle_bodies.o, .prism/build/src/04_analyze/resolve_types/source_lifecycle_signature.o, .prism/build/src/04_analyze/resolve_types/storage.o, .prism/build/src/04_analyze/resolve_types/storage_signatures.o, .prism/build/src/04_analyze/resolve_types/utilities/annotation_types.o, .prism/build/src/04_analyze/resolve_types/utilities/callable_inputs.o, .prism/build/src/04_analyze/resolve_types/utilities/parameter_contracts.o, .prism/build/src/04_analyze/resolve_types/utilities/signature_validity.o, .prism/build/src/04_analyze/resolve_types/utilities/type_cache.o, .prism/build/src/04_analyze/type_model/callable_contracts.o, .prism/build/src/04_analyze/type_model/data/callable_modes.o, .prism/build/src/04_analyze/type_model/data/callables.o, .prism/build/src/04_analyze/type_model/data/catalog.o, .prism/build/src/04_analyze/type_model/data/context.o, .prism/build/src/04_analyze/type_model/data/definitions.o, .prism/build/src/04_analyze/type_model/data/families.o, .prism/build/src/04_analyze/type_model/data/generic.o, .prism/build/src/04_analyze/type_model/data/lifecycle.o, .prism/build/src/04_analyze/type_model/data/lifecycle_roles.o, .prism/build/src/04_analyze/type_model/data/lifetime_contract.o, .prism/build/src/04_analyze/type_model/data/lifetime_policy_codec.o, .prism/build/src/04_analyze/type_model/data/native_record_layout.o, .prism/build/src/04_analyze/type_model/data/operations.o, .prism/build/src/04_analyze/type_model/data/records.o, .prism/build/src/04_analyze/type_model/data/representations.o, .prism/build/src/04_analyze/type_model/data/resources.o, .prism/build/src/04_analyze/type_model/data/semantic_calls.o, .prism/build/src/04_analyze/type_model/data/semantic_modes.o, .prism/build/src/04_analyze/type_model/data/source_families.o, .prism/build/src/04_analyze/type_model/data/storage.o, .prism/build/src/04_analyze/type_model/data/store.o, .prism/build/src/04_analyze/type_model/data/type_record.o, .prism/build/src/04_analyze/type_model/data/type_references.o, .prism/build/src/04_analyze/type_model/result_contracts.o, .prism/build/src/05_generate_code/prepare_backend/data/abi.o, .prism/build/src/05_generate_code/prepare_backend/data/configuration.o, .prism/build/src/05_generate_code/prepare_backend/data/layout.o, .prism/build/src/05_generate_code/prepare_backend/data/source_exports.o, .prism/build/src/compile/data/native_project.o
Tip: set SCPP_NINJA_VERBOSE=1 to show full Ninja command lines.
Build completed: .prism/build/main
