Transpiled PHP files: 198, skipped unchanged: 0
Generated Ninja file: .prism/build/build.ninja
Using compiler: clang++-18 -fuse-ld=mold (gnu_like)
Using build mode: debug
Using build grouping policy: incremental (report_only)
Object cache: disabled (default disabled)
Using repo root: /tmp/scpp-json-240-probe
Resolved project dependency graph: 1 project(s)
Runtime compilation: enabled
Dependency compilation: reuse existing artifacts only
ninja: Entering directory `.prism/build'
[1/200] PCH app_pch.hpp.gch
[2/200] CXX scpp_framework/collections.o
[3/200] CXX src/01_prepare_inputs/load_runtime/data/family_preparation.o
[4/200] CXX scpp_framework/exceptions.o
[5/200] CXX src/01_prepare_inputs/load_runtime/handlers/lifecycle.o
[6/200] CXX src/01_prepare_inputs/load_runtime/data/package_context.o
[7/200] CXX main.o
[8/200] CXX src/01_prepare_inputs/load_runtime/data/package_bindings.o
[9/200] CXX scpp_framework/filesystem.o
[10/200] CXX src/01_prepare_inputs/load_runtime/data/project.o
[11/200] CXX src/01_prepare_inputs/load_runtime/data/runtime.o
[12/200] CXX scpp_framework/strings.o
[13/200] CXX src/01_prepare_inputs/load_runtime/data/family_results.o
[14/200] CXX scpp_framework/json_document.o
[15/200] CXX src/01_prepare_inputs/load_runtime/data/package.o
[16/200] CXX fixture.o
[17/200] CXX probe.o
../generated/probe.cpp:207:2: warning: ignoring return value of function declared with 'nodiscard' attribute [-Wunused-result]
  207 |         exported.remove(string_t("snapshot"));
      |         ^~~~~~~~~~~~~~~ ~~~~~~~~~~~~~~~~~~~~
1 warning generated.
[18/200] CXX src/01_prepare_inputs/load_runtime/handlers/package_syntax.o
[19/200] CXX src/01_prepare_inputs/load_runtime/main_load_runtime.o
[20/200] CXX src/01_prepare_inputs/load_runtime/handlers/native_import.o
[21/200] CXX src/02_tokenize/structures.o
[22/200] CXX src/01_prepare_inputs/read_sources/data/buffer.o
[23/200] CXX src/03_parse/data/expression_state.o
[24/200] CXX src/01_prepare_inputs/load_runtime/handlers/type_exposure.o
[25/200] CXX src/01_prepare_inputs/load_runtime/handlers/resources.o
[26/200] CXX src/02_tokenize/store.o
[27/200] CXX src/01_prepare_inputs/load_runtime/project_import.o
[28/200] CXX src/02_tokenize/tokenize.o
[29/200] CXX src/01_prepare_inputs/load_runtime/utilities/catalog_syntax.o
[30/200] CXX src/03_parse/data/nodes.o
[31/200] CXX src/01_prepare_inputs/load_runtime/handlers/package_types.o
[32/200] CXX src/03_parse/data/result.o
[33/200] CXX src/03_parse/data/role_views.o
[34/200] CXX src/01_prepare_inputs/load_runtime/handlers/package_type_map.o
[35/200] CXX src/03_parse/handlers/control_statements.o
[36/200] CXX src/03_parse/handlers/metaprogramming.o
[37/200] CXX src/03_parse/handlers/statements.o
[38/200] CXX src/03_parse/handlers/declarations.o
[39/200] CXX src/03_parse/data/tree.o
[40/200] CXX src/03_parse/handlers/expressions.o
[41/200] CXX src/03_parse/data/store.o
[42/200] CXX src/03_parse/utilities/metaprogramming_syntax.o
[43/200] CXX src/03_parse/main_parse.o
[44/200] CXX src/03_parse/utilities/struct_member_cursor.o
[45/200] CXX src/03_parse/select_tasks.o
[46/200] CXX src/03_parse/utilities/binary_syntax.o
[47/200] CXX src/03_parse/join.o
[48/200] CXX src/03_parse/parse_file.o
[49/200] CXX src/03_parse/utilities/syntax_access.o
[50/200] CXX src/03_parse/utilities/syntax_comparer.o
[51/200] CXX src/04_analyze/analyze_lifetimes/allocation_calls.o
[52/200] CXX src/04_analyze/analyze_lifetimes/data/allocations.o
[53/200] CXX src/04_analyze/analyze_lifetimes/data/initialization.o
[54/200] CXX src/04_analyze/analyze_lifetimes/data/resource_flow.o
[55/200] CXX src/04_analyze/analyze_lifetimes/data/resource_locations.o
[56/200] CXX src/04_analyze/analyze_lifetimes/data/ownership_tasks.o
[57/200] CXX src/04_analyze/analyze_lifetimes/flow.o
../generated/src/04_analyze/analyze_lifetimes/flow.cpp:31:3: warning: ignoring return value of function declared with 'nodiscard' attribute [-Wunused-result]
   31 |                 queued.remove(id);
      |                 ^~~~~~~~~~~~~ ~~
1 warning generated.
[58/200] CXX src/04_analyze/analyze_lifetimes/data/ownership_contracts.o
[59/200] CXX src/04_analyze/analyze_lifetimes/allocation_traversal.o
[60/200] CXX src/04_analyze/analyze_lifetimes/allocation_flow.o
../generated/src/04_analyze/analyze_lifetimes/allocation_flow.cpp:164:5: warning: ignoring return value of function declared with 'nodiscard' attribute [-Wunused-result]
  164 |                                 queued.remove(id);
      |                                 ^~~~~~~~~~~~~ ~~
1 warning generated.
[61/200] CXX src/04_analyze/analyze_lifetimes/resource_bindings.o
[62/200] CXX src/04_analyze/analyze_lifetimes/ownership_worker.o
[63/200] CXX src/04_analyze/analyze_lifetimes/allocation_pass.o
../generated/src/04_analyze/analyze_lifetimes/allocation_pass.cpp:232:3: warning: ignoring return value of function declared with 'nodiscard' attribute [-Wunused-result]
  232 |                 constructed.remove(value_id);
      |                 ^~~~~~~~~~~~~~~~~~ ~~~~~~~~
../generated/src/04_analyze/analyze_lifetimes/allocation_pass.cpp:279:6: warning: ignoring return value of function declared with 'nodiscard' attribute [-Wunused-result]
  279 |                                         constructed.remove(value_id);
      |                                         ^~~~~~~~~~~~~~~~~~ ~~~~~~~~
2 warnings generated.
[64/200] CXX src/04_analyze/analyze_lifetimes/resource_states.o
[65/200] CXX src/04_analyze/analyze_lifetimes/resource_locations.o
[66/200] CXX src/04_analyze/analyze_lifetimes/resource_calls.o
[67/200] CXX src/04_analyze/check_bodies/data/flow.o
[68/200] CXX src/04_analyze/check_bodies/data/dependencies.o
[69/200] CXX src/04_analyze/check_bodies/data/conversions.o
[70/200] CXX src/04_analyze/check_bodies/data/places.o
[71/200] CXX src/04_analyze/check_bodies/context.o
[72/200] CXX src/04_analyze/check_bodies/data/output.o
[73/200] CXX src/04_analyze/check_bodies/flow.o
[74/200] CXX src/04_analyze/check_bodies/handlers/control_statements.o
[75/200] CXX src/04_analyze/check_bodies/handlers/expressions.o
[76/200] CXX src/04_analyze/check_bodies/body.o
[77/200] CXX src/04_analyze/check_bodies/data/traversal.o
[78/200] CXX src/04_analyze/check_bodies/data/result.o
[79/200] CXX src/04_analyze/check_bodies/data/statements.o
[80/200] CXX src/04_analyze/check_bodies/data/values.o
[81/200] CXX src/04_analyze/check_bodies/handlers/statements.o
[82/200] CXX src/04_analyze/check_bodies/handlers/places.o
[83/200] CXX src/04_analyze/check_bodies/handlers/writes.o
[84/200] CXX src/04_analyze/check_bodies/utilities/byte_literals.o
[85/200] CXX src/04_analyze/check_bodies/utilities/conversions.o
[86/200] CXX src/04_analyze/check_bodies/utilities/decimal_range.o
[87/200] CXX src/04_analyze/check_bodies/utilities/evaluation.o
[88/200] CXX src/04_analyze/check_bodies/utilities/flow_graph.o
[89/200] CXX src/04_analyze/check_bodies/utilities/literals.o
[90/200] CXX src/04_analyze/check_templates/data/interpretation.o
[91/200] CXX src/04_analyze/check_bodies/utilities/operations.o
[92/200] CXX src/04_analyze/check_templates/data/structures.o
[93/200] CXX src/04_analyze/check_templates/main_check_templates.o
[94/200] CXX src/04_analyze/collect_symbols/collect.o
[95/200] CXX src/04_analyze/check_templates/data/terms.o
[96/200] CXX src/04_analyze/check_templates/body.o
[97/200] CXX src/04_analyze/check_templates/select_tasks.o
[98/200] CXX src/04_analyze/check_templates/join.o
[99/200] CXX src/04_analyze/collect_symbols/data/provider_declaration.o
[100/200] CXX src/04_analyze/collect_symbols/data/result.o
[101/200] CXX src/04_analyze/check_templates/data/result.o
[102/200] CXX src/04_analyze/check_templates/terms.o
[103/200] CXX src/04_analyze/collect_symbols/data/structures.o
[104/200] CXX src/04_analyze/instantiate/applications.o
[105/200] CXX src/04_analyze/collect_symbols/main_collect_symbols.o
[106/200] CXX src/04_analyze/instantiate/bindings.o
[107/200] CXX src/04_analyze/collect_symbols/data/store.o
[108/200] CXX src/04_analyze/instantiate/data/applications.o
[109/200] CXX src/04_analyze/instantiate/data/context.o
[110/200] CXX src/04_analyze/instantiate/constants.o
[111/200] CXX src/04_analyze/instantiate/data/state.o
[112/200] CXX src/04_analyze/instantiate/data/members.o
[113/200] CXX src/04_analyze/instantiate/identities.o
[114/200] CXX src/04_analyze/instantiate/members.o
[115/200] CXX src/04_analyze/instantiate/data/view.o
[116/200] CXX src/04_analyze/instantiate/data/result.o
[117/200] CXX src/04_analyze/instantiate/data/store.o
[118/200] CXX src/04_analyze/resolve_symbols/data/declarations.o
[119/200] CXX src/04_analyze/resolve_symbols/handlers/expressions.o
[120/200] CXX src/04_analyze/instantiate/join.o
[121/200] CXX src/04_analyze/resolve_symbols/handlers/declarations.o
[122/200] CXX src/04_analyze/instantiate/member_join.o
[123/200] CXX src/04_analyze/resolve_symbols/data/structures.o
[124/200] CXX src/04_analyze/resolve_symbols/data/traversal.o
[125/200] CXX src/04_analyze/resolve_symbols/data/store.o
[126/200] CXX src/04_analyze/resolve_symbols/data/result.o
[127/200] CXX src/04_analyze/resolve_symbols/handlers/names.o
[128/200] CXX src/04_analyze/resolve_symbols/body.o
[129/200] CXX src/04_analyze/resolve_symbols/handlers/statements.o
[130/200] CXX src/04_analyze/resolve_symbols/main_resolve_symbols.o
[131/200] CXX src/04_analyze/resolve_types/data/lifecycle_bodies.o
[132/200] CXX src/04_analyze/resolve_symbols/join.o
[133/200] CXX src/04_analyze/resolve_types/data/records.o
[134/200] CXX src/04_analyze/resolve_symbols/utilities/function_lookup.o
[135/200] CXX src/04_analyze/resolve_symbols/utilities/resolution_validity.o
[136/200] CXX src/04_analyze/resolve_symbols/utilities/declaration_lookup.o
[137/200] CXX src/04_analyze/resolve_symbols/select_tasks.o
[138/200] CXX src/04_analyze/resolve_types/data/entry_selection.o
[139/200] CXX src/04_analyze/resolve_types/data/export_identity.o
[140/200] CXX src/04_analyze/resolve_symbols/utilities/binding_coverage.o
[141/200] CXX src/04_analyze/resolve_types/construction_types.o
[142/200] CXX src/04_analyze/resolve_types/data/entry_contract.o
[143/200] CXX src/04_analyze/resolve_types/data/locals.o
[144/200] CXX src/04_analyze/resolve_types/data/result.o
[145/200] CXX src/04_analyze/resolve_types/data/signature_set.o
[146/200] CXX src/04_analyze/resolve_types/data/signatures.o
[147/200] CXX src/04_analyze/resolve_types/definition_view.o
[148/200] CXX src/04_analyze/resolve_types/select_signatures.o
[149/200] CXX src/04_analyze/resolve_types/local_join.o
[150/200] CXX src/04_analyze/resolve_types/locals.o
[151/200] CXX src/04_analyze/resolve_types/record_definitions.o
[152/200] CXX src/04_analyze/resolve_types/main_prepare_entry.o
[153/200] CXX src/04_analyze/resolve_types/lifecycle_composition.o
[154/200] CXX src/04_analyze/resolve_types/source_lifecycle.o
[155/200] CXX src/04_analyze/resolve_types/data/type_resolution.o
[156/200] CXX src/04_analyze/resolve_types/source_lifecycle_bodies.o
[157/200] CXX src/04_analyze/resolve_types/records.o
[158/200] CXX src/04_analyze/resolve_types/signature_join.o
[159/200] CXX src/04_analyze/resolve_types/signatures.o
[160/200] CXX src/04_analyze/resolve_types/record_join.o
[161/200] CXX src/04_analyze/resolve_types/storage.o
[162/200] CXX src/04_analyze/resolve_types/source_lifecycle_signature.o
[163/200] CXX src/04_analyze/resolve_types/utilities/annotation_types.o
[164/200] CXX src/04_analyze/resolve_types/storage_signatures.o
[165/200] CXX src/04_analyze/resolve_types/utilities/parameter_contracts.o
[166/200] CXX src/04_analyze/resolve_types/utilities/signature_validity.o
[167/200] CXX src/04_analyze/resolve_types/utilities/callable_inputs.o
[168/200] CXX src/04_analyze/resolve_types/utilities/local_type_validity.o
[169/200] CXX src/04_analyze/type_model/data/callables.o
[170/200] CXX src/04_analyze/resolve_types/utilities/type_cache.o
[171/200] CXX src/04_analyze/type_model/callable_contracts.o
[172/200] CXX src/04_analyze/type_model/data/callable_modes.o
[173/200] CXX src/04_analyze/type_model/data/definitions.o
[174/200] CXX src/04_analyze/type_model/data/context.o
[175/200] CXX src/04_analyze/type_model/data/catalog.o
[176/200] CXX src/04_analyze/type_model/data/families.o
[177/200] CXX src/04_analyze/type_model/data/lifecycle_roles.o
[178/200] CXX src/04_analyze/type_model/data/generic.o
[179/200] CXX src/04_analyze/type_model/data/lifecycle.o
[180/200] CXX src/04_analyze/type_model/data/native_record_layout.o
[181/200] CXX src/04_analyze/type_model/data/lifetime_policy_codec.o
[182/200] CXX src/04_analyze/type_model/data/lifetime_contract.o
[183/200] CXX src/04_analyze/type_model/data/operations.o
[184/200] CXX src/04_analyze/type_model/data/representations.o
[185/200] CXX src/04_analyze/type_model/data/records.o
[186/200] CXX src/04_analyze/type_model/data/semantic_modes.o
[187/200] CXX src/04_analyze/type_model/data/semantic_calls.o
[188/200] CXX src/04_analyze/type_model/data/source_families.o
[189/200] CXX src/04_analyze/type_model/data/resources.o
[190/200] CXX src/04_analyze/type_model/data/type_record.o
[191/200] CXX src/04_analyze/type_model/result_contracts.o
[192/200] CXX src/04_analyze/type_model/data/type_references.o
[193/200] CXX src/05_generate_code/prepare_backend/data/abi.o
[194/200] CXX src/04_analyze/type_model/data/storage.o
[195/200] CXX src/05_generate_code/prepare_backend/data/configuration.o
[196/200] CXX src/05_generate_code/prepare_backend/data/layout.o
[197/200] CXX src/compile/data/native_project.o
[198/200] CXX src/04_analyze/type_model/data/store.o
[199/200] CXX src/05_generate_code/prepare_backend/data/source_exports.o
[200/200] LINK main
Rebuilt outputs: .prism/build/app_pch.hpp.gch, .prism/build/fixture.o, .prism/build/main, .prism/build/main.o, .prism/build/probe.o, .prism/build/scpp_framework/collections.o, .prism/build/scpp_framework/exceptions.o, .prism/build/scpp_framework/filesystem.o, .prism/build/scpp_framework/json_document.o, .prism/build/scpp_framework/strings.o, .prism/build/src/01_prepare_inputs/load_runtime/data/family_preparation.o, .prism/build/src/01_prepare_inputs/load_runtime/data/family_results.o, .prism/build/src/01_prepare_inputs/load_runtime/data/package.o, .prism/build/src/01_prepare_inputs/load_runtime/data/package_bindings.o, .prism/build/src/01_prepare_inputs/load_runtime/data/package_context.o, .prism/build/src/01_prepare_inputs/load_runtime/data/project.o, .prism/build/src/01_prepare_inputs/load_runtime/data/runtime.o, .prism/build/src/01_prepare_inputs/load_runtime/handlers/lifecycle.o, .prism/build/src/01_prepare_inputs/load_runtime/handlers/native_import.o, .prism/build/src/01_prepare_inputs/load_runtime/handlers/package_syntax.o, .prism/build/src/01_prepare_inputs/load_runtime/handlers/package_type_map.o, .prism/build/src/01_prepare_inputs/load_runtime/handlers/package_types.o, .prism/build/src/01_prepare_inputs/load_runtime/handlers/resources.o, .prism/build/src/01_prepare_inputs/load_runtime/handlers/type_exposure.o, .prism/build/src/01_prepare_inputs/load_runtime/main_load_runtime.o, .prism/build/src/01_prepare_inputs/load_runtime/project_import.o, .prism/build/src/01_prepare_inputs/load_runtime/utilities/catalog_syntax.o, .prism/build/src/01_prepare_inputs/read_sources/data/buffer.o, .prism/build/src/02_tokenize/store.o, .prism/build/src/02_tokenize/structures.o, .prism/build/src/02_tokenize/tokenize.o, .prism/build/src/03_parse/data/expression_state.o, .prism/build/src/03_parse/data/nodes.o, .prism/build/src/03_parse/data/result.o, .prism/build/src/03_parse/data/role_views.o, .prism/build/src/03_parse/data/store.o, .prism/build/src/03_parse/data/tree.o, .prism/build/src/03_parse/handlers/control_statements.o, .prism/build/src/03_parse/handlers/declarations.o, .prism/build/src/03_parse/handlers/expressions.o, .prism/build/src/03_parse/handlers/metaprogramming.o, .prism/build/src/03_parse/handlers/statements.o, .prism/build/src/03_parse/join.o, .prism/build/src/03_parse/main_parse.o, .prism/build/src/03_parse/parse_file.o, .prism/build/src/03_parse/select_tasks.o, .prism/build/src/03_parse/utilities/binary_syntax.o, .prism/build/src/03_parse/utilities/metaprogramming_syntax.o, .prism/build/src/03_parse/utilities/struct_member_cursor.o, .prism/build/src/03_parse/utilities/syntax_access.o, .prism/build/src/03_parse/utilities/syntax_comparer.o, .prism/build/src/04_analyze/analyze_lifetimes/allocation_calls.o, .prism/build/src/04_analyze/analyze_lifetimes/allocation_flow.o, .prism/build/src/04_analyze/analyze_lifetimes/allocation_pass.o, .prism/build/src/04_analyze/analyze_lifetimes/allocation_traversal.o, .prism/build/src/04_analyze/analyze_lifetimes/data/allocations.o, .prism/build/src/04_analyze/analyze_lifetimes/data/initialization.o, .prism/build/src/04_analyze/analyze_lifetimes/data/ownership_contracts.o, .prism/build/src/04_analyze/analyze_lifetimes/data/ownership_tasks.o, .prism/build/src/04_analyze/analyze_lifetimes/data/resource_flow.o, .prism/build/src/04_analyze/analyze_lifetimes/data/resource_locations.o, .prism/build/src/04_analyze/analyze_lifetimes/flow.o, .prism/build/src/04_analyze/analyze_lifetimes/ownership_worker.o, .prism/build/src/04_analyze/analyze_lifetimes/resource_bindings.o, .prism/build/src/04_analyze/analyze_lifetimes/resource_calls.o, .prism/build/src/04_analyze/analyze_lifetimes/resource_locations.o, .prism/build/src/04_analyze/analyze_lifetimes/resource_states.o, .prism/build/src/04_analyze/check_bodies/body.o, .prism/build/src/04_analyze/check_bodies/context.o, .prism/build/src/04_analyze/check_bodies/data/conversions.o, .prism/build/src/04_analyze/check_bodies/data/dependencies.o, .prism/build/src/04_analyze/check_bodies/data/flow.o, .prism/build/src/04_analyze/check_bodies/data/output.o, .prism/build/src/04_analyze/check_bodies/data/places.o, .prism/build/src/04_analyze/check_bodies/data/result.o, .prism/build/src/04_analyze/check_bodies/data/statements.o, .prism/build/src/04_analyze/check_bodies/data/traversal.o, .prism/build/src/04_analyze/check_bodies/data/values.o, .prism/build/src/04_analyze/check_bodies/flow.o, .prism/build/src/04_analyze/check_bodies/handlers/control_statements.o, .prism/build/src/04_analyze/check_bodies/handlers/expressions.o, .prism/build/src/04_analyze/check_bodies/handlers/places.o, .prism/build/src/04_analyze/check_bodies/handlers/statements.o, .prism/build/src/04_analyze/check_bodies/handlers/writes.o, .prism/build/src/04_analyze/check_bodies/utilities/byte_literals.o, .prism/build/src/04_analyze/check_bodies/utilities/conversions.o, .prism/build/src/04_analyze/check_bodies/utilities/decimal_range.o, .prism/build/src/04_analyze/check_bodies/utilities/evaluation.o, .prism/build/src/04_analyze/check_bodies/utilities/flow_graph.o, .prism/build/src/04_analyze/check_bodies/utilities/literals.o, .prism/build/src/04_analyze/check_bodies/utilities/operations.o, .prism/build/src/04_analyze/check_templates/body.o, .prism/build/src/04_analyze/check_templates/data/interpretation.o, .prism/build/src/04_analyze/check_templates/data/result.o, .prism/build/src/04_analyze/check_templates/data/structures.o, .prism/build/src/04_analyze/check_templates/data/terms.o, .prism/build/src/04_analyze/check_templates/join.o, .prism/build/src/04_analyze/check_templates/main_check_templates.o, .prism/build/src/04_analyze/check_templates/select_tasks.o, .prism/build/src/04_analyze/check_templates/terms.o, .prism/build/src/04_analyze/collect_symbols/collect.o, .prism/build/src/04_analyze/collect_symbols/data/provider_declaration.o, .prism/build/src/04_analyze/collect_symbols/data/result.o, .prism/build/src/04_analyze/collect_symbols/data/store.o, .prism/build/src/04_analyze/collect_symbols/data/structures.o, .prism/build/src/04_analyze/collect_symbols/main_collect_symbols.o, .prism/build/src/04_analyze/instantiate/applications.o, .prism/build/src/04_analyze/instantiate/bindings.o, .prism/build/src/04_analyze/instantiate/constants.o, .prism/build/src/04_analyze/instantiate/data/applications.o, .prism/build/src/04_analyze/instantiate/data/context.o, .prism/build/src/04_analyze/instantiate/data/members.o, .prism/build/src/04_analyze/instantiate/data/result.o, .prism/build/src/04_analyze/instantiate/data/state.o, .prism/build/src/04_analyze/instantiate/data/store.o, .prism/build/src/04_analyze/instantiate/data/view.o, .prism/build/src/04_analyze/instantiate/identities.o, .prism/build/src/04_analyze/instantiate/join.o, .prism/build/src/04_analyze/instantiate/member_join.o, .prism/build/src/04_analyze/instantiate/members.o, .prism/build/src/04_analyze/resolve_symbols/body.o, .prism/build/src/04_analyze/resolve_symbols/data/declarations.o, .prism/build/src/04_analyze/resolve_symbols/data/result.o, .prism/build/src/04_analyze/resolve_symbols/data/store.o, .prism/build/src/04_analyze/resolve_symbols/data/structures.o, .prism/build/src/04_analyze/resolve_symbols/data/traversal.o, .prism/build/src/04_analyze/resolve_symbols/handlers/declarations.o, .prism/build/src/04_analyze/resolve_symbols/handlers/expressions.o, .prism/build/src/04_analyze/resolve_symbols/handlers/names.o, .prism/build/src/04_analyze/resolve_symbols/handlers/statements.o, .prism/build/src/04_analyze/resolve_symbols/join.o, .prism/build/src/04_analyze/resolve_symbols/main_resolve_symbols.o, .prism/build/src/04_analyze/resolve_symbols/select_tasks.o, .prism/build/src/04_analyze/resolve_symbols/utilities/binding_coverage.o, .prism/build/src/04_analyze/resolve_symbols/utilities/declaration_lookup.o, .prism/build/src/04_analyze/resolve_symbols/utilities/function_lookup.o, .prism/build/src/04_analyze/resolve_symbols/utilities/resolution_validity.o, .prism/build/src/04_analyze/resolve_types/construction_types.o, .prism/build/src/04_analyze/resolve_types/data/entry_contract.o, .prism/build/src/04_analyze/resolve_types/data/entry_selection.o, .prism/build/src/04_analyze/resolve_types/data/export_identity.o, .prism/build/src/04_analyze/resolve_types/data/lifecycle_bodies.o, .prism/build/src/04_analyze/resolve_types/data/locals.o, .prism/build/src/04_analyze/resolve_types/data/records.o, .prism/build/src/04_analyze/resolve_types/data/result.o, .prism/build/src/04_analyze/resolve_types/data/signature_set.o, .prism/build/src/04_analyze/resolve_types/data/signatures.o, .prism/build/src/04_analyze/resolve_types/data/type_resolution.o, .prism/build/src/04_analyze/resolve_types/definition_view.o, .prism/build/src/04_analyze/resolve_types/lifecycle_composition.o, .prism/build/src/04_analyze/resolve_types/local_join.o, .prism/build/src/04_analyze/resolve_types/locals.o, .prism/build/src/04_analyze/resolve_types/main_prepare_entry.o, .prism/build/src/04_analyze/resolve_types/record_definitions.o, .prism/build/src/04_analyze/resolve_types/record_join.o, .prism/build/src/04_analyze/resolve_types/records.o, .prism/build/src/04_analyze/resolve_types/select_signatures.o, .prism/build/src/04_analyze/resolve_types/signature_join.o, .prism/build/src/04_analyze/resolve_types/signatures.o, .prism/build/src/04_analyze/resolve_types/source_lifecycle.o, .prism/build/src/04_analyze/resolve_types/source_lifecycle_bodies.o, .prism/build/src/04_analyze/resolve_types/source_lifecycle_signature.o, .prism/build/src/04_analyze/resolve_types/storage.o, .prism/build/src/04_analyze/resolve_types/storage_signatures.o, .prism/build/src/04_analyze/resolve_types/utilities/annotation_types.o, .prism/build/src/04_analyze/resolve_types/utilities/callable_inputs.o, .prism/build/src/04_analyze/resolve_types/utilities/local_type_validity.o, .prism/build/src/04_analyze/resolve_types/utilities/parameter_contracts.o, .prism/build/src/04_analyze/resolve_types/utilities/signature_validity.o, .prism/build/src/04_analyze/resolve_types/utilities/type_cache.o, .prism/build/src/04_analyze/type_model/callable_contracts.o, .prism/build/src/04_analyze/type_model/data/callable_modes.o, .prism/build/src/04_analyze/type_model/data/callables.o, .prism/build/src/04_analyze/type_model/data/catalog.o, .prism/build/src/04_analyze/type_model/data/context.o, .prism/build/src/04_analyze/type_model/data/definitions.o, .prism/build/src/04_analyze/type_model/data/families.o, .prism/build/src/04_analyze/type_model/data/generic.o, .prism/build/src/04_analyze/type_model/data/lifecycle.o, .prism/build/src/04_analyze/type_model/data/lifecycle_roles.o, .prism/build/src/04_analyze/type_model/data/lifetime_contract.o, .prism/build/src/04_analyze/type_model/data/lifetime_policy_codec.o, .prism/build/src/04_analyze/type_model/data/native_record_layout.o, .prism/build/src/04_analyze/type_model/data/operations.o, .prism/build/src/04_analyze/type_model/data/records.o, .prism/build/src/04_analyze/type_model/data/representations.o, .prism/build/src/04_analyze/type_model/data/resources.o, .prism/build/src/04_analyze/type_model/data/semantic_calls.o, .prism/build/src/04_analyze/type_model/data/semantic_modes.o, .prism/build/src/04_analyze/type_model/data/source_families.o, .prism/build/src/04_analyze/type_model/data/storage.o, .prism/build/src/04_analyze/type_model/data/store.o, .prism/build/src/04_analyze/type_model/data/type_record.o, .prism/build/src/04_analyze/type_model/data/type_references.o, .prism/build/src/04_analyze/type_model/result_contracts.o, .prism/build/src/05_generate_code/prepare_backend/data/abi.o, .prism/build/src/05_generate_code/prepare_backend/data/configuration.o, .prism/build/src/05_generate_code/prepare_backend/data/layout.o, .prism/build/src/05_generate_code/prepare_backend/data/source_exports.o, .prism/build/src/compile/data/native_project.o
Tip: set SCPP_NINJA_VERBOSE=1 to show full Ninja command lines.
Build completed: .prism/build/main
