Transpiled PHP files: 38, skipped unchanged: 0
Generated Ninja file: .prism/build/build.ninja
Using compiler: clang++-18 -fuse-ld=mold (gnu_like)
Using build mode: debug
Using build grouping policy: incremental (report_only)
Object cache: disabled (default disabled)
Using repo root: /tmp/scpp-json-240-probe
Resolved project dependency graph: 1 project(s)
Runtime compilation: enabled
Dependency compilation: reuse existing artifacts only
ninja: Entering directory `.prism/build'
[1/40] PCH app_pch.hpp.gch
[2/40] CXX src/04_analyze/type_model/data/callable_modes.o
[3/40] CXX src/04_analyze/type_model/data/context.o
[4/40] CXX scpp_framework/collections.o
[5/40] CXX src/04_analyze/resolve_types/data/lifecycle_bodies.o
[6/40] CXX scpp_framework/exceptions.o
[7/40] CXX src/04_analyze/type_model/data/callables.o
[8/40] CXX src/04_analyze/type_model/data/definitions.o
[9/40] CXX scpp_framework/filesystem.o
[10/40] CXX scpp_framework/strings.o
[11/40] CXX src/04_analyze/resolve_types/utilities/type_cache.o
[12/40] CXX src/04_analyze/resolve_types/lifecycle_composition.o
[13/40] CXX src/04_analyze/type_model/data/catalog.o
[14/40] CXX main.o
[15/40] CXX scpp_framework/json_document.o
[16/40] CXX src/01_prepare_inputs/load_runtime/utilities/catalog_syntax.o
[17/40] CXX probe.o
[18/40] CXX src/04_analyze/type_model/data/lifecycle_roles.o
[19/40] CXX src/04_analyze/type_model/data/lifetime_policy_codec.o
[20/40] CXX src/04_analyze/type_model/data/native_record_layout.o
[21/40] CXX src/04_analyze/type_model/data/semantic_calls.o
[22/40] CXX src/04_analyze/type_model/data/representations.o
[23/40] CXX src/04_analyze/type_model/data/lifecycle.o
[24/40] CXX src/04_analyze/type_model/data/lifetime_contract.o
[25/40] CXX src/04_analyze/type_model/data/records.o
[26/40] CXX src/04_analyze/type_model/data/semantic_modes.o
[27/40] CXX src/04_analyze/type_model/data/type_record.o
[28/40] CXX src/04_analyze/type_model/data/resources.o
[29/40] CXX src/04_analyze/type_model/data/type_references.o
[30/40] CXX src/05_generate_code/prepare_backend/data/configuration.o
[31/40] CXX src/04_analyze/type_model/result_contracts.o
[32/40] CXX src/04_analyze/type_model/data/storage.o
[33/40] CXX src/05_generate_code/prepare_backend/data/layout_capture.o
[34/40] CXX src/05_generate_code/prepare_backend/utilities/layout_ids.o
[35/40] CXX src/04_analyze/type_model/data/store.o
[36/40] CXX src/05_generate_code/prepare_backend/data/layout.o
[37/40] CXX src/05_generate_code/prepare_backend/layout_selection.o
[38/40] CXX src/05_generate_code/prepare_backend/utilities/llvm_storage.o
[39/40] CXX src/05_generate_code/prepare_backend/layout_capture.o
[40/40] LINK main
Rebuilt outputs: .prism/build/app_pch.hpp.gch, .prism/build/main, .prism/build/main.o, .prism/build/probe.o, .prism/build/scpp_framework/collections.o, .prism/build/scpp_framework/exceptions.o, .prism/build/scpp_framework/filesystem.o, .prism/build/scpp_framework/json_document.o, .prism/build/scpp_framework/strings.o, .prism/build/src/01_prepare_inputs/load_runtime/utilities/catalog_syntax.o, .prism/build/src/04_analyze/resolve_types/data/lifecycle_bodies.o, .prism/build/src/04_analyze/resolve_types/lifecycle_composition.o, .prism/build/src/04_analyze/resolve_types/utilities/type_cache.o, .prism/build/src/04_analyze/type_model/data/callable_modes.o, .prism/build/src/04_analyze/type_model/data/callables.o, .prism/build/src/04_analyze/type_model/data/catalog.o, .prism/build/src/04_analyze/type_model/data/context.o, .prism/build/src/04_analyze/type_model/data/definitions.o, .prism/build/src/04_analyze/type_model/data/lifecycle.o, .prism/build/src/04_analyze/type_model/data/lifecycle_roles.o, .prism/build/src/04_analyze/type_model/data/lifetime_contract.o, .prism/build/src/04_analyze/type_model/data/lifetime_policy_codec.o, .prism/build/src/04_analyze/type_model/data/native_record_layout.o, .prism/build/src/04_analyze/type_model/data/records.o, .prism/build/src/04_analyze/type_model/data/representations.o, .prism/build/src/04_analyze/type_model/data/resources.o, .prism/build/src/04_analyze/type_model/data/semantic_calls.o, .prism/build/src/04_analyze/type_model/data/semantic_modes.o, .prism/build/src/04_analyze/type_model/data/storage.o, .prism/build/src/04_analyze/type_model/data/store.o, .prism/build/src/04_analyze/type_model/data/type_record.o, .prism/build/src/04_analyze/type_model/data/type_references.o, .prism/build/src/04_analyze/type_model/result_contracts.o, .prism/build/src/05_generate_code/prepare_backend/data/configuration.o, .prism/build/src/05_generate_code/prepare_backend/data/layout.o, .prism/build/src/05_generate_code/prepare_backend/data/layout_capture.o, .prism/build/src/05_generate_code/prepare_backend/layout_capture.o, .prism/build/src/05_generate_code/prepare_backend/layout_selection.o, .prism/build/src/05_generate_code/prepare_backend/utilities/layout_ids.o, .prism/build/src/05_generate_code/prepare_backend/utilities/llvm_storage.o
Tip: set SCPP_NINJA_VERBOSE=1 to show full Ninja command lines.
Build completed: .prism/build/main
