Transpiled PHP files: 108, skipped unchanged: 0
Generated Ninja file: .prism/build/build.ninja
Using compiler: clang++-18 -fuse-ld=mold (gnu_like)
Using build mode: debug
Using build grouping policy: incremental (report_only)
Object cache: disabled (default disabled)
Using repo root: /tmp/scpp-json-240-probe
Resolved project dependency graph: 1 project(s)
Runtime compilation: enabled
Dependency compilation: reuse existing artifacts only
ninja: Entering directory `.prism/build'
[1/110] PCH app_pch.hpp.gch
[2/110] CXX src/01_prepare_inputs/read_sources/data/buffer.o
[3/110] CXX src/02_tokenize/structures.o
[4/110] CXX scpp_framework/collections.o
[5/110] CXX src/01_prepare_inputs/load_runtime/main_load_runtime.o
[6/110] CXX src/03_parse/data/expression_state.o
[7/110] CXX src/03_parse/data/result.o
[8/110] CXX scpp_framework/exceptions.o
[9/110] CXX src/02_tokenize/tokenize.o
[10/110] CXX src/02_tokenize/store.o
[11/110] CXX src/03_parse/data/nodes.o
[12/110] CXX scpp_framework/json_document.o
[13/110] CXX scpp_framework/filesystem.o
[14/110] CXX scpp_framework/strings.o
[15/110] CXX src/01_prepare_inputs/load_runtime/utilities/catalog_syntax.o
[16/110] CXX main.o
[17/110] CXX src/03_parse/data/role_views.o
[18/110] CXX src/03_parse/handlers/expressions.o
[19/110] CXX src/03_parse/handlers/control_statements.o
[20/110] CXX probe.o
[21/110] CXX src/03_parse/data/tree.o
[22/110] CXX src/03_parse/handlers/declarations.o
[23/110] CXX src/03_parse/data/store.o
[24/110] CXX src/03_parse/main_parse.o
[25/110] CXX src/03_parse/handlers/statements.o
[26/110] CXX src/03_parse/handlers/metaprogramming.o
[27/110] CXX src/03_parse/select_tasks.o
[28/110] CXX src/03_parse/utilities/metaprogramming_syntax.o
[29/110] CXX src/03_parse/utilities/struct_member_cursor.o
[30/110] CXX src/03_parse/utilities/binary_syntax.o
[31/110] CXX src/03_parse/join.o
[32/110] CXX src/03_parse/parse_file.o
[33/110] CXX src/03_parse/utilities/syntax_access.o
[34/110] CXX src/04_analyze/check_bodies/utilities/decimal_range.o
[35/110] CXX src/04_analyze/check_bodies/utilities/literals.o
[36/110] CXX src/03_parse/utilities/syntax_comparer.o
[37/110] CXX src/04_analyze/check_templates/data/interpretation.o
[38/110] CXX src/04_analyze/check_templates/data/structures.o
[39/110] CXX src/04_analyze/check_templates/data/terms.o
[40/110] CXX src/04_analyze/check_templates/body.o
[41/110] CXX src/04_analyze/check_templates/data/result.o
[42/110] CXX src/04_analyze/check_templates/join.o
[43/110] CXX src/04_analyze/collect_symbols/collect.o
[44/110] CXX src/04_analyze/check_templates/main_check_templates.o
[45/110] CXX src/04_analyze/check_templates/select_tasks.o
[46/110] CXX src/04_analyze/collect_symbols/data/result.o
[47/110] CXX src/04_analyze/collect_symbols/data/provider_declaration.o
[48/110] CXX src/04_analyze/collect_symbols/data/structures.o
[49/110] CXX src/04_analyze/check_templates/terms.o
[50/110] CXX src/04_analyze/instantiate/bindings.o
[51/110] CXX src/04_analyze/instantiate/constants.o
[52/110] CXX src/04_analyze/instantiate/data/context.o
[53/110] CXX src/04_analyze/collect_symbols/data/store.o
[54/110] CXX src/04_analyze/collect_symbols/main_collect_symbols.o
[55/110] CXX src/04_analyze/resolve_symbols/handlers/declarations.o
[56/110] CXX src/04_analyze/instantiate/identities.o
[57/110] CXX src/04_analyze/instantiate/data/state.o
[58/110] CXX src/04_analyze/resolve_symbols/data/traversal.o
[59/110] CXX src/04_analyze/resolve_symbols/data/declarations.o
[60/110] CXX src/04_analyze/instantiate/data/result.o
[61/110] CXX src/04_analyze/instantiate/data/view.o
[62/110] CXX src/04_analyze/resolve_symbols/data/store.o
[63/110] CXX src/04_analyze/resolve_symbols/data/structures.o
[64/110] CXX src/04_analyze/resolve_symbols/handlers/expressions.o
[65/110] CXX src/04_analyze/resolve_symbols/handlers/names.o
[66/110] CXX src/04_analyze/resolve_symbols/data/result.o
[67/110] CXX src/04_analyze/resolve_symbols/handlers/statements.o
[68/110] CXX src/04_analyze/instantiate/data/store.o
[69/110] CXX src/04_analyze/resolve_symbols/join.o
[70/110] CXX src/04_analyze/resolve_symbols/body.o
[71/110] CXX src/04_analyze/resolve_symbols/main_resolve_symbols.o
[72/110] CXX src/04_analyze/resolve_types/data/entry_contract.o
[73/110] CXX src/04_analyze/resolve_symbols/select_tasks.o
[74/110] CXX src/04_analyze/resolve_symbols/utilities/declaration_lookup.o
[75/110] CXX src/04_analyze/resolve_types/data/entry_selection.o
[76/110] CXX src/04_analyze/resolve_symbols/utilities/function_lookup.o
[77/110] CXX src/04_analyze/resolve_symbols/utilities/resolution_validity.o
[78/110] CXX src/04_analyze/resolve_types/data/lifecycle_bodies.o
[79/110] CXX src/04_analyze/resolve_symbols/utilities/binding_coverage.o
[80/110] CXX src/04_analyze/resolve_types/definition_view.o
[81/110] CXX src/04_analyze/resolve_types/main_prepare_entry.o
[82/110] CXX src/04_analyze/resolve_types/lifecycle_composition.o
[83/110] CXX src/04_analyze/resolve_types/source_lifecycle.o
[84/110] CXX src/04_analyze/type_model/data/callable_modes.o
[85/110] CXX src/04_analyze/type_model/data/context.o
[86/110] CXX src/04_analyze/type_model/data/generic.o
[87/110] CXX src/04_analyze/resolve_types/utilities/annotation_types.o
[88/110] CXX src/04_analyze/resolve_types/record_definitions.o
[89/110] CXX src/04_analyze/type_model/data/callables.o
[90/110] CXX src/04_analyze/type_model/data/catalog.o
[91/110] CXX src/04_analyze/type_model/data/lifecycle_roles.o
[92/110] CXX src/04_analyze/type_model/data/definitions.o
[93/110] CXX src/04_analyze/resolve_types/utilities/type_cache.o
[94/110] CXX src/04_analyze/type_model/data/lifecycle.o
[95/110] CXX src/04_analyze/type_model/data/families.o
[96/110] CXX src/04_analyze/type_model/data/lifetime_contract.o
[97/110] CXX src/04_analyze/type_model/data/lifetime_policy_codec.o
[98/110] CXX src/04_analyze/type_model/data/records.o
[99/110] CXX src/04_analyze/type_model/data/representations.o
[100/110] CXX src/04_analyze/type_model/data/native_record_layout.o
[101/110] CXX src/04_analyze/type_model/data/semantic_modes.o
[102/110] CXX src/04_analyze/type_model/data/semantic_calls.o
[103/110] CXX src/04_analyze/type_model/result_contracts.o
[104/110] CXX src/04_analyze/type_model/data/type_record.o
[105/110] CXX src/04_analyze/type_model/data/resources.o
[106/110] CXX src/04_analyze/type_model/data/source_families.o
[107/110] CXX src/04_analyze/type_model/data/type_references.o
[108/110] CXX src/04_analyze/type_model/data/storage.o
[109/110] CXX src/04_analyze/type_model/data/store.o
[110/110] LINK main
Rebuilt outputs: .prism/build/app_pch.hpp.gch, .prism/build/main, .prism/build/main.o, .prism/build/probe.o, .prism/build/scpp_framework/collections.o, .prism/build/scpp_framework/exceptions.o, .prism/build/scpp_framework/filesystem.o, .prism/build/scpp_framework/json_document.o, .prism/build/scpp_framework/strings.o, .prism/build/src/01_prepare_inputs/load_runtime/main_load_runtime.o, .prism/build/src/01_prepare_inputs/load_runtime/utilities/catalog_syntax.o, .prism/build/src/01_prepare_inputs/read_sources/data/buffer.o, .prism/build/src/02_tokenize/store.o, .prism/build/src/02_tokenize/structures.o, .prism/build/src/02_tokenize/tokenize.o, .prism/build/src/03_parse/data/expression_state.o, .prism/build/src/03_parse/data/nodes.o, .prism/build/src/03_parse/data/result.o, .prism/build/src/03_parse/data/role_views.o, .prism/build/src/03_parse/data/store.o, .prism/build/src/03_parse/data/tree.o, .prism/build/src/03_parse/handlers/control_statements.o, .prism/build/src/03_parse/handlers/declarations.o, .prism/build/src/03_parse/handlers/expressions.o, .prism/build/src/03_parse/handlers/metaprogramming.o, .prism/build/src/03_parse/handlers/statements.o, .prism/build/src/03_parse/join.o, .prism/build/src/03_parse/main_parse.o, .prism/build/src/03_parse/parse_file.o, .prism/build/src/03_parse/select_tasks.o, .prism/build/src/03_parse/utilities/binary_syntax.o, .prism/build/src/03_parse/utilities/metaprogramming_syntax.o, .prism/build/src/03_parse/utilities/struct_member_cursor.o, .prism/build/src/03_parse/utilities/syntax_access.o, .prism/build/src/03_parse/utilities/syntax_comparer.o, .prism/build/src/04_analyze/check_bodies/utilities/decimal_range.o, .prism/build/src/04_analyze/check_bodies/utilities/literals.o, .prism/build/src/04_analyze/check_templates/body.o, .prism/build/src/04_analyze/check_templates/data/interpretation.o, .prism/build/src/04_analyze/check_templates/data/result.o, .prism/build/src/04_analyze/check_templates/data/structures.o, .prism/build/src/04_analyze/check_templates/data/terms.o, .prism/build/src/04_analyze/check_templates/join.o, .prism/build/src/04_analyze/check_templates/main_check_templates.o, .prism/build/src/04_analyze/check_templates/select_tasks.o, .prism/build/src/04_analyze/check_templates/terms.o, .prism/build/src/04_analyze/collect_symbols/collect.o, .prism/build/src/04_analyze/collect_symbols/data/provider_declaration.o, .prism/build/src/04_analyze/collect_symbols/data/result.o, .prism/build/src/04_analyze/collect_symbols/data/store.o, .prism/build/src/04_analyze/collect_symbols/data/structures.o, .prism/build/src/04_analyze/collect_symbols/main_collect_symbols.o, .prism/build/src/04_analyze/instantiate/bindings.o, .prism/build/src/04_analyze/instantiate/constants.o, .prism/build/src/04_analyze/instantiate/data/context.o, .prism/build/src/04_analyze/instantiate/data/result.o, .prism/build/src/04_analyze/instantiate/data/state.o, .prism/build/src/04_analyze/instantiate/data/store.o, .prism/build/src/04_analyze/instantiate/data/view.o, .prism/build/src/04_analyze/instantiate/identities.o, .prism/build/src/04_analyze/resolve_symbols/body.o, .prism/build/src/04_analyze/resolve_symbols/data/declarations.o, .prism/build/src/04_analyze/resolve_symbols/data/result.o, .prism/build/src/04_analyze/resolve_symbols/data/store.o, .prism/build/src/04_analyze/resolve_symbols/data/structures.o, .prism/build/src/04_analyze/resolve_symbols/data/traversal.o, .prism/build/src/04_analyze/resolve_symbols/handlers/declarations.o, .prism/build/src/04_analyze/resolve_symbols/handlers/expressions.o, .prism/build/src/04_analyze/resolve_symbols/handlers/names.o, .prism/build/src/04_analyze/resolve_symbols/handlers/statements.o, .prism/build/src/04_analyze/resolve_symbols/join.o, .prism/build/src/04_analyze/resolve_symbols/main_resolve_symbols.o, .prism/build/src/04_analyze/resolve_symbols/select_tasks.o, .prism/build/src/04_analyze/resolve_symbols/utilities/binding_coverage.o, .prism/build/src/04_analyze/resolve_symbols/utilities/declaration_lookup.o, .prism/build/src/04_analyze/resolve_symbols/utilities/function_lookup.o, .prism/build/src/04_analyze/resolve_symbols/utilities/resolution_validity.o, .prism/build/src/04_analyze/resolve_types/data/entry_contract.o, .prism/build/src/04_analyze/resolve_types/data/entry_selection.o, .prism/build/src/04_analyze/resolve_types/data/lifecycle_bodies.o, .prism/build/src/04_analyze/resolve_types/definition_view.o, .prism/build/src/04_analyze/resolve_types/lifecycle_composition.o, .prism/build/src/04_analyze/resolve_types/main_prepare_entry.o, .prism/build/src/04_analyze/resolve_types/record_definitions.o, .prism/build/src/04_analyze/resolve_types/source_lifecycle.o, .prism/build/src/04_analyze/resolve_types/utilities/annotation_types.o, .prism/build/src/04_analyze/resolve_types/utilities/type_cache.o, .prism/build/src/04_analyze/type_model/data/callable_modes.o, .prism/build/src/04_analyze/type_model/data/callables.o, .prism/build/src/04_analyze/type_model/data/catalog.o, .prism/build/src/04_analyze/type_model/data/context.o, .prism/build/src/04_analyze/type_model/data/definitions.o, .prism/build/src/04_analyze/type_model/data/families.o, .prism/build/src/04_analyze/type_model/data/generic.o, .prism/build/src/04_analyze/type_model/data/lifecycle.o, .prism/build/src/04_analyze/type_model/data/lifecycle_roles.o, .prism/build/src/04_analyze/type_model/data/lifetime_contract.o, .prism/build/src/04_analyze/type_model/data/lifetime_policy_codec.o, .prism/build/src/04_analyze/type_model/data/native_record_layout.o, .prism/build/src/04_analyze/type_model/data/records.o, .prism/build/src/04_analyze/type_model/data/representations.o, .prism/build/src/04_analyze/type_model/data/resources.o, .prism/build/src/04_analyze/type_model/data/semantic_calls.o, .prism/build/src/04_analyze/type_model/data/semantic_modes.o, .prism/build/src/04_analyze/type_model/data/source_families.o, .prism/build/src/04_analyze/type_model/data/storage.o, .prism/build/src/04_analyze/type_model/data/store.o, .prism/build/src/04_analyze/type_model/data/type_record.o, .prism/build/src/04_analyze/type_model/data/type_references.o, .prism/build/src/04_analyze/type_model/result_contracts.o
Tip: set SCPP_NINJA_VERBOSE=1 to show full Ninja command lines.
Build completed: .prism/build/main
