Transpiled PHP files: 24, skipped unchanged: 0
Generated Ninja file: .prism/build/build.ninja
Using compiler: clang++-18 -fuse-ld=mold (gnu_like)
Using build mode: debug
Using build grouping policy: incremental (report_only)
Object cache: disabled (default disabled)
Using repo root: /tmp/scpp-json-240-probe
Resolved project dependency graph: 1 project(s)
Runtime compilation: enabled
Dependency compilation: reuse existing artifacts only
ninja: Entering directory `.prism/build'
[1/26] PCH app_pch.hpp.gch
[2/26] CXX scpp_framework/strings.o
[3/26] CXX scpp_framework/json_document.o
[4/26] CXX src/01_prepare_inputs/load_runtime/data/runtime.o
[5/26] CXX src/01_prepare_inputs/load_runtime/handlers/package_syntax.o
[6/26] CXX probe.o
[7/26] CXX src/01_prepare_inputs/load_runtime/handlers/package_types.o
[8/26] CXX main.o
[9/26] CXX scpp_framework/exceptions.o
[10/26] CXX src/04_analyze/type_model/data/callable_modes.o
[11/26] CXX scpp_framework/collections.o
[12/26] CXX scpp_framework/filesystem.o
[13/26] CXX src/04_analyze/type_model/data/callables.o
[14/26] CXX src/04_analyze/type_model/data/lifetime_contract.o
[15/26] CXX src/04_analyze/type_model/data/lifecycle.o
[16/26] CXX src/04_analyze/type_model/data/definitions.o
[17/26] CXX src/04_analyze/type_model/data/lifecycle_roles.o
[18/26] CXX src/04_analyze/type_model/data/native_record_layout.o
[19/26] CXX src/04_analyze/type_model/data/semantic_modes.o
[20/26] CXX src/04_analyze/type_model/data/records.o
[21/26] CXX src/04_analyze/type_model/data/semantic_calls.o
[22/26] CXX src/04_analyze/type_model/data/representations.o
[23/26] CXX src/04_analyze/type_model/data/type_references.o
[24/26] CXX src/04_analyze/type_model/data/resources.o
[25/26] CXX src/04_analyze/type_model/data/storage.o
[26/26] LINK main
Rebuilt outputs: .prism/build/app_pch.hpp.gch, .prism/build/main, .prism/build/main.o, .prism/build/probe.o, .prism/build/scpp_framework/collections.o, .prism/build/scpp_framework/exceptions.o, .prism/build/scpp_framework/filesystem.o, .prism/build/scpp_framework/json_document.o, .prism/build/scpp_framework/strings.o, .prism/build/src/01_prepare_inputs/load_runtime/data/runtime.o, .prism/build/src/01_prepare_inputs/load_runtime/handlers/package_syntax.o, .prism/build/src/01_prepare_inputs/load_runtime/handlers/package_types.o, .prism/build/src/04_analyze/type_model/data/callable_modes.o, .prism/build/src/04_analyze/type_model/data/callables.o, .prism/build/src/04_analyze/type_model/data/definitions.o, .prism/build/src/04_analyze/type_model/data/lifecycle.o, .prism/build/src/04_analyze/type_model/data/lifecycle_roles.o, .prism/build/src/04_analyze/type_model/data/lifetime_contract.o, .prism/build/src/04_analyze/type_model/data/native_record_layout.o, .prism/build/src/04_analyze/type_model/data/records.o, .prism/build/src/04_analyze/type_model/data/representations.o, .prism/build/src/04_analyze/type_model/data/resources.o, .prism/build/src/04_analyze/type_model/data/semantic_calls.o, .prism/build/src/04_analyze/type_model/data/semantic_modes.o, .prism/build/src/04_analyze/type_model/data/storage.o, .prism/build/src/04_analyze/type_model/data/type_references.o
Tip: set SCPP_NINJA_VERBOSE=1 to show full Ninja command lines.
Build completed: .prism/build/main
