[1/495] CXX expanded/__callable/compiler_project_runner_locations.o
[2/495] CXX expanded/compile/support/pure_tdd_stage_artifacts.o
[3/495] CXX expanded/compile/support/compiler_project_env_or_smoke_echo.o
[4/495] CXX expanded/compile/support/compiler_export_artifacts.o
[5/495] CXX expanded/compile/control_flow/control_flow_dataflows.o
[6/495] clang++ -std=c++23 -fPIC -O0 -g1 -pipe -I../../../vendor/runtime/include -I../expanded/generated -DSCPP_LANGUAGE_TARGET_PHP=1 -DSCPP_HAS_MYSQLI=0 -DSCPP_HAS_REGEX=0 -DSCPP_HAS_CURL=0 -DSCPP_HAS_TASKS=1 -DSCPP_TASKS_DEFAULT_WORKER_POOL_SIZE=0 -DSCPP_HAS_UI=0 -DSCPP_HAS_WEBVIEW=0 -DSCPP_ENABLE_CALL_DEPTH_GUARD=1 -DSCPP_MAX_CALL_DEPTH=4096 -x c++-header -MD -MF expanded-project.pch.d ../expanded/generated/__project_units.hpp -o expanded-project.pch
[7/495] CALLABLE_PART expanded_parts/__callable/prepare_outputs_group_0.o
[8/495] CALLABLE_PART expanded_parts/__callable/llvm_abi_call_lowering_group_0.o
[9/495] CALLABLE_PART expanded_parts/__callable/runtime_helper_effects_group_0.o
[10/495] CALLABLE_PART expanded_parts/__callable/analysis_context_identity_group_0.o
[11/495] CALLABLE_PART expanded_parts/__callable/string_runtime_abi_group_0.o
[12/495] CALLABLE_PART expanded_parts/__callable/runtime_abi_bridge_group_2.o
[13/495] CALLABLE_PART expanded_parts/__callable/analysis_context_group_0.o
[14/495] CALLABLE_PART expanded_parts/__callable/runtime_abi_bridge_group_0.o
[15/495] CALLABLE_PART expanded_parts/__callable/runtime_abi_bridge_group_1.o
[16/495] CALLABLE_PART expanded_parts/__callable/llvm_abi_declarations_group_0.o
[17/495] CALLABLE_PART expanded_parts/__callable/analysis_context_group_1.o
[18/495] CALLABLE_PART expanded_parts/main.o
[19/495] CALLABLE_PART expanded_parts/__callable/backend_emission_adapter_routes_group_0.o
[20/495] CALLABLE_PART expanded_parts/__callable/backend_emission_decisions_group_0.o
[21/495] CALLABLE_PART expanded_parts/__callable/backend_emission_adapter_routes_group_1.o
[22/495] CALLABLE_PART expanded_parts/__callable/string_runtime_abi_group_1.o
[23/495] CALLABLE_PART expanded_parts/__callable/backend_emission_decisions_group_1.o
[24/495] CALLABLE_PART expanded_parts/__callable/backend_emission_decisions_group_5.o
[25/495] CALLABLE_PART expanded_parts/__callable/backend_emission_adapter_routes_group_2.o
[26/495] CALLABLE_PART expanded_parts/__callable/backend_emission_decisions_group_2.o
[27/495] CALLABLE_PART expanded_parts/__callable/backend_emission_decisions_group_4.o
[28/495] CALLABLE_PART expanded_parts/__callable/backend_emission_decisions_group_6.o
[29/495] CALLABLE_PART expanded_parts/__callable/backend_loop_text_emission_group_0.o
[30/495] CALLABLE_PART expanded_parts/__callable/backend_emission_decisions_group_3.o
[31/495] CALLABLE_PART expanded_parts/__callable/backend_native_execution_adapter_group_1.o
[32/495] CALLABLE_PART expanded_parts/__callable/backend_native_execution_adapter_group_0.o
[33/495] CALLABLE_PART expanded_parts/__callable/backend_preflight_requests_group_0.o
[34/495] CALLABLE_PART expanded_parts/__callable/backend_module_composition_group_0.o
[35/495] CALLABLE_PART expanded_parts/__callable/backend_partition_readiness_group_2.o
[36/495] CALLABLE_PART expanded_parts/__callable/backend_partition_readiness_group_0.o
[37/495] CALLABLE_PART expanded_parts/__callable/backend_partition_readiness_group_1.o
[38/495] CALLABLE_PART expanded_parts/__callable/backend_preflight_requests_group_1.o
[39/495] CALLABLE_PART expanded_parts/__callable/backend_preflight_requests_group_2.o
[40/495] CALLABLE_PART expanded_parts/__callable/backend_preflight_requests_group_3.o
[41/495] CALLABLE_PART expanded_parts/__callable/backend_preflight_requests_group_4.o
[42/495] CALLABLE_PART expanded_parts/__callable/backend_preflight_requests_group_5.o
[43/495] CALLABLE_PART expanded_parts/__callable/backend_preflight_requests_group_6.o
[44/495] CALLABLE_PART expanded_parts/__callable/backend_preflight_requests_group_9.o
[45/495] CALLABLE_PART expanded_parts/__callable/backend_preflight_requests_group_7.o
[46/495] CALLABLE_PART expanded_parts/__callable/backend_preflight_requests_group_14.o
[47/495] CALLABLE_PART expanded_parts/__callable/backend_preflight_requests_group_10.o
[48/495] CALLABLE_PART expanded_parts/__callable/backend_preflight_requests_group_8.o
[49/495] CALLABLE_PART expanded_parts/__callable/backend_preflight_requests_group_12.o
[50/495] CALLABLE_PART expanded_parts/__callable/backend_preflight_requests_group_13.o
[51/495] CALLABLE_PART expanded_parts/__callable/backend_preflight_requests_group_11.o
[52/495] CALLABLE_PART expanded_parts/__callable/backend_preflight_requests_group_15.o
[53/495] CALLABLE_PART expanded_parts/__callable/backend_preflight_requests_group_17.o
[54/495] CALLABLE_PART expanded_parts/__callable/backend_preflight_requests_group_16.o
[55/495] CALLABLE_PART expanded_parts/__callable/llvm_api_sink_preflight_group_0.o
[56/495] CALLABLE_PART expanded_parts/__callable/llvm_api_sink_preflight_group_3.o
[57/495] CALLABLE_PART expanded_parts/__callable/llvm_api_toolchain_probe_group_0.o
[58/495] CALLABLE_PART expanded_parts/__callable/llvm_api_sink_preflight_group_2.o
[59/495] CALLABLE_PART expanded_parts/__callable/llvm_api_toolchain_probe_group_2.o
[60/495] CALLABLE_PART expanded_parts/__callable/llvm_api_sink_preflight_group_1.o
[61/495] CALLABLE_PART expanded_parts/__callable/llvm_api_toolchain_probe_group_1.o
[62/495] CALLABLE_PART expanded_parts/__callable/local_body_lowering_group_0.o
[63/495] CALLABLE_PART expanded_parts/__callable/local_body_lowering_group_2.o
[64/495] CALLABLE_PART expanded_parts/__callable/local_body_lowering_routes_group_1.o
[65/495] CALLABLE_PART expanded_parts/__callable/local_body_lowering_group_1.o
[66/495] CALLABLE_PART expanded_parts/__callable/local_body_lowering_routes_group_0.o
[67/495] CALLABLE_PART expanded_parts/__callable/primitive_abi_adapter_matrix_group_0.o
[68/495] CALLABLE_PART expanded_parts/__callable/primitive_abi_adapter_matrix_group_2.o
[69/495] CALLABLE_PART expanded_parts/__callable/primitive_abi_adapter_matrix_group_1.o
[70/495] CALLABLE_PART expanded_parts/__callable/scalar_body_backend_collection_group_0.o
[71/495] CALLABLE_PART expanded_parts/__callable/primitive_abi_adapter_matrix_group_3.o
[72/495] CALLABLE_PART expanded_parts/__callable/primitive_abi_adapter_matrix_group_4.o
[73/495] CALLABLE_PART expanded_parts/__callable/scalar_body_statement_collection_group_1.o
[74/495] CALLABLE_PART expanded_parts/__callable/scalar_body_statement_collection_group_0.o
[75/495] CALLABLE_PART expanded_parts/__callable/runtime_helper_contract_readiness_group_2.o
[76/495] CALLABLE_PART expanded_parts/__callable/runtime_helper_contract_readiness_group_1.o
[77/495] CALLABLE_PART expanded_parts/__callable/capability_consumer_plans_group_0.o
[78/495] CALLABLE_PART expanded_parts/__callable/runtime_helper_contract_readiness_group_0.o
[79/495] CALLABLE_PART expanded_parts/__callable/type_traits_group_1.o
[80/495] CALLABLE_PART expanded_parts/__callable/type_traits_group_2.o
[81/495] CALLABLE_PART expanded_parts/__callable/type_traits_group_0.o
[82/495] CALLABLE_PART expanded_parts/__callable/type_traits_group_3.o
[83/495] CALLABLE_PART expanded_parts/__callable/control_flow_graphs_group_0.o
[84/495] CALLABLE_PART expanded_parts/__callable/type_traits_group_4.o
[85/495] CALLABLE_PART expanded_parts/__callable/type_traits_group_6.o
[86/495] CALLABLE_PART expanded_parts/__callable/type_traits_group_5.o
[87/495] CALLABLE_PART expanded_parts/__callable/control_flow_graphs_group_1.o
[88/495] CALLABLE_PART expanded_parts/__callable/control_flow_graphs_group_3.o
[89/495] CALLABLE_PART expanded_parts/__callable/control_flow_graphs_group_2.o
[90/495] CALLABLE_PART expanded_parts/__callable/frontend_model_builder_group_1.o
[91/495] CALLABLE_PART expanded_parts/__callable/frontend_model_builder_group_0.o
[92/495] CALLABLE_PART expanded_parts/__callable/frontend_model_builder_group_3.o
[93/495] CALLABLE_PART expanded_parts/__callable/frontend_model_builder_group_2.o
[94/495] CALLABLE_PART expanded_parts/__callable/frontend_model_builder_group_4.o
[95/495] CALLABLE_PART expanded_parts/__callable/frontend_model_builder_group_8.o
[96/495] CALLABLE_PART expanded_parts/__callable/frontend_model_builder_group_6.o
[97/495] CALLABLE_PART expanded_parts/__callable/frontend_model_builder_group_7.o
[98/495] CALLABLE_PART expanded_parts/__callable/frontend_model_builder_group_5.o
[99/495] CALLABLE_PART expanded_parts/__callable/frontend_model_builder_group_9.o
[100/495] CALLABLE_PART expanded_parts/__callable/frontend_model_builder_group_11.o
[101/495] CALLABLE_PART expanded_parts/__callable/frontend_model_builder_group_12.o
[102/495] CALLABLE_PART expanded_parts/__callable/frontend_model_builder_group_15.o
[103/495] CALLABLE_PART expanded_parts/__callable/frontend_model_builder_group_16.o
[104/495] CALLABLE_PART expanded_parts/__callable/frontend_model_builder_group_14.o
[105/495] CALLABLE_PART expanded_parts/__callable/frontend_model_builder_group_10.o
[106/495] CALLABLE_PART expanded_parts/__callable/frontend_model_builder_group_13.o
[107/495] CALLABLE_PART expanded_parts/__callable/frontend_model_builder_group_17.o
[108/495] CALLABLE_PART expanded_parts/__callable/parser_cursor_group_0.o
[109/495] CALLABLE_PART expanded_parts/__callable/frontend_model_builder_group_18.o
[110/495] CALLABLE_PART expanded_parts/__callable/frontend_model_builder_group_19.o
[111/495] CALLABLE_PART expanded_parts/__callable/parser_diagnostics_group_1.o
[112/495] CALLABLE_PART expanded_parts/__callable/parser_diagnostics_group_0.o
[113/495] CALLABLE_PART expanded_parts/__callable/parser_state_group_1.o
[114/495] CALLABLE_PART expanded_parts/__callable/phs_tokenizer_group_0.o
[115/495] CALLABLE_PART expanded_parts/__callable/parser_state_group_0.o
[116/495] CALLABLE_PART expanded_parts/__callable/token_kinds_group_0.o
[117/495] CALLABLE_PART expanded_parts/__callable/partition_readiness_group_0.o
[118/495] CALLABLE_PART expanded_parts/__callable/phs_tokenizer_group_1.o
[119/495] CALLABLE_PART expanded_parts/__callable/phs_tokenizer_group_2.o
[120/495] CALLABLE_PART expanded_parts/__callable/partition_readiness_group_4.o
[121/495] CALLABLE_PART expanded_parts/__callable/partition_readiness_group_1.o
[122/495] CALLABLE_PART expanded_parts/__callable/partition_readiness_group_2.o
[123/495] CALLABLE_PART expanded_parts/__callable/partition_readiness_group_3.o
[124/495] CALLABLE_PART expanded_parts/__callable/partition_readiness_group_5.o
[125/495] CALLABLE_PART expanded_parts/__callable/resident_body_dependencies_group_0.o
[126/495] CALLABLE_PART expanded_parts/__callable/resident_change_events_group_1.o
[127/495] CALLABLE_PART expanded_parts/__callable/resident_change_events_group_0.o
[128/495] CALLABLE_PART expanded_parts/__callable/resident_daemon_file_ipc_group_1.o
[129/495] CALLABLE_PART expanded_parts/__callable/resident_change_events_group_2.o
[130/495] CALLABLE_PART expanded_parts/__callable/resident_daemon_file_ipc_group_0.o
[131/495] CALLABLE_PART expanded_parts/__callable/resident_daemon_file_ipc_group_2.o
[132/495] CALLABLE_PART expanded_parts/__callable/resident_daemon_file_ipc_group_4.o
[133/495] CALLABLE_PART expanded_parts/__callable/resident_daemon_file_ipc_group_5.o
[134/495] CALLABLE_PART expanded_parts/__callable/resident_daemon_file_ipc_group_3.o
[135/495] CALLABLE_PART expanded_parts/__callable/resident_daemon_file_ipc_group_6.o
[136/495] CALLABLE_PART expanded_parts/__callable/resident_daemon_file_ipc_group_9.o
[137/495] CALLABLE_PART expanded_parts/__callable/resident_daemon_file_ipc_group_10.o
[138/495] CALLABLE_PART expanded_parts/__callable/resident_daemon_file_ipc_group_8.o
[139/495] CALLABLE_PART expanded_parts/__callable/resident_daemon_file_ipc_group_11.o
[140/495] CALLABLE_PART expanded_parts/__callable/resident_daemon_file_ipc_group_7.o
[141/495] CALLABLE_PART expanded_parts/__callable/resident_definition_granularity_group_0.o
[142/495] CALLABLE_PART expanded_parts/__callable/resident_definition_granularity_group_1.o
[143/495] CALLABLE_PART expanded_parts/__callable/resident_daemon_incremental_proof_group_0.o
[144/495] CALLABLE_PART expanded_parts/__callable/resident_definition_granularity_group_2.o
[145/495] CALLABLE_PART expanded_parts/__callable/resident_definition_granularity_group_6.o
[146/495] CALLABLE_PART expanded_parts/__callable/resident_definition_granularity_group_4.o
[147/495] CALLABLE_PART expanded_parts/__callable/resident_dependency_edges_group_0.o
[148/495] CALLABLE_PART expanded_parts/__callable/resident_definition_granularity_group_3.o
[149/495] CALLABLE_PART expanded_parts/__callable/resident_dirty_propagation_group_0.o
[150/495] CALLABLE_PART expanded_parts/__callable/resident_definition_granularity_group_5.o
[151/495] CALLABLE_PART expanded_parts/__callable/resident_dirty_propagation_group_1.o
[152/495] CALLABLE_PART expanded_parts/__callable/resident_dirty_propagation_group_2.o
[153/495] CALLABLE_PART expanded_parts/__callable/resident_dirty_propagation_group_3.o
[154/495] CALLABLE_PART expanded_parts/__callable/resident_dirty_propagation_group_4.o
[155/495] CALLABLE_PART expanded_parts/__callable/resident_dirty_propagation_group_5.o
[156/495] CALLABLE_PART expanded_parts/__callable/resident_dirty_propagation_group_6.o
[157/495] CALLABLE_PART expanded_parts/__callable/resident_frontend_node_lists_group_1.o
[158/495] CALLABLE_PART expanded_parts/__callable/resident_function_body_incremental_acceptance_group_0.o
[159/495] CALLABLE_PART expanded_parts/__callable/resident_frontend_node_lists_group_0.o
[160/495] CALLABLE_PART expanded_parts/__callable/resident_function_body_incremental_acceptance_group_3.o
[161/495] CALLABLE_PART expanded_parts/__callable/resident_function_body_incremental_acceptance_group_2.o
[162/495] CALLABLE_PART expanded_parts/__callable/resident_function_body_local_parse_proofs_group_0.o
[163/495] CALLABLE_PART expanded_parts/__callable/resident_function_body_incremental_acceptance_group_1.o
[164/495] CALLABLE_PART expanded_parts/__callable/resident_function_body_logical_frontend_consumer_descriptors_group_0.o
[165/495] CALLABLE_PART expanded_parts/__callable/resident_function_body_local_parse_proofs_group_1.o
[166/495] CALLABLE_PART expanded_parts/__callable/resident_function_body_logical_frontend_consumer_descriptors_group_1.o
[167/495] CALLABLE_PART expanded_parts/__callable/resident_function_body_logical_frontend_consumer_descriptors_group_3.o
[168/495] CALLABLE_PART expanded_parts/__callable/resident_function_body_logical_frontend_consumer_descriptors_group_2.o
[169/495] CALLABLE_PART expanded_parts/__callable/resident_function_body_logical_frontend_views_group_0.o
[170/495] CALLABLE_PART expanded_parts/__callable/resident_function_body_logical_frontend_reference_candidates_group_1.o
[171/495] CALLABLE_PART expanded_parts/__callable/resident_function_body_logical_frontend_reference_candidates_group_0.o
[172/495] CALLABLE_PART expanded_parts/__callable/resident_function_body_mixed_frontend_assembly_proofs_group_0.o
[173/495] CALLABLE_PART expanded_parts/__callable/resident_function_body_logical_frontend_views_group_1.o
[174/495] CALLABLE_PART expanded_parts/__callable/resident_function_body_mixed_frontend_assembly_proofs_group_1.o
[175/495] CALLABLE_PART expanded_parts/__callable/resident_function_body_mixed_frontend_assembly_proofs_group_2.o
[176/495] CALLABLE_PART expanded_parts/__callable/resident_function_body_ownership_group_1.o
[177/495] CALLABLE_PART expanded_parts/__callable/resident_function_body_ownership_group_0.o
[178/495] CALLABLE_PART expanded_parts/__callable/resident_function_body_ownership_group_3.o
[179/495] CALLABLE_PART expanded_parts/__callable/resident_function_body_ownership_group_2.o
[180/495] CALLABLE_PART expanded_parts/__callable/resident_function_body_ownership_group_4.o
[181/495] CALLABLE_PART expanded_parts/__callable/resident_function_body_parse_slices_group_0.o
[182/495] CALLABLE_PART expanded_parts/__callable/resident_function_body_parse_slices_group_1.o
[183/495] CALLABLE_PART expanded_parts/__callable/resident_function_body_row_list_publish_plans_group_0.o
[184/495] CALLABLE_PART expanded_parts/__callable/resident_function_body_publish_repoint_preflights_group_0.o
[185/495] CALLABLE_PART expanded_parts/__callable/resident_function_body_publish_repoint_preflights_group_1.o
[186/495] CALLABLE_PART expanded_parts/__callable/resident_function_body_row_list_publish_plans_group_1.o
[187/495] CALLABLE_PART expanded_parts/__callable/resident_function_body_row_list_publish_plans_group_2.o
[188/495] CALLABLE_PART expanded_parts/__callable/resident_function_body_row_list_publish_results_group_0.o
[189/495] CALLABLE_PART expanded_parts/__callable/resident_function_body_row_list_publish_results_group_1.o
[190/495] CALLABLE_PART expanded_parts/__callable/resident_function_body_row_list_publish_results_group_2.o
[191/495] CALLABLE_PART expanded_parts/__callable/resident_function_body_source_unit_repoint_proofs_group_0.o
[192/495] CALLABLE_PART expanded_parts/__callable/resident_function_body_summary_project_references_group_0.o
[193/495] CALLABLE_PART expanded_parts/__callable/resident_function_body_source_unit_repoint_proofs_group_1.o
[194/495] CALLABLE_PART expanded_parts/__callable/resident_function_body_stable_node_remap_proofs_group_0.o
[195/495] CALLABLE_PART expanded_parts/__callable/resident_function_body_work_decisions_group_0.o
[196/495] CALLABLE_PART expanded_parts/__callable/resident_function_body_stable_node_remap_proofs_group_1.o
[197/495] CALLABLE_PART expanded_parts/__callable/resident_function_body_summary_project_references_group_1.o
[198/495] CALLABLE_PART expanded_parts/__callable/resident_function_body_work_decisions_group_1.o
[199/495] CALLABLE_PART expanded_parts/__callable/resident_function_body_work_decisions_group_2.o
[200/495] CALLABLE_PART expanded_parts/__callable/resident_function_body_work_decisions_group_3.o
[201/495] CALLABLE_PART expanded_parts/__callable/resident_project_symbol_name_lookups_group_0.o
[202/495] CALLABLE_PART expanded_parts/__callable/resident_public_surface_incremental_acceptance_group_0.o
[203/495] CALLABLE_PART expanded_parts/__callable/resident_project_symbol_name_lookups_group_1.o
[204/495] CALLABLE_PART expanded_parts/__callable/resident_recompute_targets_group_0.o
[205/495] CALLABLE_PART expanded_parts/__callable/resident_public_surface_incremental_acceptance_group_3.o
[206/495] CALLABLE_PART expanded_parts/__callable/resident_public_surface_incremental_acceptance_group_2.o
[207/495] CALLABLE_PART expanded_parts/__callable/resident_public_surface_incremental_acceptance_group_1.o
[208/495] CALLABLE_PART expanded_parts/__callable/resident_recompute_targets_group_1.o
[209/495] CALLABLE_PART expanded_parts/__callable/resident_recompute_targets_group_2.o
[210/495] CALLABLE_PART expanded_parts/__callable/resident_reverse_dependencies_group_1.o
[211/495] CALLABLE_PART expanded_parts/__callable/resident_reverse_dependencies_group_0.o
[212/495] CALLABLE_PART expanded_parts/__callable/resident_source_unit_frontend_states_group_1.o
[213/495] CALLABLE_PART expanded_parts/__callable/resident_reverse_dependency_indexes_group_0.o
[214/495] CALLABLE_PART expanded_parts/__callable/resident_reverse_dependency_indexes_group_1.o
[215/495] CALLABLE_PART expanded_parts/__callable/resident_source_unit_frontend_states_group_0.o
[216/495] CALLABLE_PART expanded_parts/__callable/resident_source_unit_frontend_states_group_2.o
[217/495] CALLABLE_PART expanded_parts/__callable/resident_transactions_group_0.o
[218/495] CALLABLE_PART expanded_parts/__callable/resident_source_unit_frontend_states_group_3.o
[219/495] CALLABLE_PART expanded_parts/__callable/resident_token_lists_group_1.o
[220/495] CALLABLE_PART expanded_parts/__callable/resident_token_lists_group_0.o
[221/495] CALLABLE_PART expanded_parts/__callable/resident_transactions_group_1.o
[222/495] CALLABLE_PART expanded_parts/__callable/resident_transactions_group_2.o
[223/495] CALLABLE_PART expanded_parts/__callable/source_unit_early_skip_group_1.o
[224/495] CALLABLE_PART expanded_parts/__callable/source_unit_early_skip_group_0.o
[225/495] CALLABLE_PART expanded_parts/__callable/source_unit_early_skip_group_2.o
[226/495] CALLABLE_PART expanded_parts/__callable/source_unit_frontend_work_decisions_group_0.o
[227/495] CALLABLE_PART expanded_parts/__callable/source_unit_frontend_scheduler_group_3.o
[228/495] CALLABLE_PART expanded_parts/__callable/source_unit_frontend_scheduler_group_0.o
[229/495] CALLABLE_PART expanded_parts/__callable/source_unit_early_skip_group_3.o
[230/495] CALLABLE_PART expanded_parts/__callable/source_unit_frontend_scheduler_group_2.o
[231/495] CALLABLE_PART expanded_parts/__callable/source_unit_frontend_scheduler_group_1.o
[232/495] CALLABLE_PART expanded_parts/__callable/source_unit_frontend_work_decisions_group_1.o
[233/495] CALLABLE_PART expanded_parts/__callable/callable_contract_identity_group_0.o
[234/495] CALLABLE_PART expanded_parts/__callable/source_unit_frontend_work_decisions_group_2.o
[235/495] CALLABLE_PART expanded_parts/__callable/dependency_graph_identity_group_0.o
[236/495] CALLABLE_PART expanded_parts/__callable/frontend_body_summaries_group_0.o
[237/495] CALLABLE_PART expanded_parts/__callable/frontend_body_summaries_group_1.o
[238/495] CALLABLE_PART expanded_parts/__callable/frontend_body_summaries_group_2.o
[239/495] CALLABLE_PART expanded_parts/__callable/frontend_body_summaries_group_4.o
[240/495] CALLABLE_PART expanded_parts/__callable/project_callable_contracts_group_0.o
[241/495] CALLABLE_PART expanded_parts/__callable/project_callable_contracts_group_1.o
[242/495] CALLABLE_PART expanded_parts/__callable/frontend_body_summaries_group_3.o
[243/495] CALLABLE_PART expanded_parts/__callable/project_callable_contracts_group_2.o
[244/495] CALLABLE_PART expanded_parts/__callable/project_dependency_graph_group_0.o
[245/495] CALLABLE_PART expanded_parts/__callable/project_callable_contracts_group_3.o
[246/495] CALLABLE_PART expanded_parts/__callable/project_dependency_graph_group_1.o
[247/495] CALLABLE_PART expanded_parts/__callable/project_dependency_graph_group_2.o
[248/495] CALLABLE_PART expanded_parts/__callable/project_dependency_graph_group_5.o
[249/495] CALLABLE_PART expanded_parts/__callable/project_symbol_identity_group_0.o
[250/495] CALLABLE_PART expanded_parts/__callable/source_buffers_group_0.o
[251/495] CALLABLE_PART expanded_parts/__callable/project_dependency_graph_group_3.o
[252/495] CALLABLE_PART expanded_parts/__callable/project_dependency_graph_group_4.o
[253/495] CALLABLE_PART expanded_parts/__callable/source_identity_group_0.o
[254/495] CALLABLE_PART expanded_parts/__callable/source_identity_group_1.o
[255/495] CALLABLE_PART expanded_parts/__callable/reference_identity_group_0.o
[256/495] CALLABLE_PART expanded_parts/__callable/type_refs_group_0.o
[257/495] CALLABLE_PART expanded_parts/__callable/type_ref_identity_group_0.o
[258/495] CALLABLE_PART expanded_parts/__callable/type_refs_group_1.o
[259/495] CALLABLE_PART expanded_parts/__callable/type_refs_group_2.o
[260/495] CALLABLE_PART expanded_parts/__callable/type_refs_group_4.o
[261/495] CALLABLE_PART expanded_parts/__callable/type_refs_group_6.o
[262/495] CALLABLE_PART expanded_parts/__callable/operation_readiness_group_2.o
[263/495] CALLABLE_PART expanded_parts/__callable/operation_readiness_group_0.o
[264/495] CALLABLE_PART expanded_parts/__callable/operation_readiness_group_4.o
[265/495] CALLABLE_PART expanded_parts/__callable/operation_readiness_group_1.o
[266/495] CALLABLE_PART expanded_parts/__callable/type_refs_group_3.o
[267/495] CALLABLE_PART expanded_parts/__callable/type_refs_group_5.o
[268/495] CALLABLE_PART expanded_parts/__callable/type_refs_group_8.o
[269/495] CALLABLE_PART expanded_parts/__callable/operation_readiness_group_3.o
[270/495] CALLABLE_PART expanded_parts/__callable/type_refs_group_7.o
[271/495] CALLABLE_PART expanded_parts/__callable/operation_readiness_group_5.o
[272/495] CALLABLE_PART expanded_parts/__callable/operation_readiness_group_8.o
[273/495] CALLABLE_PART expanded_parts/__callable/operation_readiness_group_7.o
[274/495] CALLABLE_PART expanded_parts/__callable/compiler_pipeline_runner_group_0.o
[275/495] CALLABLE_PART expanded_parts/__callable/compiler_project_runner_group_0.o
[276/495] CALLABLE_PART expanded_parts/__callable/operation_readiness_group_6.o
[277/495] CALLABLE_PART expanded_parts/__callable/operation_readiness_group_9.o
[278/495] CALLABLE_PART expanded_parts/__callable/compiler_project_runner_group_2.o
[279/495] CALLABLE_PART expanded_parts/__callable/project_manifest_group_0.o
[280/495] CALLABLE_PART expanded_parts/__callable/pipeline_config_helpers_group_0.o
[281/495] CALLABLE_PART expanded_parts/__callable/pipeline_config_helpers_group_1.o
[282/495] CALLABLE_PART expanded_parts/__callable/project_manifest_group_1.o
[283/495] CALLABLE_PART expanded_parts/__callable/compiler_project_runner_group_1.o
[284/495] CALLABLE_PART expanded_parts/__callable/semantic_body_capability_consumers_group_0.o
[285/495] CALLABLE_PART expanded_parts/__callable/artifact_writes_group_0.o
[286/495] CALLABLE_PART expanded_parts/__callable/artifact_writes_group_2.o
[287/495] CALLABLE_PART expanded_parts/__callable/compiler_profile_events_group_0.o
[288/495] CALLABLE_PART expanded_parts/__callable/debug_profile_gate_results_group_0.o
[289/495] CALLABLE_PART expanded_parts/__callable/compiler_profile_events_group_2.o
[290/495] CALLABLE_PART expanded_parts/__callable/artifact_writes_group_1.o
[291/495] CALLABLE_PART expanded_parts/__callable/compiler_profile_events_group_1.o
[292/495] CALLABLE_PART expanded_parts/__callable/compiler_execution_artifacts_group_0.o
[293/495] CALLABLE_PART expanded_parts/__callable/compiler_project_run_row_artifacts_group_0.o
[294/495] CALLABLE_PART expanded_parts/__callable/mt_publication_metrics_group_0.o
[295/495] CALLABLE_PART expanded_parts/__callable/debug_profile_gate_results_group_1.o
[296/495] CALLABLE_PART expanded_parts/__callable/performance_memory_estimates_group_0.o
[297/495] CALLABLE_PART expanded_parts/__callable/output_paths_group_0.o
[298/495] CALLABLE_PART expanded_parts/__callable/performance_memory_estimates_group_1.o
[299/495] CALLABLE_PART expanded_parts/__callable/performance_memory_estimates_group_2.o
[300/495] CALLABLE_PART expanded_parts/__callable/proof_metrics_group_0.o
[301/495] CALLABLE_PART expanded_parts/__callable/production_mt_heartbeat_group_0.o
[302/495] CALLABLE_PART expanded_parts/__callable/production_mt_heartbeat_group_1.o
[303/495] CALLABLE_PART expanded_parts/__callable/proof_metrics_group_2.o
[304/495] CALLABLE_PART expanded_parts/__callable/performance_memory_estimates_group_3.o
[305/495] CALLABLE_PART expanded_parts/__callable/proof_metrics_group_1.o
[306/495] CALLABLE_PART expanded_parts/__callable/proof_metrics_group_3.o
[307/495] CALLABLE_PART expanded_parts/__callable/proof_metrics_group_5.o
[308/495] CALLABLE_PART expanded_parts/__callable/proof_metrics_group_4.o
[309/495] CALLABLE_PART expanded_parts/__callable/proof_metrics_group_8.o
[310/495] CALLABLE_PART expanded_parts/__callable/proof_metrics_group_9.o
[311/495] CALLABLE_PART expanded_parts/__callable/proof_metrics_group_6.o
[312/495] CALLABLE_PART expanded_parts/__callable/proof_metrics_group_12.o
[313/495] CALLABLE_PART expanded_parts/__callable/proof_metrics_group_14.o
[314/495] CALLABLE_PART expanded_parts/__callable/proof_metrics_group_7.o
[315/495] CALLABLE_PART expanded_parts/__callable/proof_metrics_group_10.o
[316/495] CALLABLE_PART expanded_parts/__callable/proof_metrics_group_13.o
[317/495] CALLABLE_PART expanded_parts/__callable/proof_metrics_group_11.o
[318/495] CALLABLE_PART expanded_parts/__callable/proof_metrics_group_15.o
[319/495] CALLABLE_PART expanded_parts/__callable/proof_metrics_group_16.o
[320/495] CALLABLE_PART expanded_parts/__callable/proof_metrics_group_17.o
[321/495] CALLABLE_PART expanded_parts/__callable/proof_metrics_group_18.o
[322/495] CALLABLE_PART expanded_parts/__callable/proof_metrics_group_20.o
[323/495] CALLABLE_PART expanded_parts/__callable/proof_metrics_group_22.o
[324/495] CALLABLE_PART expanded_parts/__callable/proof_metrics_group_25.o
[325/495] CALLABLE_PART expanded_parts/__callable/proof_metrics_group_19.o
[326/495] CALLABLE_PART expanded_parts/__callable/proof_metrics_group_23.o
[327/495] CALLABLE_PART expanded_parts/__callable/proof_metrics_group_24.o
[328/495] CALLABLE_PART expanded_parts/__callable/proof_metrics_group_21.o
[329/495] CALLABLE_PART expanded_parts/__callable/proof_metrics_group_26.o
[330/495] CALLABLE_PART expanded_parts/__callable/proof_metrics_group_28.o
[331/495] CALLABLE_PART expanded_parts/__callable/proof_metrics_group_27.o
[332/495] CALLABLE_PART expanded_parts/__callable/proof_metrics_group_30.o
[333/495] CALLABLE_PART expanded_parts/__callable/proof_metrics_group_29.o
[334/495] CALLABLE_PART expanded_parts/__callable/proof_metrics_group_31.o
[335/495] CALLABLE_PART expanded_parts/__callable/proof_metrics_group_33.o
[336/495] CALLABLE_PART expanded_parts/__callable/proof_metrics_group_32.o
[337/495] CALLABLE_PART expanded_parts/__callable/proof_metrics_group_37.o
[338/495] CALLABLE_PART expanded_parts/__callable/proof_metrics_group_36.o
[339/495] CALLABLE_PART expanded_parts/__callable/proof_metrics_group_34.o
[340/495] CALLABLE_PART expanded_parts/__callable/proof_metrics_group_35.o
[341/495] CALLABLE_PART expanded_parts/__callable/proof_metrics_group_38.o
[342/495] CALLABLE_PART expanded_parts/__callable/proof_metrics_group_39.o
[343/495] CALLABLE_PART expanded_parts/__callable/proof_metrics_group_40.o
[344/495] CALLABLE_PART expanded_parts/__callable/proof_metrics_group_42.o
[345/495] CALLABLE_PART expanded_parts/__callable/proof_metrics_group_43.o
[346/495] CALLABLE_PART expanded_parts/__callable/proof_metrics_group_41.o
[347/495] CALLABLE_PART expanded_parts/__callable/proof_metrics_group_44.o
[348/495] CALLABLE_PART expanded_parts/__callable/proof_metrics_group_45.o
[349/495] CALLABLE_PART expanded_parts/__callable/resident_snapshots_group_0.o
[350/495] CALLABLE_PART expanded_parts/__callable/proof_metrics_group_46.o
[351/495] CALLABLE_PART expanded_parts/__callable/gate_result_debug_helpers_group_0.o
[352/495] CALLABLE_PART expanded_parts/__callable/resident_snapshots_group_1.o
[353/495] CALLABLE_PART expanded_parts/__callable/semantic_conversion_lookup_group_0.o
[354/495] CALLABLE_PART expanded_parts/__callable/semantic_callable_candidates_group_1.o
[355/495] CALLABLE_PART expanded_parts/__callable/semantic_callable_candidates_group_0.o
[356/495] CALLABLE_PART expanded_parts/__callable/semantic_lookup_manifest_generated_group_0.o
[357/495] CALLABLE_PART expanded_parts/__callable/semantic_conversion_lookup_group_1.o
[358/495] CALLABLE_PART expanded_parts/__callable/semantic_lookup_manifest_generated_group_1.o
[359/495] CALLABLE_PART expanded_parts/__callable/semantic_module_api_lookup_group_0.o
[360/495] CALLABLE_PART expanded_parts/__callable/semantic_module_api_lookup_group_1.o
[361/495] CALLABLE_PART expanded_parts/__callable/semantic_conversion_lookup_group_2.o
[362/495] CALLABLE_PART expanded_parts/__callable/semantic_operator_lookup_group_1.o
[363/495] CALLABLE_PART expanded_parts/__callable/semantic_module_api_lookup_group_3.o
[364/495] CALLABLE_PART expanded_parts/__callable/semantic_operator_lookup_group_0.o
[365/495] CALLABLE_PART expanded_parts/__callable/semantic_operator_lookup_group_3.o
[366/495] CALLABLE_PART expanded_parts/__callable/semantic_operator_lookup_group_2.o
[367/495] CALLABLE_PART expanded_parts/__callable/semantic_operator_lookup_group_5.o
[368/495] CALLABLE_PART expanded_parts/__callable/semantic_operator_lookup_group_4.o
[369/495] CALLABLE_PART expanded_parts/__callable/semantic_runtime_abi_bridge_group_0.o
[370/495] CALLABLE_PART expanded_parts/__callable/semantic_runtime_abi_bridge_group_2.o
[371/495] CALLABLE_PART expanded_parts/__callable/semantic_module_api_lookup_group_2.o
[372/495] CALLABLE_PART expanded_parts/__callable/semantic_runtime_abi_bridge_group_1.o
[373/495] CALLABLE_PART expanded_parts/__callable/semantic_runtime_abi_declarations_group_0.o
[374/495] CALLABLE_PART expanded_parts/__callable/semantic_runtime_abi_bridge_group_3.o
[375/495] CALLABLE_PART expanded_parts/__callable/semantic_runtime_abi_bridge_group_4.o
[376/495] CALLABLE_PART expanded_parts/__callable/semantic_runtime_abi_bridge_group_5.o
[377/495] CALLABLE_PART expanded_parts/__callable/semantic_runtime_abi_declarations_group_1.o
[378/495] CALLABLE_PART expanded_parts/__callable/semantic_type_ref_providers_group_1.o
[379/495] CALLABLE_PART expanded_parts/__callable/semantic_type_ref_providers_group_0.o
[380/495] CALLABLE_PART expanded_parts/__callable/semantic_runtime_abi_declarations_group_2.o
[381/495] CALLABLE_PART expanded_parts/__callable/gate_result_inspection_helpers_group_0.o
[382/495] CALLABLE_PART expanded_parts/__callable/gate_profile_helpers_group_0.o
[383/495] CALLABLE_PART expanded_parts/__callable/semantic_type_ref_providers_group_2.o
[384/495] CALLABLE_PART expanded_parts/__callable/semantic_type_ref_providers_group_3.o
[385/495] CALLABLE_PART expanded_parts/__callable/backend_request_row_lists_group_1.o
[386/495] CALLABLE_PART expanded_parts/__callable/frontend_model_tables_group_0.o
[387/495] CALLABLE_PART expanded_parts/__callable/backend_request_row_lists_group_0.o
[388/495] CALLABLE_PART expanded_parts/__callable/frontend_model_tables_group_1.o
[389/495] CALLABLE_PART expanded_parts/__callable/frontend_model_tables_group_3.o
[390/495] CALLABLE_PART expanded_parts/__callable/frontend_model_tables_group_4.o
[391/495] CALLABLE_PART expanded_parts/__callable/frontend_model_tables_group_2.o
[392/495] CALLABLE_PART expanded_parts/__callable/frontend_model_tables_group_6.o
[393/495] CALLABLE_PART expanded_parts/__callable/frontend_model_tables_group_7.o
[394/495] CALLABLE_PART expanded_parts/__callable/frontend_model_tables_group_8.o
[395/495] CALLABLE_PART expanded_parts/__callable/frontend_model_tables_group_5.o
[396/495] CALLABLE_PART expanded_parts/__callable/frontend_node_lists_group_0.o
[397/495] CALLABLE_PART expanded_parts/__callable/frontend_node_lists_group_1.o
[398/495] CALLABLE_PART expanded_parts/__callable/frontend_node_lists_group_2.o
[399/495] CALLABLE_PART expanded_parts/__callable/frontend_node_lists_group_3.o
[400/495] CALLABLE_PART expanded_parts/__callable/structure_row_ids_group_0.o
[401/495] CALLABLE_PART expanded_parts/__callable/row_segment_policy_group_1.o
[402/495] CALLABLE_PART expanded_parts/__callable/structure_row_ids_group_1.o
[403/495] CALLABLE_PART expanded_parts/__callable/row_segment_policy_group_0.o
[404/495] CALLABLE_PART expanded_parts/__callable/token_row_lists_group_0.o
[405/495] CALLABLE_PART expanded_parts/__callable/token_row_lists_group_1.o
[406/495] CALLABLE_PART expanded_parts/__callable/token_row_lists_group_2.o
[407/495] CALLABLE_PART expanded_parts/__callable/token_tables_group_0.o
[408/495] CALLABLE_PART expanded_parts/__callable/token_tables_group_1.o
[409/495] CALLABLE_PART expanded_parts/__callable/token_tables_group_2.o
[410/495] CALLABLE_PART expanded_parts/__callable/token_tables_group_3.o
[411/495] CALLABLE_PART expanded_parts/compile/model/source_units/part_0.o
[412/495] CALLABLE_PART expanded_parts/compile/model/source_units/part_1.o
[413/495] CALLABLE_PART expanded_parts/compile/model/source_units/part_4.o
[414/495] CALLABLE_PART expanded_parts/compile/model/source_units/part_2.o
[415/495] CALLABLE_PART expanded_parts/compile/model/project_symbol_index/part_2.o
[416/495] CALLABLE_PART expanded_parts/compile/model/project_symbol_index/part_3.o
[417/495] CALLABLE_PART expanded_parts/compile/model/source_units/part_3.o
[418/495] CALLABLE_PART expanded_parts/compile/model/project_symbol_index/part_0.o
[419/495] CALLABLE_PART expanded_parts/compile/model/project_symbol_index/part_1.o
[420/495] CALLABLE_PART expanded_parts/compile/incremental/resident_source_unit_frontend_payload_tables/part_0.o
[421/495] CALLABLE_PART expanded_parts/compile/model/project_symbol_index/part_4.o
[422/495] CALLABLE_PART expanded_parts/compile/incremental/resident_source_unit_frontend_payload_tables/part_1.o
[423/495] CALLABLE_PART expanded_parts/compile/incremental/resident_source_unit_frontend_payload_tables/part_2.o
[424/495] CALLABLE_PART expanded_parts/compile/incremental/resident_source_unit_frontend_payload_tables/part_3.o
[425/495] CALLABLE_PART expanded_parts/compile/incremental/resident_source_unit_frontend_payload_tables/part_4.o
[426/495] CALLABLE_PART expanded_parts/compile/incremental/resident_source_unit_frontend_payload_tables/part_7.o
[427/495] CALLABLE_PART expanded_parts/compile/incremental/resident_source_unit_frontend_payload_tables/part_5.o
[428/495] CALLABLE_PART expanded_parts/compile/incremental/resident_source_unit_frontend_payload_tables/part_6.o
[429/495] CALLABLE_PART expanded_parts/compile/incremental/resident_source_unit_frontend_payload_tables/part_9.o
[430/495] CALLABLE_PART expanded_parts/compile/incremental/resident_source_unit_frontend_payload_tables/part_8.o
[431/495] CALLABLE_PART expanded_parts/compile/incremental/resident_source_unit_frontend_payload_tables/part_10.o
[432/495] CALLABLE_PART expanded_parts/compile/incremental/resident_source_unit_frontend_payload_tables/part_11.o
[433/495] CALLABLE_PART expanded_parts/compile/incremental/resident_source_unit_frontend_payload_tables/part_12.o
[434/495] CALLABLE_PART expanded_parts/compile/incremental/resident_source_unit_frontend_payload_tables/part_14.o
[435/495] CALLABLE_PART expanded_parts/compile/incremental/resident_source_unit_frontend_payload_tables/part_13.o
[436/495] CALLABLE_PART expanded_parts/compile/incremental/resident_source_unit_frontend_payload_tables/part_15.o
[437/495] CALLABLE_PART expanded_parts/compile/incremental/resident_source_unit_frontend_payload_tables/part_16.o
[438/495] CALLABLE_PART expanded_parts/compile/incremental/resident_source_unit_frontend_payload_tables/part_20.o
[439/495] CALLABLE_PART expanded_parts/compile/incremental/resident_source_unit_frontend_payload_tables/part_18.o
[440/495] CALLABLE_PART expanded_parts/compile/incremental/resident_source_unit_frontend_payload_tables/part_17.o
[441/495] CALLABLE_PART expanded_parts/compile/backend/llvm_text_from_plan/part_0.o
[442/495] CALLABLE_PART expanded_parts/compile/backend/llvm_text_from_plan/part_2.o
[443/495] CALLABLE_PART expanded_parts/compile/backend/llvm_text_from_plan/part_1.o
[444/495] CALLABLE_PART expanded_parts/compile/incremental/resident_source_unit_frontend_payload_tables/part_19.o
[445/495] CALLABLE_PART expanded_parts/compile/backend/llvm_text_from_plan/part_4.o
[446/495] CALLABLE_PART expanded_parts/compile/backend/llvm_text_from_plan/part_3.o
[447/495] CALLABLE_PART expanded_parts/compile/backend/llvm_text_from_plan/part_5.o
[448/495] CALLABLE_PART expanded_parts/compile/backend/llvm_text_from_plan/part_6.o
[449/495] CALLABLE_PART expanded_parts/compile/backend/llvm_text_from_plan/part_8.o
[450/495] CALLABLE_PART expanded_parts/compile/backend/llvm_text_from_plan/part_7.o
[451/495] CALLABLE_PART expanded_parts/compile/backend/llvm_text_from_plan/part_10.o
[452/495] CALLABLE_PART expanded_parts/compile/backend/llvm_text_from_plan/part_11.o
[453/495] CALLABLE_PART expanded_parts/compile/backend/llvm_text_from_plan/part_9.o
[454/495] CALLABLE_PART expanded_parts/compile/backend/llvm_text_from_plan/part_14.o
[455/495] CALLABLE_PART expanded_parts/compile/backend/llvm_text_from_plan/part_12.o
[456/495] CALLABLE_PART expanded_parts/compile/backend/llvm_text_from_plan/part_15.o
[457/495] CALLABLE_PART expanded_parts/compile/backend/llvm_text_from_plan/part_13.o
[458/495] CALLABLE_PART expanded_parts/compile/backend/backend_object_link_cache/part_0.o
[459/495] CALLABLE_PART expanded_parts/compile/backend/llvm_text_from_plan/part_16.o
[460/495] CALLABLE_PART expanded_parts/compile/backend/backend_object_link_cache/part_3.o
[461/495] CALLABLE_PART expanded_parts/compile/backend/backend_object_link_cache/part_1.o
[462/495] CALLABLE_PART expanded_parts/compile/backend/backend_object_link_cache/part_2.o
[463/495] CALLABLE_PART expanded_parts/compile/backend/lowering_plan/part_0.o
[464/495] CALLABLE_PART expanded_parts/compile/backend/lowering_plan/part_2.o
[465/495] CALLABLE_PART expanded_parts/compile/backend/lowering_plan/part_1.o
[466/495] CALLABLE_PART expanded_parts/compile/capabilities/storage_lifetime_readiness/part_0.o
[467/495] CALLABLE_PART expanded_parts/compile/backend/lowering_plan/part_3.o
[468/495] CALLABLE_PART expanded_parts/compile/capabilities/storage_lifetime_readiness/part_1.o
[469/495] CALLABLE_PART expanded_parts/compile/backend/lowering_plan/part_4.o
[470/495] CALLABLE_PART expanded_parts/compile/capabilities/storage_lifetime_readiness/part_2.o
[471/495] CALLABLE_PART expanded_parts/compile/capabilities/type_capability_readiness/part_0.o
[472/495] CALLABLE_PART expanded_parts/compile/capabilities/type_capability_readiness/part_1.o
[473/495] CALLABLE_PART expanded_parts/compile/capabilities/storage_lifetime_readiness/part_3.o
[474/495] CALLABLE_PART expanded_parts/compile/capabilities/type_capability_readiness/part_4.o
[475/495] CALLABLE_PART expanded_parts/compile/capabilities/type_capability_readiness/part_3.o
[476/495] CALLABLE_PART expanded_parts/compile/capabilities/type_capability_readiness/part_5.o
[477/495] CALLABLE_PART expanded_parts/compile/capabilities/type_capability_readiness/part_6.o
[478/495] CALLABLE_PART expanded_parts/compile/capabilities/type_capability_readiness/part_2.o
[479/495] CALLABLE_PART expanded_parts/compile/capabilities/type_capability_readiness/part_8.o
[480/495] CALLABLE_PART expanded_parts/compile/capabilities/type_capability_readiness/part_7.o
[481/495] CALLABLE_PART expanded_parts/compile/capabilities/type_capability_readiness/part_9.o
[482/495] CALLABLE_PART expanded_parts/compile/capabilities/type_capability_readiness/part_12.o
[483/495] CALLABLE_PART expanded_parts/compile/capabilities/type_capability_readiness/part_13.o
[484/495] CALLABLE_PART expanded_parts/compile/capabilities/type_capability_readiness/part_10.o
[485/495] CALLABLE_PART expanded_parts/compile/capabilities/type_capability_readiness/part_11.o
[486/495] CALLABLE_PART expanded_parts/compile/incremental/resident_source_unit_symbol_states/part_0.o
[487/495] CALLABLE_PART expanded_parts/compile/incremental/resident_source_unit_symbol_states/part_2.o
[488/495] CALLABLE_PART expanded_parts/compile/model/project_reference_resolution/part_1.o
[489/495] CALLABLE_PART expanded_parts/compile/model/project_reference_resolution/part_0.o
[490/495] CALLABLE_PART expanded_parts/compile/model/project_reference_resolution/part_2.o
[491/495] CALLABLE_PART expanded_parts/compile/incremental/resident_source_unit_symbol_states/part_1.o
[492/495] CALLABLE_PART expanded_parts/compile/model/project_reference_resolution/part_3.o
[493/495] CALLABLE_PART expanded_parts/compile/model/project_reference_resolution/part_4.o
[494/495] CALLABLE_PART expanded_parts/compile/model/project_reference_resolution/part_5.o
[495/495] LINK main
